07-12 22:43:17.064 I/WindowManager( 1671): Window{f307b39 u0 InputMethod} state from NO_SURFACE to DRAW_PENDING; reason: resetDrawState
07-12 22:43:17.073 W/VRI[OplusOSEdgeFloatBar]( 6253): handleResized abandoned!
07-12 22:43:17.073 W/VRI[NavigationBar_displayId_0]( 2389): handleResized abandoned!
07-12 22:43:17.074 W/VRI[InputMethod](27239): updateBlastSurfaceIfNeeded, surfaceSize:Point(1080, 2312), lastSurfaceSize:Point(1080, 2312), format:-2, blastBufferQueue:null
07-12 22:43:17.075 W/VRI[StatusBar]( 2389): handleResized abandoned!
07-12 22:43:17.075 W/VRI[]   (22102): handleResized abandoned!
07-12 22:43:17.076 W/VRI[]   (22102): handleResized abandoned!
07-12 22:43:17.076 D/CoreBackPreview( 1671): Window{5288776 u0 com.aitavern.app.debug/com.aitavern.app.MainActivity}: Setting back callback OnBackInvokedCallbackInfo{mCallback=android.window.IOnBackInvokedCallback$Stub$Proxy@e16b37d, mPriority=0, mIsAnimationCallback=false}
07-12 22:43:17.077 I/Quality (25559): Skipped: true 1 cost 14.020183 refreshRate 11262310 bit true processName com.aitavern.app.debug
07-12 22:43:17.083 I/WindowManager( 1671): defer call onFirstWindowDrawn until mainwindow drawn:Window{ba68a65 u0 com.coloros.assistantscreen}
07-12 22:43:17.085 W/VRI[MainActivity](25559): handleResized abandoned!
07-12 22:43:17.087 I/WindowManager( 1671): defer call onFirstWindowDrawn until mainwindow drawn:Window{ba68a65 u0 com.coloros.assistantscreen}
07-12 22:43:17.099 I/WindowManager( 1671): Window{f307b39 u0 InputMethod} state from DRAW_PENDING to COMMIT_DRAW_PENDING; reason: finishDrawingLocked
07-12 22:43:17.102 I/WindowManager( 1671): Window{f307b39 u0 InputMethod} state from COMMIT_DRAW_PENDING to READY_TO_SHOW; reason: commitFinishDrawingLocked
07-12 22:43:17.106 I/WindowManager( 1671): defer call onFirstWindowDrawn until mainwindow drawn:Window{ba68a65 u0 com.coloros.assistantscreen}
07-12 22:43:17.113 V/WindowStateExtImpl( 1671): notifyWindowStateChange input show
07-12 22:43:17.116 I/WindowManager( 1671): Window{f307b39 u0 InputMethod} state from READY_TO_SHOW to HAS_DRAWN; reason: performShowLocked
07-12 22:43:17.120 W/VRI[InputMethod](27239): handleResized abandoned!
07-12 22:43:17.121 W/VRI[]   (22102): handleResized abandoned!
07-12 22:43:17.122 W/VRI[OplusOSEdgeFloatBar]( 6253): handleResized abandoned!
07-12 22:43:17.123 W/VRI[NavigationBar_displayId_0]( 2389): handleResized abandoned!
07-12 22:43:17.123 W/VRI[StatusBar]( 2389): handleResized abandoned!
07-12 22:43:17.131 I/WindowManager( 1671): defer call onFirstWindowDrawn until mainwindow drawn:Window{ba68a65 u0 com.coloros.assistantscreen}
07-12 22:43:17.132 W/VRI[]   (22102): handleResized abandoned!
07-12 22:43:17.135 W/VRI[MainActivity](25559): handleResized abandoned!
07-12 22:43:17.140 I/WindowManager( 1671): defer call onFirstWindowDrawn until mainwindow drawn:Window{ba68a65 u0 com.coloros.assistantscreen}
07-12 22:43:17.168 I/Quality (25559): Skipped: true 2 cost 25.703957 refreshRate 11268428 bit true processName com.aitavern.app.debug
07-12 22:43:17.204 I/Quality (25559): Skipped: true 1 cost 16.402277 refreshRate 11266449 bit true processName com.aitavern.app.debug
07-12 22:43:17.325 D/OplusSmartBrightnessController( 1671): handleMessage MSG_LUX_CHANGED, mLux:12.206555 luxQueue=[12.0, 13.0, 12.0, 12.0, 12.0]
07-12 22:43:17.593 D/PowerManagerService( 1671): userActivityNoUpdateLocked: groupId=0, eventTime=690924231, event=touch, flags=0x0, uid=1000
07-12 22:43:17.860 V/AlarmManager( 1671): sending alarm Alarm{ce9db40 type 3 origWhen 914953159 whenElapsed 914953159 com.google.android.gms} uid 10190 whenElapsed 914953159 windowLength 8999 maxWhenElapsed 914962158 repeatInterval 0 action com.google.android.intent.action.GCM_RECONNECT component null flags 0x8 procName com.google.android.gms.persistent
07-12 22:43:17.866 V/AlarmManager( 1671): sending alarm Alarm{c2b83be type 1 origWhen 1783867395085 whenElapsed 914959384 com.coloros.phonemanager} uid 10152 whenElapsed 914959384 windowLength 134999 maxWhenElapsed 915094383 repeatInterval 0 action com.coloros.phonemanager_TMF_TMS-Main_action.ka.ase component null flags 0x0 procName com.coloros.phonemanager
07-12 22:43:17.870 D/OplusProxyWakeLock( 1671): prevent gms/gsf hold partial wakelock
07-12 22:43:17.876 D/OplusProxyWakeLock( 1671): prevent gms/gsf hold partial wakelock
07-12 22:43:17.890 D/DisplayManagerService( 1671): Uid 10152 becomes 300
07-12 22:43:17.890 D/DisplayManagerService( 1671): Send pending display event #0 0/2 to 10152/25683
07-12 22:43:18.350 D/PowerManagerService( 1671): userActivityNoUpdateLocked: groupId=0, eventTime=690924989, event=touch, flags=0x0, uid=1000
07-12 22:43:18.423 D/OplusProxyWakeLock( 1671): prevent gms/gsf hold partial wakelock
07-12 22:43:18.430 D/OplusProxyWakeLock( 1671): prevent gms/gsf hold partial wakelock
07-12 22:43:18.506 D/PowerManagerService( 1671): userActivityNoUpdateLocked: groupId=0, eventTime=690925147, event=touch, flags=0x0, uid=1000
07-12 22:43:18.778 D/PowerManagerService( 1671): userActivityNoUpdateLocked: groupId=0, eventTime=690925417, event=touch, flags=0x0, uid=1000
07-12 22:43:18.898 D/OplusProxyWakeLock( 1671): prevent gms/gsf hold partial wakelock
07-12 22:43:18.899 D/OplusProxyWakeLock( 1671): prevent gms/gsf hold partial wakelock
07-12 22:43:18.900 D/OplusProxyWakeLock( 1671): prevent gms/gsf hold partial wakelock
07-12 22:43:18.905 D/OplusProxyWakeLock( 1671): prevent gms/gsf hold partial wakelock
07-12 22:43:18.922 D/PowerManagerService( 1671): userActivityNoUpdateLocked: groupId=0, eventTime=690925563, event=touch, flags=0x0, uid=1000
07-12 22:43:18.926 D/OplusProxyWakeLock( 1671): prevent gms/gsf hold partial wakelock
07-12 22:43:19.035 E/AppOps  ( 1671): attributionTag  not declared in manifest of com.oplus.exsystemservice
07-12 22:43:19.039 E/AppOps  ( 1671): attributionTag  not declared in manifest of com.oplus.exsystemservice
07-12 22:43:19.232 D/PowerManagerService( 1671): userActivityNoUpdateLocked: groupId=0, eventTime=690925872, event=touch, flags=0x0, uid=1000
07-12 22:43:19.325 I/OplusSmartBrightnessController( 1671): deltaLux = 0.20655537, scale = 1.0
07-12 22:43:19.327 D/OplusSmartBrightnessController( 1671): handleMessage MSG_LUX_CHANGED, mLux:12.0 luxQueue=[12.0, 12.0, 12.0, 12.0, 12.0, 12.0, 12.0, 12.0, 12.0, 12.0]
07-12 22:43:19.388 D/PowerManagerService( 1671): userActivityNoUpdateLocked: groupId=0, eventTime=690926029, event=touch, flags=0x0, uid=1000
07-12 22:43:19.562 D/InputMethodManagerService( 1671): isSecurity: attribute.packageName = com.aitavern.app.debug mCurMethodId = com.sohu.inputmethod.sogou/.SogouIME isSecurity = false ( enable = true needShow = false inBlackList = false isExist = true )
07-12 22:43:19.569 D/CoreBackPreview( 1671): Window{5288776 u0 com.aitavern.app.debug/com.aitavern.app.MainActivity}: Setting back callback OnBackInvokedCallbackInfo{mCallback=android.window.IOnBackInvokedCallback$Stub$Proxy@921215, mPriority=0, mIsAnimationCallback=true}
07-12 22:43:19.569 I/Quality (25559): Skipped: true 1 cost 18.37714 refreshRate 11223493 bit true processName com.aitavern.app.debug
07-12 22:43:19.603 W/VRI[]   (22102): handleResized abandoned!
07-12 22:43:19.603 I/VibratorManagerServiceExtImpl( 1671): cancelVibrate uid=10268, pid=27239, usageFilter=-1, token=15878442
07-12 22:43:19.605 W/VRI[NavigationBar_displayId_0]( 2389): handleResized abandoned!
07-12 22:43:19.605 V/WindowStateExtImpl( 1671): notifyWindowStateChange input show
07-12 22:43:19.605 W/VRI[StatusBar]( 2389): handleResized abandoned!
07-12 22:43:19.609 W/VRI[OplusOSEdgeFloatBar]( 6253): handleResized abandoned!
07-12 22:43:19.609 W/VRI[]   (22102): handleResized abandoned!
07-12 22:43:19.616 I/WindowManager( 1671): defer call onFirstWindowDrawn until mainwindow drawn:Window{ba68a65 u0 com.coloros.assistantscreen}
07-12 22:43:19.678 I/Quality (25559): Skipped: true 7 cost 82.561485 refreshRate 11223406 bit true processName com.aitavern.app.debug
07-12 22:43:19.690 W/VRI[MainActivity](25559): handleResized abandoned!
07-12 22:43:19.769 I/Quality (25559): Skipped: true 6 cost 71.54445 refreshRate 11223460 bit true processName com.aitavern.app.debug
07-12 22:43:20.109 I/Quality (25559): Skipped: true 5 cost 64.32739 refreshRate 11223272 bit true processName com.aitavern.app.debug
07-12 22:43:20.397 D/WindowManagerServiceExtImpl( 1671): extractConfigInfoAndRealFlags rotation=0, screenDp=720, win=Window{f307b39 u0 InputMethod}
07-12 22:43:20.398 V/WindowManager( 1671): Relayout Window{f307b39 u0 InputMethod}: viewVisibility=8, oldvis=0, req=1080x2312, vsysui=
07-12 22:43:20.398 I/WindowManager( 1671): Window{f307b39 u0 InputMethod} state from HAS_DRAWN to NO_SURFACE; reason: destroySurface
07-12 22:43:20.404 W/VRI[]   (22102): handleResized abandoned!
07-12 22:43:20.405 W/VRI[]   (22102): handleResized abandoned!
07-12 22:43:20.406 W/VRI[NavigationBar_displayId_0]( 2389): handleResized abandoned!
07-12 22:43:20.407 W/VRI[OplusOSEdgeFloatBar]( 6253): handleResized abandoned!
07-12 22:43:20.409 W/VRI[StatusBar]( 2389): handleResized abandoned!
07-12 22:43:20.414 I/WindowManager( 1671): defer call onFirstWindowDrawn until mainwindow drawn:Window{ba68a65 u0 com.coloros.assistantscreen}
07-12 22:43:20.415 W/VRI[MainActivity](25559): handleResized abandoned!
07-12 22:43:20.436 I/WindowManager( 1671): defer call onFirstWindowDrawn until mainwindow drawn:Window{ba68a65 u0 com.coloros.assistantscreen}
07-12 22:43:21.049 I/Quality (25559): Skipped: true 2 cost 25.837156 refreshRate 11223425 bit true processName com.aitavern.app.debug
07-12 22:43:21.326 I/OplusSmartBrightnessController( 1671): deltaLux = 0.690712, scale = 1.4582576
07-12 22:43:21.326 D/OplusSmartBrightnessController( 1671): handleMessage MSG_LUX_CHANGED, mLux:11.526344 luxQueue=[11.0, 11.0, 12.0, 11.0, 12.0, 11.0, 11.0, 12.0, 11.0, 11.0]
07-12 22:43:21.350 I/Quality (25559): Skipped: true 2 cost 24.399591 refreshRate 11223725 bit true processName com.aitavern.app.debug
07-12 22:43:22.079 D/OplusAlarmAdjustment( 1671): proxyAlarmsByUid(), uid=10190, pkgName=com.google.android.gsf, requester=1
07-12 22:43:22.079 D/OplusAlarmAdjustMap( 1671): addProxyUid, uid=10190, pkgName=com.google.android.gsf, requester=1
07-12 22:43:22.080 D/OAppNetControlService( 1671): Close socket:[10190] cause:App bg(IMMEDIATELY) success!
07-12 22:43:22.080 D/OAppNetControlService( 1671): Hans update:[10190=true][0|0] blackList:[10260, 10382, 10195, 10022, 10502, 10227, 10119, 10245, 10338, 99910190, 10356, 10190]
07-12 22:43:22.102 D/OAppNetControlService( 1671): Hans update:[10190=false][0|0] blackList:[10260, 10382, 10195, 10022, 10502, 10227, 10119, 10245, 10338, 99910190, 10356]
07-12 22:43:22.121 D/OplusProxyWakeLock( 1671): prevent gms/gsf hold partial wakelock
07-12 22:43:22.121 D/OplusAlarmAdjustment( 1671): unproxyAlarmsByUid(), uid=10190, pkgName=com.google.android.gsf, requester=1
07-12 22:43:22.121 D/OplusAlarmAdjustMap( 1671): removeProxyUid, uid=10190, requester=1
07-12 22:43:22.122 D/OplusProxyWakeLock( 1671): prevent gms/gsf hold partial wakelock
07-12 22:43:22.133 D/OplusProxyWakeLock( 1671): prevent gms/gsf hold partial wakelock
07-12 22:43:22.383 D/PowerManagerService( 1671): userActivityNoUpdateLocked: groupId=0, eventTime=690929022, event=touch, flags=0x0, uid=1000
07-12 22:43:22.552 I/Quality (25559): Skipped: true 2 cost 26.72089 refreshRate 11111111 bit true processName com.aitavern.app.debug
07-12 22:43:22.613 I/Quality (25559): Skipped: true 3 cost 41.494133 refreshRate 11223600 bit true processName com.aitavern.app.debug
07-12 22:43:22.656 I/Quality (25559): Skipped: true 1 cost 17.506252 refreshRate 11224152 bit true processName com.aitavern.app.debug
07-12 22:43:22.686 I/Quality (25559): Skipped: true 2 cost 24.9311 refreshRate 11224152 bit true processName com.aitavern.app.debug
07-12 22:43:22.768 D/OplusProxyWakeLock( 1671): prevent gms/gsf hold partial wakelock
07-12 22:43:22.779 D/OplusProxyWakeLock( 1671): prevent gms/gsf hold partial wakelock
07-12 22:43:22.860 I/Quality (25559): Skipped: true 1 cost 18.416693 refreshRate 11247555 bit true processName com.aitavern.app.debug
07-12 22:43:23.125 D/OplusSmartBrightnessController( 1671): handleMessage MSG_LUX_CHANGED, mLux:12.0 luxQueue=[12.0, 12.0, 12.0, 12.0, 12.0]
07-12 22:43:23.274 D/OplusProxyWakeLock( 1671): prevent gms/gsf hold partial wakelock
07-12 22:43:23.276 D/OplusProxyWakeLock( 1671): prevent gms/gsf hold partial wakelock
07-12 22:43:23.279 D/OplusProxyWakeLock( 1671): prevent gms/gsf hold partial wakelock
07-12 22:43:23.731 D/PowerManagerService( 1671): userActivityNoUpdateLocked: groupId=0, eventTime=690930371, event=touch, flags=0x0, uid=1000
07-12 22:43:23.964 I/Quality (25559): Skipped: true 1 cost 11.67388 refreshRate 11221685 bit true processName com.aitavern.app.debug
07-12 22:43:24.953 D/PowerManagerService( 1671): userActivityNoUpdateLocked: groupId=0, eventTime=690931593, event=touch, flags=0x0, uid=1000
07-12 22:43:25.129 I/Quality (25559): Skipped: true 4 cost 48.426613 refreshRate 11263609 bit true processName com.aitavern.app.debug
07-12 22:43:26.937 I/Quality (25559): Skipped: true 1 cost 21.002592 refreshRate 11223249 bit true processName com.aitavern.app.debug
07-12 22:43:27.095 I/Quality (25559): Skipped: true 4 cost 55.20712 refreshRate 11223234 bit true processName com.aitavern.app.debug
07-12 22:43:27.103 D/OplusAlarmAdjustment( 1671): unalignAlarmsByUid(), uid=10256, pkgName=com.taobao.taobao, actions=null, procs=null, requester=1
07-12 22:43:27.103 D/OplusAlarmAdjustMap( 1671): removeAlignUid, uid=10256, requester=1
07-12 22:43:27.136 D/OplusAlarmAdjustment( 1671): proxyAlarmsByUid(), uid=10190, pkgName=com.google.android.gsf, requester=1
07-12 22:43:27.137 D/OplusAlarmAdjustMap( 1671): addProxyUid, uid=10190, pkgName=com.google.android.gsf, requester=1
07-12 22:43:27.160 D/OAppNetControlService( 1671): Close socket:[10190] cause:App bg(IMMEDIATELY) success!
07-12 22:43:27.160 D/OAppNetControlService( 1671): Hans update:[10190=true][0|0] blackList:[10260, 10382, 10195, 10022, 10502, 10227, 10119, 10245, 10338, 99910190, 10356, 10190]
07-12 22:43:27.161 D/OAppNetControlService( 1671): Hans update:[10190=false][0|0] blackList:[10260, 10382, 10195, 10022, 10502, 10227, 10119, 10245, 10338, 99910190, 10356]
07-12 22:43:27.166 D/OplusAlarmAdjustment( 1671): unproxyAlarmsByUid(), uid=10190, pkgName=com.google.android.gsf, requester=1
07-12 22:43:27.166 D/OplusAlarmAdjustMap( 1671): removeProxyUid, uid=10190, requester=1
07-12 22:43:27.167 D/OplusProxyWakeLock( 1671): prevent gms/gsf hold partial wakelock
07-12 22:43:27.168 D/OplusProxyWakeLock( 1671): prevent gms/gsf hold partial wakelock
07-12 22:43:27.201 I/Quality (25559): Skipped: true 8 cost 94.29264 refreshRate 11223275 bit true processName com.aitavern.app.debug
07-12 22:43:27.226 I/Quality (25559): Skipped: true 1 cost 17.710188 refreshRate 11223202 bit true processName com.aitavern.app.debug
07-12 22:43:27.278 I/Quality (25559): Skipped: true 4 cost 47.87486 refreshRate 11223202 bit true processName com.aitavern.app.debug
07-12 22:43:27.336 I/Quality (25559): Skipped: true 3 cost 38.213116 refreshRate 11223782 bit true processName com.aitavern.app.debug
07-12 22:43:27.605 W/BroadcastQueue( 1671): Ignoring finishReceiverLocked; no active broadcast for BroadcastProcessQueue{1d92928 16689:com.taobao.taobao:channel/u0a256}
07-12 22:43:28.170 I/Quality (25559): Skipped: true 1 cost 18.497059 refreshRate 11224170 bit true processName com.aitavern.app.debug
07-12 22:43:28.455 I/Quality (25559): Skipped: true 1 cost 11.756168 refreshRate 11223581 bit true processName com.aitavern.app.debug
07-12 22:43:28.662 I/Quality (25559): Skipped: true 1 cost 16.62487 refreshRate 11224546 bit true processName com.aitavern.app.debug
07-12 22:43:28.926 I/OplusSmartBrightnessController( 1671): deltaLux = 0.74166965, scale = 1.4330127
07-12 22:43:28.927 D/OplusSmartBrightnessController( 1671): handleMessage MSG_LUX_CHANGED, mLux:11.48244 luxQueue=[11.0, 11.0, 11.0, 12.0, 11.0, 12.0, 11.0, 11.0, 11.0, 11.0, 11.0, 12.0]
07-12 22:43:28.986 D/PowerManagerService( 1671): userActivityNoUpdateLocked: groupId=0, eventTime=690935624, event=touch, flags=0x0, uid=1000
07-12 22:43:29.085 D/PowerManagerService( 1671): userActivityNoUpdateLocked: groupId=0, eventTime=690935725, event=touch, flags=0x0, uid=1000
07-12 22:43:29.187 D/PowerManagerService( 1671): userActivityNoUpdateLocked: groupId=0, eventTime=690935828, event=touch, flags=0x0, uid=1000
07-12 22:43:29.290 D/PowerManagerService( 1671): userActivityNoUpdateLocked: groupId=0, eventTime=690935931, event=touch, flags=0x0, uid=1000
07-12 22:43:29.404 D/PowerManagerService( 1671): userActivityNoUpdateLocked: groupId=0, eventTime=690936045, event=touch, flags=0x0, uid=1000
07-12 22:43:29.526 D/PowerManagerService( 1671): userActivityNoUpdateLocked: groupId=0, eventTime=690936166, event=touch, flags=0x0, uid=1000
07-12 22:43:29.710 D/PowerManagerService( 1671): userActivityNoUpdateLocked: groupId=0, eventTime=690936350, event=touch, flags=0x0, uid=1000
07-12 22:43:29.910 D/PowerManagerService( 1671): userActivityNoUpdateLocked: groupId=0, eventTime=690936551, event=touch, flags=0x0, uid=1000
07-12 22:43:31.525 I/OplusSmartBrightnessController( 1671): deltaLux = 0.9252367, scale = 1.4979296
07-12 22:43:31.526 D/OplusSmartBrightnessController( 1671): handleMessage MSG_LUX_CHANGED, mLux:10.864763 luxQueue=[11.0, 11.0, 11.0, 11.0, 11.0, 11.0, 10.0, 10.0, 10.0, 10.0, 10.0]
07-12 22:43:31.672 I/Quality (25559): Skipped: true 1 cost 22.364115 refreshRate 11247331 bit true processName com.aitavern.app.debug
07-12 22:43:32.181 D/OplusAlarmAdjustment( 1671): proxyAlarmsByUid(), uid=10190, pkgName=com.google.android.gsf, requester=1
07-12 22:43:32.183 D/OplusAlarmAdjustMap( 1671): addProxyUid, uid=10190, pkgName=com.google.android.gsf, requester=1
07-12 22:43:32.185 D/OAppNetControlService( 1671): Close socket:[10190] cause:App bg(IMMEDIATELY) success!
07-12 22:43:32.185 D/OAppNetControlService( 1671): Hans update:[10190=true][0|0] blackList:[10260, 10382, 10195, 10022, 10502, 10227, 10119, 10245, 10338, 99910190, 10356, 10190]
07-12 22:43:32.186 D/OAppNetControlService( 1671): Hans update:[10190=false][0|0] blackList:[10260, 10382, 10195, 10022, 10502, 10227, 10119, 10245, 10338, 99910190, 10356]
07-12 22:43:32.186 D/OplusAthenaAm( 1671): cancel: cancel uid 10190
07-12 22:43:32.187 V/AlarmManager( 1671): sending alarm Alarm{c72d57c type 3 origWhen 914976476 whenElapsed 914976477 com.google.android.gms} uid 10190 whenElapsed 914976477 windowLength 0 maxWhenElapsed 914976477 repeatInterval 0 action com.google.android.intent.action.GCM_RECONNECT component null flags 0x8 procName com.google.android.gms.persistent
07-12 22:43:32.187 D/OplusAlarmAdjustment( 1671): unproxyAlarmsByUid(), uid=10190, pkgName=com.google.android.gsf, requester=1
07-12 22:43:32.191 D/OplusProxyWakeLock( 1671): prevent gms/gsf hold partial wakelock
07-12 22:43:32.192 D/OplusAlarmAdjustMap( 1671): removeProxyUid, uid=10190, requester=1
07-12 22:43:32.194 D/OplusProxyWakeLock( 1671): prevent gms/gsf hold partial wakelock
07-12 22:43:32.413 D/OplusAthenaAm( 1671): reset: after 31677
07-12 22:43:32.414 D/OplusAthenaAm( 1671): reset: done 66291
07-12 22:43:32.424 D/PowerManagerService( 1671): userActivityNoUpdateLocked: groupId=0, eventTime=690939065, event=touch, flags=0x0, uid=1000
07-12 22:43:32.525 D/OplusSmartBrightnessController( 1671): handleMessage MSG_LUX_CHANGED, mLux:11.0 luxQueue=[11.0, 11.0, 11.0, 11.0, 11.0]
07-12 22:43:32.630 D/OplusProxyWakeLock( 1671): prevent gms/gsf hold partial wakelock
07-12 22:43:32.653 D/OplusProxyWakeLock( 1671): prevent gms/gsf hold partial wakelock
07-12 22:43:32.671 D/OplusThermalStats( 1671): REPORT_UPDATE_CPU  ->  phoneTemp:370  preHeatThreshold:400
07-12 22:43:32.791 D/ProcessCpuTrackerExtImpl( 1671): mContext is already set, return now! 
07-12 22:43:33.067 D/OplusProxyWakeLock( 1671): prevent gms/gsf hold partial wakelock
07-12 22:43:33.069 D/OplusProxyWakeLock( 1671): prevent gms/gsf hold partial wakelock
07-12 22:43:33.071 D/OplusProxyWakeLock( 1671): prevent gms/gsf hold partial wakelock
07-12 22:43:33.707 I/Quality (25559): Skipped: true 1 cost 11.836276 refreshRate 11242442 bit true processName com.aitavern.app.debug
07-12 22:43:33.872 D/PowerManagerService( 1671): userActivityNoUpdateLocked: groupId=0, eventTime=690940511, event=touch, flags=0x0, uid=1000
07-12 22:43:34.526 D/OplusSmartBrightnessController( 1671): handleMessage MSG_LUX_CHANGED, mLux:11.0 luxQueue=[11.0, 11.0, 11.0, 11.0, 11.0, 11.0, 11.0, 11.0, 11.0, 11.0]
07-12 22:43:34.685 I/Quality (25559): Skipped: true 1 cost 18.22671 refreshRate 11229372 bit true processName com.aitavern.app.debug
07-12 22:43:34.825 I/Quality (25559): Skipped: true 1 cost 11.80379 refreshRate 11238865 bit true processName com.aitavern.app.debug
07-12 22:43:34.966 I/Quality (25559): Skipped: true 1 cost 13.162098 refreshRate 11111111 bit true processName com.aitavern.app.debug
07-12 22:43:35.212 I/Quality (25559): Skipped: true 1 cost 11.8772955 refreshRate 11229228 bit true processName com.aitavern.app.debug
07-12 22:43:35.377 I/Quality (25559): Skipped: true 1 cost 19.933643 refreshRate 11229228 bit true processName com.aitavern.app.debug
07-12 22:43:35.599 I/Quality (25559): Skipped: true 1 cost 11.320567 refreshRate 11224000 bit true processName com.aitavern.app.debug
07-12 22:43:35.847 I/Quality (25559): Skipped: true 1 cost 12.076579 refreshRate 11223314 bit true processName com.aitavern.app.debug
07-12 22:43:36.160 I/Quality (25559): Skipped: true 1 cost 21.459024 refreshRate 11241985 bit true processName com.aitavern.app.debug
07-12 22:43:37.126 I/OplusSmartBrightnessController( 1671): deltaLux = 0.16654968, scale = 1.5749595
07-12 22:43:37.126 D/OplusSmartBrightnessController( 1671): handleMessage MSG_LUX_CHANGED, mLux:10.894252 luxQueue=[9.0, 11.0, 11.0, 11.0, 11.0, 11.0, 11.0, 11.0, 11.0, 11.0, 11.0]
07-12 22:43:37.128 D/OplusAlarmAdjustment( 1671): alignAlarmsByUid(), uid=10256, pkgName=com.taobao.taobao, actions=null, procs=null, requester=1
07-12 22:43:37.129 D/OplusAlarmAdjustMap( 1671): addAlignUid, uid=10256, pkgName=com.taobao.taobao, requester=1, mode=1
07-12 22:43:37.224 D/OplusAlarmAdjustment( 1671): proxyAlarmsByUid(), uid=10190, pkgName=com.google.android.gsf, requester=1
07-12 22:43:37.225 D/OplusAlarmAdjustMap( 1671): addProxyUid, uid=10190, pkgName=com.google.android.gsf, requester=1
07-12 22:43:37.231 D/OAppNetControlService( 1671): Close socket:[10190] cause:App bg(IMMEDIATELY) success!
07-12 22:43:37.231 D/OAppNetControlService( 1671): Hans update:[10190=true][0|0] blackList:[10260, 10382, 10195, 10022, 10502, 10227, 10119, 10245, 10338, 99910190, 10356, 10190]
07-12 22:43:37.245 D/OAppNetControlService( 1671): Hans update:[10190=false][0|0] blackList:[10260, 10382, 10195, 10022, 10502, 10227, 10119, 10245, 10338, 99910190, 10356]
07-12 22:43:37.257 D/OplusProxyWakeLock( 1671): prevent gms/gsf hold partial wakelock
07-12 22:43:37.258 D/OplusAlarmAdjustment( 1671): unproxyAlarmsByUid(), uid=10190, pkgName=com.google.android.gsf, requester=1
07-12 22:43:37.258 D/OplusAlarmAdjustMap( 1671): removeProxyUid, uid=10190, requester=1
07-12 22:43:37.259 D/OplusProxyWakeLock( 1671): prevent gms/gsf hold partial wakelock
07-12 22:43:37.268 D/OplusProxyWakeLock( 1671): prevent gms/gsf hold partial wakelock
07-12 22:43:37.702 I/Quality (25559): Skipped: true 1 cost 13.294439 refreshRate 11223479 bit true processName com.aitavern.app.debug
07-12 22:43:37.739 D/OplusProxyWakeLock( 1671): prevent gms/gsf hold partial wakelock
07-12 22:43:37.749 D/OplusProxyWakeLock( 1671): prevent gms/gsf hold partial wakelock
07-12 22:43:38.125 D/OplusSmartBrightnessController( 1671): handleMessage MSG_LUX_CHANGED, mLux:11.0 luxQueue=[11.0, 11.0, 11.0, 11.0, 11.0]
07-12 22:43:38.250 D/OplusProxyWakeLock( 1671): prevent gms/gsf hold partial wakelock
07-12 22:43:38.251 D/OplusProxyWakeLock( 1671): prevent gms/gsf hold partial wakelock
07-12 22:43:38.253 D/OplusProxyWakeLock( 1671): prevent gms/gsf hold partial wakelock
07-12 22:43:38.378 I/keystore2(  658): system/security/keystore2/src/watchdog.rs:319 - Watchdog thread idle -> terminating. Have a great day.
07-12 22:43:38.641 D/OplusProxyWakeLock( 1671): prevent gms/gsf hold partial wakelock
07-12 22:43:38.652 D/OplusProxyWakeLock( 1671): prevent gms/gsf hold partial wakelock
07-12 22:43:38.732 I/Quality (25559): Skipped: true 3 cost 42.93189 refreshRate 11223200 bit true processName com.aitavern.app.debug
07-12 22:43:38.961 I/Quality (25559): Skipped: true 4 cost 46.442368 refreshRate 11239793 bit true processName com.aitavern.app.debug
07-12 22:43:39.044 I/Quality (25559): Skipped: true 6 cost 73.16103 refreshRate 11246893 bit true processName com.aitavern.app.debug
07-12 22:43:40.126 D/OplusSmartBrightnessController( 1671): handleMessage MSG_LUX_CHANGED, mLux:11.0 luxQueue=[11.0, 11.0, 11.0, 11.0, 11.0, 11.0, 11.0, 11.0, 11.0, 11.0]
07-12 22:43:40.384 D/UsageStatsService( 1671): User[0] type=0 b=1783867114902 e=1783867420382 cb=1783801140853 ce=1783867397013 disk=0 all=25
07-12 22:43:40.447 I/Quality (25559): Skipped: true 1 cost 16.076593 refreshRate 11111111 bit true processName com.aitavern.app.debug
07-12 22:43:40.548 I/Quality (25559): Skipped: true 1 cost 19.415487 refreshRate 11111111 bit true processName com.aitavern.app.debug
07-12 22:43:41.574 D/UsageStatsService( 1671): User[999] type=0 b=1783864913883 e=1783867421573 cb=1783800191218 ce=1783867145780 disk=0 all=1
07-12 22:43:41.830 D/PowerManagerService( 1671): userActivityNoUpdateLocked: groupId=0, eventTime=690948468, event=touch, flags=0x0, uid=1000
07-12 22:43:42.004 I/Quality (25559): Skipped: true 3 cost 42.806553 refreshRate 11111111 bit true processName com.aitavern.app.debug
07-12 22:43:42.074 I/Quality (25559): Skipped: true 5 cost 56.91123 refreshRate 11111111 bit true processName com.aitavern.app.debug
07-12 22:43:42.126 D/OplusSmartBrightnessController( 1671): handleMessage MSG_LUX_CHANGED, mLux:11.0 luxQueue=[11.0, 11.0, 11.0, 11.0, 11.0, 11.0, 11.0, 11.0, 11.0, 11.0]
07-12 22:43:42.134 I/Quality (25559): Skipped: true 4 cost 50.96895 refreshRate 11111111 bit true processName com.aitavern.app.debug
07-12 22:43:42.281 D/OplusAlarmAdjustment( 1671): proxyAlarmsByUid(), uid=10190, pkgName=com.google.android.gsf, requester=1
07-12 22:43:42.281 D/OplusAlarmAdjustMap( 1671): addProxyUid, uid=10190, pkgName=com.google.android.gsf, requester=1
07-12 22:43:42.284 D/OAppNetControlService( 1671): Close socket:[10190] cause:App bg(IMMEDIATELY) success!
07-12 22:43:42.284 D/OAppNetControlService( 1671): Hans update:[10190=true][0|0] blackList:[10260, 10382, 10195, 10022, 10502, 10227, 10119, 10245, 10338, 99910190, 10356, 10190]
07-12 22:43:43.102 D/PowerManagerService( 1671): userActivityNoUpdateLocked: groupId=0, eventTime=690949742, event=touch, flags=0x0, uid=1000
07-12 22:43:43.329 I/Quality (25559): Skipped: true 6 cost 76.274445 refreshRate 11257157 bit true processName com.aitavern.app.debug
07-12 22:43:43.370 I/Quality (25559): Skipped: true 2 cost 26.870195 refreshRate 11245325 bit true processName com.aitavern.app.debug
07-12 22:43:43.464 I/Quality (25559): Skipped: true 1 cost 11.331915 refreshRate 11237098 bit true processName com.aitavern.app.debug
07-12 22:43:44.395 D/PowerManagerService( 1671): userActivityNoUpdateLocked: groupId=0, eventTime=690951034, event=touch, flags=0x0, uid=1000
07-12 22:43:44.651 I/Quality (25559): Skipped: true 2 cost 29.388311 refreshRate 11235951 bit true processName com.aitavern.app.debug
07-12 22:43:44.722 I/Quality (25559): Skipped: true 1 cost 11.305198 refreshRate 11236286 bit true processName com.aitavern.app.debug
07-12 22:43:44.951 I/Quality (25559): Skipped: true 1 cost 14.559398 refreshRate 11236148 bit true processName com.aitavern.app.debug
07-12 22:43:45.044 I/Quality (25559): Skipped: true 1 cost 17.407522 refreshRate 11236148 bit true processName com.aitavern.app.debug
07-12 22:43:45.266 D/PowerManagerService( 1671): userActivityNoUpdateLocked: groupId=0, eventTime=690951904, event=touch, flags=0x0, uid=1000
07-12 22:43:45.526 D/OplusSmartBrightnessController( 1671): handleMessage MSG_LUX_CHANGED, mLux:11.094634 luxQueue=[12.0, 11.0, 11.0, 11.0, 11.0, 11.0, 11.0, 11.0, 11.0, 11.0, 11.0]
07-12 22:43:45.754 I/Quality (25559): Skipped: true 27 cost 312.59967 refreshRate 11236102 bit true processName com.aitavern.app.debug
07-12 22:43:45.788 I/Quality (25559): Skipped: true 1 cost 19.320484 refreshRate 11242607 bit true processName com.aitavern.app.debug
07-12 22:43:45.830 I/Quality (25559): Skipped: true 3 cost 38.374424 refreshRate 11111111 bit true processName com.aitavern.app.debug
07-12 22:43:46.456 D/PowerManagerService( 1671): userActivityNoUpdateLocked: groupId=0, eventTime=690953097, event=touch, flags=0x0, uid=1000
07-12 22:43:46.460 I/Quality (25559): Skipped: true 2 cost 23.74258 refreshRate 11222600 bit true processName com.aitavern.app.debug
07-12 22:43:46.735 I/Quality (25559): Skipped: true 6 cost 69.33407 refreshRate 11223885 bit true processName com.aitavern.app.debug
07-12 22:43:46.847 I/Quality (25559): Skipped: true 1 cost 17.279549 refreshRate 11224314 bit true processName com.aitavern.app.debug
07-12 22:43:47.469 D/PowerManagerService( 1671): userActivityNoUpdateLocked: groupId=0, eventTime=690954108, event=touch, flags=0x0, uid=1000
07-12 22:43:47.570 D/PowerManagerService( 1671): userActivityNoUpdateLocked: groupId=0, eventTime=690954211, event=touch, flags=0x0, uid=1000
07-12 22:43:47.593 I/Quality (25559): Skipped: true 1 cost 11.684586 refreshRate 11224314 bit true processName com.aitavern.app.debug
07-12 22:43:47.673 D/PowerManagerService( 1671): userActivityNoUpdateLocked: groupId=0, eventTime=690954314, event=touch, flags=0x0, uid=1000
07-12 22:43:47.697 I/Quality (25559): Skipped: true 1 cost 13.867186 refreshRate 11236414 bit true processName com.aitavern.app.debug
07-12 22:43:47.725 I/OplusSmartBrightnessController( 1671): deltaLux = 0.094634056, scale = 1.0
07-12 22:43:47.726 D/OplusSmartBrightnessController( 1671): handleMessage MSG_LUX_CHANGED, mLux:11.0 luxQueue=[11.0, 11.0, 11.0, 11.0, 11.0, 11.0, 11.0, 11.0, 11.0, 11.0, 11.0]
07-12 22:43:47.751 I/Quality (25559): Skipped: true 1 cost 11.714004 refreshRate 11236016 bit true processName com.aitavern.app.debug
07-12 22:43:47.789 I/Quality (25559): Skipped: true 1 cost 15.653243 refreshRate 11235749 bit true processName com.aitavern.app.debug
07-12 22:43:47.792 D/PowerManagerService( 1671): userActivityNoUpdateLocked: groupId=0, eventTime=690954433, event=touch, flags=0x0, uid=1000
07-12 22:43:48.064 D/PowerManagerService( 1671): userActivityNoUpdateLocked: groupId=0, eventTime=690954703, event=touch, flags=0x0, uid=1000
07-12 22:43:48.132 D/InputMethodManagerService( 1671): isSecurity: attribute.packageName = com.aitavern.app.debug mCurMethodId = com.sohu.inputmethod.sogou/.SogouIME isSecurity = false ( enable = true needShow = false inBlackList = false isExist = true )
07-12 22:43:48.153 W/ProcessStats( 1671): Tracking association SourceState{71a2e42 system/1000 BFgs #1386511} whose proc state 4 is better than process ProcessState{64cacd com.oplus.securitypermission/99901000 pkg=com.oplus.securitypermission} proc state 9 (30 skipped)
07-12 22:43:48.159 I/Quality (25559): Skipped: true 2 cost 22.443724 refreshRate 11111111 bit true processName com.aitavern.app.debug
07-12 22:43:48.193 D/WindowManagerServiceExtImpl( 1671): extractConfigInfoAndRealFlags rotation=0, screenDp=720, win=Window{f307b39 u0 InputMethod}
07-12 22:43:48.194 V/WindowManager( 1671): Relayout Window{f307b39 u0 InputMethod}: viewVisibility=0, oldvis=8, req=1080x2312, vsysui=
07-12 22:43:48.194 I/WindowManager( 1671): Window{f307b39 u0 InputMethod} state from NO_SURFACE to DRAW_PENDING; reason: resetDrawState
07-12 22:43:48.200 W/VRI[]   (22102): handleResized abandoned!
07-12 22:43:48.200 W/VRI[]   (22102): handleResized abandoned!
07-12 22:43:48.201 D/CompatibilityChangeReporter( 1671): Compat change id reported: 168419799; UID 10591; state: DISABLED
07-12 22:43:48.201 W/VRI[OplusOSEdgeFloatBar]( 6253): handleResized abandoned!
07-12 22:43:48.201 D/CompatibilityChangeReporter( 1671): Compat change id reported: 273564678; UID 10591; state: DISABLED
07-12 22:43:48.201 W/VRI[InputMethod](27239): updateBlastSurfaceIfNeeded, surfaceSize:Point(1080, 2312), lastSurfaceSize:Point(1080, 2312), format:-2, blastBufferQueue:null
07-12 22:43:48.203 I/WindowManager( 1671): addWindow: New client android.os.BinderProxy@747ec3d : window=Window{7c85c32 u0 PopupWindow:60ce8b8}
07-12 22:43:48.204 I/WindowManager( 1671): defer call onFirstWindowDrawn until mainwindow drawn:Window{ba68a65 u0 com.coloros.assistantscreen}
07-12 22:43:48.202 W/VRI[NavigationBar_displayId_0]( 2389): handleResized abandoned!
07-12 22:43:48.208 W/VRI[StatusBar]( 2389): handleResized abandoned!
07-12 22:43:48.215 I/WindowManager( 1671): defer call onFirstWindowDrawn until mainwindow drawn:Window{ba68a65 u0 com.coloros.assistantscreen}
07-12 22:43:48.222 I/Quality (25559): Skipped: false 4 cost 50.860905 refreshRate 11226657 bit true processName com.aitavern.app.debug
07-12 22:43:48.226 D/CoreBackPreview( 1671): Window{7c85c32 u0 PopupWindow:60ce8b8}: Setting back callback OnBackInvokedCallbackInfo{mCallback=android.window.IOnBackInvokedCallback$Stub$Proxy@59c097e, mPriority=0, mIsAnimationCallback=false}
07-12 22:43:48.228 V/WindowManager( 1671): Relayout Window{7c85c32 u0 PopupWindow:60ce8b8}: viewVisibility=0, oldvis=0, req=60x72, vsysui=
07-12 22:43:48.228 I/WindowManager( 1671): Window{7c85c32 u0 PopupWindow:60ce8b8} state from NO_SURFACE to DRAW_PENDING; reason: resetDrawState
07-12 22:43:48.233 I/WindowManager( 1671): Window{f307b39 u0 InputMethod} state from DRAW_PENDING to COMMIT_DRAW_PENDING; reason: finishDrawingLocked
07-12 22:43:48.236 I/WindowManager( 1671): Window{f307b39 u0 InputMethod} state from COMMIT_DRAW_PENDING to READY_TO_SHOW; reason: commitFinishDrawingLocked
07-12 22:43:48.242 I/WindowManager( 1671): defer call onFirstWindowDrawn until mainwindow drawn:Window{ba68a65 u0 com.coloros.assistantscreen}
07-12 22:43:48.253 I/WindowManager( 1671): Window{7c85c32 u0 PopupWindow:60ce8b8} state from DRAW_PENDING to COMMIT_DRAW_PENDING; reason: finishDrawingLocked
07-12 22:43:48.255 W/VRI[MainActivity](25559): handleResized abandoned!
07-12 22:43:48.255 I/WindowManager( 1671): Window{7c85c32 u0 PopupWindow:60ce8b8} state from COMMIT_DRAW_PENDING to READY_TO_SHOW; reason: commitFinishDrawingLocked
07-12 22:43:48.255 D/ActivityTaskManager( 1671): Clearing startingData for token=null
07-12 22:43:48.255 I/WindowManager( 1671): Window{7c85c32 u0 PopupWindow:60ce8b8} state from READY_TO_SHOW to HAS_DRAWN; reason: performShowLocked
07-12 22:43:48.256 I/Quality (25559): Skipped: false 2 cost 23.271488 refreshRate 11111111 bit true processName com.aitavern.app.debug
07-12 22:43:48.259 D/CoreBackPreview( 1671): Window{5288776 u0 com.aitavern.app.debug/com.aitavern.app.MainActivity}: Setting back callback OnBackInvokedCallbackInfo{mCallback=android.window.IOnBackInvokedCallback$Stub$Proxy@3c89edf, mPriority=0, mIsAnimationCallback=false}
07-12 22:43:48.259 I/WindowManager( 1671): defer call onFirstWindowDrawn until mainwindow drawn:Window{ba68a65 u0 com.coloros.assistantscreen}
07-12 22:43:48.260 D/ActivityTaskManager( 1671): Clearing startingData for token=null
07-12 22:43:48.260 D/ActivityTaskManager( 1671): Clearing startingData for token=null
07-12 22:43:48.263 V/WindowManager( 1671): Relayout Window{7c85c32 u0 PopupWindow:60ce8b8}: viewVisibility=0, oldvis=0, req=60x72, vsysui=
07-12 22:43:48.266 I/WindowManager( 1671): defer call onFirstWindowDrawn until mainwindow drawn:Window{ba68a65 u0 com.coloros.assistantscreen}
07-12 22:43:48.271 V/WindowStateExtImpl( 1671): notifyWindowStateChange input show
07-12 22:43:48.271 I/WindowManager( 1671): Window{f307b39 u0 InputMethod} state from READY_TO_SHOW to HAS_DRAWN; reason: performShowLocked
07-12 22:43:48.273 W/VRI[InputMethod](27239): handleResized abandoned!
07-12 22:43:48.274 W/VRI[]   (22102): handleResized abandoned!
07-12 22:43:48.274 W/VRI[OplusOSEdgeFloatBar]( 6253): handleResized abandoned!
07-12 22:43:48.277 I/WindowManager( 1671): defer call onFirstWindowDrawn until mainwindow drawn:Window{ba68a65 u0 com.coloros.assistantscreen}
07-12 22:43:48.279 W/VRI[StatusBar]( 2389): handleResized abandoned!
07-12 22:43:48.279 W/VRI[NavigationBar_displayId_0]( 2389): handleResized abandoned!
07-12 22:43:48.280 W/VRI[]   (22102): handleResized abandoned!
07-12 22:43:48.287 I/WindowManager( 1671): defer call onFirstWindowDrawn until mainwindow drawn:Window{ba68a65 u0 com.coloros.assistantscreen}
07-12 22:43:48.333 I/Quality (25559): Skipped: false 5 cost 56.03126 refreshRate 11111111 bit true processName com.aitavern.app.debug
07-12 22:43:48.340 W/VRI[MainActivity](25559): handleResized abandoned!
07-12 22:43:48.355 D/KernelCpuUidUserSysTimeReader( 1671): Removing uids 99536-99536
07-12 22:43:48.433 I/Quality (25559): Skipped: true 4 cost 53.390232 refreshRate 11224473 bit true processName com.aitavern.app.debug
07-12 22:43:48.457 I/Quality (25559): Skipped: true 1 cost 21.146748 refreshRate 11223972 bit true processName com.aitavern.app.debug
07-12 22:43:48.494 I/Quality (25559): Skipped: false 1 cost 13.90892 refreshRate 11223876 bit true processName com.aitavern.app.debug
07-12 22:43:48.561 I/Quality (25559): Skipped: true 1 cost 13.523938 refreshRate 11223510 bit true processName com.aitavern.app.debug
07-12 22:43:48.614 I/Quality (25559): Skipped: true 1 cost 21.476044 refreshRate 11223145 bit true processName com.aitavern.app.debug
07-12 22:43:48.629 I/Quality (25559): Skipped: true 1 cost 14.116926 refreshRate 11223316 bit true processName com.aitavern.app.debug
07-12 22:43:48.665 I/Quality (25559): Skipped: true 1 cost 16.274548 refreshRate 11223467 bit true processName com.aitavern.app.debug
07-12 22:43:48.695 I/Quality (25559): Skipped: true 1 cost 12.57413 refreshRate 11223549 bit true processName com.aitavern.app.debug
07-12 22:43:48.816 V/WindowManager( 1671): Relayout Window{7c85c32 u0 PopupWindow:60ce8b8}: viewVisibility=0, oldvis=0, req=60x72, vsysui=
07-12 22:43:48.838 I/WindowManager( 1671): defer call onFirstWindowDrawn until mainwindow drawn:Window{ba68a65 u0 com.coloros.assistantscreen}
07-12 22:43:48.847 D/ProcessCpuTrackerExtImpl( 1671): mContext is already set, return now! 
07-12 22:43:49.036 D/PowerManagerService( 1671): userActivityNoUpdateLocked: groupId=0, eventTime=690955674, event=touch, flags=0x0, uid=1000
07-12 22:43:49.088 D/CoreBackPreview( 1671): Window{7c85c32 u0 PopupWindow:60ce8b8}: Setting back callback null
07-12 22:43:49.135 I/WindowManager( 1671): Window{7c85c32 u0 PopupWindow:60ce8b8} state from HAS_DRAWN to NO_SURFACE; reason: destroySurface
07-12 22:43:49.141 I/WindowManager( 1671): defer call onFirstWindowDrawn until mainwindow drawn:Window{ba68a65 u0 com.coloros.assistantscreen}
07-12 22:43:49.144 I/Quality (25559): Skipped: false 5 cost 57.12792 refreshRate 11230958 bit true processName com.aitavern.app.debug
07-12 22:43:49.200 I/Quality (25559): Skipped: false 1 cost 12.248483 refreshRate 11222459 bit true processName com.aitavern.app.debug
07-12 22:43:49.229 I/Quality (25559): Skipped: false 1 cost 19.209232 refreshRate 11222462 bit true processName com.aitavern.app.debug
07-12 22:43:49.245 I/Quality (25559): Skipped: false 1 cost 12.42646 refreshRate 11222462 bit true processName com.aitavern.app.debug
07-12 22:43:49.280 I/Quality (25559): Skipped: false 1 cost 13.949062 refreshRate 11222622 bit true processName com.aitavern.app.debug
07-12 22:43:49.304 I/Quality (25559): Skipped: false 1 cost 15.137983 refreshRate 11223018 bit true processName com.aitavern.app.debug
07-12 22:43:49.337 I/Quality (25559): Skipped: false 1 cost 14.650077 refreshRate 11224631 bit true processName com.aitavern.app.debug
07-12 22:43:49.400 D/PowerManagerService( 1671): userActivityNoUpdateLocked: groupId=0, eventTime=690956039, event=touch, flags=0x0, uid=1000
07-12 22:43:49.483 D/InputMethodManagerService( 1671): isSecurity: attribute.packageName = com.aitavern.app.debug mCurMethodId = com.sohu.inputmethod.sogou/.SogouIME isSecurity = false ( enable = true needShow = false inBlackList = false isExist = true )
07-12 22:43:49.487 D/CoreBackPreview( 1671): Window{5288776 u0 com.aitavern.app.debug/com.aitavern.app.MainActivity}: Setting back callback OnBackInvokedCallbackInfo{mCallback=android.window.IOnBackInvokedCallback$Stub$Proxy@47238a9, mPriority=0, mIsAnimationCallback=true}
07-12 22:43:49.487 I/Quality (25559): Skipped: true 1 cost 18.467424 refreshRate 11224432 bit true processName com.aitavern.app.debug
07-12 22:43:49.509 W/VRI[]   (22102): handleResized abandoned!
07-12 22:43:49.514 I/Quality (25559): Skipped: true 1 cost 12.167359 refreshRate 11224432 bit true processName com.aitavern.app.debug
07-12 22:43:49.515 W/VRI[]   (22102): handleResized abandoned!
07-12 22:43:49.516 V/WindowStateExtImpl( 1671): notifyWindowStateChange input show
07-12 22:43:49.522 W/VRI[NavigationBar_displayId_0]( 2389): handleResized abandoned!
07-12 22:43:49.522 W/VRI[StatusBar]( 2389): handleResized abandoned!
07-12 22:43:49.526 I/VibratorManagerServiceExtImpl( 1671): cancelVibrate uid=10268, pid=27239, usageFilter=-1, token=228314670
07-12 22:43:49.526 W/VRI[OplusOSEdgeFloatBar]( 6253): handleResized abandoned!
07-12 22:43:49.532 I/WindowManager( 1671): defer call onFirstWindowDrawn until mainwindow drawn:Window{ba68a65 u0 com.coloros.assistantscreen}
07-12 22:43:49.535 W/VRI[MainActivity](25559): handleResized abandoned!
07-12 22:43:49.690 I/Quality (25559): Skipped: true 4 cost 52.881046 refreshRate 11236060 bit true processName com.aitavern.app.debug
07-12 22:43:49.728 D/OplusSmartBrightnessController( 1671): handleMessage MSG_LUX_CHANGED, mLux:11.0 luxQueue=[11.0, 11.0, 11.0, 11.0, 11.0, 11.0, 11.0, 11.0, 11.0, 11.0]
07-12 22:43:49.735 I/Quality (25559): Skipped: true 1 cost 19.258165 refreshRate 11235721 bit true processName com.aitavern.app.debug
07-12 22:43:50.278 D/WindowManagerServiceExtImpl( 1671): extractConfigInfoAndRealFlags rotation=0, screenDp=720, win=Window{f307b39 u0 InputMethod}
07-12 22:43:50.280 V/WindowManager( 1671): Relayout Window{f307b39 u0 InputMethod}: viewVisibility=8, oldvis=0, req=1080x2312, vsysui=
07-12 22:43:50.281 I/WindowManager( 1671): Window{f307b39 u0 InputMethod} state from HAS_DRAWN to NO_SURFACE; reason: destroySurface
07-12 22:43:50.298 W/VRI[]   (22102): handleResized abandoned!
07-12 22:43:50.299 W/VRI[]   (22102): handleResized abandoned!
07-12 22:43:50.301 W/VRI[NavigationBar_displayId_0]( 2389): handleResized abandoned!
07-12 22:43:50.309 W/VRI[OplusOSEdgeFloatBar]( 6253): handleResized abandoned!
07-12 22:43:50.311 W/VRI[StatusBar]( 2389): handleResized abandoned!
07-12 22:43:50.316 W/VRI[MainActivity](25559): handleResized abandoned!
07-12 22:43:50.339 I/WindowManager( 1671): defer call onFirstWindowDrawn until mainwindow drawn:Window{ba68a65 u0 com.coloros.assistantscreen}
07-12 22:43:50.412 D/PowerManagerService( 1671): userActivityNoUpdateLocked: groupId=0, eventTime=690957050, event=touch, flags=0x0, uid=1000
07-12 22:43:50.508 I/Quality (25559): Skipped: false 1 cost 22.44736 refreshRate 11235342 bit true processName com.aitavern.app.debug
07-12 22:43:50.551 D/PowerManagerService( 1671): userActivityNoUpdateLocked: groupId=0, eventTime=690957192, event=touch, flags=0x0, uid=1000
07-12 22:43:50.555 I/Quality (25559): Skipped: false 2 cost 24.240456 refreshRate 11230758 bit true processName com.aitavern.app.debug
07-12 22:43:50.617 I/Quality (25559): Skipped: false 1 cost 18.77658 refreshRate 11229422 bit true processName com.aitavern.app.debug
07-12 22:43:50.644 I/Quality (25559): Skipped: false 2 cost 23.344875 refreshRate 11228922 bit true processName com.aitavern.app.debug
07-12 22:43:50.690 I/Quality (25559): Skipped: false 1 cost 12.765878 refreshRate 11228265 bit true processName com.aitavern.app.debug
07-12 22:43:50.697 D/PowerManagerService( 1671): userActivityNoUpdateLocked: groupId=0, eventTime=690957339, event=touch, flags=0x0, uid=1000
07-12 22:43:50.725 I/Quality (25559): Skipped: false 2 cost 25.458448 refreshRate 11227858 bit true processName com.aitavern.app.debug
07-12 22:43:50.795 V/AlarmManager( 1671): sending alarm Alarm{2b5a7eb type 2 origWhen 914995093 whenElapsed 914995093 android} uid 1000 whenElapsed 914995093 windowLength 0 maxWhenElapsed 914995093 repeatInterval 0 action com.android.server.audio.action.CHECK_MUSIC_ACTIVE component null flags 0x9 procName system_server
07-12 22:43:50.830 D/CompatibilityChangeReporter( 1671): Compat change id reported: 265195908; UID 10356; state: ENABLED
07-12 22:43:50.851 D/PowerManagerService( 1671): userActivityNoUpdateLocked: groupId=0, eventTime=690957491, event=touch, flags=0x0, uid=1000
07-12 22:43:50.992 D/PowerManagerService( 1671): userActivityNoUpdateLocked: groupId=0, eventTime=690957633, event=touch, flags=0x0, uid=1000
07-12 22:43:51.139 D/PowerManagerService( 1671): userActivityNoUpdateLocked: groupId=0, eventTime=690957780, event=touch, flags=0x0, uid=1000
07-12 22:43:51.276 D/PowerManagerService( 1671): userActivityNoUpdateLocked: groupId=0, eventTime=690957916, event=touch, flags=0x0, uid=1000
07-12 22:43:51.429 D/PowerManagerService( 1671): userActivityNoUpdateLocked: groupId=0, eventTime=690958069, event=touch, flags=0x0, uid=1000
07-12 22:43:51.582 D/PowerManagerService( 1671): userActivityNoUpdateLocked: groupId=0, eventTime=690958222, event=touch, flags=0x0, uid=1000
07-12 22:43:51.643 D/OplusAppListInterceptManager( 1671): shouldFilterTask
07-12 22:43:51.643 D/OplusAppListInterceptManager( 1671): shouldFilterTask::packageName = com.aitavern.app.debug
07-12 22:43:51.644 D/ActivityTaskManager( 1671): Skipping, invisible task: Task{17e9ded #5 type=home I=com.android.launcher/.Launcher}
07-12 22:43:51.644 D/OplusAppListInterceptManager( 1671): shouldFilterTask
07-12 22:43:51.644 D/OplusAppListInterceptManager( 1671): shouldFilterTask::packageName = com.ss.android.ugc.aweme
07-12 22:43:51.644 D/OplusAppListInterceptManager( 1671): shouldFilterTask
07-12 22:43:51.644 D/OplusAppListInterceptManager( 1671): shouldFilterTask::packageName = com.follow.clash
07-12 22:43:51.644 D/ActivityTaskManager( 1671): after skip size 3
07-12 22:43:51.746 D/PowerManagerService( 1671): userActivityNoUpdateLocked: groupId=0, eventTime=690958386, event=touch, flags=0x0, uid=1000
07-12 22:43:51.790 I/Quality (25559): Skipped: true 1 cost 12.17255 refreshRate 11228832 bit true processName com.aitavern.app.debug
07-12 22:43:51.893 D/PowerManagerService( 1671): userActivityNoUpdateLocked: groupId=0, eventTime=690958533, event=touch, flags=0x0, uid=1000
07-12 22:43:51.925 D/OplusSmartBrightnessController( 1671): handleMessage MSG_LUX_CHANGED, mLux:11.0 luxQueue=[11.0, 11.0, 11.0, 11.0, 11.0, 11.0, 11.0, 11.0, 11.0, 11.0, 11.0]
07-12 22:43:52.058 D/PowerManagerService( 1671): userActivityNoUpdateLocked: groupId=0, eventTime=690958698, event=touch, flags=0x0, uid=1000
07-12 22:43:52.215 D/PowerManagerService( 1671): userActivityNoUpdateLocked: groupId=0, eventTime=690958856, event=touch, flags=0x0, uid=1000
07-12 22:43:52.215 D/OplusAthenaAm( 1671): cancel: touch down
07-12 22:43:52.301 D/OplusAthenaAm( 1671): reset: after 31677
07-12 22:43:52.302 D/OplusAthenaAm( 1671): reset: done 66293
07-12 22:43:52.379 D/PowerManagerService( 1671): userActivityNoUpdateLocked: groupId=0, eventTime=690959020, event=touch, flags=0x0, uid=1000
07-12 22:43:52.418 I/Quality (25559): Skipped: true 1 cost 11.84842 refreshRate 11228832 bit true processName com.aitavern.app.debug
07-12 22:43:52.533 D/PowerManagerService( 1671): userActivityNoUpdateLocked: groupId=0, eventTime=690959173, event=touch, flags=0x0, uid=1000
07-12 22:43:52.634 D/PowerManagerService( 1671): userActivityNoUpdateLocked: groupId=0, eventTime=690959275, event=touch, flags=0x0, uid=1000
07-12 22:43:53.948 I/Quality (25559): Skipped: true 1 cost 17.40392 refreshRate 11111111 bit true processName com.aitavern.app.debug
07-12 22:43:54.527 D/OplusSmartBrightnessController( 1671): handleMessage MSG_LUX_CHANGED, mLux:12.0 luxQueue=[12.0, 12.0, 12.0, 12.0, 12.0]
07-12 22:43:55.477 I/Quality (25559): Skipped: true 2 cost 25.626951 refreshRate 11111111 bit true processName com.aitavern.app.debug
07-12 22:43:55.545 I/Quality (25559): Skipped: true 1 cost 17.119638 refreshRate 11111111 bit true processName com.aitavern.app.debug
07-12 22:43:55.723 D/OplusAlarmAdjustment( 1671): unalignAlarmsByUid(), uid=99910265, pkgName=com.tencent.mobileqq, actions=null, procs=null, requester=1
07-12 22:43:55.725 D/OplusAlarmAdjustMap( 1671): removeAlignUid, uid=99910265, requester=1
07-12 22:43:55.727 V/AlarmManager( 1671): sending alarm Alarm{1731543 type 2 origWhen 914980074 whenElapsed 914980074 com.android.mms} uid 10203 whenElapsed 914980074 windowLength 202498 maxWhenElapsed 915182572 repeatInterval 0 action org.rcs.service.bfl.sip.heartbeat component ComponentInfo{com.android.mms/org.rcs.service.bfl.receiver.RcsAlarmReceiver} flags 0x8 procName com.android.mms:mms_service
07-12 22:43:55.731 V/AlarmManager( 1671): sending alarm Alarm{1401cf9 type 2 origWhen 915112114 whenElapsed 915000000 com.tencent.mobileqq} uid 99910265 whenElapsed 915000000 windowLength 134997 maxWhenElapsed 915000000 repeatInterval 0 action com.tencent.mobileqq:MSF_43608452 component null flags 0x8 procName com.tencent.mobileqq:MSF
07-12 22:43:55.750 V/AlarmManager( 1671): sending alarm Alarm{5dc8fb5 type 3 origWhen 914992113 whenElapsed 914992113 com.oplus.metis} uid 10089 whenElapsed 914992113 windowLength 45000 maxWhenElapsed 915037113 repeatInterval 0 action com.oplus.action.PID_TIMER_CHECK component null flags 0x8 procName com.oplus.metis
