06-20 16:50:10.798  1703  1908 D OplusSmartBrightnessController: handleMessage MSG_LUX_CHANGED, mLux:537.9355 luxQueue=[522.0, 528.0, 536.0, 550.0, 553.0]
06-20 16:50:11.598  1703  1908 D OplusSmartBrightnessController: handleMessage MSG_LUX_CHANGED, mLux:566.0411 luxQueue=[558.0, 561.0, 570.0, 575.0]
06-20 16:50:11.806  1316  1316 W wificond: No handler for scan result notification from interface with index: 147
06-20 16:50:12.004  9195  9195 I Quality : Skipped: true 1 cost 21.253277 refreshRate 16857384 bit true processName com.ss.android.ugc.aweme
06-20 16:50:12.239  9195  9195 I Quality : Skipped: false 1 cost 20.418976 refreshRate 16857791 bit true processName com.ss.android.ugc.aweme
06-20 16:50:12.272  9195  9195 I Quality : Skipped: false 1 cost 19.333776 refreshRate 16857754 bit true processName com.ss.android.ugc.aweme
06-20 16:50:12.384  1316  1316 W wificond: No handler for scan result notification from interface with index: 147
06-20 16:50:12.384  9195  9195 I Quality : Skipped: false 5 cost 98.52294 refreshRate 16857754 bit true processName com.ss.android.ugc.aweme
06-20 16:50:12.419  9195  9195 I Quality : Skipped: true 1 cost 32.063465 refreshRate 16858244 bit true processName com.ss.android.ugc.aweme
06-20 16:50:12.514  9195  9195 I Quality : Skipped: true 4 cost 76.73432 refreshRate 16857983 bit true processName com.ss.android.ugc.aweme
06-20 16:50:12.596  1703  1908 D OplusSmartBrightnessController: handleMessage MSG_LUX_CHANGED, mLux:593.27637 luxQueue=[578.0, 588.0, 594.0, 602.0, 604.0]
06-20 16:50:12.707  1703  3517 D CommSceneService: my telephony callback proxy invoke method=onTelephonyEventReport
06-20 16:50:12.708  2789 12699 D TelephonyManagerProxy: onTelephonyEventReport,cb list: 3
06-20 16:50:12.708  2789 12699 D TelephonyManagerProxy: onTelephonyEventReport,cb: l8.a$a@33e83b
06-20 16:50:12.708  2789 12699 D TelephonyManagerProxy: onTelephonyEventReport,cb: d8.d$a@f11ad96
06-20 16:50:12.708  2789 12699 D TelephonyManagerProxy: onTelephonyEventReport,cb: d8.d$a@56ecd17
06-20 16:50:13.050  1316  1316 W wificond: No handler for scan result notification from interface with index: 147
06-20 16:50:13.396  1703  1908 D OplusSmartBrightnessController: handleMessage MSG_LUX_CHANGED, mLux:617.78253 luxQueue=[612.0, 613.0, 618.0, 628.0]
06-20 16:50:13.513  1316  1316 W wificond: No handler for scan result notification from interface with index: 147
06-20 16:50:13.977  1316  1316 W wificond: No handler for scan result notification from interface with index: 147
06-20 16:50:14.196  1703  1908 D OplusSmartBrightnessController: handleMessage MSG_LUX_CHANGED, mLux:640.7654 luxQueue=[634.0, 640.0, 643.0, 646.0]
06-20 16:50:14.578  1316  1316 W wificond: No handler for scan result notification from interface with index: 147
06-20 16:50:14.890  1703  1859 D WifiDisplayController: Discover peers succeeded.  Requesting peers now.
06-20 16:50:14.891  1703  1859 W ContextImpl: Calling a method in the system process without a qualified user: android.app.ContextImpl.sendBroadcast:1247 com.android.server.display.OplusWifiDisplayUsageHelperExtImpl.sendWfdStateBroadcast:92 com.android.server.display.OplusWifiDisplayUsageHelperExtImpl.getDiscoverPeersState:180 com.android.server.display.WifiDisplayController$5.onSuccess:589 android.net.wifi.p2p.WifiP2pManager$Channel$P2pHandler.handleMessage:1391 
06-20 16:50:14.893  1703  1859 D OplusWifiDisplayUsageHelperExtImpl: getDiscoverPeersState
06-20 16:50:14.897  1703  1859 D WifiDisplayController: Received list of peers.
06-20 16:50:14.997  1703  1908 D OplusSmartBrightnessController: handleMessage MSG_LUX_CHANGED, mLux:652.5113 luxQueue=[648.0, 650.0, 654.0, 658.0]
06-20 16:50:15.048  1316  1316 W wificond: No handler for scan result notification from interface with index: 147
06-20 16:50:15.798  1703  1908 D OplusSmartBrightnessController: handleMessage MSG_LUX_CHANGED, mLux:664.25806 luxQueue=[660.0, 663.0, 665.0, 669.0]
06-20 16:50:16.799  1703  1908 D OplusSmartBrightnessController: handleMessage MSG_LUX_CHANGED, mLux:676.20544 luxQueue=[671.0, 677.0, 677.0, 677.0, 679.0]
06-20 16:50:17.312  1316  1316 W wificond: No handler for scan result notification from interface with index: 147
06-20 16:50:17.797  1703  1908 D OplusSmartBrightnessController: handleMessage MSG_LUX_CHANGED, mLux:686.0038 luxQueue=[684.0, 688.0, 689.0, 686.0, 683.0]
06-20 16:50:17.831  1703  5808 D CommSceneService: my telephony callback proxy invoke method=onTelephonyEventReport
06-20 16:50:17.832  2789 17192 D TelephonyManagerProxy: onTelephonyEventReport,cb list: 3
06-20 16:50:17.832  2789 17192 D TelephonyManagerProxy: onTelephonyEventReport,cb: l8.a$a@33e83b
06-20 16:50:17.832  2789 17192 D TelephonyManagerProxy: onTelephonyEventReport,cb: d8.d$a@f11ad96
06-20 16:50:17.833  2789 17192 D TelephonyManagerProxy: onTelephonyEventReport,cb: d8.d$a@56ecd17
06-20 16:50:17.988  1316  1316 W wificond: No handler for scan result notification from interface with index: 147
06-20 16:50:18.465  1316  1316 W wificond: No handler for scan result notification from interface with index: 147
06-20 16:50:18.491  1703  2064 D PowerManagerService: userActivityNoUpdateLocked: groupId=0, eventTime=2566342830, event=touch, flags=0x0, uid=1000
06-20 16:50:18.592  9195  9195 I Quality : Skipped: false 1 cost 17.852568 refreshRate 16858444 bit true processName com.ss.android.ugc.aweme
06-20 16:50:18.638  1703  2839 D OplusAlarmAdjustment: alignAlarmsByUid(), uid=10252, pkgName=com.xunmeng.pinduoduo, actions=null, procs=null, requester=1
06-20 16:50:18.639  1703  1907 D OplusAlarmAdjustMap: addAlignUid, uid=10252, pkgName=com.xunmeng.pinduoduo, requester=1, mode=1
06-20 16:50:18.764  1703  2064 D PowerManagerService: userActivityNoUpdateLocked: groupId=0, eventTime=2566343107, event=touch, flags=0x0, uid=1000
06-20 16:50:18.865  1703  6338 D WindowManagerServiceExtImpl: extractConfigInfoAndRealFlags rotation=0, screenDp=360, win=Window{c1c4e1c u0 com.ss.android.ugc.aweme/com.ss.android.ugc.aweme.splash.SplashActivity}
06-20 16:50:18.866  1703  6338 V WindowManager: Relayout Window{c1c4e1c u0 com.ss.android.ugc.aweme/com.ss.android.ugc.aweme.splash.SplashActivity}: viewVisibility=0, oldvis=0, req=1080x2408, vsysui=LAYOUT_STABLE LAYOUT_FULLSCREEN LIGHT_NAVIGATION_BAR
06-20 16:50:18.866  9195  9195 D VRI[SplashActivity]: relayoutWindow result, sizeChanged:false, surfaceControlChanged:false, transformHintChanged:false, mSurfaceSize:Point(1080, 2408), mLastSurfaceSize:Point(1080, 2408), mWidth:1080, mHeight:2408, requestedWidth:1080, requestedHeight:2408, transformHint:0, lastTransformHint:0, installOrientation:0, displayRotation:0, isSurfaceValid:true, attr.flag:-2122251904, useBlast:true, tmpFrames:ClientWindowFrames{frame=[0,0][1080,2408] display=[0,0][1080,2408] parentFrame=[0,0][1080,2408]}, params:{(0,0)(fillxfill) sim={state=hidden adjust=resize} ty=BASE_APPLICATION fmt=TRANSLUCENT wanim=0x1030000
06-20 16:50:18.866  9195  9195 D VRI[SplashActivity]:   fl=KEEP_SCREEN_ON LAYOUT_IN_SCREEN LAYOUT_INSET_DECOR SPLIT_TOUCH HARDWARE_ACCELERATED DRAWS_SYSTEM_BAR_BACKGROUNDS
06-20 16:50:18.866  9195  9195 D VRI[SplashActivity]:   pfl=NO_MOVE_ANIMATION FORCE_DRAW_STATUS_BAR_BACKGROUND USE_BLAST FIT_INSETS_CONTROLLED
06-20 16:50:18.866  9195  9195 D VRI[SplashActivity]:   vsysui=LAYOUT_STABLE LAYOUT_FULLSCREEN LIGHT_NAVIGATION_BAR
06-20 16:50:18.866  9195  9195 D VRI[SplashActivity]:   apr=LIGHT_NAVIGATION_BARS
06-20 16:50:18.866  9195  9195 D VRI[SplashActivity]:   bhv=DEFAULT
06-20 16:50:18.866  9195  9195 D VRI[SplashActivity]:   fitSides= CLP[ ]}
06-20 16:50:18.866  9195  9195 W VRI[SplashActivity]: updateBlastSurfaceIfNeeded, surfaceSize:Point(1080, 2408), lastSurfaceSize:Point(1080, 2408), format:-3, blastBufferQueue:android.graphics.BLASTBufferQueue@3decee7
06-20 16:50:18.869  1703  6338 D OplusFullScreenDisplayManager: adjustInsetsStateForWin: com.ss.android.ugc.aweme, setting cutoutMode: oplus always
06-20 16:50:18.870  1703  6338 D OplusFullScreenDisplayManager: adjustInsetsStateForWin: com.ss.android.ugc.aweme, setting cutoutMode: oplus always
06-20 16:50:18.870  1703  6338 D OplusFullScreenDisplayManager: adjustInsetsStateForWin: com.ss.android.ugc.aweme, setting cutoutMode: oplus always
06-20 16:50:18.872  1703  6338 I TaskOrganizerController: onTaskInfoChanged taskid 10580 config { mBounds=Rect(0, 0 - 1080, 2408) mAppBounds=Rect(0, 96 - 1080, 2276) mMaxBounds=Rect(0, 0 - 1080, 2408) mDisplayRotation=ROTATION_0 mWindowingMode=fullscreen mDisplayWindowingMode=fullscreen mActivityType=standard mAlwaysOnTop=undefined mRotation=ROTATION_0}
06-20 16:50:18.873  1703  6338 D FlexibleWindowManager: onFlexibleWindowTaskInfoChanged: mTaskId = 10580 oldIsTaskEmbedded = false   curIsTaskEmbedded = false  topActivity = ComponentInfo{com.ss.android.ugc.aweme/com.ss.android.ugc.aweme.main.MainActivity}
06-20 16:50:18.873  1703  6338 D OplusFlexibleWindowMinimizedManagerHelper: onTaskInfoChanged taskInfo:TaskInfo{userId=0 taskId=10580 displayId=0 isRunning=true baseIntent=Intent { act=android.intent.action.MAIN cat=[android.intent.category.LAUNCHER] flg=0x10200000 cmp=com.ss.android.ugc.aweme/.splash.SplashActivity mCallingUid=10168 } baseActivity=ComponentInfo{com.ss.android.ugc.aweme/com.ss.android.ugc.aweme.main.MainActivity} topActivity=ComponentInfo{com.ss.android.ugc.aweme/com.ss.android.ugc.aweme.main.MainActivity} origActivity=ComponentInfo{com.ss.android.ugc.aweme/com.ss.android.ugc.aweme.splash.SplashActivity} realActivity=ComponentInfo{com.ss.android.ugc.aweme/com.ss.android.ugc.aweme.main.MainActivity} numActivities=1 lastActiveTime=3352553362 supportsSplitScreenMultiWindow=true supportsMultiWindow=true supportsPocketStudioMultiWindow=true isInFlexibleEmbedded = false uid = 10356 pid = 9195 resizeMode=2 isResizeable=true minWidth=-1 minHeight=-1 defaultMinSize=220 token=WCT{RemoteToken{63a0f72 Task{2acb310 #10580 type=standard A=10356:com.ss.android.ugc.aweme}}} topActivityType=1 pictureInPictureParams=null shouldDockBigOverlays=false launchIntoPipHostTaskId=-1 lastParentTaskIdBeforePip=-1 displayCutoutSafeInsets=Rect(0, 96 - 0, 0) topActivityInfo=ActivityInfo{adc6337 com.ss.android.ugc.aweme.splash.SplashActivity} launchCookies=[] positionInParent=Point(0, 0) parentTaskId=-1 isFocused=true isVisible=true isVisibleRequested=true isSleeping=false topActivityInSizeCompat=false topActivityInOplusCompatMode=false topActivityEligibleForLetterboxEducation= false topActivityLetterboxed= false isFromDoubleTap= false topActivityLetterboxVerticalPosition= -1 topActivityLetterboxHorizontalPosition= -1 topActivityLetterboxWidth=-1 topActivityLetterboxHeight=-1 locusId=null displayAreaFeatureId=1 cameraCompatControlState=hidden locusId= null topActivityLetterboxInsets=Rect(0, 0 - 0, 0)} task:Task{2acb310 #10580 type=standard A=10356:com.ss.android.ugc.aweme}
06-20 16:50:18.874  2365  2584 D ShellTaskOrganizer: dispatchTaskEventToClientIfNeed, eventType:2, taskInfo:TaskInfo{userId=0 taskId=10580 displayId=0 isRunning=true baseIntent=Intent { act=android.intent.action.MAIN cat=[android.intent.category.LAUNCHER] flg=0x10200000 cmp=com.ss.android.ugc.aweme/.splash.SplashActivity mCallingUid=10168 } baseActivity=ComponentInfo{com.ss.android.ugc.aweme/com.ss.android.ugc.aweme.main.MainActivity} topActivity=ComponentInfo{com.ss.android.ugc.aweme/com.ss.android.ugc.aweme.main.MainActivity} origActivity=ComponentInfo{com.ss.android.ugc.aweme/com.ss.android.ugc.aweme.splash.SplashActivity} realActivity=ComponentInfo{com.ss.android.ugc.aweme/com.ss.android.ugc.aweme.main.MainActivity} numActivities=1 lastActiveTime=3352553362 supportsSplitScreenMultiWindow=true supportsMultiWindow=true supportsPocketStudioMultiWindow=true isInFlexibleEmbedded = false uid = 10356 pid = 9195 resizeMode=2 isResizeable=true minWidth=-1 minHeight=-1 defaultMinSize=220 token=WCT{android.window.IWindowContainerToken$Stub$Proxy@29ff419} topActivityType=1 pictureInPictureParams=null shouldDockBigOverlays=false launchIntoPipHostTaskId=-1 lastParentTaskIdBeforePip=-1 displayCutoutSafeInsets=Rect(0, 96 - 0, 0) topActivityInfo=ActivityInfo{ed0bcde com.ss.android.ugc.aweme.splash.SplashActivity} launchCookies=[] positionInParent=Point(0, 0) parentTaskId=-1 isFocused=true isVisible=true isVisibleRequested=true isSleeping=false topActivityInSizeCompat=false topActivityInOplusCompatMode=false topActivityEligibleForLetterboxEducation= false topActivityLetterboxed= false isFromDoubleTap= false topActivityLetterboxVerticalPosition= -1 topActivityLetterboxHorizontalPosition= -1 topActivityLetterboxWidth=-1 topActivityLetterboxHeight=-1 locusId=null displayAreaFeatureId=1 cameraCompatControlState=hidden locusId= null topActivityLetterboxInsets=Rect(0, 0 - 0, 0)}, leash:null
06-20 16:50:18.893  9195  9195 I Quality : Skipped: false 1 cost 32.02701 refreshRate 16856610 bit true processName com.ss.android.ugc.aweme
06-20 16:50:18.999  1703  1908 D OplusSmartBrightnessController: handleMessage MSG_LUX_CHANGED, mLux:611.84283 luxQueue=[684.0, 685.0, 600.0, 577.0, 560.0, 550.0]
06-20 16:50:19.143  1316  1316 W wificond: No handler for scan result notification from interface with index: 147
06-20 16:50:19.490  9195  9195 I Quality : Skipped: false 9 cost 157.67595 refreshRate 16857800 bit true processName com.ss.android.ugc.aweme
06-20 16:50:19.619  1316  1316 W wificond: No handler for scan result notification from interface with index: 147
06-20 16:50:19.878  2789 12699 D TelephonyManagerProxy: onTelephonyEventReport,cb list: 3
06-20 16:50:19.878  2789 12699 D TelephonyManagerProxy: onTelephonyEventReport,cb: l8.a$a@33e83b
06-20 16:50:19.878  2789 12699 D TelephonyManagerProxy: onTelephonyEventReport,cb: d8.d$a@f11ad96
06-20 16:50:19.878  2789 12699 D TelephonyManagerProxy: onTelephonyEventReport,cb: d8.d$a@56ecd17
06-20 16:50:19.878  1703  6338 D CommSceneService: my telephony callback proxy invoke method=onTelephonyEventReport
06-20 16:50:19.889  1703  1859 D WifiDisplayController: Discover peers succeeded.  Requesting peers now.
06-20 16:50:19.890  1703  1859 W ContextImpl: Calling a method in the system process without a qualified user: android.app.ContextImpl.sendBroadcast:1247 com.android.server.display.OplusWifiDisplayUsageHelperExtImpl.sendWfdStateBroadcast:92 com.android.server.display.OplusWifiDisplayUsageHelperExtImpl.getDiscoverPeersState:180 com.android.server.display.WifiDisplayController$5.onSuccess:589 android.net.wifi.p2p.WifiP2pManager$Channel$P2pHandler.handleMessage:1391 
06-20 16:50:19.892  1703  1859 D OplusWifiDisplayUsageHelperExtImpl: getDiscoverPeersState
06-20 16:50:19.895  1703  1859 D WifiDisplayController: Received list of peers.
06-20 16:50:19.967  9195  9195 I Quality : Skipped: true 1 cost 27.453749 refreshRate 16857344 bit true processName com.ss.android.ugc.aweme
06-20 16:50:20.538  1703  2064 D PowerManagerService: userActivityNoUpdateLocked: groupId=0, eventTime=2566344881, event=touch, flags=0x0, uid=1000
06-20 16:50:20.702  9195  9195 I Quality : Skipped: false 3 cost 54.696182 refreshRate 16857120 bit true processName com.ss.android.ugc.aweme
06-20 16:50:20.908  1703  3517 D CommSceneService: my telephony callback proxy invoke method=onTelephonyEventReport
06-20 16:50:20.908  2789 12699 D TelephonyManagerProxy: onTelephonyEventReport,cb list: 3
06-20 16:50:20.908  2789 12699 D TelephonyManagerProxy: onTelephonyEventReport,cb: l8.a$a@33e83b
06-20 16:50:20.909  2789 12699 D TelephonyManagerProxy: onTelephonyEventReport,cb: d8.d$a@f11ad96
06-20 16:50:20.909  2789 12699 D TelephonyManagerProxy: onTelephonyEventReport,cb: d8.d$a@56ecd17
06-20 16:50:21.000  1703  1908 D OplusSmartBrightnessController: handleMessage MSG_LUX_CHANGED, mLux:667.38477 luxQueue=[613.0, 669.0, 677.0, 683.0, 692.0]
06-20 16:50:21.338  9195  9195 I Quality : Skipped: true 4 cost 83.842186 refreshRate 16858003 bit true processName com.ss.android.ugc.aweme
06-20 16:50:21.828  1316  1316 W wificond: No handler for scan result notification from interface with index: 147
06-20 16:50:22.253  1703  3518 D OplusAppListInterceptManager: shouldFilterTask
06-20 16:50:22.254  1703  3518 D OplusAppListInterceptManager: shouldFilterTask::packageName = com.ss.android.ugc.aweme
06-20 16:50:22.254  1703  3518 D ActivityTaskManager: Skipping, invisible task: Task{ead5052 #5 type=home I=com.android.launcher/.Launcher}
06-20 16:50:22.254  1703  3518 D OplusAppListInterceptManager: shouldFilterTask
06-20 16:50:22.254  1703  3518 D OplusAppListInterceptManager: shouldFilterTask::packageName = com.xingin.xhs
06-20 16:50:22.254  1703  3518 D ActivityTaskManager: after skip size 2
06-20 16:50:22.556  1316  1316 W wificond: No handler for scan result notification from interface with index: 147
06-20 16:50:22.998  1703  1908 D OplusSmartBrightnessController: handleMessage MSG_LUX_CHANGED, mLux:597.5046 luxQueue=[661.0, 605.0, 590.0, 575.0, 577.0, 581.0, 589.0]
06-20 16:50:23.080  1316  1316 W wificond: No handler for scan result notification from interface with index: 147
06-20 16:50:23.603  1316  1316 W wificond: No handler for scan result notification from interface with index: 147
06-20 16:50:24.027  1703  1886 W ProcessStats: Tracking association SourceState{25d02a7 com.tencent.mm/10262 Service #4751226} whose proc state 8 is better than process ProcessState{a36f106 com.tencent.soter.soterserver/10359 pkg=com.tencent.soter.soterserver} proc state 14 (10 skipped)
06-20 16:50:24.106  1316  1316 W wificond: No handler for scan result notification from interface with index: 147
06-20 16:50:24.482  1703  2839 D OplusAlarmAdjustment: unalignAlarmsByUid(), uid=10256, pkgName=com.taobao.taobao, actions=null, procs=null, requester=1
06-20 16:50:24.483  1703  1907 D OplusAlarmAdjustMap: removeAlignUid, uid=10256, requester=1
06-20 16:50:24.598  1703  1908 D OplusSmartBrightnessController: handleMessage MSG_LUX_CHANGED, mLux:615.62555 luxQueue=[607.0, 618.0, 624.0, 613.0, 616.0]
06-20 16:50:24.670  1703  2064 D PowerManagerService: userActivityNoUpdateLocked: groupId=0, eventTime=2566349011, event=touch, flags=0x0, uid=1000
06-20 16:50:24.784  1316  1316 W wificond: No handler for scan result notification from interface with index: 147
06-20 16:50:24.887  1703  1859 D WifiDisplayController: Discover peers succeeded.  Requesting peers now.
06-20 16:50:24.888  1703  1859 W ContextImpl: Calling a method in the system process without a qualified user: android.app.ContextImpl.sendBroadcast:1247 com.android.server.display.OplusWifiDisplayUsageHelperExtImpl.sendWfdStateBroadcast:92 com.android.server.display.OplusWifiDisplayUsageHelperExtImpl.getDiscoverPeersState:180 com.android.server.display.WifiDisplayController$5.onSuccess:589 android.net.wifi.p2p.WifiP2pManager$Channel$P2pHandler.handleMessage:1391 
06-20 16:50:24.888  1703  1859 D OplusWifiDisplayUsageHelperExtImpl: getDiscoverPeersState
06-20 16:50:24.889  1703  1859 D WifiDisplayController: Received list of peers.
06-20 16:50:24.909  1703  2064 D PowerManagerService: userActivityNoUpdateLocked: groupId=0, eventTime=2566349254, event=touch, flags=0x0, uid=1000
06-20 16:50:25.012  1703  2064 D PowerManagerService: userActivityNoUpdateLocked: groupId=0, eventTime=2566349357, event=touch, flags=0x0, uid=1000
06-20 16:50:25.596  1703  1908 D OplusSmartBrightnessController: handleMessage MSG_LUX_CHANGED, mLux:653.28925 luxQueue=[638.0, 646.0, 702.0, 647.0, 631.0]
06-20 16:50:26.796  1703  1908 D OplusSmartBrightnessController: handleMessage MSG_LUX_CHANGED, mLux:617.0785 luxQueue=[653.0, 620.0, 606.0, 613.0, 610.0, 599.0]
06-20 16:50:26.801  1316  1316 W wificond: No handler for scan result notification from interface with index: 147
06-20 16:50:27.388  1316  1316 W wificond: No handler for scan result notification from interface with index: 147
06-20 16:50:27.999  1703  1908 D OplusSmartBrightnessController: handleMessage MSG_LUX_CHANGED, mLux:580.8775 luxQueue=[557.0, 574.0, 575.0, 584.0, 585.0, 609.0]
06-20 16:50:28.076  1316  1316 W wificond: No handler for scan result notification from interface with index: 147
06-20 16:50:28.295  1703  2064 D PowerManagerService: userActivityNoUpdateLocked: groupId=0, eventTime=2566352637, event=touch, flags=0x0, uid=1000
06-20 16:50:28.556  1316  1316 W wificond: No handler for scan result notification from interface with index: 147
06-20 16:50:28.743  1703  2064 D PowerManagerService: userActivityNoUpdateLocked: groupId=0, eventTime=2566353087, event=touch, flags=0x0, uid=1000
06-20 16:50:28.768  9195  9195 I Quality : Skipped: false 2 cost 45.26242 refreshRate 16858121 bit true processName com.ss.android.ugc.aweme
06-20 16:50:28.845  1703  2064 D PowerManagerService: userActivityNoUpdateLocked: groupId=0, eventTime=2566353190, event=touch, flags=0x0, uid=1000
06-20 16:50:28.948  1703  2064 D PowerManagerService: userActivityNoUpdateLocked: groupId=0, eventTime=2566353294, event=touch, flags=0x0, uid=1000
06-20 16:50:28.996  1703  1908 D OplusSmartBrightnessController: handleMessage MSG_LUX_CHANGED, mLux:602.8091 luxQueue=[606.0, 597.0, 602.0, 603.0, 606.0]
06-20 16:50:29.062  1703  2064 D PowerManagerService: userActivityNoUpdateLocked: groupId=0, eventTime=2566353408, event=touch, flags=0x0, uid=1000
06-20 16:50:29.104   658 16569 I keystore2: system/security/keystore2/src/watchdog.rs:319 - Watchdog thread idle -> terminating. Have a great day.
06-20 16:50:29.130  1316  1316 W wificond: No handler for scan result notification from interface with index: 147
06-20 16:50:29.685  1316  1316 W wificond: No handler for scan result notification from interface with index: 147
06-20 16:50:29.725  1703  2064 D PowerManagerService: userActivityNoUpdateLocked: groupId=0, eventTime=2566354070, event=touch, flags=0x0, uid=1000
06-20 16:50:29.839  1703  2064 D PowerManagerService: userActivityNoUpdateLocked: groupId=0, eventTime=2566354185, event=touch, flags=0x0, uid=1000
06-20 16:50:29.882  1703  1859 D WifiDisplayController: Discover peers succeeded.  Requesting peers now.
06-20 16:50:29.882  1703  1859 W ContextImpl: Calling a method in the system process without a qualified user: android.app.ContextImpl.sendBroadcast:1247 com.android.server.display.OplusWifiDisplayUsageHelperExtImpl.sendWfdStateBroadcast:92 com.android.server.display.OplusWifiDisplayUsageHelperExtImpl.getDiscoverPeersState:180 com.android.server.display.WifiDisplayController$5.onSuccess:589 android.net.wifi.p2p.WifiP2pManager$Channel$P2pHandler.handleMessage:1391 
06-20 16:50:29.883  1703  1859 D OplusWifiDisplayUsageHelperExtImpl: getDiscoverPeersState
06-20 16:50:29.883  1703  1859 D WifiDisplayController: Received list of peers.
06-20 16:50:29.943  1703  2064 D PowerManagerService: userActivityNoUpdateLocked: groupId=0, eventTime=2566354288, event=touch, flags=0x0, uid=1000
06-20 16:50:30.109  1703  2064 D PowerManagerService: userActivityNoUpdateLocked: groupId=0, eventTime=2566354455, event=touch, flags=0x0, uid=1000
06-20 16:50:30.212  1703  2064 D PowerManagerService: userActivityNoUpdateLocked: groupId=0, eventTime=2566354557, event=touch, flags=0x0, uid=1000
06-20 16:50:31.596  1703  1908 D OplusSmartBrightnessController: handleMessage MSG_LUX_CHANGED, mLux:606.6025 luxQueue=[604.0, 605.0, 608.0, 608.0, 608.0]
06-20 16:50:31.725  1316  1316 W wificond: No handler for scan result notification from interface with index: 147
06-20 16:50:32.212  1316  1316 W wificond: No handler for scan result notification from interface with index: 147
06-20 16:50:32.359  1703  2031 E AppOps  : attributionTag  not declared in manifest of com.oplus.healthservice
06-20 16:50:32.368  1703  2031 E AppOps  : attributionTag  not declared in manifest of com.oplus.healthservice
06-20 16:50:32.797  1703  1908 D OplusSmartBrightnessController: handleMessage MSG_LUX_CHANGED, mLux:599.8582 luxQueue=[606.0, 606.0, 600.0, 601.0, 595.0, 591.0]
06-20 16:50:32.826  1316  1316 W wificond: No handler for scan result notification from interface with index: 147
06-20 16:50:33.190  1703  3518 D CommSceneService: my telephony callback proxy invoke method=onTelephonyEventReport
06-20 16:50:33.192  2789 12699 D TelephonyManagerProxy: onTelephonyEventReport,cb list: 3
06-20 16:50:33.192  2789 12699 D TelephonyManagerProxy: onTelephonyEventReport,cb: l8.a$a@33e83b
06-20 16:50:33.192  2789 12699 D TelephonyManagerProxy: onTelephonyEventReport,cb: d8.d$a@f11ad96
06-20 16:50:33.192  2789 12699 D TelephonyManagerProxy: onTelephonyEventReport,cb: d8.d$a@56ecd17
06-20 16:50:33.540  1316  1316 W wificond: No handler for scan result notification from interface with index: 147
06-20 16:50:33.920  1703  2064 D PowerManagerService: userActivityNoUpdateLocked: groupId=0, eventTime=2566358262, event=touch, flags=0x0, uid=1000
06-20 16:50:34.019  1703  2064 D PowerManagerService: userActivityNoUpdateLocked: groupId=0, eventTime=2566358365, event=touch, flags=0x0, uid=1000
06-20 16:50:34.110  1316  1316 W wificond: No handler for scan result notification from interface with index: 147
06-20 16:50:34.123  1703  2064 D PowerManagerService: userActivityNoUpdateLocked: groupId=0, eventTime=2566358469, event=touch, flags=0x0, uid=1000
06-20 16:50:34.196  1703  1908 D OplusSmartBrightnessController: handleMessage MSG_LUX_CHANGED, mLux:572.73444 luxQueue=[576.0, 572.0, 564.0, 568.0, 574.0, 576.0, 579.0]
06-20 16:50:34.227  1703  2064 D PowerManagerService: userActivityNoUpdateLocked: groupId=0, eventTime=2566358572, event=touch, flags=0x0, uid=1000
06-20 16:50:34.346  1703  2064 D PowerManagerService: userActivityNoUpdateLocked: groupId=0, eventTime=2566358692, event=touch, flags=0x0, uid=1000
06-20 16:50:34.486  1703  2839 D OplusAlarmAdjustment: alignAlarmsByUid(), uid=10256, pkgName=com.taobao.taobao, actions=null, procs=null, requester=1
06-20 16:50:34.486  1703  1907 D OplusAlarmAdjustMap: addAlignUid, uid=10256, pkgName=com.taobao.taobao, requester=1, mode=1
06-20 16:50:34.577  1703  2064 D PowerManagerService: userActivityNoUpdateLocked: groupId=0, eventTime=2566358922, event=touch, flags=0x0, uid=1000
06-20 16:50:34.679  1703  2064 D PowerManagerService: userActivityNoUpdateLocked: groupId=0, eventTime=2566359024, event=touch, flags=0x0, uid=1000
06-20 16:50:34.685  1316  1316 W wificond: No handler for scan result notification from interface with index: 147
06-20 16:50:34.882  1703  1859 D WifiDisplayController: Discover peers succeeded.  Requesting peers now.
06-20 16:50:34.882  1703  1859 W ContextImpl: Calling a method in the system process without a qualified user: android.app.ContextImpl.sendBroadcast:1247 com.android.server.display.OplusWifiDisplayUsageHelperExtImpl.sendWfdStateBroadcast:92 com.android.server.display.OplusWifiDisplayUsageHelperExtImpl.getDiscoverPeersState:180 com.android.server.display.WifiDisplayController$5.onSuccess:589 android.net.wifi.p2p.WifiP2pManager$Channel$P2pHandler.handleMessage:1391 
06-20 16:50:34.883  1703  1859 D OplusWifiDisplayUsageHelperExtImpl: getDiscoverPeersState
06-20 16:50:34.883  1703  1859 D WifiDisplayController: Received list of peers.
06-20 16:50:34.996  1703  1908 D OplusSmartBrightnessController: handleMessage MSG_LUX_CHANGED, mLux:594.8565 luxQueue=[598.0, 606.0, 599.0, 576.0]
06-20 16:50:35.039  1703  2064 D PowerManagerService: userActivityNoUpdateLocked: groupId=0, eventTime=2566359384, event=touch, flags=0x0, uid=1000
06-20 16:50:35.142  1703  2064 D PowerManagerService: userActivityNoUpdateLocked: groupId=0, eventTime=2566359488, event=touch, flags=0x0, uid=1000
06-20 16:50:35.245  1703  2064 D PowerManagerService: userActivityNoUpdateLocked: groupId=0, eventTime=2566359591, event=touch, flags=0x0, uid=1000
06-20 16:50:35.348  1703  2064 D PowerManagerService: userActivityNoUpdateLocked: groupId=0, eventTime=2566359693, event=touch, flags=0x0, uid=1000
06-20 16:50:35.506  1703  2064 D PowerManagerService: userActivityNoUpdateLocked: groupId=0, eventTime=2566359850, event=touch, flags=0x0, uid=1000
06-20 16:50:35.609  1703  2064 D PowerManagerService: userActivityNoUpdateLocked: groupId=0, eventTime=2566359954, event=touch, flags=0x0, uid=1000
06-20 16:50:35.711  1703  2064 D PowerManagerService: userActivityNoUpdateLocked: groupId=0, eventTime=2566360057, event=touch, flags=0x0, uid=1000
06-20 16:50:35.937  1703  2064 D PowerManagerService: userActivityNoUpdateLocked: groupId=0, eventTime=2566360282, event=touch, flags=0x0, uid=1000
06-20 16:50:36.044  1703  2064 D PowerManagerService: userActivityNoUpdateLocked: groupId=0, eventTime=2566360390, event=touch, flags=0x0, uid=1000
06-20 16:50:36.063  1703  1886 W ProcessStats: Tracking association SourceState{25d02a7 com.tencent.mm/10262 Service #4751229} whose proc state 8 is better than process ProcessState{a36f106 com.tencent.soter.soterserver/10359 pkg=com.tencent.soter.soterserver} proc state 14 (6 skipped)
06-20 16:50:36.163  1703  2064 D PowerManagerService: userActivityNoUpdateLocked: groupId=0, eventTime=2566360509, event=touch, flags=0x0, uid=1000
06-20 16:50:36.196  1703  1908 D OplusSmartBrightnessController: handleMessage MSG_LUX_CHANGED, mLux:572.8355 luxQueue=[575.0, 572.0, 575.0, 572.0, 571.0, 572.0]
06-20 16:50:36.424  1703  2064 D PowerManagerService: userActivityNoUpdateLocked: groupId=0, eventTime=2566360768, event=touch, flags=0x0, uid=1000
06-20 16:50:36.537  1703  2064 D PowerManagerService: userActivityNoUpdateLocked: groupId=0, eventTime=2566360882, event=touch, flags=0x0, uid=1000
06-20 16:50:36.640  1703  2064 D PowerManagerService: userActivityNoUpdateLocked: groupId=0, eventTime=2566360985, event=touch, flags=0x0, uid=1000
06-20 16:50:36.837  1316  1316 W wificond: No handler for scan result notification from interface with index: 147
06-20 16:50:36.899  1703  2064 D PowerManagerService: userActivityNoUpdateLocked: groupId=0, eventTime=2566361243, event=touch, flags=0x0, uid=1000
06-20 16:50:37.001  1703  2064 D PowerManagerService: userActivityNoUpdateLocked: groupId=0, eventTime=2566361346, event=touch, flags=0x0, uid=1000
06-20 16:50:37.104  1703  2064 D PowerManagerService: userActivityNoUpdateLocked: groupId=0, eventTime=2566361449, event=touch, flags=0x0, uid=1000
06-20 16:50:37.207  1703  2064 D PowerManagerService: userActivityNoUpdateLocked: groupId=0, eventTime=2566361552, event=touch, flags=0x0, uid=1000
06-20 16:50:37.424  1316  1316 W wificond: No handler for scan result notification from interface with index: 147
06-20 16:50:37.988  1316  1316 W wificond: No handler for scan result notification from interface with index: 147
06-20 16:50:38.196  1703  1908 D OplusSmartBrightnessController: handleMessage MSG_LUX_CHANGED, mLux:564.0304 luxQueue=[572.0, 569.0, 569.0, 564.0, 561.0, 555.0, 558.0]
06-20 16:50:38.492  1316  1316 W wificond: No handler for scan result notification from interface with index: 147
06-20 16:50:39.154  1316  1316 W wificond: No handler for scan result notification from interface with index: 147
06-20 16:50:39.398  1703  1908 D OplusSmartBrightnessController: handleMessage MSG_LUX_CHANGED, mLux:662.86633 luxQueue=[592.0, 606.0, 663.0, 719.0, 723.0]
06-20 16:50:39.455  1703  2064 D PowerManagerService: userActivityNoUpdateLocked: groupId=0, eventTime=2566363797, event=touch, flags=0x0, uid=1000
06-20 16:50:39.554  1703  2064 D PowerManagerService: userActivityNoUpdateLocked: groupId=0, eventTime=2566363899, event=touch, flags=0x0, uid=1000
06-20 16:50:39.701  1703  2064 D PowerManagerService: userActivityNoUpdateLocked: groupId=0, eventTime=2566364046, event=touch, flags=0x0, uid=1000
06-20 16:50:39.753  1316  1316 W wificond: No handler for scan result notification from interface with index: 147
06-20 16:50:39.884  1703  1859 D WifiDisplayController: Discover peers succeeded.  Requesting peers now.
06-20 16:50:39.885  1703  1859 W ContextImpl: Calling a method in the system process without a qualified user: android.app.ContextImpl.sendBroadcast:1247 com.android.server.display.OplusWifiDisplayUsageHelperExtImpl.sendWfdStateBroadcast:92 com.android.server.display.OplusWifiDisplayUsageHelperExtImpl.getDiscoverPeersState:180 com.android.server.display.WifiDisplayController$5.onSuccess:589 android.net.wifi.p2p.WifiP2pManager$Channel$P2pHandler.handleMessage:1391 
06-20 16:50:39.885  1703  1859 D OplusWifiDisplayUsageHelperExtImpl: getDiscoverPeersState
06-20 16:50:39.886  1703  1859 D WifiDisplayController: Received list of peers.
06-20 16:50:39.955  1703  2064 D PowerManagerService: userActivityNoUpdateLocked: groupId=0, eventTime=2566364299, event=touch, flags=0x0, uid=1000
06-20 16:50:40.056  1703  2064 D PowerManagerService: userActivityNoUpdateLocked: groupId=0, eventTime=2566364401, event=touch, flags=0x0, uid=1000
06-20 16:50:40.158  1703  2064 D PowerManagerService: userActivityNoUpdateLocked: groupId=0, eventTime=2566364504, event=touch, flags=0x0, uid=1000
06-20 16:50:40.850  1703  2064 D PowerManagerService: userActivityNoUpdateLocked: groupId=0, eventTime=2566365194, event=touch, flags=0x0, uid=1000
06-20 16:50:40.957  1703  2064 D PowerManagerService: userActivityNoUpdateLocked: groupId=0, eventTime=2566365302, event=touch, flags=0x0, uid=1000
06-20 16:50:40.996  1703  1908 D OplusSmartBrightnessController: handleMessage MSG_LUX_CHANGED, mLux:717.30597 luxQueue=[694.0, 691.0, 725.0, 731.0, 744.0]
06-20 16:50:41.065  1703  2064 D PowerManagerService: userActivityNoUpdateLocked: groupId=0, eventTime=2566365409, event=touch, flags=0x0, uid=1000
06-20 16:50:41.308  1703  2064 D PowerManagerService: userActivityNoUpdateLocked: groupId=0, eventTime=2566365652, event=touch, flags=0x0, uid=1000
06-20 16:50:41.455  1703  2064 D PowerManagerService: userActivityNoUpdateLocked: groupId=0, eventTime=2566365799, event=touch, flags=0x0, uid=1000
06-20 16:50:41.556  1703  2064 D PowerManagerService: userActivityNoUpdateLocked: groupId=0, eventTime=2566365901, event=touch, flags=0x0, uid=1000
06-20 16:50:41.724  1316  1316 W wificond: No handler for scan result notification from interface with index: 147
06-20 16:50:41.767  1703  2064 D PowerManagerService: userActivityNoUpdateLocked: groupId=0, eventTime=2566366109, event=touch, flags=0x0, uid=1000
06-20 16:50:41.867  1703  2064 D PowerManagerService: userActivityNoUpdateLocked: groupId=0, eventTime=2566366212, event=touch, flags=0x0, uid=1000
06-20 16:50:41.970  1703  2064 D PowerManagerService: userActivityNoUpdateLocked: groupId=0, eventTime=2566366316, event=touch, flags=0x0, uid=1000
06-20 16:50:42.092  1703  2064 D PowerManagerService: userActivityNoUpdateLocked: groupId=0, eventTime=2566366437, event=touch, flags=0x0, uid=1000
06-20 16:50:42.230  1703  2064 D PowerManagerService: userActivityNoUpdateLocked: groupId=0, eventTime=2566366575, event=touch, flags=0x0, uid=1000
06-20 16:50:42.324  1316  1316 W wificond: No handler for scan result notification from interface with index: 147
06-20 16:50:42.344  1703  2064 D PowerManagerService: userActivityNoUpdateLocked: groupId=0, eventTime=2566366690, event=touch, flags=0x0, uid=1000
06-20 16:50:42.454  1703  2064 D PowerManagerService: userActivityNoUpdateLocked: groupId=0, eventTime=2566366799, event=touch, flags=0x0, uid=1000
06-20 16:50:42.568  1703  2064 D PowerManagerService: userActivityNoUpdateLocked: groupId=0, eventTime=2566366913, event=touch, flags=0x0, uid=1000
06-20 16:50:42.889  1316  1316 W wificond: No handler for scan result notification from interface with index: 147
06-20 16:50:42.996  1703  1908 D OplusSmartBrightnessController: handleMessage MSG_LUX_CHANGED, mLux:662.7262 luxQueue=[713.0, 641.0, 650.0, 649.0, 649.0, 651.0, 683.0]
06-20 16:50:43.238  1703  2064 D PowerManagerService: userActivityNoUpdateLocked: groupId=0, eventTime=2566367583, event=touch, flags=0x0, uid=1000
06-20 16:50:43.495  1703  5733 D WindowManagerServiceExtImpl: extractConfigInfoAndRealFlags rotation=0, screenDp=360, win=Window{c1c4e1c u0 com.ss.android.ugc.aweme/com.ss.android.ugc.aweme.splash.SplashActivity}
06-20 16:50:43.495  1703  5733 V WindowManager: Relayout Window{c1c4e1c u0 com.ss.android.ugc.aweme/com.ss.android.ugc.aweme.splash.SplashActivity}: viewVisibility=0, oldvis=0, req=1080x2408, vsysui=LAYOUT_STABLE LAYOUT_FULLSCREEN
06-20 16:50:43.495  1703  5733 D OplusFullScreenDisplayManager: adjustInsetsStateForWin: com.ss.android.ugc.aweme, setting cutoutMode: oplus always
06-20 16:50:43.495  9195  9195 D VRI[SplashActivity]: relayoutWindow result, sizeChanged:false, surfaceControlChanged:false, transformHintChanged:false, mSurfaceSize:Point(1080, 2408), mLastSurfaceSize:Point(1080, 2408), mWidth:1080, mHeight:2408, requestedWidth:1080, requestedHeight:2408, transformHint:0, lastTransformHint:0, installOrientation:0, displayRotation:0, isSurfaceValid:true, attr.flag:-2122251904, useBlast:true, tmpFrames:ClientWindowFrames{frame=[0,0][1080,2408] display=[0,0][1080,2408] parentFrame=[0,0][1080,2408]}, params:{(0,0)(fillxfill) sim={state=hidden adjust=resize} ty=BASE_APPLICATION fmt=TRANSLUCENT wanim=0x1030000
06-20 16:50:43.495  9195  9195 D VRI[SplashActivity]:   fl=KEEP_SCREEN_ON LAYOUT_IN_SCREEN LAYOUT_INSET_DECOR SPLIT_TOUCH HARDWARE_ACCELERATED DRAWS_SYSTEM_BAR_BACKGROUNDS
06-20 16:50:43.495  9195  9195 D VRI[SplashActivity]:   pfl=NO_MOVE_ANIMATION FORCE_DRAW_STATUS_BAR_BACKGROUND USE_BLAST FIT_INSETS_CONTROLLED
06-20 16:50:43.495  9195  9195 D VRI[SplashActivity]:   vsysui=LAYOUT_STABLE LAYOUT_FULLSCREEN
06-20 16:50:43.495  9195  9195 D VRI[SplashActivity]:   bhv=DEFAULT
06-20 16:50:43.495  9195  9195 D VRI[SplashActivity]:   fitSides= CLP[ ]}
06-20 16:50:43.495  9195  9195 W VRI[SplashActivity]: updateBlastSurfaceIfNeeded, surfaceSize:Point(1080, 2408), lastSurfaceSize:Point(1080, 2408), format:-3, blastBufferQueue:android.graphics.BLASTBufferQueue@3decee7
06-20 16:50:43.496  1703  5733 D OplusFullScreenDisplayManager: adjustInsetsStateForWin: com.ss.android.ugc.aweme, setting cutoutMode: oplus always
06-20 16:50:43.496  1703  5733 D OplusFullScreenDisplayManager: adjustInsetsStateForWin: com.ss.android.ugc.aweme, setting cutoutMode: oplus always
06-20 16:50:43.497  1703  5733 I TaskOrganizerController: onTaskInfoChanged taskid 10580 config { mBounds=Rect(0, 0 - 1080, 2408) mAppBounds=Rect(0, 96 - 1080, 2276) mMaxBounds=Rect(0, 0 - 1080, 2408) mDisplayRotation=ROTATION_0 mWindowingMode=fullscreen mDisplayWindowingMode=fullscreen mActivityType=standard mAlwaysOnTop=undefined mRotation=ROTATION_0}
06-20 16:50:43.497  1703  5733 D FlexibleWindowManager: onFlexibleWindowTaskInfoChanged: mTaskId = 10580 oldIsTaskEmbedded = false   curIsTaskEmbedded = false  topActivity = ComponentInfo{com.ss.android.ugc.aweme/com.ss.android.ugc.aweme.main.MainActivity}
06-20 16:50:43.497  1703  5733 D OplusFlexibleWindowMinimizedManagerHelper: onTaskInfoChanged taskInfo:TaskInfo{userId=0 taskId=10580 displayId=0 isRunning=true baseIntent=Intent { act=android.intent.action.MAIN cat=[android.intent.category.LAUNCHER] flg=0x10200000 cmp=com.ss.android.ugc.aweme/.splash.SplashActivity mCallingUid=10168 } baseActivity=ComponentInfo{com.ss.android.ugc.aweme/com.ss.android.ugc.aweme.main.MainActivity} topActivity=ComponentInfo{com.ss.android.ugc.aweme/com.ss.android.ugc.aweme.main.MainActivity} origActivity=ComponentInfo{com.ss.android.ugc.aweme/com.ss.android.ugc.aweme.splash.SplashActivity} realActivity=ComponentInfo{com.ss.android.ugc.aweme/com.ss.android.ugc.aweme.main.MainActivity} numActivities=1 lastActiveTime=3352553362 supportsSplitScreenMultiWindow=true supportsMultiWindow=true supportsPocketStudioMultiWindow=true isInFlexibleEmbedded = false uid = 10356 pid = 9195 resizeMode=2 isResizeable=true minWidth=-1 minHeight=-1 defaultMinSize=220 token=WCT{RemoteToken{63a0f72 Task{2acb310 #10580 type=standard A=10356:com.ss.android.ugc.aweme}}} topActivityType=1 pictureInPictureParams=null shouldDockBigOverlays=false launchIntoPipHostTaskId=-1 lastParentTaskIdBeforePip=-1 displayCutoutSafeInsets=Rect(0, 96 - 0, 0) topActivityInfo=ActivityInfo{adc6337 com.ss.android.ugc.aweme.splash.SplashActivity} launchCookies=[] positionInParent=Point(0, 0) parentTaskId=-1 isFocused=true isVisible=true isVisibleRequested=true isSleeping=false topActivityInSizeCompat=false topActivityInOplusCompatMode=false topActivityEligibleForLetterboxEducation= false topActivityLetterboxed= false isFromDoubleTap= false topActivityLetterboxVerticalPosition= -1 topActivityLetterboxHorizontalPosition= -1 topActivityLetterboxWidth=-1 topActivityLetterboxHeight=-1 locusId=null displayAreaFeatureId=1 cameraCompatControlState=hidden locusId= null topActivityLetterboxInsets=Rect(0, 0 - 0, 0)} task:Task{2acb310 #10580 type=standard A=10356:com.ss.android.ugc.aweme}
06-20 16:50:43.498  2365  2584 D ShellTaskOrganizer: dispatchTaskEventToClientIfNeed, eventType:2, taskInfo:TaskInfo{userId=0 taskId=10580 displayId=0 isRunning=true baseIntent=Intent { act=android.intent.action.MAIN cat=[android.intent.category.LAUNCHER] flg=0x10200000 cmp=com.ss.android.ugc.aweme/.splash.SplashActivity mCallingUid=10168 } baseActivity=ComponentInfo{com.ss.android.ugc.aweme/com.ss.android.ugc.aweme.main.MainActivity} topActivity=ComponentInfo{com.ss.android.ugc.aweme/com.ss.android.ugc.aweme.main.MainActivity} origActivity=ComponentInfo{com.ss.android.ugc.aweme/com.ss.android.ugc.aweme.splash.SplashActivity} realActivity=ComponentInfo{com.ss.android.ugc.aweme/com.ss.android.ugc.aweme.main.MainActivity} numActivities=1 lastActiveTime=3352553362 supportsSplitScreenMultiWindow=true supportsMultiWindow=true supportsPocketStudioMultiWindow=true isInFlexibleEmbedded = false uid = 10356 pid = 9195 resizeMode=2 isResizeable=true minWidth=-1 minHeight=-1 defaultMinSize=220 token=WCT{android.window.IWindowContainerToken$Stub$Proxy@127c8ea} topActivityType=1 pictureInPictureParams=null shouldDockBigOverlays=false launchIntoPipHostTaskId=-1 lastParentTaskIdBeforePip=-1 displayCutoutSafeInsets=Rect(0, 96 - 0, 0) topActivityInfo=ActivityInfo{c2407db com.ss.android.ugc.aweme.splash.SplashActivity} launchCookies=[] positionInParent=Point(0, 0) parentTaskId=-1 isFocused=true isVisible=true isVisibleRequested=true isSleeping=false topActivityInSizeCompat=false topActivityInOplusCompatMode=false topActivityEligibleForLetterboxEducation= false topActivityLetterboxed= false isFromDoubleTap= false topActivityLetterboxVerticalPosition= -1 topActivityLetterboxHorizontalPosition= -1 topActivityLetterboxWidth=-1 topActivityLetterboxHeight=-1 locusId=null displayAreaFeatureId=1 cameraCompatControlState=hidden locusId= null topActivityLetterboxInsets=Rect(0, 0 - 0, 0)}, leash:null
06-20 16:50:43.606  1316  1316 W wificond: No handler for scan result notification from interface with index: 147
06-20 16:50:43.796  1703  1908 D OplusSmartBrightnessController: handleMessage MSG_LUX_CHANGED, mLux:698.5768 luxQueue=[699.0, 714.0, 696.0, 685.0]
06-20 16:50:43.812  1703  2064 D PowerManagerService: userActivityNoUpdateLocked: groupId=0, eventTime=2566368157, event=touch, flags=0x0, uid=1000
06-20 16:50:44.232  1316  1316 W wificond: No handler for scan result notification from interface with index: 147
06-20 16:50:44.265  9195  9195 I Quality : Skipped: false 2 cost 50.11438 refreshRate 16857579 bit true processName com.ss.android.ugc.aweme
06-20 16:50:44.274  1703  6338 D OplusStartingWindowManager: updateRecordSurfaceViewState windowToken=android.os.BinderProxy@9922b8f, hasSurfaceView=true, win=Window{c1c4e1c u0 com.ss.android.ugc.aweme/com.ss.android.ugc.aweme.splash.SplashActivity}
06-20 16:50:44.316  9195  9195 I Quality : Skipped: false 3 cost 51.13154 refreshRate 16857584 bit true processName com.ss.android.ugc.aweme
06-20 16:50:44.419  1703  2064 D PowerManagerService: userActivityNoUpdateLocked: groupId=0, eventTime=2566368764, event=touch, flags=0x0, uid=1000
06-20 16:50:44.525  1703  6315 D OplusStartingWindowManager: updateRecordSurfaceViewState windowToken=android.os.BinderProxy@9922b8f, hasSurfaceView=true, win=Window{c1c4e1c u0 com.ss.android.ugc.aweme/com.ss.android.ugc.aweme.splash.SplashActivity}
06-20 16:50:44.542  9195  9195 I Quality : Skipped: false 1 cost 23.73536 refreshRate 16857844 bit true processName com.ss.android.ugc.aweme
06-20 16:50:44.806  1316  1316 W wificond: No handler for scan result notification from interface with index: 147
06-20 16:50:44.855  1703  5808 D OplusStartingWindowManager: updateRecordSurfaceViewState windowToken=android.os.BinderProxy@9922b8f, hasSurfaceView=true, win=Window{c1c4e1c u0 com.ss.android.ugc.aweme/com.ss.android.ugc.aweme.splash.SplashActivity}
06-20 16:50:44.866  9195  9195 I Quality : Skipped: false 1 cost 27.6915 refreshRate 16857923 bit true processName com.ss.android.ugc.aweme
06-20 16:50:44.886  1703  1859 D WifiDisplayController: Discover peers succeeded.  Requesting peers now.
06-20 16:50:44.887  1703  1859 W ContextImpl: Calling a method in the system process without a qualified user: android.app.ContextImpl.sendBroadcast:1247 com.android.server.display.OplusWifiDisplayUsageHelperExtImpl.sendWfdStateBroadcast:92 com.android.server.display.OplusWifiDisplayUsageHelperExtImpl.getDiscoverPeersState:180 com.android.server.display.WifiDisplayController$5.onSuccess:589 android.net.wifi.p2p.WifiP2pManager$Channel$P2pHandler.handleMessage:1391 
06-20 16:50:44.888  1703  1859 D OplusWifiDisplayUsageHelperExtImpl: getDiscoverPeersState
06-20 16:50:44.894  1703  1859 D WifiDisplayController: Received list of peers.
06-20 16:50:44.971  1703  2064 D PowerManagerService: userActivityNoUpdateLocked: groupId=0, eventTime=2566369315, event=touch, flags=0x0, uid=1000
06-20 16:50:44.997  1703  1908 D OplusSmartBrightnessController: handleMessage MSG_LUX_CHANGED, mLux:673.0322 luxQueue=[660.0, 670.0, 674.0, 679.0, 679.0, 676.0]
06-20 16:50:45.085  9195  9195 I Quality : Skipped: false 1 cost 27.05912 refreshRate 16857836 bit true processName com.ss.android.ugc.aweme
06-20 16:50:45.193   658 16637 I keystore2: system/security/keystore2/src/watchdog.rs:319 - Watchdog thread idle -> terminating. Have a great day.
06-20 16:50:45.395  1703  3517 D OplusStartingWindowManager: updateRecordSurfaceViewState windowToken=android.os.BinderProxy@9922b8f, hasSurfaceView=true, win=Window{c1c4e1c u0 com.ss.android.ugc.aweme/com.ss.android.ugc.aweme.splash.SplashActivity}
06-20 16:50:45.683  2789  3038 V MonthTrafficAlert: getWarningNotification subId:1 numWarningNotificaion:0
06-20 16:50:45.683  2789  3038 V TrafficAlert: getLimitNotification subId:1 ,numLimitNotificaion:0
06-20 16:50:46.717  1703  3517 E AppOps  : Operation not started: uid=10074 pkg=com.oplus.ovoicemanager.wakeup(null) op=RECORD_AUDIO
06-20 16:50:46.772  1316  1316 W wificond: No handler for scan result notification from interface with index: 147
06-20 16:50:47.380  1316  1316 W wificond: No handler for scan result notification from interface with index: 147
06-20 16:50:47.798  1703  1908 D OplusSmartBrightnessController: handleMessage MSG_LUX_CHANGED, mLux:668.7524 luxQueue=[672.0, 671.0, 669.0, 668.0, 668.0, 668.0, 666.0, 668.0]
06-20 16:50:47.889  1316  1316 W wificond: No handler for scan result notification from interface with index: 147
06-20 16:50:48.514  1316  1316 W wificond: No handler for scan result notification from interface with index: 147
06-20 16:50:48.551  1703  5808 D CommSceneService: my telephony callback proxy invoke method=onTelephonyEventReport
06-20 16:50:48.552  2789 12172 D TelephonyManagerProxy: onTelephonyEventReport,cb list: 3
06-20 16:50:48.552  2789 12172 D TelephonyManagerProxy: onTelephonyEventReport,cb: l8.a$a@33e83b
06-20 16:50:48.552  2789 12172 D TelephonyManagerProxy: onTelephonyEventReport,cb: d8.d$a@f11ad96
06-20 16:50:48.552  2789 12172 D TelephonyManagerProxy: onTelephonyEventReport,cb: d8.d$a@56ecd17
06-20 16:50:48.984  1316  1316 W wificond: No handler for scan result notification from interface with index: 147
06-20 16:50:48.998  1703  1908 D OplusSmartBrightnessController: handleMessage MSG_LUX_CHANGED, mLux:665.16754 luxQueue=[666.0, 664.0, 664.0, 665.0, 665.0, 667.0]
06-20 16:50:49.037  1703  2064 D PowerManagerService: userActivityNoUpdateLocked: groupId=0, eventTime=2566373378, event=touch, flags=0x0, uid=1000
06-20 16:50:49.104  9195  9195 I Quality : Skipped: false 1 cost 17.59846 refreshRate 16858158 bit true processName com.ss.android.ugc.aweme
06-20 16:50:49.140  9195  9195 I Quality : Skipped: false 1 cost 19.755545 refreshRate 16857963 bit true processName com.ss.android.ugc.aweme
06-20 16:50:49.476  9195  9195 I Quality : Skipped: false 1 cost 18.631756 refreshRate 16857473 bit true processName com.ss.android.ugc.aweme
06-20 16:50:49.492  1703  3517 D OplusStartingWindowManager: updateRecordSurfaceViewState windowToken=android.os.BinderProxy@9922b8f, hasSurfaceView=true, win=Window{c1c4e1c u0 com.ss.android.ugc.aweme/com.ss.android.ugc.aweme.splash.SplashActivity}
06-20 16:50:49.519  9195  9195 I Quality : Skipped: false 1 cost 28.26032 refreshRate 16857468 bit true processName com.ss.android.ugc.aweme
06-20 16:50:49.560  1316  1316 W wificond: No handler for scan result notification from interface with index: 147
06-20 16:50:49.576  1703  3517 D CommSceneService: my telephony callback proxy invoke method=onTelephonyEventReport
06-20 16:50:49.578  2789 12172 D TelephonyManagerProxy: onTelephonyEventReport,cb list: 3
06-20 16:50:49.578  2789 12172 D TelephonyManagerProxy: onTelephonyEventReport,cb: l8.a$a@33e83b
06-20 16:50:49.578  2789 12172 D TelephonyManagerProxy: onTelephonyEventReport,cb: d8.d$a@f11ad96
06-20 16:50:49.578  2789 12172 D TelephonyManagerProxy: onTelephonyEventReport,cb: d8.d$a@56ecd17
06-20 16:50:49.749  1703  3517 W SettingsStatsUtil: Can not parse value to float: gps,network
06-20 16:50:49.752  1703  3517 W SettingsStatsUtil: Can not parse value to float: gps,network
06-20 16:50:49.755  1703  3517 W SettingsStatsUtil: Can not parse value to float: gps,network
06-20 16:50:49.886  1703  1859 D WifiDisplayController: Discover peers succeeded.  Requesting peers now.
