06-20 16:49:04.863  1703  1859 W ContextImpl: Calling a method in the system process without a qualified user: android.app.ContextImpl.sendBroadcast:1247 com.android.server.display.OplusWifiDisplayUsageHelperExtImpl.sendWfdStateBroadcast:92 com.android.server.display.OplusWifiDisplayUsageHelperExtImpl.getDiscoverPeersState:180 com.android.server.display.WifiDisplayController$5.onSuccess:589 android.net.wifi.p2p.WifiP2pManager$Channel$P2pHandler.handleMessage:1391 
06-20 16:49:04.864  1703  1859 D OplusWifiDisplayUsageHelperExtImpl: getDiscoverPeersState
06-20 16:49:04.864  1703  1859 D WifiDisplayController: Received list of peers.
06-20 16:49:05.994  1703  2674 D OplusProxyWakeLock: add uid: 10022 wakelock: lock:117675437 PARTIAL_WAKE_LOCK              'Mars:' DISABLED (uid=10022 pid=13446)to FroceReleaseWakeLock list
06-20 16:49:05.995  1703  2674 D DisplayManagerServiceExtImpl: request size(1,1),dpc=com.android.server.display.DisplayPowerController@8c64ad7 size(0,1),flags=0X200F,id(0,0,local:4627039422300187648),enable=true,ready=false,waitForNegativeProximity=true policy=BRIGHT,useProximitySensor=false,dozeState=UNKNOWN,screenBrightnessOverride=-1.000000,useAuto=false,lowPower=false,lowPowerFactor=1.000000
06-20 16:49:05.995  1703  1906 D DpcExtImpl[0]: RECORD:onUpdatePowerState policy:3 state:2 brightness:742
06-20 16:49:05.996  1703  1906 D DisplayManagerServiceExtImpl: request size(1,1),dpc=com.android.server.display.DisplayPowerController@8c64ad7 size(0,1),flags=0X200F,id(0,0,local:4627039422300187648),enable=true,ready=true,waitForNegativeProximity=false policy=BRIGHT,useProximitySensor=false,dozeState=UNKNOWN,screenBrightnessOverride=-1.000000,useAuto=false,lowPower=false,lowPowerFactor=1.000000
06-20 16:49:05.996  1703  2839 D OplusAlarmAdjustment: alignAlarmsByUid(), uid=10022, pkgName=com.xingin.xhs, actions=null, procs=null, requester=1
06-20 16:49:05.996  1703  1907 D OplusAlarmAdjustMap: addAlignUid, uid=10022, pkgName=com.xingin.xhs, requester=1, mode=1
06-20 16:49:06.003  1703  2254 D OAppNetControlService: Close socket:[10022] cause:App bg(IMMEDIATELY) success!
06-20 16:49:06.003  1703  2254 D OAppNetControlService: Hans update:[10022=true][0|0] blackList:[10195, 10260, 99910190, 10227, 10190, 10565, 10303, 10022]
06-20 16:49:06.048  1703  1703 D OplusFeatureEdrEnhanceBrightness: onReceive battery level=22 last=21
06-20 16:49:06.049  1703  2074 I OplusStorageManagerFeature: TmemoryBetterySwitch: level=22 state=1
06-20 16:49:06.049  1703  2074 I OplusStorageManagerFeature: TmemoryBetterySwitch: action=0 state=1
06-20 16:49:06.049  1703  1703 D JobScheduler.BattIdle: mPowerIncrease set true.
06-20 16:49:06.069  1703  6338 W SettingsStatsUtil: Can not parse value to float: gps,network
06-20 16:49:06.072  1703  6338 W SettingsStatsUtil: Can not parse value to float: gps,network
06-20 16:49:06.073  1703  1886 W ProcessStats: Tracking association SourceState{465d5c2 com.google.android.gms.persistent/10190 BFgs #4751168} whose proc state 4 is better than process ProcessState{551ab35 com.google.android.gms/10190 pkg=com.google.android.gms} proc state 14 (138 skipped)
06-20 16:49:06.075  1703  6338 W SettingsStatsUtil: Can not parse value to float: gps,network
06-20 16:49:06.751  1316  1316 W wificond: No handler for scan result notification from interface with index: 147
06-20 16:49:07.316  1316  1316 W wificond: No handler for scan result notification from interface with index: 147
06-20 16:49:07.621  1703  3517 E OplusAthenaAm: AthenaAmManagerInternal transact code hello:12,flags:0
06-20 16:49:07.980  1316  1316 W wificond: No handler for scan result notification from interface with index: 147
06-20 16:49:08.196  1703  1908 D OplusSmartBrightnessController: handleMessage MSG_LUX_CHANGED, mLux:698.5973 luxQueue=[585.0, 585.0, 595.0, 854.0, 820.0]
06-20 16:49:08.246  1703  1857 D WindowManager: rotation(ROTATION_0) no changed.
06-20 16:49:08.329  1703  2064 D PowerManagerService: userActivityNoUpdateLocked: groupId=0, eventTime=2566272673, event=touch, flags=0x0, uid=1000
06-20 16:49:08.411  9195  9195 D OplusInputMethodManagerInternal: get inputMethodManager extension: com.android.internal.view.IInputMethodManager$Stub$Proxy@253171b
06-20 16:49:08.452  9195  9195 I Quality : Skipped: false 2 cost 40.069702 refreshRate 16857546 bit true processName com.ss.android.ugc.aweme
06-20 16:49:08.544  1703  2064 D PowerManagerService: userActivityNoUpdateLocked: groupId=0, eventTime=2566272888, event=touch, flags=0x0, uid=1000
06-20 16:49:08.646  1703  2064 D PowerManagerService: userActivityNoUpdateLocked: groupId=0, eventTime=2566272991, event=touch, flags=0x0, uid=1000
06-20 16:49:08.648  1316  1316 W wificond: No handler for scan result notification from interface with index: 147
06-20 16:49:08.741  9195  9195 I Quality : Skipped: false 3 cost 59.31854 refreshRate 16857738 bit true processName com.ss.android.ugc.aweme
06-20 16:49:08.746  1703  5736 D WindowManagerServiceExtImpl: extractConfigInfoAndRealFlags rotation=0, screenDp=360, win=Window{c1c4e1c u0 com.ss.android.ugc.aweme/com.ss.android.ugc.aweme.splash.SplashActivity}
06-20 16:49:08.746  1703  5736 V WindowManager: Relayout Window{c1c4e1c u0 com.ss.android.ugc.aweme/com.ss.android.ugc.aweme.splash.SplashActivity}: viewVisibility=0, oldvis=0, req=1080x2408, vsysui=LAYOUT_STABLE LAYOUT_FULLSCREEN LIGHT_NAVIGATION_BAR
06-20 16:49:08.746  9195  9195 D VRI[SplashActivity]: relayoutWindow result, sizeChanged:false, surfaceControlChanged:false, transformHintChanged:false, mSurfaceSize:Point(1080, 2408), mLastSurfaceSize:Point(1080, 2408), mWidth:1080, mHeight:2408, requestedWidth:1080, requestedHeight:2408, transformHint:0, lastTransformHint:0, installOrientation:0, displayRotation:0, isSurfaceValid:true, attr.flag:-2122251904, useBlast:true, tmpFrames:ClientWindowFrames{frame=[0,0][1080,2408] display=[0,0][1080,2408] parentFrame=[0,0][1080,2408]}, params:{(0,0)(fillxfill) sim={state=hidden adjust=resize} ty=BASE_APPLICATION fmt=TRANSLUCENT wanim=0x1030000
06-20 16:49:08.746  9195  9195 D VRI[SplashActivity]:   fl=KEEP_SCREEN_ON LAYOUT_IN_SCREEN LAYOUT_INSET_DECOR SPLIT_TOUCH HARDWARE_ACCELERATED DRAWS_SYSTEM_BAR_BACKGROUNDS
06-20 16:49:08.746  9195  9195 D VRI[SplashActivity]:   pfl=NO_MOVE_ANIMATION FORCE_DRAW_STATUS_BAR_BACKGROUND USE_BLAST FIT_INSETS_CONTROLLED
06-20 16:49:08.746  9195  9195 D VRI[SplashActivity]:   vsysui=LAYOUT_STABLE LAYOUT_FULLSCREEN LIGHT_NAVIGATION_BAR
06-20 16:49:08.746  9195  9195 D VRI[SplashActivity]:   apr=LIGHT_NAVIGATION_BARS
06-20 16:49:08.746  9195  9195 D VRI[SplashActivity]:   bhv=DEFAULT
06-20 16:49:08.746  9195  9195 D VRI[SplashActivity]:   fitSides= CLP[ ]}
06-20 16:49:08.746  9195  9195 W VRI[SplashActivity]: updateBlastSurfaceIfNeeded, surfaceSize:Point(1080, 2408), lastSurfaceSize:Point(1080, 2408), format:-3, blastBufferQueue:android.graphics.BLASTBufferQueue@3decee7
06-20 16:49:08.747  1703  5736 D OplusFullScreenDisplayManager: adjustInsetsStateForWin: com.ss.android.ugc.aweme, setting cutoutMode: oplus always
06-20 16:49:08.748  1703  5736 D OplusFullScreenDisplayManager: adjustInsetsStateForWin: com.ss.android.ugc.aweme, setting cutoutMode: oplus always
06-20 16:49:08.748  1703  5736 D OplusFullScreenDisplayManager: adjustInsetsStateForWin: com.ss.android.ugc.aweme, setting cutoutMode: oplus always
06-20 16:49:08.750  1703  5736 I TaskOrganizerController: onTaskInfoChanged taskid 10580 config { mBounds=Rect(0, 0 - 1080, 2408) mAppBounds=Rect(0, 96 - 1080, 2276) mMaxBounds=Rect(0, 0 - 1080, 2408) mDisplayRotation=ROTATION_0 mWindowingMode=fullscreen mDisplayWindowingMode=fullscreen mActivityType=standard mAlwaysOnTop=undefined mRotation=ROTATION_0}
06-20 16:49:08.751  1703  5736 D FlexibleWindowManager: onFlexibleWindowTaskInfoChanged: mTaskId = 10580 oldIsTaskEmbedded = false   curIsTaskEmbedded = false  topActivity = ComponentInfo{com.ss.android.ugc.aweme/com.ss.android.ugc.aweme.main.MainActivity}
06-20 16:49:08.751  1703  5736 D OplusFlexibleWindowMinimizedManagerHelper: onTaskInfoChanged taskInfo:TaskInfo{userId=0 taskId=10580 displayId=0 isRunning=true baseIntent=Intent { act=android.intent.action.MAIN cat=[android.intent.category.LAUNCHER] flg=0x10200000 cmp=com.ss.android.ugc.aweme/.splash.SplashActivity mCallingUid=10168 } baseActivity=ComponentInfo{com.ss.android.ugc.aweme/com.ss.android.ugc.aweme.main.MainActivity} topActivity=ComponentInfo{com.ss.android.ugc.aweme/com.ss.android.ugc.aweme.main.MainActivity} origActivity=ComponentInfo{com.ss.android.ugc.aweme/com.ss.android.ugc.aweme.splash.SplashActivity} realActivity=ComponentInfo{com.ss.android.ugc.aweme/com.ss.android.ugc.aweme.main.MainActivity} numActivities=1 lastActiveTime=3352553362 supportsSplitScreenMultiWindow=true supportsMultiWindow=true supportsPocketStudioMultiWindow=true isInFlexibleEmbedded = false uid = 10356 pid = 9195 resizeMode=2 isResizeable=true minWidth=-1 minHeight=-1 defaultMinSize=220 token=WCT{RemoteToken{63a0f72 Task{2acb310 #10580 type=standard A=10356:com.ss.android.ugc.aweme}}} topActivityType=1 pictureInPictureParams=null shouldDockBigOverlays=false launchIntoPipHostTaskId=-1 lastParentTaskIdBeforePip=-1 displayCutoutSafeInsets=Rect(0, 96 - 0, 0) topActivityInfo=ActivityInfo{adc6337 com.ss.android.ugc.aweme.splash.SplashActivity} launchCookies=[] positionInParent=Point(0, 0) parentTaskId=-1 isFocused=true isVisible=true isVisibleRequested=true isSleeping=false topActivityInSizeCompat=false topActivityInOplusCompatMode=false topActivityEligibleForLetterboxEducation= false topActivityLetterboxed= false isFromDoubleTap= false topActivityLetterboxVerticalPosition= -1 topActivityLetterboxHorizontalPosition= -1 topActivityLetterboxWidth=-1 topActivityLetterboxHeight=-1 locusId=null displayAreaFeatureId=1 cameraCompatControlState=hidden locusId= null topActivityLetterboxInsets=Rect(0, 0 - 0, 0)} task:Task{2acb310 #10580 type=standard A=10356:com.ss.android.ugc.aweme}
06-20 16:49:08.752  2365  2584 D ShellTaskOrganizer: dispatchTaskEventToClientIfNeed, eventType:2, taskInfo:TaskInfo{userId=0 taskId=10580 displayId=0 isRunning=true baseIntent=Intent { act=android.intent.action.MAIN cat=[android.intent.category.LAUNCHER] flg=0x10200000 cmp=com.ss.android.ugc.aweme/.splash.SplashActivity mCallingUid=10168 } baseActivity=ComponentInfo{com.ss.android.ugc.aweme/com.ss.android.ugc.aweme.main.MainActivity} topActivity=ComponentInfo{com.ss.android.ugc.aweme/com.ss.android.ugc.aweme.main.MainActivity} origActivity=ComponentInfo{com.ss.android.ugc.aweme/com.ss.android.ugc.aweme.splash.SplashActivity} realActivity=ComponentInfo{com.ss.android.ugc.aweme/com.ss.android.ugc.aweme.main.MainActivity} numActivities=1 lastActiveTime=3352553362 supportsSplitScreenMultiWindow=true supportsMultiWindow=true supportsPocketStudioMultiWindow=true isInFlexibleEmbedded = false uid = 10356 pid = 9195 resizeMode=2 isResizeable=true minWidth=-1 minHeight=-1 defaultMinSize=220 token=WCT{android.window.IWindowContainerToken$Stub$Proxy@5c0d4ad} topActivityType=1 pictureInPictureParams=null shouldDockBigOverlays=false launchIntoPipHostTaskId=-1 lastParentTaskIdBeforePip=-1 displayCutoutSafeInsets=Rect(0, 96 - 0, 0) topActivityInfo=ActivityInfo{eb573e2 com.ss.android.ugc.aweme.splash.SplashActivity} launchCookies=[] positionInParent=Point(0, 0) parentTaskId=-1 isFocused=true isVisible=true isVisibleRequested=true isSleeping=false topActivityInSizeCompat=false topActivityInOplusCompatMode=false topActivityEligibleForLetterboxEducation= false topActivityLetterboxed= false isFromDoubleTap= false topActivityLetterboxVerticalPosition= -1 topActivityLetterboxHorizontalPosition= -1 topActivityLetterboxWidth=-1 topActivityLetterboxHeight=-1 locusId=null displayAreaFeatureId=1 cameraCompatControlState=hidden locusId= null topActivityLetterboxInsets=Rect(0, 0 - 0, 0)}, leash:null
06-20 16:49:08.808  9195  9195 I Quality : Skipped: false 3 cost 59.21164 refreshRate 16857739 bit true processName com.ss.android.ugc.aweme
06-20 16:49:08.996  1703  1908 D OplusSmartBrightnessController: handleMessage MSG_LUX_CHANGED, mLux:792.50397 luxQueue=[790.0, 795.0, 795.0, 790.0]
06-20 16:49:09.222  9195  9195 I Quality : Skipped: false 10 cost 170.21835 refreshRate 16857455 bit true processName com.ss.android.ugc.aweme
06-20 16:49:09.262  1316  1316 W wificond: No handler for scan result notification from interface with index: 147
06-20 16:49:09.776  1316  1316 W wificond: No handler for scan result notification from interface with index: 147
06-20 16:49:09.874  1703  1859 D WifiDisplayController: Discover peers succeeded.  Requesting peers now.
06-20 16:49:09.876  1703  1859 W ContextImpl: Calling a method in the system process without a qualified user: android.app.ContextImpl.sendBroadcast:1247 com.android.server.display.OplusWifiDisplayUsageHelperExtImpl.sendWfdStateBroadcast:92 com.android.server.display.OplusWifiDisplayUsageHelperExtImpl.getDiscoverPeersState:180 com.android.server.display.WifiDisplayController$5.onSuccess:589 android.net.wifi.p2p.WifiP2pManager$Channel$P2pHandler.handleMessage:1391 
06-20 16:49:09.877  1703  1859 D OplusWifiDisplayUsageHelperExtImpl: getDiscoverPeersState
06-20 16:49:09.881  1703  1859 D WifiDisplayController: Received list of peers.
06-20 16:49:10.198  1703  1908 D OplusSmartBrightnessController: handleMessage MSG_LUX_CHANGED, mLux:714.2219 luxQueue=[788.0, 778.0, 751.0, 727.0, 644.0, 572.0]
06-20 16:49:10.698  1703  2064 D PowerManagerService: userActivityNoUpdateLocked: groupId=0, eventTime=2566275040, event=touch, flags=0x0, uid=1000
06-20 16:49:10.776  9195  9195 I Quality : Skipped: false 1 cost 20.913704 refreshRate 16859529 bit true processName com.ss.android.ugc.aweme
06-20 16:49:10.931  1703  1857 V WindowOrientationListener: onSensorChanged mDesiredRotation = 4
06-20 16:49:11.400  1703  1908 D OplusSmartBrightnessController: handleMessage MSG_LUX_CHANGED, mLux:559.058 luxQueue=[588.0, 534.0, 553.0, 558.0, 559.0, 561.0]
06-20 16:49:11.748  1703  2064 D PowerManagerService: userActivityNoUpdateLocked: groupId=0, eventTime=2566276091, event=touch, flags=0x0, uid=1000
06-20 16:49:11.849  1703  2064 D PowerManagerService: userActivityNoUpdateLocked: groupId=0, eventTime=2566276194, event=touch, flags=0x0, uid=1000
06-20 16:49:11.930  1316  1316 W wificond: No handler for scan result notification from interface with index: 147
06-20 16:49:11.953  1703  2064 D PowerManagerService: userActivityNoUpdateLocked: groupId=0, eventTime=2566276298, event=touch, flags=0x0, uid=1000
06-20 16:49:12.066  1703  2064 D PowerManagerService: userActivityNoUpdateLocked: groupId=0, eventTime=2566276411, event=touch, flags=0x0, uid=1000
06-20 16:49:12.225  1703  2839 D OplusAlarmAdjustment: alignAlarmsByUid(), uid=10252, pkgName=com.xunmeng.pinduoduo, actions=null, procs=null, requester=1
06-20 16:49:12.225  1703  1907 D OplusAlarmAdjustMap: addAlignUid, uid=10252, pkgName=com.xunmeng.pinduoduo, requester=1, mode=1
06-20 16:49:12.291  1703  2064 D PowerManagerService: userActivityNoUpdateLocked: groupId=0, eventTime=2566276636, event=touch, flags=0x0, uid=1000
06-20 16:49:12.393  1316  1316 W wificond: No handler for scan result notification from interface with index: 147
06-20 16:49:12.796  1703  1908 D OplusSmartBrightnessController: handleMessage MSG_LUX_CHANGED, mLux:593.37085 luxQueue=[563.0, 560.0, 562.0, 589.0, 640.0, 640.0]
06-20 16:49:12.992  1703  2839 D OplusAlarmAdjustment: alignAlarmsByUid(), uid=10256, pkgName=com.taobao.taobao, actions=null, procs=null, requester=1
06-20 16:49:12.992  1703  1907 D OplusAlarmAdjustMap: addAlignUid, uid=10256, pkgName=com.taobao.taobao, requester=1, mode=1
06-20 16:49:13.070  1316  1316 W wificond: No handler for scan result notification from interface with index: 147
06-20 16:49:13.488  1703  2064 D PowerManagerService: userActivityNoUpdateLocked: groupId=0, eventTime=2566277833, event=touch, flags=0x0, uid=1000
06-20 16:49:13.590  1703  2064 D PowerManagerService: userActivityNoUpdateLocked: groupId=0, eventTime=2566277936, event=touch, flags=0x0, uid=1000
06-20 16:49:13.601  1703  1908 D OplusSmartBrightnessController: handleMessage MSG_LUX_CHANGED, mLux:620.7812 luxQueue=[630.0, 622.0, 618.0, 613.0]
06-20 16:49:13.683  1316  1316 W wificond: No handler for scan result notification from interface with index: 147
06-20 16:49:13.694  1703  2064 D PowerManagerService: userActivityNoUpdateLocked: groupId=0, eventTime=2566278039, event=touch, flags=0x0, uid=1000
06-20 16:49:13.998  1703  2839 D OplusAlarmAdjustment: unalignAlarmsByUid(), uid=10256, pkgName=com.taobao.taobao, actions=null, procs=null, requester=1
06-20 16:49:13.998  1703  1907 D OplusAlarmAdjustMap: removeAlignUid, uid=10256, requester=1
06-20 16:49:14.036  1703  2064 D PowerManagerService: userActivityNoUpdateLocked: groupId=0, eventTime=2566278381, event=touch, flags=0x0, uid=1000
06-20 16:49:14.138  1703  2064 D PowerManagerService: userActivityNoUpdateLocked: groupId=0, eventTime=2566278484, event=touch, flags=0x0, uid=1000
06-20 16:49:14.258  1703  2064 D PowerManagerService: userActivityNoUpdateLocked: groupId=0, eventTime=2566278604, event=touch, flags=0x0, uid=1000
06-20 16:49:14.352  1316  1316 W wificond: No handler for scan result notification from interface with index: 147
06-20 16:49:14.534  1703  2064 D PowerManagerService: userActivityNoUpdateLocked: groupId=0, eventTime=2566278879, event=touch, flags=0x0, uid=1000
06-20 16:49:14.861  1703  1859 D WifiDisplayController: Discover peers succeeded.  Requesting peers now.
06-20 16:49:14.861  1703  1859 W ContextImpl: Calling a method in the system process without a qualified user: android.app.ContextImpl.sendBroadcast:1247 com.android.server.display.OplusWifiDisplayUsageHelperExtImpl.sendWfdStateBroadcast:92 com.android.server.display.OplusWifiDisplayUsageHelperExtImpl.getDiscoverPeersState:180 com.android.server.display.WifiDisplayController$5.onSuccess:589 android.net.wifi.p2p.WifiP2pManager$Channel$P2pHandler.handleMessage:1391 
06-20 16:49:14.861  1703  1859 D OplusWifiDisplayUsageHelperExtImpl: getDiscoverPeersState
06-20 16:49:14.861  1703  1859 D WifiDisplayController: Received list of peers.
06-20 16:49:14.926  1316  1316 W wificond: No handler for scan result notification from interface with index: 147
06-20 16:49:14.996  1703  1908 D OplusSmartBrightnessController: handleMessage MSG_LUX_CHANGED, mLux:566.40405 luxQueue=[584.0, 576.0, 535.0, 548.0, 562.0, 581.0, 577.0]
06-20 16:49:15.577  1703  3517 W ActivityManager: Unable to start service Intent { cmp=com.ss.android.ugc.aweme/org.chromium.android_webview.services.ComponentsProviderService } U=0: not found
06-20 16:49:16.357  1703  2064 D PowerManagerService: userActivityNoUpdateLocked: groupId=0, eventTime=2566280699, event=touch, flags=0x0, uid=1000
06-20 16:49:16.361  2255  2418 D PowerMonitorNotifier: handleMessage: 22/0
06-20 16:49:16.388  2789 17192 D TelephonyManagerProxy: onTelephonyEventReport,cb list: 3
06-20 16:49:16.388  2789 17192 D TelephonyManagerProxy: onTelephonyEventReport,cb: l8.a$a@33e83b
06-20 16:49:16.388  2789 17192 D TelephonyManagerProxy: onTelephonyEventReport,cb: d8.d$a@f11ad96
06-20 16:49:16.388  2789 17192 D TelephonyManagerProxy: onTelephonyEventReport,cb: d8.d$a@56ecd17
06-20 16:49:16.389  1703  6315 D CommSceneService: my telephony callback proxy invoke method=onTelephonyEventReport
06-20 16:49:16.457  1703  2064 D PowerManagerService: userActivityNoUpdateLocked: groupId=0, eventTime=2566280802, event=touch, flags=0x0, uid=1000
06-20 16:49:16.560  1703  2064 D PowerManagerService: userActivityNoUpdateLocked: groupId=0, eventTime=2566280906, event=touch, flags=0x0, uid=1000
06-20 16:49:17.240  1316  1316 W wificond: No handler for scan result notification from interface with index: 147
06-20 16:49:17.411  1703  3517 D CommSceneService: my telephony callback proxy invoke method=onTelephonyEventReport
06-20 16:49:17.411  2789 17192 D TelephonyManagerProxy: onTelephonyEventReport,cb list: 3
06-20 16:49:17.412  2789 17192 D TelephonyManagerProxy: onTelephonyEventReport,cb: l8.a$a@33e83b
06-20 16:49:17.412  2789 17192 D TelephonyManagerProxy: onTelephonyEventReport,cb: d8.d$a@f11ad96
06-20 16:49:17.412  2789 17192 D TelephonyManagerProxy: onTelephonyEventReport,cb: d8.d$a@56ecd17
06-20 16:49:17.703  1316  1316 W wificond: No handler for scan result notification from interface with index: 147
06-20 16:49:17.997  1703  1908 D OplusSmartBrightnessController: handleMessage MSG_LUX_CHANGED, mLux:520.8187 luxQueue=[556.0, 533.0, 535.0, 503.0, 516.0, 495.0, 505.0]
06-20 16:49:18.081  1703  1889 D OplusThermalStats: REPORT_UPDATE_CPU  ->  phoneTemp:360  preHeatThreshold:400
06-20 16:49:18.175  1703  1872 D ProcessCpuTrackerExtImpl: mContext is already set, return now! 
06-20 16:49:18.258  1316  1316 W wificond: No handler for scan result notification from interface with index: 147
06-20 16:49:18.288  1703  5171 I ActivityManager: Process com.oplus.statistics.rom:infer1 (pid 9489) has died: cch+25 CEM 
06-20 16:49:18.289 22177 22177 I ActivityThread: Removing dead content provider:android.content.ContentProviderProxy@d7b7d98
06-20 16:49:18.310  1703  2064 D PowerManagerService: userActivityNoUpdateLocked: groupId=0, eventTime=2566282654, event=touch, flags=0x0, uid=1000
06-20 16:49:18.321  1703  1872 D AppProfilerExtImpl: Skipped pss collection for CPU busy
06-20 16:49:18.324  1703  5171 W ProcessStats: Tracking association SourceState{465d5c2 com.google.android.gms.persistent/10190 BFgs #4751175} whose proc state 4 is better than process ProcessState{551ab35 com.google.android.gms/10190 pkg=com.google.android.gms} proc state 14 (19 skipped)
06-20 16:49:18.413  1703  2064 D PowerManagerService: userActivityNoUpdateLocked: groupId=0, eventTime=2566282758, event=touch, flags=0x0, uid=1000
06-20 16:49:18.516  1703  2064 D PowerManagerService: userActivityNoUpdateLocked: groupId=0, eventTime=2566282861, event=touch, flags=0x0, uid=1000
06-20 16:49:18.540  1703  6338 W JobScheduler: Job didn't exist in JobStore: #com.microsoft.appmanager/4301
06-20 16:49:18.619  1703  2064 D PowerManagerService: userActivityNoUpdateLocked: groupId=0, eventTime=2566282965, event=touch, flags=0x0, uid=1000
06-20 16:49:18.723  1703  2064 D PowerManagerService: userActivityNoUpdateLocked: groupId=0, eventTime=2566283069, event=touch, flags=0x0, uid=1000
06-20 16:49:18.796  1703  1908 D OplusSmartBrightnessController: handleMessage MSG_LUX_CHANGED, mLux:534.82214 luxQueue=[539.0, 528.0, 547.0, 525.0]
06-20 16:49:18.837  1703  2064 D PowerManagerService: userActivityNoUpdateLocked: groupId=0, eventTime=2566283182, event=touch, flags=0x0, uid=1000
06-20 16:49:18.971  1316  1316 W wificond: No handler for scan result notification from interface with index: 147
06-20 16:49:19.034  1703  2064 D PowerManagerService: userActivityNoUpdateLocked: groupId=0, eventTime=2566283379, event=touch, flags=0x0, uid=1000
06-20 16:49:19.123  1703  7113 D UsageStatsService: User[0] type=0 b=1781945179759 e=1781945359120 cb=1781897565187 ce=1781945358305 disk=0 all=36
06-20 16:49:19.138  1703  2064 D PowerManagerService: userActivityNoUpdateLocked: groupId=0, eventTime=2566283483, event=touch, flags=0x0, uid=1000
06-20 16:49:19.241  1703  2064 D PowerManagerService: userActivityNoUpdateLocked: groupId=0, eventTime=2566283587, event=touch, flags=0x0, uid=1000
06-20 16:49:19.627  1316  1316 W wificond: No handler for scan result notification from interface with index: 147
06-20 16:49:19.858  1703  7113 D UsageStatsService: User[999] type=0 b=1781943320336 e=1781945359858 cb=1781893496294 ce=1781945336952 disk=0 all=5
06-20 16:49:19.860  1703  1859 D WifiDisplayController: Discover peers succeeded.  Requesting peers now.
06-20 16:49:19.861  1703  1859 W ContextImpl: Calling a method in the system process without a qualified user: android.app.ContextImpl.sendBroadcast:1247 com.android.server.display.OplusWifiDisplayUsageHelperExtImpl.sendWfdStateBroadcast:92 com.android.server.display.OplusWifiDisplayUsageHelperExtImpl.getDiscoverPeersState:180 com.android.server.display.WifiDisplayController$5.onSuccess:589 android.net.wifi.p2p.WifiP2pManager$Channel$P2pHandler.handleMessage:1391 
06-20 16:49:19.863  1703  1859 D OplusWifiDisplayUsageHelperExtImpl: getDiscoverPeersState
06-20 16:49:19.864  1703  1859 D WifiDisplayController: Received list of peers.
06-20 16:49:19.934  1703  2064 D PowerManagerService: userActivityNoUpdateLocked: groupId=0, eventTime=2566284279, event=touch, flags=0x0, uid=1000
06-20 16:49:19.996  1703  1908 D OplusSmartBrightnessController: handleMessage MSG_LUX_CHANGED, mLux:502.71594 luxQueue=[513.0, 493.0, 500.0, 505.0, 509.0, 496.0]
06-20 16:49:20.037  1703  2064 D PowerManagerService: userActivityNoUpdateLocked: groupId=0, eventTime=2566284383, event=touch, flags=0x0, uid=1000
06-20 16:49:20.152  1703  2064 D PowerManagerService: userActivityNoUpdateLocked: groupId=0, eventTime=2566284498, event=touch, flags=0x0, uid=1000
06-20 16:49:20.406  1703  2064 D PowerManagerService: userActivityNoUpdateLocked: groupId=0, eventTime=2566284751, event=touch, flags=0x0, uid=1000
06-20 16:49:21.507  1703  6338 D CommSceneService: my telephony callback proxy invoke method=onTelephonyEventReport
06-20 16:49:21.508  2789 17192 D TelephonyManagerProxy: onTelephonyEventReport,cb list: 3
06-20 16:49:21.508  2789 17192 D TelephonyManagerProxy: onTelephonyEventReport,cb: l8.a$a@33e83b
06-20 16:49:21.508  2789 17192 D TelephonyManagerProxy: onTelephonyEventReport,cb: d8.d$a@f11ad96
06-20 16:49:21.508  2789 17192 D TelephonyManagerProxy: onTelephonyEventReport,cb: d8.d$a@56ecd17
06-20 16:49:21.919  1316  1316 W wificond: No handler for scan result notification from interface with index: 147
06-20 16:49:21.974  1703  2178 D OplusAppListInterceptManager: shouldFilterTask
06-20 16:49:21.975  1703  2178 D OplusAppListInterceptManager: shouldFilterTask::packageName = com.ss.android.ugc.aweme
06-20 16:49:21.975  1703  2178 D ActivityTaskManager: Skipping, invisible task: Task{ead5052 #5 type=home I=com.android.launcher/.Launcher}
06-20 16:49:21.975  1703  2178 D OplusAppListInterceptManager: shouldFilterTask
06-20 16:49:21.975  1703  2178 D OplusAppListInterceptManager: shouldFilterTask::packageName = com.xingin.xhs
06-20 16:49:21.975  1703  2178 D CompatibilityChangeReporter: Compat change id reported: 197654537; UID 10022; state: ENABLED
06-20 16:49:21.975  1703  2178 D ActivityTaskManager: after skip size 2
06-20 16:49:21.998  1703  1908 D OplusSmartBrightnessController: handleMessage MSG_LUX_CHANGED, mLux:512.21655 luxQueue=[505.0, 513.0, 517.0, 515.0, 511.0]
06-20 16:49:22.403  1316  1316 W wificond: No handler for scan result notification from interface with index: 147
06-20 16:49:22.948  1316  1316 W wificond: No handler for scan result notification from interface with index: 147
06-20 16:49:22.997  1703  1908 D OplusSmartBrightnessController: handleMessage MSG_LUX_CHANGED, mLux:538.03644 luxQueue=[527.0, 537.0, 539.0, 541.0, 546.0]
06-20 16:49:23.451  1316  1316 W wificond: No handler for scan result notification from interface with index: 147
06-20 16:49:23.556  2789 12699 D TelephonyManagerProxy: onTelephonyEventReport,cb list: 3
06-20 16:49:23.556  2789 12699 D TelephonyManagerProxy: onTelephonyEventReport,cb: l8.a$a@33e83b
06-20 16:49:23.556  2789 12699 D TelephonyManagerProxy: onTelephonyEventReport,cb: d8.d$a@f11ad96
06-20 16:49:23.556  2789 12699 D TelephonyManagerProxy: onTelephonyEventReport,cb: d8.d$a@56ecd17
06-20 16:49:23.556  1703  6338 D CommSceneService: my telephony callback proxy invoke method=onTelephonyEventReport
06-20 16:49:23.797  1703  1908 D OplusSmartBrightnessController: handleMessage MSG_LUX_CHANGED, mLux:560.5274 luxQueue=[570.0, 558.0, 558.0, 556.0]
06-20 16:49:24.009  1703  2839 D OplusAlarmAdjustment: alignAlarmsByUid(), uid=10256, pkgName=com.taobao.taobao, actions=null, procs=null, requester=1
06-20 16:49:24.009  1703  1907 D OplusAlarmAdjustMap: addAlignUid, uid=10256, pkgName=com.taobao.taobao, requester=1, mode=1
06-20 16:49:24.023  1316  1316 W wificond: No handler for scan result notification from interface with index: 147
06-20 16:49:24.299  1703  2064 D PowerManagerService: userActivityNoUpdateLocked: groupId=0, eventTime=2566288643, event=touch, flags=0x0, uid=1000
06-20 16:49:24.317  1703  1872 D AppProfilerExtImpl: Skipped pss collection for CPU busy
06-20 16:49:24.345  1703  6315 I OplusAppSwitchManagerService: appswitch unregisterAppSwitchObserver pkgName = com.oplus.onetrace config = OplusAppSwitchConfig = {  mConfigs = {} observerFingerPrint = 113747440}
06-20 16:49:24.346  1703  6315 I OplusAppSwitchStateDispatcher: unregisterAppSwitchObserver ok, pkgName = com.oplus.onetrace info = OplusAppSwitchRuleInfo = {  observer = null observerFingerPrint = 113747440}
06-20 16:49:24.362  1703  6315 E OplusAthenaAm: AthenaAmManagerInternal transact code hello:13,flags:0
06-20 16:49:24.432  9195  9195 I Quality : Skipped: false 1 cost 21.836662 refreshRate 16857504 bit true processName com.ss.android.ugc.aweme
06-20 16:49:24.588  1316  1316 W wificond: No handler for scan result notification from interface with index: 147
06-20 16:49:24.603  1703  6338 D WindowManagerServiceExtImpl: extractConfigInfoAndRealFlags rotation=0, screenDp=360, win=Window{c1c4e1c u0 com.ss.android.ugc.aweme/com.ss.android.ugc.aweme.splash.SplashActivity}
06-20 16:49:24.604  1703  6338 V WindowManager: Relayout Window{c1c4e1c u0 com.ss.android.ugc.aweme/com.ss.android.ugc.aweme.splash.SplashActivity}: viewVisibility=0, oldvis=0, req=1080x2408, vsysui=LAYOUT_STABLE LAYOUT_FULLSCREEN
06-20 16:49:24.605  1703  6338 D OplusFullScreenDisplayManager: adjustInsetsStateForWin: com.ss.android.ugc.aweme, setting cutoutMode: oplus always
06-20 16:49:24.606  1703  6338 D OplusFullScreenDisplayManager: adjustInsetsStateForWin: com.ss.android.ugc.aweme, setting cutoutMode: oplus always
06-20 16:49:24.606  1703  6338 D OplusFullScreenDisplayManager: adjustInsetsStateForWin: com.ss.android.ugc.aweme, setting cutoutMode: oplus always
06-20 16:49:24.607  9195  9195 D VRI[SplashActivity]: relayoutWindow result, sizeChanged:false, surfaceControlChanged:false, transformHintChanged:false, mSurfaceSize:Point(1080, 2408), mLastSurfaceSize:Point(1080, 2408), mWidth:1080, mHeight:2408, requestedWidth:1080, requestedHeight:2408, transformHint:0, lastTransformHint:0, installOrientation:0, displayRotation:0, isSurfaceValid:true, attr.flag:-2122251904, useBlast:true, tmpFrames:ClientWindowFrames{frame=[0,0][1080,2408] display=[0,0][1080,2408] parentFrame=[0,0][1080,2408]}, params:{(0,0)(fillxfill) sim={state=hidden adjust=resize} ty=BASE_APPLICATION fmt=TRANSLUCENT wanim=0x1030000
06-20 16:49:24.607  9195  9195 D VRI[SplashActivity]:   fl=KEEP_SCREEN_ON LAYOUT_IN_SCREEN LAYOUT_INSET_DECOR SPLIT_TOUCH HARDWARE_ACCELERATED DRAWS_SYSTEM_BAR_BACKGROUNDS
06-20 16:49:24.607  9195  9195 D VRI[SplashActivity]:   pfl=NO_MOVE_ANIMATION FORCE_DRAW_STATUS_BAR_BACKGROUND USE_BLAST FIT_INSETS_CONTROLLED
06-20 16:49:24.607  9195  9195 D VRI[SplashActivity]:   vsysui=LAYOUT_STABLE LAYOUT_FULLSCREEN
06-20 16:49:24.607  9195  9195 D VRI[SplashActivity]:   bhv=DEFAULT
06-20 16:49:24.607  9195  9195 D VRI[SplashActivity]:   fitSides= CLP[ ]}
06-20 16:49:24.607  9195  9195 W VRI[SplashActivity]: updateBlastSurfaceIfNeeded, surfaceSize:Point(1080, 2408), lastSurfaceSize:Point(1080, 2408), format:-3, blastBufferQueue:android.graphics.BLASTBufferQueue@3decee7
06-20 16:49:24.609  1703  6338 I TaskOrganizerController: onTaskInfoChanged taskid 10580 config { mBounds=Rect(0, 0 - 1080, 2408) mAppBounds=Rect(0, 96 - 1080, 2276) mMaxBounds=Rect(0, 0 - 1080, 2408) mDisplayRotation=ROTATION_0 mWindowingMode=fullscreen mDisplayWindowingMode=fullscreen mActivityType=standard mAlwaysOnTop=undefined mRotation=ROTATION_0}
06-20 16:49:24.609  1703  6338 D FlexibleWindowManager: onFlexibleWindowTaskInfoChanged: mTaskId = 10580 oldIsTaskEmbedded = false   curIsTaskEmbedded = false  topActivity = ComponentInfo{com.ss.android.ugc.aweme/com.ss.android.ugc.aweme.main.MainActivity}
06-20 16:49:24.610  1703  6338 D OplusFlexibleWindowMinimizedManagerHelper: onTaskInfoChanged taskInfo:TaskInfo{userId=0 taskId=10580 displayId=0 isRunning=true baseIntent=Intent { act=android.intent.action.MAIN cat=[android.intent.category.LAUNCHER] flg=0x10200000 cmp=com.ss.android.ugc.aweme/.splash.SplashActivity mCallingUid=10168 } baseActivity=ComponentInfo{com.ss.android.ugc.aweme/com.ss.android.ugc.aweme.main.MainActivity} topActivity=ComponentInfo{com.ss.android.ugc.aweme/com.ss.android.ugc.aweme.main.MainActivity} origActivity=ComponentInfo{com.ss.android.ugc.aweme/com.ss.android.ugc.aweme.splash.SplashActivity} realActivity=ComponentInfo{com.ss.android.ugc.aweme/com.ss.android.ugc.aweme.main.MainActivity} numActivities=1 lastActiveTime=3352553362 supportsSplitScreenMultiWindow=true supportsMultiWindow=true supportsPocketStudioMultiWindow=true isInFlexibleEmbedded = false uid = 10356 pid = 9195 resizeMode=2 isResizeable=true minWidth=-1 minHeight=-1 defaultMinSize=220 token=WCT{RemoteToken{63a0f72 Task{2acb310 #10580 type=standard A=10356:com.ss.android.ugc.aweme}}} topActivityType=1 pictureInPictureParams=null shouldDockBigOverlays=false launchIntoPipHostTaskId=-1 lastParentTaskIdBeforePip=-1 displayCutoutSafeInsets=Rect(0, 96 - 0, 0) topActivityInfo=ActivityInfo{adc6337 com.ss.android.ugc.aweme.splash.SplashActivity} launchCookies=[] positionInParent=Point(0, 0) parentTaskId=-1 isFocused=true isVisible=true isVisibleRequested=true isSleeping=false topActivityInSizeCompat=false topActivityInOplusCompatMode=false topActivityEligibleForLetterboxEducation= false topActivityLetterboxed= false isFromDoubleTap= false topActivityLetterboxVerticalPosition= -1 topActivityLetterboxHorizontalPosition= -1 topActivityLetterboxWidth=-1 topActivityLetterboxHeight=-1 locusId=null displayAreaFeatureId=1 cameraCompatControlState=hidden locusId= null topActivityLetterboxInsets=Rect(0, 0 - 0, 0)} task:Task{2acb310 #10580 type=standard A=10356:com.ss.android.ugc.aweme}
06-20 16:49:24.610  2365  2584 D ShellTaskOrganizer: dispatchTaskEventToClientIfNeed, eventType:2, taskInfo:TaskInfo{userId=0 taskId=10580 displayId=0 isRunning=true baseIntent=Intent { act=android.intent.action.MAIN cat=[android.intent.category.LAUNCHER] flg=0x10200000 cmp=com.ss.android.ugc.aweme/.splash.SplashActivity mCallingUid=10168 } baseActivity=ComponentInfo{com.ss.android.ugc.aweme/com.ss.android.ugc.aweme.main.MainActivity} topActivity=ComponentInfo{com.ss.android.ugc.aweme/com.ss.android.ugc.aweme.main.MainActivity} origActivity=ComponentInfo{com.ss.android.ugc.aweme/com.ss.android.ugc.aweme.splash.SplashActivity} realActivity=ComponentInfo{com.ss.android.ugc.aweme/com.ss.android.ugc.aweme.main.MainActivity} numActivities=1 lastActiveTime=3352553362 supportsSplitScreenMultiWindow=true supportsMultiWindow=true supportsPocketStudioMultiWindow=true isInFlexibleEmbedded = false uid = 10356 pid = 9195 resizeMode=2 isResizeable=true minWidth=-1 minHeight=-1 defaultMinSize=220 token=WCT{android.window.IWindowContainerToken$Stub$Proxy@ea0c3cf} topActivityType=1 pictureInPictureParams=null shouldDockBigOverlays=false launchIntoPipHostTaskId=-1 lastParentTaskIdBeforePip=-1 displayCutoutSafeInsets=Rect(0, 96 - 0, 0) topActivityInfo=ActivityInfo{736a15c com.ss.android.ugc.aweme.splash.SplashActivity} launchCookies=[] positionInParent=Point(0, 0) parentTaskId=-1 isFocused=true isVisible=true isVisibleRequested=true isSleeping=false topActivityInSizeCompat=false topActivityInOplusCompatMode=false topActivityEligibleForLetterboxEducation= false topActivityLetterboxed= false isFromDoubleTap= false topActivityLetterboxVerticalPosition= -1 topActivityLetterboxHorizontalPosition= -1 topActivityLetterboxWidth=-1 topActivityLetterboxHeight=-1 locusId=null displayAreaFeatureId=1 cameraCompatControlState=hidden locusId= null topActivityLetterboxInsets=Rect(0, 0 - 0, 0)}, leash:null
06-20 16:49:24.864  1703  1859 D WifiDisplayController: Discover peers succeeded.  Requesting peers now.
06-20 16:49:24.864  1703  1859 W ContextImpl: Calling a method in the system process without a qualified user: android.app.ContextImpl.sendBroadcast:1247 com.android.server.display.OplusWifiDisplayUsageHelperExtImpl.sendWfdStateBroadcast:92 com.android.server.display.OplusWifiDisplayUsageHelperExtImpl.getDiscoverPeersState:180 com.android.server.display.WifiDisplayController$5.onSuccess:589 android.net.wifi.p2p.WifiP2pManager$Channel$P2pHandler.handleMessage:1391 
06-20 16:49:24.865  1703  1859 D OplusWifiDisplayUsageHelperExtImpl: getDiscoverPeersState
06-20 16:49:24.867  1703  1859 D WifiDisplayController: Received list of peers.
06-20 16:49:25.022  1703  2839 D OplusAlarmAdjustment: unalignAlarmsByUid(), uid=10256, pkgName=com.taobao.taobao, actions=null, procs=null, requester=1
06-20 16:49:25.023  1703  1907 D OplusAlarmAdjustMap: removeAlignUid, uid=10256, requester=1
06-20 16:49:25.800  1703  1908 D OplusSmartBrightnessController: handleMessage MSG_LUX_CHANGED, mLux:579.0449 luxQueue=[567.0, 576.0, 580.0, 584.0, 588.0]
06-20 16:49:25.974  1703  2064 D PowerManagerService: userActivityNoUpdateLocked: groupId=0, eventTime=2566290317, event=touch, flags=0x0, uid=1000
06-20 16:49:26.074  1703  2064 D PowerManagerService: userActivityNoUpdateLocked: groupId=0, eventTime=2566290419, event=touch, flags=0x0, uid=1000
06-20 16:49:26.168  9195  9195 I Quality : Skipped: false 5 cost 88.85 refreshRate 16858881 bit true processName com.ss.android.ugc.aweme
06-20 16:49:26.198  9195  9195 I Quality : Skipped: false 1 cost 18.00026 refreshRate 16857699 bit true processName com.ss.android.ugc.aweme
06-20 16:49:26.629  1703  2178 D CommSceneService: my telephony callback proxy invoke method=onTelephonyEventReport
06-20 16:49:26.629  2789 12699 D TelephonyManagerProxy: onTelephonyEventReport,cb list: 3
06-20 16:49:26.629  2789 12699 D TelephonyManagerProxy: onTelephonyEventReport,cb: l8.a$a@33e83b
06-20 16:49:26.629  2789 12699 D TelephonyManagerProxy: onTelephonyEventReport,cb: d8.d$a@f11ad96
06-20 16:49:26.629  2789 12699 D TelephonyManagerProxy: onTelephonyEventReport,cb: d8.d$a@56ecd17
06-20 16:49:26.706  9195  9195 I Quality : Skipped: false 16 cost 273.2891 refreshRate 16857655 bit true processName com.ss.android.ugc.aweme
06-20 16:49:26.719  1703  2178 D OplusStartingWindowManager: updateRecordSurfaceViewState windowToken=android.os.BinderProxy@9922b8f, hasSurfaceView=true, win=Window{c1c4e1c u0 com.ss.android.ugc.aweme/com.ss.android.ugc.aweme.splash.SplashActivity}
06-20 16:49:26.732  1703  2178 D CompatibilityChangeReporter: Compat change id reported: 229362273; UID 10356; state: ENABLED
06-20 16:49:26.807  1703  2178 D CompatibilityChangeReporter: Compat change id reported: 266524688; UID 10356; state: ENABLED
06-20 16:49:26.842  9195  9195 I Quality : Skipped: false 7 cost 122.63606 refreshRate 16857609 bit true processName com.ss.android.ugc.aweme
06-20 16:49:26.845  1316  1316 W wificond: No handler for scan result notification from interface with index: 147
06-20 16:49:27.124  1703  6338 D OplusStartingWindowManager: updateRecordSurfaceViewState windowToken=android.os.BinderProxy@9922b8f, hasSurfaceView=true, win=Window{c1c4e1c u0 com.ss.android.ugc.aweme/com.ss.android.ugc.aweme.splash.SplashActivity}
06-20 16:49:27.542  1316  1316 W wificond: No handler for scan result notification from interface with index: 147
06-20 16:49:27.597  1703  1908 D OplusSmartBrightnessController: handleMessage MSG_LUX_CHANGED, mLux:682.0557 luxQueue=[638.0, 661.0, 665.0, 713.0, 729.0]
06-20 16:49:27.739  1703  5733 E AppOps  : Operation not started: uid=10074 pkg=com.oplus.ovoicemanager.wakeup(null) op=RECORD_AUDIO
06-20 16:49:28.112  1316  1316 W wificond: No handler for scan result notification from interface with index: 147
06-20 16:49:28.172  2789  3038 V MonthTrafficAlert: getWarningNotification subId:1 numWarningNotificaion:0
06-20 16:49:28.172  2789  3038 V TrafficAlert: getLimitNotification subId:1 ,numLimitNotificaion:0
06-20 16:49:28.254  1703  2839 D OplusAlarmAdjustment: proxyAlarmsByUid(), uid=10242, pkgName=com.coloros.weather2, requester=1
06-20 16:49:28.258  1703  1907 D OplusAlarmAdjustMap: addProxyUid, uid=10242, pkgName=com.coloros.weather2, requester=1
06-20 16:49:28.260  1703  2254 D OAppNetControlService: Hans update:[10242=true][0|0] blackList:[10195, 10260, 99910190, 10227, 10190, 10565, 10303, 10022, 10242]
06-20 16:49:28.691  1316  1316 W wificond: No handler for scan result notification from interface with index: 147
06-20 16:49:28.957  1703  2039 V AlarmManager: sending alarm Alarm{bd5138b type 3 origWhen 3352560126 whenElapsed 3352560126 com.oplus.metis} uid 10089 whenElapsed 3352560126 windowLength 45000 maxWhenElapsed 3352605126 repeatInterval 0 action com.oplus.action.PID_TIMER_CHECK component null flags 0x8 procName com.oplus.metis
06-20 16:49:28.964  1703  2039 V AlarmManager: sending alarm Alarm{ff8b881 type 3 origWhen 3352596354 whenElapsed 3352596354 com.oplus.metis} uid 10089 whenElapsed 3352596354 windowLength 225000 maxWhenElapsed 3352821354 repeatInterval 300000 action oplus.intent.action.SORT_ALARM_ACTION component null flags 0x8 procName com.oplus.metis
06-20 16:49:28.984  1703  1886 W ProcessStats: Tracking association SourceState{d585927 com.ss.android.ugc.aweme/10356 BTop #4751191} whose proc state 2 is better than process ProcessState{ca77bc8 com.oplus.cosa/10118 pkg=com.oplus.cosa} proc state 4 (58 skipped)
06-20 16:49:29.276  1316  1316 W wificond: No handler for scan result notification from interface with index: 147
06-20 16:49:29.598  1703  1908 D OplusSmartBrightnessController: handleMessage MSG_LUX_CHANGED, mLux:669.51495 luxQueue=[670.0, 677.0, 674.0, 671.0, 670.0, 666.0, 666.0, 662.0]
06-20 16:49:29.742   658 11974 I keystore2: system/security/keystore2/src/watchdog.rs:319 - Watchdog thread idle -> terminating. Have a great day.
06-20 16:49:29.751  1316  1316 W wificond: No handler for scan result notification from interface with index: 147
06-20 16:49:29.873  1703  1859 D WifiDisplayController: Discover peers succeeded.  Requesting peers now.
06-20 16:49:29.873  1703  1859 W ContextImpl: Calling a method in the system process without a qualified user: android.app.ContextImpl.sendBroadcast:1247 com.android.server.display.OplusWifiDisplayUsageHelperExtImpl.sendWfdStateBroadcast:92 com.android.server.display.OplusWifiDisplayUsageHelperExtImpl.getDiscoverPeersState:180 com.android.server.display.WifiDisplayController$5.onSuccess:589 android.net.wifi.p2p.WifiP2pManager$Channel$P2pHandler.handleMessage:1391 
06-20 16:49:29.874  1703  1859 D OplusWifiDisplayUsageHelperExtImpl: getDiscoverPeersState
06-20 16:49:29.875  1703  1859 D WifiDisplayController: Received list of peers.
06-20 16:49:30.801  1703  1908 D OplusSmartBrightnessController: handleMessage MSG_LUX_CHANGED, mLux:655.67346 luxQueue=[659.0, 659.0, 657.0, 655.0, 653.0, 651.0]
06-20 16:49:31.745  1316  1316 W wificond: No handler for scan result notification from interface with index: 147
06-20 16:49:32.359  1703  2031 E AppOps  : attributionTag  not declared in manifest of com.oplus.healthservice
06-20 16:49:32.367  1703  2031 E AppOps  : attributionTag  not declared in manifest of com.oplus.healthservice
06-20 16:49:32.421  1316  1316 W wificond: No handler for scan result notification from interface with index: 147
06-20 16:49:32.886  1316  1316 W wificond: No handler for scan result notification from interface with index: 147
06-20 16:49:33.076  2789  3038 V MonthTrafficAlert: getWarningNotification subId:1 numWarningNotificaion:0
06-20 16:49:33.076  2789  3038 V TrafficAlert: getLimitNotification subId:1 ,numLimitNotificaion:0
06-20 16:49:33.362  1316  1316 W wificond: No handler for scan result notification from interface with index: 147
06-20 16:49:33.800  1703  1908 D OplusSmartBrightnessController: handleMessage MSG_LUX_CHANGED, mLux:643.6421 luxQueue=[654.0, 644.0, 639.0, 639.0, 645.0, 645.0, 644.0, 639.0]
06-20 16:49:33.872  1703  2064 D PowerManagerService: userActivityNoUpdateLocked: groupId=0, eventTime=2566298213, event=touch, flags=0x0, uid=1000
06-20 16:49:33.970  9195  9195 I Quality : Skipped: false 1 cost 18.357212 refreshRate 16858310 bit true processName com.ss.android.ugc.aweme
06-20 16:49:33.978  1316  1316 W wificond: No handler for scan result notification from interface with index: 147
06-20 16:49:33.988  1703  2064 D PowerManagerService: userActivityNoUpdateLocked: groupId=0, eventTime=2566298333, event=touch, flags=0x0, uid=1000
06-20 16:49:34.044  9195  9195 I Quality : Skipped: false 2 cost 42.498055 refreshRate 16858049 bit true processName com.ss.android.ugc.aweme
06-20 16:49:34.105  9195  9195 I Quality : Skipped: false 1 cost 18.623398 refreshRate 16857641 bit true processName com.ss.android.ugc.aweme
06-20 16:49:34.307  6420  6420 W ContextImpl: Calling a method in the system process without a qualified user: android.app.ContextImpl.bindService:2032 android.content.ContextWrapper.bindService:871 com.oplus.onetrace.connection.a.c:19 com.oplus.onetrace.connection.b.c:23 g3.a.c:7 
06-20 16:49:34.326  1703  5736 D OplusStartingWindowManager: updateRecordSurfaceViewState windowToken=android.os.BinderProxy@9922b8f, hasSurfaceView=true, win=Window{c1c4e1c u0 com.ss.android.ugc.aweme/com.ss.android.ugc.aweme.splash.SplashActivity}
06-20 16:49:34.327  1703  5808 E OplusAthenaAm: AthenaAmManagerInternal transact code hello:13,flags:0
06-20 16:49:34.342  9195  9195 I Quality : Skipped: false 1 cost 19.66116 refreshRate 16857611 bit true processName com.ss.android.ugc.aweme
06-20 16:49:34.418  9195  9195 I Quality : Skipped: false 1 cost 28.077545 refreshRate 16857913 bit true processName com.ss.android.ugc.aweme
06-20 16:49:34.448  1703  5736 I OplusAppSwitchManagerService: appswitch registerAppSwitchObserver pName = com@@oplus@@onetrace observer = com.oplus.app.IOplusAppSwitchObserver$Stub$Proxy@f0e96c0 config = OplusAppSwitchConfig = {  mConfigs = {} observerFingerPrint = 246889520}
06-20 16:49:34.448  1703  5736 I OplusAppSwitchStateDispatcher: registerAppSwitchObserver addDynamicListener OK, info = OplusAppSwitchRuleInfo = {  observer = com.oplus.app.IOplusAppSwitchObserver$Stub$Proxy@f0e96c0 observerFingerPrint = 246889520} rule size =0
06-20 16:49:34.450 28710 28761 W ContextImpl: Calling a method in the system process without a qualified user: android.app.ContextImpl.bindService:2032 android.content.ContextWrapper.bindService:871 com.oplus.dataprovider.server.i.l:68 com.oplus.dataprovider.app.AppJankStatsManager.start:3 com.oplus.onetrace.controller.p0.h:29 
06-20 16:49:34.651  1316  1316 W wificond: No handler for scan result notification from interface with index: 147
06-20 16:49:34.869  1703  1859 D WifiDisplayController: Discover peers succeeded.  Requesting peers now.
06-20 16:49:34.870  1703  1859 W ContextImpl: Calling a method in the system process without a qualified user: android.app.ContextImpl.sendBroadcast:1247 com.android.server.display.OplusWifiDisplayUsageHelperExtImpl.sendWfdStateBroadcast:92 com.android.server.display.OplusWifiDisplayUsageHelperExtImpl.getDiscoverPeersState:180 com.android.server.display.WifiDisplayController$5.onSuccess:589 android.net.wifi.p2p.WifiP2pManager$Channel$P2pHandler.handleMessage:1391 
06-20 16:49:34.871  1703  1859 D OplusWifiDisplayUsageHelperExtImpl: getDiscoverPeersState
06-20 16:49:34.873  1703  1859 D WifiDisplayController: Received list of peers.
06-20 16:49:35.032  1703  2839 D OplusAlarmAdjustment: alignAlarmsByUid(), uid=10256, pkgName=com.taobao.taobao, actions=null, procs=null, requester=1
06-20 16:49:35.032  1703  1907 D OplusAlarmAdjustMap: addAlignUid, uid=10256, pkgName=com.taobao.taobao, requester=1, mode=1
06-20 16:49:35.196  1703  1908 D OplusSmartBrightnessController: handleMessage MSG_LUX_CHANGED, mLux:629.45374 luxQueue=[642.0, 624.0, 628.0, 628.0, 630.0, 630.0, 624.0]
06-20 16:49:35.607  1703  2064 D PowerManagerService: userActivityNoUpdateLocked: groupId=0, eventTime=2566299951, event=touch, flags=0x0, uid=1000
06-20 16:49:35.708  1703  2064 D PowerManagerService: userActivityNoUpdateLocked: groupId=0, eventTime=2566300053, event=touch, flags=0x0, uid=1000
06-20 16:49:35.762  9195  9195 I Quality : Skipped: false 2 cost 40.463093 refreshRate 16857031 bit true processName com.ss.android.ugc.aweme
06-20 16:49:36.074  1703  2178 D RefreshRate: overrideWindowRefreshRate win Window{c1c4e1c u0 com.ss.android.ugc.aweme/com.ss.android.ugc.aweme.splash.SplashActivity}, refreshRateId 0
06-20 16:49:36.075  1703  1860 D OplusFullScreenDisplayManager: adjustInsetsStateForWin: com.ss.android.ugc.aweme, setting cutoutMode: oplus always
06-20 16:49:36.076  1703  1860 D OplusFullScreenDisplayManager: adjustInsetsStateForWin: com.ss.android.ugc.aweme, setting cutoutMode: oplus always
06-20 16:49:36.092  1703  2178 D RefreshRate: overrideWindowRefreshRate win Window{c1c4e1c u0 com.ss.android.ugc.aweme/com.ss.android.ugc.aweme.splash.SplashActivity}, refreshRateId 2
06-20 16:49:36.093  1703  1860 D OplusFullScreenDisplayManager: adjustInsetsStateForWin: com.ss.android.ugc.aweme, setting cutoutMode: oplus always
06-20 16:49:36.094  1703  1860 D OplusFullScreenDisplayManager: adjustInsetsStateForWin: com.ss.android.ugc.aweme, setting cutoutMode: oplus always
06-20 16:49:36.099  1703  2178 D OplusStartingWindowManager: updateRecordSurfaceViewState windowToken=android.os.BinderProxy@9922b8f, hasSurfaceView=true, win=Window{c1c4e1c u0 com.ss.android.ugc.aweme/com.ss.android.ugc.aweme.splash.SplashActivity}
06-20 16:49:36.109  9195  9195 I Quality : Skipped: false 1 cost 17.277475 refreshRate 16858703 bit true processName com.ss.android.ugc.aweme
06-20 16:49:36.631  1703  2064 D PowerManagerService: userActivityNoUpdateLocked: groupId=0, eventTime=2566300975, event=touch, flags=0x0, uid=1000
