07-12 22:42:17.071 D/OplusFullScreenDisplayManager( 1671): adjustInsetsStateForWin: com.ss.android.ugc.aweme, setting cutoutMode: oplus always
07-12 22:42:17.072 D/OplusFullScreenDisplayManager( 1671): adjustInsetsStateForWin: com.ss.android.ugc.aweme, setting cutoutMode: oplus always
07-12 22:42:17.072 D/OplusFullScreenDisplayManager( 1671): adjustInsetsStateForWin: com.ss.android.ugc.aweme, setting cutoutMode: oplus always
07-12 22:42:17.073 D/OplusFullScreenDisplayManager( 1671): adjustInsetsStateForWin: com.ss.android.ugc.aweme, setting cutoutMode: oplus always
07-12 22:42:17.073 V/WindowManager( 1671): Changing focus from null to Window{8f3f717 u0 com.ss.android.ugc.aweme/com.ss.android.ugc.aweme.detail.ultra.ui.UltraDetailActivity},diplayid=0
07-12 22:42:17.076 D/OplusFullScreenDisplayManager( 1671): adjustInsetsStateForWin: com.ss.android.ugc.aweme, setting cutoutMode: oplus always
07-12 22:42:17.077 D/OplusFullScreenDisplayManager( 1671): adjustInsetsStateForWin: com.ss.android.ugc.aweme, setting cutoutMode: oplus always
07-12 22:42:17.080 D/VRI[UltraDetailActivity](14883): relayoutWindow result, sizeChanged:true, surfaceControlChanged:true, transformHintChanged:true, mSurfaceSize:Point(1080, 2408), mLastSurfaceSize:Point(0, 0), mWidth:-1, mHeight:-1, requestedWidth:1080, requestedHeight:2408, transformHint:0, lastTransformHint:-2147483648, installOrientation:0, displayRotation:0, isSurfaceValid:true, attr.flag:-2122251904, useBlast:true, tmpFrames:ClientWindowFrames{frame=[0,0][1080,2408] display=[0,0][1080,2408] parentFrame=[0,0][0,0]}, params:{(0,0)(fillxfill) sim={state=hidden adjust=nothing forwardNavigation} ty=BASE_APPLICATION fmt=TRANSLUCENT wanim=0x10302fe
07-12 22:42:17.080 D/VRI[UltraDetailActivity](14883):   fl=KEEP_SCREEN_ON LAYOUT_IN_SCREEN LAYOUT_INSET_DECOR SPLIT_TOUCH HARDWARE_ACCELERATED DRAWS_SYSTEM_BAR_BACKGROUNDS
07-12 22:42:17.080 D/VRI[UltraDetailActivity](14883):   pfl=NO_MOVE_ANIMATION FORCE_DRAW_STATUS_BAR_BACKGROUND USE_BLAST FIT_INSETS_CONTROLLED
07-12 22:42:17.080 D/VRI[UltraDetailActivity](14883):   vsysui=LAYOUT_STABLE LAYOUT_FULLSCREEN
07-12 22:42:17.080 D/VRI[UltraDetailActivity](14883):   bhv=DEFAULT
07-12 22:42:17.080 D/VRI[UltraDetailActivity](14883):   fitSides= CLP[ ]}
07-12 22:42:17.081 W/VRI[UltraDetailActivity](14883): updateBlastSurfaceIfNeeded, surfaceSize:Point(1080, 2408), lastSurfaceSize:Point(0, 0), format:-3, blastBufferQueue:null
07-12 22:42:17.090 I/WindowManager( 1671): defer call onFirstWindowDrawn until mainwindow drawn:Window{ba68a65 u0 com.coloros.assistantscreen}
07-12 22:42:17.092 D/OplusFullScreenDisplayManager( 1671): adjustInsetsStateForWin: com.ss.android.ugc.aweme, setting cutoutMode: oplus always
07-12 22:42:17.093 D/OplusFullScreenDisplayManager( 1671): adjustInsetsStateForWin: com.ss.android.ugc.aweme, setting cutoutMode: oplus always
07-12 22:42:17.126 D/OplusStartingWindowManager( 1671): updateRecordSurfaceViewState windowToken=android.os.BinderProxy@a293f96, hasSurfaceView=true, win=Window{8f3f717 u0 com.ss.android.ugc.aweme/com.ss.android.ugc.aweme.detail.ultra.ui.UltraDetailActivity}
07-12 22:42:17.137 D/OplusTransitionController( 1671): onSyncFinishedDrawing, Window{8f3f717 u0 com.ss.android.ugc.aweme/com.ss.android.ugc.aweme.detail.ultra.ui.UltraDetailActivity}
07-12 22:42:17.137 I/WindowManager( 1671): finishDrawing skipLayout:false Window{8f3f717 u0 com.ss.android.ugc.aweme/com.ss.android.ugc.aweme.detail.ultra.ui.UltraDetailActivity} com.android.server.wm.WindowManagerService.finishDrawingWindow:2965 com.android.server.wm.Session.finishDrawing:311 android.view.IWindowSession$Stub.onTransact:779 
07-12 22:42:17.137 I/WindowManager( 1671): Window{8f3f717 u0 com.ss.android.ugc.aweme/com.ss.android.ugc.aweme.detail.ultra.ui.UltraDetailActivity} state from DRAW_PENDING to COMMIT_DRAW_PENDING; reason: finishDrawingLocked
07-12 22:42:17.137 D/OplusTransitionAnimationManager( 1671): skipFinishDrawingIfNeed clientRotation=0, currentRotation=0, hasFixedRotationApp=false, requestedOrientation=1, win=Window{8f3f717 u0 com.ss.android.ugc.aweme/com.ss.android.ugc.aweme.detail.ultra.ui.UltraDetailActivity}, activity=ActivityRecord{625e0ca u0 com.ss.android.ugc.aweme/.detail.ultra.ui.UltraDetailActivity t13194}, currentConfig={1.0 ??mcc??mnc [zh_CN] ldltr sw360dp w360dp h727dp 480dpi nrml long port finger -keyb/v/h -nav/h winConfig={ mBounds=Rect(0, 0 - 1080, 2408) mAppBounds=Rect(0, 96 - 1080, 2276) mMaxBounds=Rect(0, 0 - 1080, 2408) mDisplayRotation=ROTATION_0 mWindowingMode=fullscreen mDisplayWindowingMode=fullscreen mActivityType=standard mAlwaysOnTop=undefined mRotation=ROTATION_0} s.1 fontWeightAdjustment=0mThemeChanged= 0, mThemeChangedFlags= 0, mFlipFont= 0, mScenario= -1, mAccessibleChanged= -1, mUxIconConfig= 3468921665126662176, mMaterialColor= 100002, mUserId= 0, mFontUserId= 0, mFontVariationSettings= 226, mFoldingAngle = -1.0, mIconPackName= , mDarkModeBackgroundMaxL= 0.0, mDarkModeDialogBgMaxL= 27.0, mDarkModeForegroundMinL= 100.0, mOplusConfigType= 1, mOplusChangedConfigs= 0, OpSans= -1, mBurmeseFontFlag= 2, mFlag= 0, mFlexibleActivitySuitable= -1, mPuttDisplayFlag= -1}
07-12 22:42:17.139 D/OplusFullScreenDisplayManager( 1671): adjustInsetsStateForWin: com.ss.android.ugc.aweme, setting cutoutMode: oplus always
07-12 22:42:17.139 D/OplusFullScreenDisplayManager( 1671): adjustInsetsStateForWin: com.ss.android.ugc.aweme, setting cutoutMode: oplus always
07-12 22:42:17.140 D/OplusFullScreenDisplayManager( 1671): adjustInsetsStateForWin: com.ss.android.ugc.aweme, setting cutoutMode: oplus always
07-12 22:42:17.140 I/WindowManager( 1671): Window{8f3f717 u0 com.ss.android.ugc.aweme/com.ss.android.ugc.aweme.detail.ultra.ui.UltraDetailActivity} state from COMMIT_DRAW_PENDING to READY_TO_SHOW; reason: commitFinishDrawingLocked
07-12 22:42:17.140 D/ActivityTaskManager( 1671): Clearing startingData for token=null
07-12 22:42:17.141 D/ActivityTaskManager( 1671): Clearing startingData for token=null
07-12 22:42:17.141 I/WindowManager( 1671): Window{8f3f717 u0 com.ss.android.ugc.aweme/com.ss.android.ugc.aweme.detail.ultra.ui.UltraDetailActivity} state from READY_TO_SHOW to HAS_DRAWN; reason: performShowLocked
07-12 22:42:17.141 D/OplusTransitionAnimationManager( 1671): Transition replace type from OPEN to OPEN, mNextAppTransitionRequests : [1, 1]
07-12 22:42:17.141 D/OplusFlexibleActivityTransitionManager( 1671): fixTransitType type result:1, targets: [ActivityRecord{625e0ca u0 com.ss.android.ugc.aweme/.detail.ultra.ui.UltraDetailActivity t13194}, ActivityRecord{6fe6864 u0 com.ss.android.ugc.aweme/.search.activity.SearchResultActivity t13194}]
07-12 22:42:17.143 I/Quality (14883): Skipped: false 8 cost 141.35696 refreshRate 16857759 bit true processName com.ss.android.ugc.aweme
07-12 22:42:17.143 D/OplusTransitionController( 1671): onTransactionReady, syncId: 11725, 
07-12 22:42:17.143 D/OplusTransitionController( 1671):  info: {id=11725 t=OPEN f=0x0 trk=0 r=[0@Point(0, 0)] c=[{null m=OPEN f=FILLS_TASK leash=Surface(name=ActivityRecord{625e0ca u0 com.ss.android.ugc.aweme/.detail.ultra.ui.UltraDetailActivity t13194})/@0x92c34d2 sb=Rect(0, 0 - 0, 0) eb=Rect(0, 0 - 1080, 2408) d=-1->0 r=-1->0:-1},{null m=TO_BACK f=FILLS_TASK leash=Surface(name=ActivityRecord{6fe6864 u0 com.ss.android.ugc.aweme/.search.activity.SearchResultActivity t13194})/@0x8bb1a7e sb=Rect(0, 0 - 1080, 2408) eb=Rect(0, 0 - 1080, 2408) d=0}]}, 
07-12 22:42:17.143 D/OplusTransitionController( 1671):  targets : [ActivityRecord{625e0ca u0 com.ss.android.ugc.aweme/.detail.ultra.ui.UltraDetailActivity t13194}, ActivityRecord{6fe6864 u0 com.ss.android.ugc.aweme/.search.activity.SearchResultActivity t13194}]
07-12 22:42:17.145 V/WindowManagerShell( 2389): onTransitionReady android.os.BinderProxy@492da93: {id=11725 t=OPEN f=0x0 trk=0 r=[0@Point(0, 0)] c=[{null m=OPEN f=FILLS_TASK leash=Surface(name=ActivityRecord{625e0ca u0 com.ss.android.ugc.aweme/.detail.ultra.ui.UltraDetailActivity t13194})/@0x4c76a01 sb=Rect(0, 0 - 0, 0) eb=Rect(0, 0 - 1080, 2408) d=-1->0 r=-1->0:-1},{null m=TO_BACK f=FILLS_TASK leash=Surface(name=ActivityRecord{6fe6864 u0 com.ss.android.ugc.aweme/.search.activity.SearchResultActivity t13194})/@0x8faa0a6 sb=Rect(0, 0 - 1080, 2408) eb=Rect(0, 0 - 1080, 2408) d=0}]}
07-12 22:42:17.146 V/WindowManagerShell( 2389): Playing animation for (#11725)android.os.BinderProxy@492da93@0
07-12 22:42:17.146 V/WindowManagerShell( 2389):  try handler com.oplus.zoom.transition.ZoomTransitionController@4ae079b
07-12 22:42:17.146 V/WindowManagerShell( 2389):  try handler com.android.wm.shell.transition.DefaultMixedHandler@14ca738
07-12 22:42:17.146 V/WindowManagerShell( 2389):  try handler com.android.wm.shell.keyguard.KeyguardTransitionHandler@714843b
07-12 22:42:17.146 V/WindowManagerShell( 2389):  try handler com.android.wm.shell.activityembedding.ActivityEmbeddingController@4a87758
07-12 22:42:17.146 V/WindowManagerShell( 2389):  try handler com.android.wm.shell.recents.RecentsTransitionHandler@627d0b1
07-12 22:42:17.146 V/WindowManagerShell( 2389): RecentsTransitionHandler.startAnimation: no controller found
07-12 22:42:17.146 V/WindowManagerShell( 2389):  try handler com.android.wm.shell.pip.PipTransition@a6ff996
07-12 22:42:17.146 V/WindowManagerShell( 2389):  try handler com.android.wm.shell.splitscreen.StageCoordinator@fbd2917
07-12 22:42:17.146 V/WindowManagerShell( 2389):  try handler com.oplus.flexibleactivity.FlexibleActivityTransitionHandler@4d9b104
07-12 22:42:17.146 V/WindowManagerShell( 2389):  try handler OnePuttTransitionHandler
07-12 22:42:17.147 V/WindowManagerShell( 2389):  try handler com.android.wm.shell.transition.RemoteTransitionHandler@5c2d970
07-12 22:42:17.147 V/WindowManagerShell( 2389): Transition doesn't have explicit remote, search filters for match for {id=11725 t=OPEN f=0x0 trk=0 r=[0@Point(0, 0)] c=[{null m=OPEN f=FILLS_TASK leash=Surface(name=ActivityRecord{625e0ca u0 com.ss.android.ugc.aweme/.detail.ultra.ui.UltraDetailActivity t13194})/@0x4c76a01 sb=Rect(0, 0 - 0, 0) eb=Rect(0, 0 - 1080, 2408) d=-1->0 r=-1->0:-1},{null m=TO_BACK f=FILLS_TASK leash=Surface(name=ActivityRecord{6fe6864 u0 com.ss.android.ugc.aweme/.search.activity.SearchResultActivity t13194})/@0x8faa0a6 sb=Rect(0, 0 - 1080, 2408) eb=Rect(0, 0 - 1080, 2408) d=0}]}
07-12 22:42:17.147 V/WindowManagerShell( 2389):  Checking filter Pair{{types=[] flags=0x0] notFlags=0x100 checks=[{atype=home independent=true modes=[OPEN,TO_FRONT] flags=NONE mustBeTask=false order=TOP topActivity=ComponentInfo{com.android.launcher/com.android.launcher.Launcher}},{atype=standard independent=true modes=[CLOSE,TO_BACK] flags=NONE mustBeTask=false order=ANY topActivity=null}]} RemoteTransition { remoteTransition = android.window.IRemoteTransition$Stub$Proxy@ed6e4e9, appThread = android.app.IApplicationThread$Stub$Proxy@74a56e, debugName = QuickstepLaunchHome }}
07-12 22:42:17.147 V/WindowManagerShell( 2389):  Delegate animation for #11725 to null
07-12 22:42:17.147 V/WindowManagerShell( 2389):  try handler com.android.wm.shell.transition.DefaultTransitionHandler@d26240f
07-12 22:42:17.147 V/WindowManagerShell( 2389): start default transition animation, info = {id=11725 t=OPEN f=0x0 trk=0 r=[0@Point(0, 0)] c=[{null m=OPEN f=FILLS_TASK leash=Surface(name=ActivityRecord{625e0ca u0 com.ss.android.ugc.aweme/.detail.ultra.ui.UltraDetailActivity t13194})/@0x4c76a01 sb=Rect(0, 0 - 0, 0) eb=Rect(0, 0 - 1080, 2408) d=-1->0 r=-1->0:-1},{null m=TO_BACK f=FILLS_TASK leash=Surface(name=ActivityRecord{6fe6864 u0 com.ss.android.ugc.aweme/.search.activity.SearchResultActivity t13194})/@0x8faa0a6 sb=Rect(0, 0 - 1080, 2408) eb=Rect(0, 0 - 1080, 2408) d=0}]}
07-12 22:42:17.148 V/WindowManager( 1671): Sent Transition #11725 createdAt=07-12 22:42:16.885 via request=TransitionRequestInfo { type = OPEN, triggerTask = TaskInfo{userId=0 taskId=13194 displayId=0 isRunning=true baseIntent=Intent { act=android.intent.action.MAIN cat=[android.intent.category.LAUNCHER] flg=0x10200000 cmp=com.ss.android.ugc.aweme/.splash.SplashActivity mCallingUid=10168 } baseActivity=ComponentInfo{com.ss.android.ugc.aweme/com.ss.android.ugc.aweme.main.MainActivity} topActivity=ComponentInfo{com.ss.android.ugc.aweme/com.ss.android.ugc.aweme.detail.ultra.ui.UltraDetailActivity} origActivity=ComponentInfo{com.ss.android.ugc.aweme/com.ss.android.ugc.aweme.splash.SplashActivity} realActivity=ComponentInfo{com.ss.android.ugc.aweme/com.ss.android.ugc.aweme.main.MainActivity} numActivities=5 lastActiveTime=914901189 supportsSplitScreenMultiWindow=true supportsMultiWindow=true supportsPocketStudioMultiWindow=true isInFlexibleEmbedded = false uid = 10356 pid = 0 resizeMode=2 isResizeable=true minWidth=-1 minHeight=-1 defaultMinSize=220 token=WCT{RemoteToken{39cbdd4 Task{cfd4336 #13194 type=standard A=10356:com.ss.android.ugc.aweme}}} topActivityType=1 pictureInPictureParams=null shouldDockBigOverlays=false launchIntoPipHostTaskId=-1 lastParentTaskIdBeforePip=-1 displayCutoutSafeInsets=null topActivityInfo=ActivityInfo{cbcc435 com.ss.android.ugc.aweme.detail.ultra.ui.UltraDetailActivity} launchCookies=[] positionInParent=Point(0, 0) parentTaskId=-1 isFocused=true isVisible=true isVisibleRequested=true isSleeping=false topActivityInSizeCompat=false topActivityInOplusCompatMode=false topActivityEligibleForLetterboxEducation= false topActivityLetterboxed= false isFromDoubleTap= false topActivityLetterboxVerticalPosition= -1 topActivityLetterboxHorizontalPosition= -1 topActivityLetterboxWidth=-1 topActivityLetterboxHeight=-1 locusId=null displayAreaFeatureId=1 cameraCompatControlState=hidden locusId= null topActivityLetterboxInsets=Rect(0, 0 - 0, 0)}, remoteTransition = null, displayChange = null }
07-12 22:42:17.148 V/WindowManager( 1671):     startWCT=WindowContainerTransaction { changes = {} hops = [] errorCallbackToken=null taskFragmentOrganizer=null }
07-12 22:42:17.148 V/WindowManager( 1671):     info={id=11725 t=OPEN f=0x0 trk=0 r=[0@Point(0, 0)] c=[{null m=OPEN f=FILLS_TASK leash=Surface(name=ActivityRecord{625e0ca u0 com.ss.android.ugc.aweme/.detail.ultra.ui.UltraDetailActivity t13194})/@0x92c34d2 sb=Rect(0, 0 - 0, 0) eb=Rect(0, 0 - 1080, 2408) d=-1->0 r=-1->0:-1},{null m=TO_BACK f=FILLS_TASK leash=Surface(name=ActivityRecord{6fe6864 u0 com.ss.android.ugc.aweme/.search.activity.SearchResultActivity t13194})/@0x8bb1a7e sb=Rect(0, 0 - 1080, 2408) eb=Rect(0, 0 - 1080, 2408) d=0}]}
07-12 22:42:17.150 D/OplusFullScreenDisplayManager( 1671): adjustInsetsStateForWin: com.ss.android.ugc.aweme, setting cutoutMode: oplus always
07-12 22:42:17.150 W/VRI[UltraDetailActivity](14883): handleResized, msg:5, frameChanged:false, configChanged:false, displayChanged:false, attachedFrameChanged:false, compatScaleChanged:false, pendingDragResizing=false
07-12 22:42:17.150 D/OplusFullScreenDisplayManager( 1671): adjustInsetsStateForWin: com.ss.android.ugc.aweme, setting cutoutMode: oplus always
07-12 22:42:17.150 V/WindowManagerShell( 2389):  animated by com.android.wm.shell.transition.DefaultTransitionHandler@d26240f
07-12 22:42:17.151 D/OplusFullScreenDisplayManager( 1671): adjustInsetsStateForWin: com.ss.android.ugc.aweme, setting cutoutMode: oplus always
07-12 22:42:17.151 D/OplusFullScreenDisplayManager( 1671): adjustInsetsStateForWin: com.ss.android.ugc.aweme, setting cutoutMode: oplus always
07-12 22:42:17.160 I/WindowManager( 1671): defer call onFirstWindowDrawn until mainwindow drawn:Window{ba68a65 u0 com.coloros.assistantscreen}
07-12 22:42:17.161 D/ActivityTaskManager( 1671): Clearing startingData for token=null
07-12 22:42:17.163 D/OplusFullScreenDisplayManager( 1671): adjustInsetsStateForWin: com.ss.android.ugc.aweme, setting cutoutMode: oplus always
07-12 22:42:17.163 D/OplusFullScreenDisplayManager( 1671): adjustInsetsStateForWin: com.ss.android.ugc.aweme, setting cutoutMode: oplus always
07-12 22:42:17.164 D/OplusFullScreenDisplayManager( 1671): adjustInsetsStateForWin: com.ss.android.ugc.aweme, setting cutoutMode: oplus always
07-12 22:42:17.168 I/WindowManager( 1671): defer call onFirstWindowDrawn until mainwindow drawn:Window{ba68a65 u0 com.coloros.assistantscreen}
07-12 22:42:17.175 D/OplusTransitionAnimationManager( 1671): skipFinishDrawingIfNeed clientRotation=0, currentRotation=0, hasFixedRotationApp=false, requestedOrientation=1, win=Window{8f3f717 u0 com.ss.android.ugc.aweme/com.ss.android.ugc.aweme.detail.ultra.ui.UltraDetailActivity}, activity=ActivityRecord{625e0ca u0 com.ss.android.ugc.aweme/.detail.ultra.ui.UltraDetailActivity t13194}, currentConfig={1.0 ??mcc??mnc [zh_CN] ldltr sw360dp w360dp h727dp 480dpi nrml long port finger -keyb/v/h -nav/h winConfig={ mBounds=Rect(0, 0 - 1080, 2408) mAppBounds=Rect(0, 96 - 1080, 2276) mMaxBounds=Rect(0, 0 - 1080, 2408) mDisplayRotation=ROTATION_0 mWindowingMode=fullscreen mDisplayWindowingMode=fullscreen mActivityType=standard mAlwaysOnTop=undefined mRotation=ROTATION_0} s.1 fontWeightAdjustment=0mThemeChanged= 0, mThemeChangedFlags= 0, mFlipFont= 0, mScenario= -1, mAccessibleChanged= -1, mUxIconConfig= 3468921665126662176, mMaterialColor= 100002, mUserId= 0, mFontUserId= 0, mFontVariationSettings= 226, mFoldingAngle = -1.0, mIconPackName= , mDarkModeBackgroundMaxL= 0.0, mDarkModeDialogBgMaxL= 27.0, mDarkModeForegroundMinL= 100.0, mOplusConfigType= 1, mOplusChangedConfigs= 0, OpSans= -1, mBurmeseFontFlag= 2, mFlag= 0, mFlexibleActivitySuitable= -1, mPuttDisplayFlag= -1}
07-12 22:42:17.177 D/OplusFullScreenDisplayManager( 1671): adjustInsetsStateForWin: com.ss.android.ugc.aweme, setting cutoutMode: oplus always
07-12 22:42:17.178 D/OplusFullScreenDisplayManager( 1671): adjustInsetsStateForWin: com.ss.android.ugc.aweme, setting cutoutMode: oplus always
07-12 22:42:17.179 D/OplusFullScreenDisplayManager( 1671): adjustInsetsStateForWin: com.ss.android.ugc.aweme, setting cutoutMode: oplus always
07-12 22:42:17.179 D/OplusFullScreenDisplayManager( 1671): adjustInsetsStateForWin: com.ss.android.ugc.aweme, setting cutoutMode: oplus always
07-12 22:42:17.181 W/ActivityManager( 1671): Unable to start service Intent { cmp=com.smile.gifmaker/com.kwai.android.dispatcher.PushV3ProcessLauncherService } U=0: not found
07-12 22:42:17.182 I/WindowManager( 1671): defer call onFirstWindowDrawn until mainwindow drawn:Window{ba68a65 u0 com.coloros.assistantscreen}
07-12 22:42:17.182 W/ActivityManager( 1671): Unable to start service Intent { cmp=com.smile.gifmaker/com.yxcorp.gifshow.v2.manager.cache.GothamCacheRequestService } U=0: not found
07-12 22:42:17.196 I/WindowManager( 1671): defer call onFirstWindowDrawn until mainwindow drawn:Window{ba68a65 u0 com.coloros.assistantscreen}
07-12 22:42:17.214 I/Quality (14883): Skipped: false 1 cost 22.751764 refreshRate 16666667 bit true processName com.ss.android.ugc.aweme
07-12 22:42:17.230 D/InputMethodManagerService( 1671): isSecurity: attribute.packageName = com.ss.android.ugc.aweme mCurMethodId = com.sohu.inputmethod.sogou/.SogouIME isSecurity = false ( enable = true needShow = false inBlackList = false isExist = true )
07-12 22:42:17.241 D/OplusFullScreenDisplayManager( 1671): adjustInsetsStateForWin: com.ss.android.ugc.aweme, setting cutoutMode: oplus always
07-12 22:42:17.241 D/OplusFullScreenDisplayManager( 1671): adjustInsetsStateForWin: com.ss.android.ugc.aweme, setting cutoutMode: oplus always
07-12 22:42:17.242 D/OplusFullScreenDisplayManager( 1671): adjustInsetsStateForWin: com.ss.android.ugc.aweme, setting cutoutMode: oplus always
07-12 22:42:17.244 D/OplusFullScreenDisplayManager( 1671): adjustInsetsStateForWin: com.ss.android.ugc.aweme, setting cutoutMode: oplus always
07-12 22:42:17.245 D/OplusFullScreenDisplayManager( 1671): adjustInsetsStateForWin: com.ss.android.ugc.aweme, setting cutoutMode: oplus always
07-12 22:42:17.247 I/WindowManager( 1671): defer call onFirstWindowDrawn until mainwindow drawn:Window{ba68a65 u0 com.coloros.assistantscreen}
07-12 22:42:17.266 I/Quality (14883): Skipped: false 2 cost 39.46988 refreshRate 16858657 bit true processName com.ss.android.ugc.aweme
07-12 22:42:17.321 D/OplusAthenaAm( 1671): reset: done 66282
07-12 22:42:17.378 V/WindowManagerShell( 2389): Transition animation finished (aborted=false), notifying core (#11725)android.os.BinderProxy@492da93@0
07-12 22:42:17.380 V/WindowManager( 1671): Finish Transition #11725: created at 07-12 22:42:16.885 collect-started=0.039ms request-sent=7.567ms started=10.281ms ready=35.369ms sent=258.854ms finished=494.281ms
07-12 22:42:17.381 I/OplusAppSwitchManagerService( 1671):  handleAppVisible , r = ActivityRecord{625e0ca u0 com.ss.android.ugc.aweme/.detail.ultra.ui.UltraDetailActivity t13194}
07-12 22:42:17.382 D/OplusTransitionController( 1671): finishTransition, transition: TransitionRecord{3826eb1 id=11725 type=OPEN flags=0x0}
07-12 22:42:17.382 D/OplusTransitionAnimationManager( 1671): commitVisibilityWhenFinishTransition type=1, ar.isVisibleRequested=true, ar.isVisible=true, ar.isVisibleRequested=true, ar=ActivityRecord{625e0ca u0 com.ss.android.ugc.aweme/.detail.ultra.ui.UltraDetailActivity t13194} ar type 1 ar state :RESUMED displayid :0, participants={ActivityRecord{625e0ca u0 com.ss.android.ugc.aweme/.detail.ultra.ui.UltraDetailActivity t13194}, ActivityRecord{6fe6864 u0 com.ss.android.ugc.aweme/.search.activity.SearchResultActivity t13194}}
07-12 22:42:17.382 D/OplusTransitionAnimationManager( 1671): commitVisibilityWhenFinishTransition type=1, ar.isVisibleRequested=false, ar.isVisible=false, ar.isVisibleRequested=false, ar=ActivityRecord{6fe6864 u0 com.ss.android.ugc.aweme/.search.activity.SearchResultActivity t13194} ar type 1 ar state :PAUSED displayid :0, participants={ActivityRecord{625e0ca u0 com.ss.android.ugc.aweme/.detail.ultra.ui.UltraDetailActivity t13194}, ActivityRecord{6fe6864 u0 com.ss.android.ugc.aweme/.search.activity.SearchResultActivity t13194}}
07-12 22:42:17.382 D/OplusTransitionAnimationManager( 1671): updateTaskVisibleWhenFinishTransition task=Task{cfd4336 #13194 type=standard A=10356:com.ss.android.ugc.aweme}
07-12 22:42:17.383 D/ShellTaskOrganizer( 2389): onTransitionFinish, isRecent:false
07-12 22:42:17.383 V/WindowManagerShell( 2389): Track 0 became idle
07-12 22:42:17.392 I/WindowManager( 1671): defer call onFirstWindowDrawn until mainwindow drawn:Window{ba68a65 u0 com.coloros.assistantscreen}
07-12 22:42:17.406 I/Quality (14883): Skipped: false 1 cost 28.053349 refreshRate 16858865 bit true processName com.ss.android.ugc.aweme
07-12 22:42:17.462 I/Quality (14883): Skipped: false 2 cost 50.04651 refreshRate 16858546 bit true processName com.ss.android.ugc.aweme
07-12 22:42:17.472 D/WindowManagerServiceExtImpl( 1671): extractConfigInfoAndRealFlags rotation=0, screenDp=360, win=Window{bd685 u0 com.ss.android.ugc.aweme/com.ss.android.ugc.aweme.search.activity.SearchResultActivity}
07-12 22:42:17.472 V/WindowManager( 1671): Relayout Window{bd685 u0 com.ss.android.ugc.aweme/com.ss.android.ugc.aweme.search.activity.SearchResultActivity}: viewVisibility=8, oldvis=0, req=1080x2408, vsysui=LAYOUT_STABLE LAYOUT_FULLSCREEN IMMERSIVE_STICKY
07-12 22:42:17.472 D/OplusFullScreenDisplayManager( 1671): adjustInsetsStateForWin: com.ss.android.ugc.aweme, setting cutoutMode: oplus always
07-12 22:42:17.472 D/OplusFullScreenDisplayManager( 1671): adjustInsetsStateForWin: com.ss.android.ugc.aweme, setting cutoutMode: oplus always
07-12 22:42:17.473 D/OplusFullScreenDisplayManager( 1671): adjustInsetsStateForWin: com.ss.android.ugc.aweme, setting cutoutMode: oplus always
07-12 22:42:17.474 D/OplusFullScreenDisplayManager( 1671): adjustInsetsStateForWin: com.ss.android.ugc.aweme, setting cutoutMode: oplus always
07-12 22:42:17.475 D/VRI[SearchResultActivity](14883): relayoutWindow result, sizeChanged:false, surfaceControlChanged:true, transformHintChanged:false, mSurfaceSize:Point(1080, 2408), mLastSurfaceSize:Point(1080, 2408), mWidth:1080, mHeight:2408, requestedWidth:1080, requestedHeight:2408, transformHint:0, lastTransformHint:0, installOrientation:0, displayRotation:0, isSurfaceValid:false, attr.flag:-2122251904, useBlast:true, tmpFrames:ClientWindowFrames{frame=[0,0][1080,2408] display=[0,0][1080,2408] parentFrame=[0,0][0,0]}, params:null
07-12 22:42:17.478 I/WindowManager( 1671): Window{bd685 u0 com.ss.android.ugc.aweme/com.ss.android.ugc.aweme.search.activity.SearchResultActivity} state from HAS_DRAWN to NO_SURFACE; reason: destroySurface
07-12 22:42:17.478 D/ActivityTaskManager( 1671): Clearing startingData for token=null
07-12 22:42:17.480 I/Quality (14883): Skipped: false 1 cost 17.085535 refreshRate 16858416 bit true processName com.ss.android.ugc.aweme
07-12 22:42:17.483 I/WindowManager( 1671): defer call onFirstWindowDrawn until mainwindow drawn:Window{ba68a65 u0 com.coloros.assistantscreen}
07-12 22:42:17.512 I/MediaSessionStack( 1671): addSession to bottom of stack | record: com.ss.android.ugc.aweme/FeedPlayerSession (userId=0)
07-12 22:42:17.514 I/OplusMediaControlService( 1671): onActiveSessionsChanged begin
07-12 22:42:17.514 I/OplusMediaControlService( 1671): onEventFromMediaControllerList controller size = 0
07-12 22:42:17.514 I/OplusMediaControlService( 1671): updateControllerMap controller
07-12 22:42:17.514 I/OplusMediaControlService( 1671): sendOnEventMessage begin
07-12 22:42:17.515 I/OplusMediaControlService( 1671): onActiveSessionsChanged begin
07-12 22:42:17.515 I/OplusMediaControlService( 1671): onEventFromMediaControllerList controller size = 0
07-12 22:42:17.515 I/OplusMediaControlService( 1671): updateControllerMap controller
07-12 22:42:17.515 I/OplusMediaControlService( 1671): sendOnEventMessage begin
07-12 22:42:17.515 I/OplusMediaControlService( 1671): on event EventType: 6
07-12 22:42:17.515 I/OplusMediaControlService( 1671): on event EventType: 6
07-12 22:42:17.515 I/OplusMediaControlService( 1671): unregisterEventObserver start
07-12 22:42:17.516 I/OplusMediaControlService( 1671): onActiveSessionsChanged begin
07-12 22:42:17.516 I/OplusMediaControlService( 1671): onEventFromMediaControllerList controller size = 1
07-12 22:42:17.516 D/OplusMediaControlService( 1671): isInMediaBlackList: com.ss.android.ugc.aweme, 0
07-12 22:42:17.516 V/OplusMediaControlService( 1671): this app is in media black list, pkgName: com.ss.android.ugc.aweme
07-12 22:42:17.516 I/OplusMediaControlService( 1671): updateControllerMap controller
07-12 22:42:17.516 D/OplusMediaControlService( 1671): isInMediaBlackList: com.ss.android.ugc.aweme, 0
07-12 22:42:17.516 V/OplusMediaControlService( 1671): this app is in media black list, pkgName: com.ss.android.ugc.aweme
07-12 22:42:17.516 I/OplusMediaControlService( 1671): sendOnEventMessage begin
07-12 22:42:17.516 I/OplusMediaControlService( 1671): unregisterEventObserver successfully.
07-12 22:42:17.517 I/OplusMediaControlService( 1671): registerEventObserver start
07-12 22:42:17.517 I/OplusMediaControlService( 1671): registerEventObserver successfully.
07-12 22:42:17.518 I/OplusMediaControlService( 1671): unregisterEventObserver start
07-12 22:42:17.518 I/OplusMediaControlService( 1671): unregisterEventObserver successfully.
07-12 22:42:17.519 I/OplusMediaControlService( 1671): on event EventType: 6
07-12 22:42:17.520 I/OplusMediaControlService( 1671): registerEventObserver start
07-12 22:42:17.521 I/OplusMediaControlService( 1671): registerEventObserver successfully.
07-12 22:42:17.521 I/OplusMediaControlService( 1671): unregisterEventObserver start
07-12 22:42:17.522 I/OplusMediaControlService( 1671): unregisterEventObserver successfully.
07-12 22:42:17.523 I/OplusMediaControlService( 1671): registerEventObserver start
07-12 22:42:17.523 I/OplusMediaControlService( 1671): registerEventObserver successfully.
07-12 22:42:17.553 D/OplusStartingWindowManager( 1671): updateRecordSurfaceViewState windowToken=android.os.BinderProxy@a293f96, hasSurfaceView=true, win=Window{8f3f717 u0 com.ss.android.ugc.aweme/com.ss.android.ugc.aweme.detail.ultra.ui.UltraDetailActivity}
07-12 22:42:17.572 I/Quality (14883): Skipped: false 1 cost 25.12326 refreshRate 16859479 bit true processName com.ss.android.ugc.aweme
07-12 22:42:17.803 D/CommSceneService( 1671): my telephony callback proxy invoke method=onTelephonyEventReport
07-12 22:42:17.804 D/TelephonyManagerProxy(20232): onTelephonyEventReport,cb list: 3
07-12 22:42:17.804 D/TelephonyManagerProxy(20232): onTelephonyEventReport,cb: l8.a$a@c23d9d1
07-12 22:42:17.804 D/TelephonyManagerProxy(20232): onTelephonyEventReport,cb: d8.d$a@2860828
07-12 22:42:17.804 D/TelephonyManagerProxy(20232): onTelephonyEventReport,cb: d8.d$a@7dd941
07-12 22:42:17.929 W/ContextImpl(20755): Calling a method in the system process without a qualified user: android.app.ContextImpl.bindService:2032 android.content.ContextWrapper.bindService:871 com.oplus.onetrace.connection.a.c:19 com.oplus.onetrace.connection.b.c:23 g3.a.c:7 
07-12 22:42:17.939 E/OplusAthenaAm( 1671): AthenaAmManagerInternal transact code hello:13,flags:0
07-12 22:42:18.002 I/OplusAppSwitchManagerService( 1671): appswitch registerAppSwitchObserver pName = com@@oplus@@onetrace observer = com.oplus.app.IOplusAppSwitchObserver$Stub$Proxy@3203163 config = OplusAppSwitchConfig = {  mConfigs = {} observerFingerPrint = 243707042}
07-12 22:42:18.002 I/OplusAppSwitchStateDispatcher( 1671): registerAppSwitchObserver addDynamicListener OK, info = OplusAppSwitchRuleInfo = {  observer = com.oplus.app.IOplusAppSwitchObserver$Stub$Proxy@3203163 observerFingerPrint = 243707042} rule size =0
07-12 22:42:18.004 W/ContextImpl(13023): Calling a method in the system process without a qualified user: android.app.ContextImpl.bindService:2032 android.content.ContextWrapper.bindService:871 com.oplus.dataprovider.server.i.l:68 com.oplus.dataprovider.app.AppJankStatsManager.start:3 com.oplus.onetrace.controller.p0.h:29 
07-12 22:42:18.230 I/ActivityManager( 1671): Waited long enough for: ServiceRecord{22c7c98 u0 com.google.android.gms/.games.chimera.GamesAsyncServiceProxy}
07-12 22:42:18.313 I/Quality (14883): Skipped: false 1 cost 24.225126 refreshRate 16857576 bit true processName com.ss.android.ugc.aweme
07-12 22:42:18.695 D/RefreshRate( 1671): overrideWindowRefreshRate win Window{8f3f717 u0 com.ss.android.ugc.aweme/com.ss.android.ugc.aweme.detail.ultra.ui.UltraDetailActivity}, refreshRateId 2
07-12 22:42:18.697 D/OplusFullScreenDisplayManager( 1671): adjustInsetsStateForWin: com.ss.android.ugc.aweme, setting cutoutMode: oplus always
07-12 22:42:18.697 D/OplusFullScreenDisplayManager( 1671): adjustInsetsStateForWin: com.ss.android.ugc.aweme, setting cutoutMode: oplus always
07-12 22:42:18.698 D/OplusFullScreenDisplayManager( 1671): adjustInsetsStateForWin: com.ss.android.ugc.aweme, setting cutoutMode: oplus always
07-12 22:42:18.705 D/OplusStartingWindowManager( 1671): updateRecordSurfaceViewState windowToken=android.os.BinderProxy@a293f96, hasSurfaceView=true, win=Window{8f3f717 u0 com.ss.android.ugc.aweme/com.ss.android.ugc.aweme.detail.ultra.ui.UltraDetailActivity}
07-12 22:42:18.714 I/WindowManager( 1671): defer call onFirstWindowDrawn until mainwindow drawn:Window{ba68a65 u0 com.coloros.assistantscreen}
07-12 22:42:18.725 I/OplusSmartBrightnessController( 1671): deltaLux = 1.087122, scale = 1.2874798
07-12 22:42:18.726 D/OplusSmartBrightnessController( 1671): handleMessage MSG_LUX_CHANGED, mLux:11.155621 luxQueue=[11.0, 10.0, 11.0, 11.0, 11.0, 11.0, 11.0, 11.0, 11.0, 11.0, 11.0]
07-12 22:42:18.827 V/MonthTrafficAlert(20232): getWarningNotification subId:1 numWarningNotificaion:0
07-12 22:42:18.827 V/TrafficAlert(20232): getLimitNotification subId:1 ,numLimitNotificaion:0
07-12 22:42:19.033 E/AppOps  ( 1671): attributionTag  not declared in manifest of com.oplus.exsystemservice
07-12 22:42:19.034 E/AppOps  ( 1671): attributionTag  not declared in manifest of com.oplus.exsystemservice
07-12 22:42:19.998 I/Quality (14883): Skipped: false 1 cost 23.490742 refreshRate 16857774 bit true processName com.ss.android.ugc.aweme
07-12 22:42:20.037 I/Quality (14883): Skipped: false 1 cost 28.721376 refreshRate 16857749 bit true processName com.ss.android.ugc.aweme
07-12 22:42:20.701 V/AlarmManager( 1671): sending alarm Alarm{f94a41c type 3 origWhen 914905000 whenElapsed 914905000 android} uid 1000 whenElapsed 914905000 windowLength 0 maxWhenElapsed 914905000 repeatInterval 0 action null component null tag StatsCompanionService.periodic flags 0x9 procName system_server
07-12 22:42:20.925 I/OplusSmartBrightnessController( 1671): deltaLux = 0.15562057, scale = 1.0
07-12 22:42:20.925 D/OplusSmartBrightnessController( 1671): handleMessage MSG_LUX_CHANGED, mLux:11.0 luxQueue=[11.0, 11.0, 11.0, 11.0, 11.0, 11.0, 11.0, 11.0, 11.0, 11.0, 11.0]
07-12 22:42:21.899 D/CommSceneService( 1671): my telephony callback proxy invoke method=onTelephonyEventReport
07-12 22:42:21.899 D/TelephonyManagerProxy(20232): onTelephonyEventReport,cb list: 3
07-12 22:42:21.899 D/TelephonyManagerProxy(20232): onTelephonyEventReport,cb: l8.a$a@c23d9d1
07-12 22:42:21.899 D/TelephonyManagerProxy(20232): onTelephonyEventReport,cb: d8.d$a@2860828
07-12 22:42:21.899 D/TelephonyManagerProxy(20232): onTelephonyEventReport,cb: d8.d$a@7dd941
07-12 22:42:23.125 D/OplusSmartBrightnessController( 1671): handleMessage MSG_LUX_CHANGED, mLux:11.0 luxQueue=[11.0, 11.0, 11.0, 11.0, 11.0, 11.0, 11.0, 11.0, 11.0, 11.0, 11.0]
07-12 22:42:23.274 W/ProcessStats( 1671): Tracking association SourceState{c2ae11e com.heytap.mcs/1000 ImpFg #1386251} whose proc state 5 is better than process ProcessState{bdc78ac com.heytap.htms:cloudctrl/10143 pkg=com.heytap.htms} proc state 8 (91 skipped)
07-12 22:42:24.525 D/OplusSmartBrightnessController( 1671): handleMessage MSG_LUX_CHANGED, mLux:11.4392805 luxQueue=[12.0, 11.0, 12.0, 11.0, 11.0, 11.0, 12.0]
07-12 22:42:24.972 D/CommSceneService( 1671): my telephony callback proxy invoke method=onTelephonyEventReport
07-12 22:42:24.972 D/TelephonyManagerProxy(20232): onTelephonyEventReport,cb list: 3
07-12 22:42:24.972 D/TelephonyManagerProxy(20232): onTelephonyEventReport,cb: l8.a$a@c23d9d1
07-12 22:42:24.972 D/TelephonyManagerProxy(20232): onTelephonyEventReport,cb: d8.d$a@2860828
07-12 22:42:24.972 D/TelephonyManagerProxy(20232): onTelephonyEventReport,cb: d8.d$a@7dd941
07-12 22:42:27.124 I/OplusSmartBrightnessController( 1671): deltaLux = 0.4392805, scale = 1.0
07-12 22:42:27.125 D/OplusSmartBrightnessController( 1671): handleMessage MSG_LUX_CHANGED, mLux:11.0 luxQueue=[11.0, 11.0, 11.0, 11.0, 11.0, 11.0, 11.0, 11.0, 11.0, 11.0, 11.0, 11.0]
07-12 22:42:27.938 I/OplusAppSwitchManagerService( 1671): appswitch unregisterAppSwitchObserver pkgName = com.oplus.onetrace config = OplusAppSwitchConfig = {  mConfigs = {} observerFingerPrint = 243707042}
07-12 22:42:27.938 I/OplusAppSwitchStateDispatcher( 1671): unregisterAppSwitchObserver ok, pkgName = com.oplus.onetrace info = OplusAppSwitchRuleInfo = {  observer = null observerFingerPrint = 243707042}
07-12 22:42:27.950 E/OplusAthenaAm( 1671): AthenaAmManagerInternal transact code hello:13,flags:0
07-12 22:42:28.234 D/OAppNetControlService( 1671): Hans update:[99910190=false][0|0] blackList:[10260, 10382, 10195, 10022, 10502, 10227, 10119, 10245, 10190]
07-12 22:42:28.241 D/OplusAlarmAdjustment( 1671): unproxyAlarmsByUid(), uid=99910190, pkgName=com.google.android.gsf, requester=1
07-12 22:42:28.242 D/OplusAlarmAdjustMap( 1671): removeProxyUid, uid=99910190, requester=1
07-12 22:42:28.271 D/OplusAlarmAdjustment( 1671): proxyAlarmsByUid(), uid=10338, pkgName=com.ss.android.auto, requester=1
07-12 22:42:28.274 D/OplusAlarmAdjustMap( 1671): addProxyUid, uid=10338, pkgName=com.ss.android.auto, requester=1
07-12 22:42:28.274 D/OAppNetControlService( 1671): Hans update:[10338=true][0|0] blackList:[10260, 10382, 10195, 10022, 10502, 10227, 10119, 10245, 10190, 10338]
07-12 22:42:29.325 D/OplusSmartBrightnessController( 1671): handleMessage MSG_LUX_CHANGED, mLux:11.0 luxQueue=[11.0, 11.0, 11.0, 11.0, 11.0, 11.0, 11.0, 11.0, 11.0, 11.0, 11.0]
07-12 22:42:30.869 D/OplusThermalStats( 1671): REPORT_UPDATE_CPU  ->  phoneTemp:360  preHeatThreshold:400
07-12 22:42:30.953 D/ProcessCpuTrackerExtImpl( 1671): mContext is already set, return now! 
07-12 22:42:30.962 D/OplusThermalStats( 1671): AnalizyPosition reach max limit, mAnalizyPosition=400 res=0
07-12 22:42:31.245 D/OplusAlarmAdjustment( 1671): proxyAlarmsByUid(), uid=99910190, pkgName=com.google.android.gsf, requester=1
07-12 22:42:31.245 D/OplusAlarmAdjustMap( 1671): addProxyUid, uid=99910190, pkgName=com.google.android.gsf, requester=1
07-12 22:42:31.246 D/OAppNetControlService( 1671): Hans update:[99910190=true][0|0] blackList:[10260, 10382, 10195, 10022, 10502, 10227, 10119, 10245, 10190, 10338, 99910190]
07-12 22:42:31.525 D/OplusSmartBrightnessController( 1671): handleMessage MSG_LUX_CHANGED, mLux:11.0 luxQueue=[11.0, 11.0, 11.0, 11.0, 11.0, 11.0, 11.0, 11.0, 11.0, 11.0, 11.0]
07-12 22:42:32.160 D/OplusAthenaAm( 1671): reset: done 66283
07-12 22:42:32.784 V/MonthTrafficAlert(20232): getWarningNotification subId:1 numWarningNotificaion:0
07-12 22:42:32.792 V/TrafficAlert(20232): getLimitNotification subId:1 ,numLimitNotificaion:0
07-12 22:42:33.725 D/OplusSmartBrightnessController( 1671): handleMessage MSG_LUX_CHANGED, mLux:11.0 luxQueue=[11.0, 11.0, 11.0, 11.0, 11.0, 11.0, 11.0, 11.0, 11.0, 11.0, 11.0]
07-12 22:42:35.925 D/OplusSmartBrightnessController( 1671): handleMessage MSG_LUX_CHANGED, mLux:11.0 luxQueue=[11.0, 11.0, 11.0, 11.0, 11.0, 11.0, 11.0, 11.0, 11.0, 11.0, 11.0]
07-12 22:42:36.582 D/PowerManagerService( 1671): userActivityNoUpdateLocked: groupId=0, eventTime=690883222, event=touch, flags=0x0, uid=1000
07-12 22:42:36.714 D/PowerManagerService( 1671): userActivityNoUpdateLocked: groupId=0, eventTime=690883355, event=touch, flags=0x0, uid=1000
07-12 22:42:36.816 D/PowerManagerService( 1671): userActivityNoUpdateLocked: groupId=0, eventTime=690883458, event=touch, flags=0x0, uid=1000
07-12 22:42:37.694 V/MonthTrafficAlert(20232): getWarningNotification subId:1 numWarningNotificaion:0
07-12 22:42:37.694 V/TrafficAlert(20232): getLimitNotification subId:1 ,numLimitNotificaion:0
07-12 22:42:37.930 W/ContextImpl(20755): Calling a method in the system process without a qualified user: android.app.ContextImpl.bindService:2032 android.content.ContextWrapper.bindService:871 com.oplus.onetrace.connection.a.c:19 com.oplus.onetrace.connection.b.c:23 g3.a.c:7 
07-12 22:42:37.934 W/ProcessStats( 1671): Tracking association SourceState{1b4df0 com.ss.android.ugc.aweme/10356 BTop #1386265} whose proc state 2 is better than process ProcessState{14cd327 com.oplus.cosa/10118 pkg=com.oplus.cosa} proc state 4 (28 skipped)
07-12 22:42:37.937 E/OplusAthenaAm( 1671): AthenaAmManagerInternal transact code hello:13,flags:0
07-12 22:42:37.985 I/OplusAppSwitchManagerService( 1671): appswitch registerAppSwitchObserver pName = com@@oplus@@onetrace observer = com.oplus.app.IOplusAppSwitchObserver$Stub$Proxy@fa760c9 config = OplusAppSwitchConfig = {  mConfigs = {} observerFingerPrint = 174498107}
07-12 22:42:37.985 I/OplusAppSwitchStateDispatcher( 1671): registerAppSwitchObserver addDynamicListener OK, info = OplusAppSwitchRuleInfo = {  observer = com.oplus.app.IOplusAppSwitchObserver$Stub$Proxy@fa760c9 observerFingerPrint = 174498107} rule size =0
07-12 22:42:37.989 W/ContextImpl(13023): Calling a method in the system process without a qualified user: android.app.ContextImpl.bindService:2032 android.content.ContextWrapper.bindService:871 com.oplus.dataprovider.server.i.l:68 com.oplus.dataprovider.app.AppJankStatsManager.start:3 com.oplus.onetrace.controller.p0.h:29 
07-12 22:42:38.125 D/OplusSmartBrightnessController( 1671): handleMessage MSG_LUX_CHANGED, mLux:11.0 luxQueue=[11.0, 11.0, 11.0, 11.0, 11.0, 11.0, 11.0, 11.0, 11.0, 11.0, 11.0]
07-12 22:42:40.004 D/PowerManagerService( 1671): userActivityNoUpdateLocked: groupId=0, eventTime=690886644, event=touch, flags=0x0, uid=1000
07-12 22:42:40.119 D/PowerManagerService( 1671): userActivityNoUpdateLocked: groupId=0, eventTime=690886760, event=touch, flags=0x0, uid=1000
07-12 22:42:40.125 D/OplusSmartBrightnessController( 1671): handleMessage MSG_LUX_CHANGED, mLux:11.0 luxQueue=[11.0, 11.0, 11.0, 11.0, 11.0, 11.0, 11.0, 11.0, 11.0, 11.0]
07-12 22:42:40.223 D/PowerManagerService( 1671): userActivityNoUpdateLocked: groupId=0, eventTime=690886864, event=touch, flags=0x0, uid=1000
07-12 22:42:40.335 D/CommSceneService( 1671): my telephony callback proxy invoke method=onTelephonyEventReport
07-12 22:42:40.337 D/TelephonyManagerProxy(20232): onTelephonyEventReport,cb list: 3
07-12 22:42:40.337 D/TelephonyManagerProxy(20232): onTelephonyEventReport,cb: l8.a$a@c23d9d1
07-12 22:42:40.337 D/TelephonyManagerProxy(20232): onTelephonyEventReport,cb: d8.d$a@2860828
07-12 22:42:40.337 D/TelephonyManagerProxy(20232): onTelephonyEventReport,cb: d8.d$a@7dd941
07-12 22:42:41.356 D/CommSceneService( 1671): my telephony callback proxy invoke method=onTelephonyEventReport
07-12 22:42:41.356 D/TelephonyManagerProxy(20232): onTelephonyEventReport,cb list: 3
07-12 22:42:41.356 D/TelephonyManagerProxy(20232): onTelephonyEventReport,cb: l8.a$a@c23d9d1
07-12 22:42:41.356 D/TelephonyManagerProxy(20232): onTelephonyEventReport,cb: d8.d$a@2860828
07-12 22:42:41.356 D/TelephonyManagerProxy(20232): onTelephonyEventReport,cb: d8.d$a@7dd941
07-12 22:42:41.622 D/PowerManagerService( 1671): userActivityNoUpdateLocked: groupId=0, eventTime=690888263, event=touch, flags=0x0, uid=1000
07-12 22:42:41.685 V/MonthTrafficAlert(20232): getWarningNotification subId:1 numWarningNotificaion:0
07-12 22:42:41.685 V/TrafficAlert(20232): getLimitNotification subId:1 ,numLimitNotificaion:0
07-12 22:42:41.724 D/PowerManagerService( 1671): userActivityNoUpdateLocked: groupId=0, eventTime=690888366, event=touch, flags=0x0, uid=1000
07-12 22:42:41.828 D/PowerManagerService( 1671): userActivityNoUpdateLocked: groupId=0, eventTime=690888469, event=touch, flags=0x0, uid=1000
07-12 22:42:42.874 D/PowerManagerService( 1671): userActivityNoUpdateLocked: groupId=0, eventTime=690889515, event=touch, flags=0x0, uid=1000
07-12 22:42:42.977 D/PowerManagerService( 1671): userActivityNoUpdateLocked: groupId=0, eventTime=690889619, event=touch, flags=0x0, uid=1000
07-12 22:42:43.097 D/PowerManagerService( 1671): userActivityNoUpdateLocked: groupId=0, eventTime=690889738, event=touch, flags=0x0, uid=1000
07-12 22:42:43.525 D/OplusSmartBrightnessController( 1671): handleMessage MSG_LUX_CHANGED, mLux:11.094634 luxQueue=[12.0, 11.0, 11.0, 11.0, 11.0, 11.0, 11.0, 11.0, 11.0, 11.0, 11.0]
07-12 22:42:43.648 D/PowerManagerService( 1671): userActivityNoUpdateLocked: groupId=0, eventTime=690890289, event=touch, flags=0x0, uid=1000
07-12 22:42:43.751 D/PowerManagerService( 1671): userActivityNoUpdateLocked: groupId=0, eventTime=690890392, event=touch, flags=0x0, uid=1000
07-12 22:42:43.865 D/PowerManagerService( 1671): userActivityNoUpdateLocked: groupId=0, eventTime=690890506, event=touch, flags=0x0, uid=1000
07-12 22:42:44.351 V/MonthTrafficAlert(20232): getWarningNotification subId:1 numWarningNotificaion:0
07-12 22:42:44.351 V/TrafficAlert(20232): getLimitNotification subId:1 ,numLimitNotificaion:0
07-12 22:42:44.438 D/PowerManagerService( 1671): userActivityNoUpdateLocked: groupId=0, eventTime=690891079, event=touch, flags=0x0, uid=1000
07-12 22:42:44.542 D/PowerManagerService( 1671): userActivityNoUpdateLocked: groupId=0, eventTime=690891183, event=touch, flags=0x0, uid=1000
07-12 22:42:44.661 D/PowerManagerService( 1671): userActivityNoUpdateLocked: groupId=0, eventTime=690891302, event=touch, flags=0x0, uid=1000
07-12 22:42:45.144 D/PowerManagerService( 1671): userActivityNoUpdateLocked: groupId=0, eventTime=690891785, event=touch, flags=0x0, uid=1000
07-12 22:42:45.247 D/PowerManagerService( 1671): userActivityNoUpdateLocked: groupId=0, eventTime=690891889, event=touch, flags=0x0, uid=1000
07-12 22:42:45.372 D/PowerManagerService( 1671): userActivityNoUpdateLocked: groupId=0, eventTime=690892013, event=touch, flags=0x0, uid=1000
07-12 22:42:45.725 I/OplusSmartBrightnessController( 1671): deltaLux = 0.094634056, scale = 1.0
07-12 22:42:45.725 D/OplusSmartBrightnessController( 1671): handleMessage MSG_LUX_CHANGED, mLux:11.0 luxQueue=[11.0, 11.0, 11.0, 11.0, 11.0, 11.0, 11.0, 11.0, 11.0, 11.0, 11.0]
07-12 22:42:46.306 D/PowerManagerService( 1671): userActivityNoUpdateLocked: groupId=0, eventTime=690892947, event=touch, flags=0x0, uid=1000
07-12 22:42:46.409 D/PowerManagerService( 1671): userActivityNoUpdateLocked: groupId=0, eventTime=690893051, event=touch, flags=0x0, uid=1000
07-12 22:42:46.517 D/PowerManagerService( 1671): userActivityNoUpdateLocked: groupId=0, eventTime=690893158, event=touch, flags=0x0, uid=1000
07-12 22:42:47.026 D/PowerManagerService( 1671): userActivityNoUpdateLocked: groupId=0, eventTime=690893664, event=touch, flags=0x0, uid=1000
07-12 22:42:47.126 D/PowerManagerService( 1671): userActivityNoUpdateLocked: groupId=0, eventTime=690893767, event=touch, flags=0x0, uid=1000
07-12 22:42:47.143 V/MonthTrafficAlert(20232): getWarningNotification subId:1 numWarningNotificaion:0
07-12 22:42:47.143 V/TrafficAlert(20232): getLimitNotification subId:1 ,numLimitNotificaion:0
07-12 22:42:47.229 D/PowerManagerService( 1671): userActivityNoUpdateLocked: groupId=0, eventTime=690893870, event=touch, flags=0x0, uid=1000
07-12 22:42:47.726 D/OplusSmartBrightnessController( 1671): handleMessage MSG_LUX_CHANGED, mLux:11.0 luxQueue=[11.0, 11.0, 11.0, 11.0, 11.0, 11.0, 11.0, 11.0, 11.0, 11.0]
07-12 22:42:47.789 D/OplusAlarmAdjustment( 1671): unalignAlarmsByUid(), uid=99910265, pkgName=com.tencent.mobileqq, actions=null, procs=null, requester=1
07-12 22:42:47.790 D/OplusAlarmAdjustMap( 1671): removeAlignUid, uid=99910265, requester=1
07-12 22:42:47.790 V/AlarmManager( 1671): sending alarm Alarm{f28acfd type 2 origWhen 914811089 whenElapsed 914811089 com.tencent.mobileqq} uid 99910265 whenElapsed 914811089 windowLength 83293 maxWhenElapsed 914894382 repeatInterval 0 action com.tencent.mobileqq:MSF_43608452 component null flags 0x8 procName com.tencent.mobileqq:MSF
07-12 22:42:47.798 V/AlarmManager( 1671): sending alarm Alarm{9d81bf9 type 3 origWhen 914927891 whenElapsed 914927891 com.oplus.metis} uid 10089 whenElapsed 914927891 windowLength 44999 maxWhenElapsed 914972890 repeatInterval 0 action com.oplus.action.PID_TIMER_CHECK component null flags 0x8 procName com.oplus.metis
07-12 22:42:47.982 D/PowerManagerService( 1671): userActivityNoUpdateLocked: groupId=0, eventTime=690894623, event=touch, flags=0x0, uid=1000
07-12 22:42:47.987 I/OplusJoystickManager( 1671): read game pad state for game manager -> false
07-12 22:42:47.987 W/OplusJoystickManager( 1671): mInterceptGamepadKey is false
07-12 22:42:47.987 D/OplusCustomizeRestrictionManagerService( 1671): isLongPressVolumeUpDisabled start
07-12 22:42:47.987 E/OplusCustomizeRestrictionManagerService( 1671): isBackButtonDisabled start
07-12 22:42:47.987 D/StrategyBlackscreenshot( 1671): notifyKeyBeforeQueueing, event=KeyEvent { action=ACTION_DOWN, keyCode=KEYCODE_BACK, scanCode=0, metaState=0, flags=0x48, repeatCount=0, eventTime=690894625000000, downTime=690894625000000, deviceId=-1, source=0x101, displayId=0 }, interactive=true
07-12 22:42:47.988 D/PowerManagerService( 1671): userActivityNoUpdateLocked: groupId=0, eventTime=690894625, event=button, flags=0x0, uid=1000
07-12 22:42:47.988 D/OplusCustomizeRestrictionManagerService( 1671): isLongPressVolumeUpDisabled start
07-12 22:42:48.063 I/OplusJoystickManager( 1671): read game pad state for game manager -> false
07-12 22:42:48.063 W/OplusJoystickManager( 1671): mInterceptGamepadKey is false
07-12 22:42:48.063 D/OplusCustomizeRestrictionManagerService( 1671): isLongPressVolumeUpDisabled start
07-12 22:42:48.063 D/StrategyBlackscreenshot( 1671): notifyKeyBeforeQueueing, event=KeyEvent { action=ACTION_UP, keyCode=KEYCODE_BACK, scanCode=0, metaState=0, flags=0x48, repeatCount=0, eventTime=690894704000000, downTime=690894625000000, deviceId=-1, source=0x101, displayId=0 }, interactive=true
07-12 22:42:48.064 D/OplusCustomizeRestrictionManagerService( 1671): isLongPressVolumeUpDisabled start
07-12 22:42:48.076 D/OplusTransitionController( 1671): requestStartTransition, requestInfo type: CLOSE, remoteTransition: null, displayChange: null, transition: TransitionRecord{ddaf176 id=11726 type=CLOSE flags=0x0}, caller: com.android.server.wm.TransitionControllerExtImpl.requestStartTransition:39 com.android.server.wm.TransitionController.requestStartTransition:738 com.android.server.wm.TransitionController.requestCloseTransitionIfNeeded:781 com.android.server.wm.ActivityRecord.finishIfPossible:4051 com.android.server.wm.ActivityClientController.finishActivity:591 
07-12 22:42:48.077 V/WindowManagerShell( 2389): Transition requested: android.os.BinderProxy@15ad08e TransitionRequestInfo { type = CLOSE, triggerTask = null, remoteTransition = null, displayChange = null }
07-12 22:42:48.077 D/ActivityRecordExtImpl( 1671): skipPrepareAppTransitionForZoom false
07-12 22:42:48.078 D/OplusFullScreenDisplayManager( 1671): adjustInsetsStateForWin: com.ss.android.ugc.aweme, setting cutoutMode: oplus always
07-12 22:42:48.078 D/ActivityTaskManager( 1671): setVisibility(Token{672cd58 ActivityRecord{625e0ca u0 com.ss.android.ugc.aweme/.detail.ultra.ui.UltraDetailActivity t13194 f}}}, visible=false) defer commitVisibility for transition collecting
07-12 22:42:48.082 D/OplusFullScreenDisplayManager( 1671): adjustInsetsStateForWin: com.ss.android.ugc.aweme, setting cutoutMode: oplus always
07-12 22:42:48.083 D/OplusFullScreenDisplayManager( 1671): adjustInsetsStateForWin: com.ss.android.ugc.aweme, setting cutoutMode: oplus always
07-12 22:42:48.094 I/Quality (14883): Skipped: true 1 cost 17.337784 refreshRate 16857295 bit true processName com.ss.android.ugc.aweme
07-12 22:42:48.097 I/WindowManager( 1671): defer call onFirstWindowDrawn until mainwindow drawn:Window{ba68a65 u0 com.coloros.assistantscreen}
