06-20 16:49:36.732  1703  2064 D PowerManagerService: userActivityNoUpdateLocked: groupId=0, eventTime=2566301077, event=touch, flags=0x0, uid=1000
06-20 16:49:36.758  9195  9195 I Quality : Skipped: false 1 cost 24.846336 refreshRate 16857575 bit true processName com.ss.android.ugc.aweme
06-20 16:49:36.795  1316  1316 W wificond: No handler for scan result notification from interface with index: 147
06-20 16:49:36.866  1703  2127 W ContextImpl: Calling a method in the system process without a qualified user: android.app.ContextImpl.sendBroadcast:1232 com.android.server.job.controllers.OplusCpuController.notifyHighCpuEventForApp:386 com.android.server.job.controllers.OplusCpuController.handleCpuUpdate:332 com.android.server.job.controllers.OplusCpuController.-$$Nest$mhandleCpuUpdate:0 com.android.server.job.controllers.OplusCpuController$CpuTrackerHandler.handleMessage:256 
06-20 16:49:37.146  9195  9195 I Quality : Skipped: false 3 cost 59.647747 refreshRate 16857697 bit true processName com.ss.android.ugc.aweme
06-20 16:49:37.153  1703  6338 D OplusStartingWindowManager: updateRecordSurfaceViewState windowToken=android.os.BinderProxy@9922b8f, hasSurfaceView=true, win=Window{c1c4e1c u0 com.ss.android.ugc.aweme/com.ss.android.ugc.aweme.splash.SplashActivity}
06-20 16:49:37.185  9195  9195 I Quality : Skipped: false 1 cost 30.244593 refreshRate 16857639 bit true processName com.ss.android.ugc.aweme
06-20 16:49:37.237  2789  3038 V MonthTrafficAlert: getWarningNotification subId:1 numWarningNotificaion:0
06-20 16:49:37.237  2789  3038 V TrafficAlert: getLimitNotification subId:1 ,numLimitNotificaion:0
06-20 16:49:37.350  1703  3518 E AppOps  : Operation not started: uid=10074 pkg=com.oplus.ovoicemanager.wakeup(null) op=RECORD_AUDIO
06-20 16:49:37.372  1316  1316 W wificond: No handler for scan result notification from interface with index: 147
06-20 16:49:37.512  1703  6338 D OplusStartingWindowManager: updateRecordSurfaceViewState windowToken=android.os.BinderProxy@9922b8f, hasSurfaceView=true, win=Window{c1c4e1c u0 com.ss.android.ugc.aweme/com.ss.android.ugc.aweme.splash.SplashActivity}
06-20 16:49:37.932  1316  1316 W wificond: No handler for scan result notification from interface with index: 147
06-20 16:49:38.546  1316  1316 W wificond: No handler for scan result notification from interface with index: 147
06-20 16:49:38.695  1703  5733 W PackageManager: package com.ss.android.ugc.aweme uid 10356 pid 9195 call SetEnabledSetting(com.ss.android.ugc.aweme component = com.bytedance.push.alliance.partner.MrService, 2, 0)
06-20 16:49:38.696  1703  5733 W OplusCustomizeService: try to disable com.ss.android.ugc.aweme
06-20 16:49:39.012  1703  2064 D PowerManagerService: userActivityNoUpdateLocked: groupId=0, eventTime=2566303356, event=touch, flags=0x0, uid=1000
06-20 16:49:39.012  1703  1857 D OplusAthenaAm: cancel: touch down
06-20 16:49:39.113  1703  2064 D PowerManagerService: userActivityNoUpdateLocked: groupId=0, eventTime=2566303458, event=touch, flags=0x0, uid=1000
06-20 16:49:39.130  1316  1316 W wificond: No handler for scan result notification from interface with index: 147
06-20 16:49:39.147  9195  9195 I Quality : Skipped: false 2 cost 36.952713 refreshRate 16857016 bit true processName com.ss.android.ugc.aweme
06-20 16:49:39.199  1703  1997 D OplusAthenaAm: reset: after 816
06-20 16:49:39.201  1703  1997 D OplusAthenaAm: reset: done 226325
06-20 16:49:39.207  1703  1997 D CompressAction: compactMemory 226326
06-20 16:49:39.597  1703  1908 D OplusSmartBrightnessController: handleMessage MSG_LUX_CHANGED, mLux:613.14325 luxQueue=[623.0, 614.0, 610.0, 610.0, 608.0, 610.0, 618.0, 612.0]
06-20 16:49:39.613  1703  3518 D OplusStartingWindowManager: updateRecordSurfaceViewState windowToken=android.os.BinderProxy@9922b8f, hasSurfaceView=true, win=Window{c1c4e1c u0 com.ss.android.ugc.aweme/com.ss.android.ugc.aweme.splash.SplashActivity}
06-20 16:49:39.629  9195  9195 I Quality : Skipped: false 1 cost 30.270576 refreshRate 16857417 bit true processName com.ss.android.ugc.aweme
06-20 16:49:39.650  9195  9195 I Quality : Skipped: false 1 cost 17.312204 refreshRate 16857525 bit true processName com.ss.android.ugc.aweme
06-20 16:49:39.745  1703  3518 W SettingsStatsUtil: Can not parse value to float: gps,network
06-20 16:49:39.748  1703  3518 W SettingsStatsUtil: Can not parse value to float: gps,network
06-20 16:49:39.751  1703  3518 W SettingsStatsUtil: Can not parse value to float: gps,network
06-20 16:49:39.787  1316  1316 W wificond: No handler for scan result notification from interface with index: 147
06-20 16:49:39.866  1703  1859 D WifiDisplayController: Discover peers succeeded.  Requesting peers now.
06-20 16:49:39.866  1703  1859 W ContextImpl: Calling a method in the system process without a qualified user: android.app.ContextImpl.sendBroadcast:1247 com.android.server.display.OplusWifiDisplayUsageHelperExtImpl.sendWfdStateBroadcast:92 com.android.server.display.OplusWifiDisplayUsageHelperExtImpl.getDiscoverPeersState:180 com.android.server.display.WifiDisplayController$5.onSuccess:589 android.net.wifi.p2p.WifiP2pManager$Channel$P2pHandler.handleMessage:1391 
06-20 16:49:39.866  1703  1859 D OplusWifiDisplayUsageHelperExtImpl: getDiscoverPeersState
06-20 16:49:39.867  1703  1859 D WifiDisplayController: Received list of peers.
06-20 16:49:39.918  1703  2064 D PowerManagerService: userActivityNoUpdateLocked: groupId=0, eventTime=2566304262, event=touch, flags=0x0, uid=1000
06-20 16:49:40.003  9195  9195 I Quality : Skipped: false 1 cost 33.38894 refreshRate 16858277 bit true processName com.ss.android.ugc.aweme
06-20 16:49:40.307  1703  5733 D OplusStartingWindowManager: updateRecordSurfaceViewState windowToken=android.os.BinderProxy@9922b8f, hasSurfaceView=true, win=Window{c1c4e1c u0 com.ss.android.ugc.aweme/com.ss.android.ugc.aweme.splash.SplashActivity}
06-20 16:49:40.326  9195  9195 I Quality : Skipped: false 1 cost 19.506992 refreshRate 16857557 bit true processName com.ss.android.ugc.aweme
06-20 16:49:40.455  2789  3038 V MonthTrafficAlert: getWarningNotification subId:1 numWarningNotificaion:0
06-20 16:49:40.455  2789  3038 V TrafficAlert: getLimitNotification subId:1 ,numLimitNotificaion:0
06-20 16:49:40.996  1703  1908 D OplusSmartBrightnessController: handleMessage MSG_LUX_CHANGED, mLux:597.9091 luxQueue=[607.0, 603.0, 606.0, 600.0, 594.0, 591.0, 584.0]
06-20 16:49:41.383  9195  9195 I Quality : Skipped: false 2 cost 47.971336 refreshRate 16859314 bit true processName com.ss.android.ugc.aweme
06-20 16:49:41.602  1703  3517 E AppOps  : Operation not started: uid=10074 pkg=com.oplus.ovoicemanager.wakeup(null) op=RECORD_AUDIO
06-20 16:49:41.767  1316  1316 W wificond: No handler for scan result notification from interface with index: 147
06-20 16:49:41.881  1703  2254 D OAppNetControlService: Hans update:[10242=false][0|0] blackList:[10195, 10260, 99910190, 10227, 10190, 10565, 10303, 10022]
06-20 16:49:41.886  1703  2839 D OplusAlarmAdjustment: unproxyAlarmsByUid(), uid=10242, pkgName=com.coloros.weather2, requester=1
06-20 16:49:41.887  1703  1907 D OplusAlarmAdjustMap: removeProxyUid, uid=10242, requester=1
06-20 16:49:41.977  1703  6315 W ProcessStats: Tracking association SourceState{d585927 com.ss.android.ugc.aweme/10356 BTop #4751203} whose proc state 2 is better than process ProcessState{ca77bc8 com.oplus.cosa/10118 pkg=com.oplus.cosa} proc state 4 (22 skipped)
06-20 16:49:41.991  2789 12699 D TelephonyManagerProxy: onTelephonyEventReport,cb list: 3
06-20 16:49:41.991  2789 12699 D TelephonyManagerProxy: onTelephonyEventReport,cb: l8.a$a@33e83b
06-20 16:49:41.992  1703  6338 D CommSceneService: my telephony callback proxy invoke method=onTelephonyEventReport
06-20 16:49:41.992  2789 12699 D TelephonyManagerProxy: onTelephonyEventReport,cb: d8.d$a@f11ad96
06-20 16:49:41.992  2789 12699 D TelephonyManagerProxy: onTelephonyEventReport,cb: d8.d$a@56ecd17
06-20 16:49:42.040  1703  6315 D OplusAppListInterceptManager: shouldFilterTask
06-20 16:49:42.040  1703  6315 D OplusAppListInterceptManager: shouldFilterTask::packageName = com.ss.android.ugc.aweme
06-20 16:49:42.040  1703  6315 D ActivityTaskManager: Skipping, invisible task: Task{ead5052 #5 type=home I=com.android.launcher/.Launcher}
06-20 16:49:42.040  1703  6315 D OplusAppListInterceptManager: shouldFilterTask
06-20 16:49:42.040  1703  6315 D OplusAppListInterceptManager: shouldFilterTask::packageName = com.xingin.xhs
06-20 16:49:42.040  1703  6315 D ActivityTaskManager: after skip size 2
06-20 16:49:42.198  1703  1908 D OplusSmartBrightnessController: handleMessage MSG_LUX_CHANGED, mLux:570.2363 luxQueue=[582.0, 576.0, 574.0, 570.0, 565.0, 554.0]
06-20 16:49:42.532  1316  1316 W wificond: No handler for scan result notification from interface with index: 147
06-20 16:49:43.216  1316  1316 W wificond: No handler for scan result notification from interface with index: 147
06-20 16:49:43.597  1703  1908 D OplusSmartBrightnessController: handleMessage MSG_LUX_CHANGED, mLux:519.5621 luxQueue=[546.0, 538.0, 524.0, 518.0, 512.0, 500.0, 497.0]
06-20 16:49:43.685  1316  1316 W wificond: No handler for scan result notification from interface with index: 147
06-20 16:49:44.264  1316  1316 W wificond: No handler for scan result notification from interface with index: 147
06-20 16:49:44.349  1703  5733 D CompatibilityChangeReporter: Compat change id reported: 253665015; UID 10356; state: ENABLED
06-20 16:49:44.349  1703  5733 D CompatibilityChangeReporter: Compat change id reported: 194532703; UID 10356; state: ENABLED
06-20 16:49:44.876  1703  1859 D WifiDisplayController: Discover peers succeeded.  Requesting peers now.
06-20 16:49:44.877  1703  1859 W ContextImpl: Calling a method in the system process without a qualified user: android.app.ContextImpl.sendBroadcast:1247 com.android.server.display.OplusWifiDisplayUsageHelperExtImpl.sendWfdStateBroadcast:92 com.android.server.display.OplusWifiDisplayUsageHelperExtImpl.getDiscoverPeersState:180 com.android.server.display.WifiDisplayController$5.onSuccess:589 android.net.wifi.p2p.WifiP2pManager$Channel$P2pHandler.handleMessage:1391 
06-20 16:49:44.878  1703  1859 D OplusWifiDisplayUsageHelperExtImpl: getDiscoverPeersState
06-20 16:49:44.884  1703  1859 D WifiDisplayController: Received list of peers.
06-20 16:49:44.950  1316  1316 W wificond: No handler for scan result notification from interface with index: 147
06-20 16:49:44.997  1703  1908 D OplusSmartBrightnessController: handleMessage MSG_LUX_CHANGED, mLux:490.5098 luxQueue=[493.0, 487.0, 468.0, 466.0, 484.0, 517.0, 516.0]
06-20 16:49:45.063  2789 17192 D TelephonyManagerProxy: onTelephonyEventReport,cb list: 3
06-20 16:49:45.063  2789 17192 D TelephonyManagerProxy: onTelephonyEventReport,cb: l8.a$a@33e83b
06-20 16:49:45.063  2789 17192 D TelephonyManagerProxy: onTelephonyEventReport,cb: d8.d$a@f11ad96
06-20 16:49:45.063  2789 17192 D TelephonyManagerProxy: onTelephonyEventReport,cb: d8.d$a@56ecd17
06-20 16:49:45.063  1703  6315 D CommSceneService: my telephony callback proxy invoke method=onTelephonyEventReport
06-20 16:49:45.080  1703  2064 D PowerManagerService: userActivityNoUpdateLocked: groupId=0, eventTime=2566309425, event=touch, flags=0x0, uid=1000
06-20 16:49:45.182  1703  2064 D PowerManagerService: userActivityNoUpdateLocked: groupId=0, eventTime=2566309527, event=touch, flags=0x0, uid=1000
06-20 16:49:45.239  9195  9195 I Quality : Skipped: false 1 cost 26.78201 refreshRate 16857723 bit true processName com.ss.android.ugc.aweme
06-20 16:49:45.458  1703  2064 D PowerManagerService: userActivityNoUpdateLocked: groupId=0, eventTime=2566309802, event=touch, flags=0x0, uid=1000
06-20 16:49:46.054  1703  2064 D PowerManagerService: userActivityNoUpdateLocked: groupId=0, eventTime=2566310399, event=touch, flags=0x0, uid=1000
06-20 16:49:46.599  1703  1908 D OplusSmartBrightnessController: handleMessage MSG_LUX_CHANGED, mLux:460.30396 luxQueue=[467.0, 460.0, 462.0, 464.0, 454.0, 457.0, 458.0]
06-20 16:49:46.996  1703  2064 D PowerManagerService: userActivityNoUpdateLocked: groupId=0, eventTime=2566311339, event=touch, flags=0x0, uid=1000
06-20 16:49:47.112  2789 17192 D TelephonyManagerProxy: onTelephonyEventReport,cb list: 3
06-20 16:49:47.112  2789 17192 D TelephonyManagerProxy: onTelephonyEventReport,cb: l8.a$a@33e83b
06-20 16:49:47.112  2789 17192 D TelephonyManagerProxy: onTelephonyEventReport,cb: d8.d$a@f11ad96
06-20 16:49:47.112  2789 17192 D TelephonyManagerProxy: onTelephonyEventReport,cb: d8.d$a@56ecd17
06-20 16:49:47.114  1703  5808 D CommSceneService: my telephony callback proxy invoke method=onTelephonyEventReport
06-20 16:49:47.266  1703  2064 D PowerManagerService: userActivityNoUpdateLocked: groupId=0, eventTime=2566311611, event=touch, flags=0x0, uid=1000
06-20 16:49:47.328  1316  1316 W wificond: No handler for scan result notification from interface with index: 147
06-20 16:49:47.388  9195  9195 I Quality : Skipped: false 1 cost 17.69861 refreshRate 16857377 bit true processName com.ss.android.ugc.aweme
06-20 16:49:47.392  1703  6315 D WindowManagerServiceExtImpl: extractConfigInfoAndRealFlags rotation=0, screenDp=360, win=Window{c1c4e1c u0 com.ss.android.ugc.aweme/com.ss.android.ugc.aweme.splash.SplashActivity}
06-20 16:49:47.393  9195  9195 D VRI[SplashActivity]: relayoutWindow result, sizeChanged:false, surfaceControlChanged:false, transformHintChanged:false, mSurfaceSize:Point(1080, 2408), mLastSurfaceSize:Point(1080, 2408), mWidth:1080, mHeight:2408, requestedWidth:1080, requestedHeight:2408, transformHint:0, lastTransformHint:0, installOrientation:0, displayRotation:0, isSurfaceValid:true, attr.flag:-2122251904, useBlast:true, tmpFrames:ClientWindowFrames{frame=[0,0][1080,2408] display=[0,0][1080,2408] parentFrame=[0,0][1080,2408]}, params:{(0,0)(fillxfill) sim={state=hidden adjust=resize} ty=BASE_APPLICATION fmt=TRANSLUCENT wanim=0x1030000
06-20 16:49:47.393  9195  9195 D VRI[SplashActivity]:   fl=KEEP_SCREEN_ON LAYOUT_IN_SCREEN LAYOUT_INSET_DECOR SPLIT_TOUCH HARDWARE_ACCELERATED DRAWS_SYSTEM_BAR_BACKGROUNDS
06-20 16:49:47.393  9195  9195 D VRI[SplashActivity]:   pfl=NO_MOVE_ANIMATION FORCE_DRAW_STATUS_BAR_BACKGROUND USE_BLAST FIT_INSETS_CONTROLLED
06-20 16:49:47.393  9195  9195 D VRI[SplashActivity]:   vsysui=LAYOUT_STABLE LAYOUT_FULLSCREEN LIGHT_NAVIGATION_BAR
06-20 16:49:47.393  9195  9195 D VRI[SplashActivity]:   apr=LIGHT_NAVIGATION_BARS
06-20 16:49:47.393  9195  9195 D VRI[SplashActivity]:   bhv=DEFAULT
06-20 16:49:47.393  9195  9195 D VRI[SplashActivity]:   fitSides= CLP[ ]}
06-20 16:49:47.393  9195  9195 W VRI[SplashActivity]: updateBlastSurfaceIfNeeded, surfaceSize:Point(1080, 2408), lastSurfaceSize:Point(1080, 2408), format:-3, blastBufferQueue:android.graphics.BLASTBufferQueue@3decee7
06-20 16:49:47.394  1703  6315 V WindowManager: Relayout Window{c1c4e1c u0 com.ss.android.ugc.aweme/com.ss.android.ugc.aweme.splash.SplashActivity}: viewVisibility=0, oldvis=0, req=1080x2408, vsysui=LAYOUT_STABLE LAYOUT_FULLSCREEN LIGHT_NAVIGATION_BAR
06-20 16:49:47.396  1703  6315 D OplusFullScreenDisplayManager: adjustInsetsStateForWin: com.ss.android.ugc.aweme, setting cutoutMode: oplus always
06-20 16:49:47.397  1703  6315 D OplusFullScreenDisplayManager: adjustInsetsStateForWin: com.ss.android.ugc.aweme, setting cutoutMode: oplus always
06-20 16:49:47.398  1703  6315 D OplusFullScreenDisplayManager: adjustInsetsStateForWin: com.ss.android.ugc.aweme, setting cutoutMode: oplus always
06-20 16:49:47.400  1703  6315 I TaskOrganizerController: onTaskInfoChanged taskid 10580 config { mBounds=Rect(0, 0 - 1080, 2408) mAppBounds=Rect(0, 96 - 1080, 2276) mMaxBounds=Rect(0, 0 - 1080, 2408) mDisplayRotation=ROTATION_0 mWindowingMode=fullscreen mDisplayWindowingMode=fullscreen mActivityType=standard mAlwaysOnTop=undefined mRotation=ROTATION_0}
06-20 16:49:47.400  1703  6315 D FlexibleWindowManager: onFlexibleWindowTaskInfoChanged: mTaskId = 10580 oldIsTaskEmbedded = false   curIsTaskEmbedded = false  topActivity = ComponentInfo{com.ss.android.ugc.aweme/com.ss.android.ugc.aweme.main.MainActivity}
06-20 16:49:47.400  1703  6315 D OplusFlexibleWindowMinimizedManagerHelper: onTaskInfoChanged taskInfo:TaskInfo{userId=0 taskId=10580 displayId=0 isRunning=true baseIntent=Intent { act=android.intent.action.MAIN cat=[android.intent.category.LAUNCHER] flg=0x10200000 cmp=com.ss.android.ugc.aweme/.splash.SplashActivity mCallingUid=10168 } baseActivity=ComponentInfo{com.ss.android.ugc.aweme/com.ss.android.ugc.aweme.main.MainActivity} topActivity=ComponentInfo{com.ss.android.ugc.aweme/com.ss.android.ugc.aweme.main.MainActivity} origActivity=ComponentInfo{com.ss.android.ugc.aweme/com.ss.android.ugc.aweme.splash.SplashActivity} realActivity=ComponentInfo{com.ss.android.ugc.aweme/com.ss.android.ugc.aweme.main.MainActivity} numActivities=1 lastActiveTime=3352553362 supportsSplitScreenMultiWindow=true supportsMultiWindow=true supportsPocketStudioMultiWindow=true isInFlexibleEmbedded = false uid = 10356 pid = 9195 resizeMode=2 isResizeable=true minWidth=-1 minHeight=-1 defaultMinSize=220 token=WCT{RemoteToken{63a0f72 Task{2acb310 #10580 type=standard A=10356:com.ss.android.ugc.aweme}}} topActivityType=1 pictureInPictureParams=null shouldDockBigOverlays=false launchIntoPipHostTaskId=-1 lastParentTaskIdBeforePip=-1 displayCutoutSafeInsets=Rect(0, 96 - 0, 0) topActivityInfo=ActivityInfo{adc6337 com.ss.android.ugc.aweme.splash.SplashActivity} launchCookies=[] positionInParent=Point(0, 0) parentTaskId=-1 isFocused=true isVisible=true isVisibleRequested=true isSleeping=false topActivityInSizeCompat=false topActivityInOplusCompatMode=false topActivityEligibleForLetterboxEducation= false topActivityLetterboxed= false isFromDoubleTap= false topActivityLetterboxVerticalPosition= -1 topActivityLetterboxHorizontalPosition= -1 topActivityLetterboxWidth=-1 topActivityLetterboxHeight=-1 locusId=null displayAreaFeatureId=1 cameraCompatControlState=hidden locusId= null topActivityLetterboxInsets=Rect(0, 0 - 0, 0)} task:Task{2acb310 #10580 type=standard A=10356:com.ss.android.ugc.aweme}
06-20 16:49:47.401  2365  2584 D ShellTaskOrganizer: dispatchTaskEventToClientIfNeed, eventType:2, taskInfo:TaskInfo{userId=0 taskId=10580 displayId=0 isRunning=true baseIntent=Intent { act=android.intent.action.MAIN cat=[android.intent.category.LAUNCHER] flg=0x10200000 cmp=com.ss.android.ugc.aweme/.splash.SplashActivity mCallingUid=10168 } baseActivity=ComponentInfo{com.ss.android.ugc.aweme/com.ss.android.ugc.aweme.main.MainActivity} topActivity=ComponentInfo{com.ss.android.ugc.aweme/com.ss.android.ugc.aweme.main.MainActivity} origActivity=ComponentInfo{com.ss.android.ugc.aweme/com.ss.android.ugc.aweme.splash.SplashActivity} realActivity=ComponentInfo{com.ss.android.ugc.aweme/com.ss.android.ugc.aweme.main.MainActivity} numActivities=1 lastActiveTime=3352553362 supportsSplitScreenMultiWindow=true supportsMultiWindow=true supportsPocketStudioMultiWindow=true isInFlexibleEmbedded = false uid = 10356 pid = 9195 resizeMode=2 isResizeable=true minWidth=-1 minHeight=-1 defaultMinSize=220 token=WCT{android.window.IWindowContainerToken$Stub$Proxy@90fcdeb} topActivityType=1 pictureInPictureParams=null shouldDockBigOverlays=false launchIntoPipHostTaskId=-1 lastParentTaskIdBeforePip=-1 displayCutoutSafeInsets=Rect(0, 96 - 0, 0) topActivityInfo=ActivityInfo{b3a7748 com.ss.android.ugc.aweme.splash.SplashActivity} launchCookies=[] positionInParent=Point(0, 0) parentTaskId=-1 isFocused=true isVisible=true isVisibleRequested=true isSleeping=false topActivityInSizeCompat=false topActivityInOplusCompatMode=false topActivityEligibleForLetterboxEducation= false topActivityLetterboxed= false isFromDoubleTap= false topActivityLetterboxVerticalPosition= -1 topActivityLetterboxHorizontalPosition= -1 topActivityLetterboxWidth=-1 topActivityLetterboxHeight=-1 locusId=null displayAreaFeatureId=1 cameraCompatControlState=hidden locusId= null topActivityLetterboxInsets=Rect(0, 0 - 0, 0)}, leash:null
06-20 16:49:47.807  9195  9195 I Quality : Skipped: false 5 cost 99.84741 refreshRate 16857879 bit true processName com.ss.android.ugc.aweme
06-20 16:49:48.012  1316  1316 W wificond: No handler for scan result notification from interface with index: 147
06-20 16:49:48.318  9195  9195 I Quality : Skipped: true 2 cost 37.178844 refreshRate 16858056 bit true processName com.ss.android.ugc.aweme
06-20 16:49:48.518  1703  2064 D PowerManagerService: userActivityNoUpdateLocked: groupId=0, eventTime=2566312863, event=touch, flags=0x0, uid=1000
06-20 16:49:48.621  1703  2064 D PowerManagerService: userActivityNoUpdateLocked: groupId=0, eventTime=2566312966, event=touch, flags=0x0, uid=1000
06-20 16:49:48.628  1316  1316 W wificond: No handler for scan result notification from interface with index: 147
06-20 16:49:48.724  1703  2064 D PowerManagerService: userActivityNoUpdateLocked: groupId=0, eventTime=2566313069, event=touch, flags=0x0, uid=1000
06-20 16:49:48.866  1703  2064 D PowerManagerService: userActivityNoUpdateLocked: groupId=0, eventTime=2566313212, event=touch, flags=0x0, uid=1000
06-20 16:49:49.090  1316  1316 W wificond: No handler for scan result notification from interface with index: 147
06-20 16:49:49.197  1703  1908 D OplusSmartBrightnessController: handleMessage MSG_LUX_CHANGED, mLux:444.65686 luxQueue=[460.0, 454.0, 444.0, 445.0, 436.0, 436.0, 437.0]
06-20 16:49:49.222  1703  2064 D PowerManagerService: userActivityNoUpdateLocked: groupId=0, eventTime=2566313566, event=touch, flags=0x0, uid=1000
06-20 16:49:49.323  1703  2064 D PowerManagerService: userActivityNoUpdateLocked: groupId=0, eventTime=2566313668, event=touch, flags=0x0, uid=1000
06-20 16:49:49.459  1703  2064 D PowerManagerService: userActivityNoUpdateLocked: groupId=0, eventTime=2566313804, event=touch, flags=0x0, uid=1000
06-20 16:49:49.806  1316  1316 W wificond: No handler for scan result notification from interface with index: 147
06-20 16:49:49.871  9195  9195 I Quality : Skipped: false 1 cost 22.461555 refreshRate 16857518 bit true processName com.ss.android.ugc.aweme
06-20 16:49:49.873  1703  1859 D WifiDisplayController: Discover peers succeeded.  Requesting peers now.
06-20 16:49:49.873  1703  1859 W ContextImpl: Calling a method in the system process without a qualified user: android.app.ContextImpl.sendBroadcast:1247 com.android.server.display.OplusWifiDisplayUsageHelperExtImpl.sendWfdStateBroadcast:92 com.android.server.display.OplusWifiDisplayUsageHelperExtImpl.getDiscoverPeersState:180 com.android.server.display.WifiDisplayController$5.onSuccess:589 android.net.wifi.p2p.WifiP2pManager$Channel$P2pHandler.handleMessage:1391 
06-20 16:49:49.874  1703  1859 D OplusWifiDisplayUsageHelperExtImpl: getDiscoverPeersState
06-20 16:49:49.875  1703  1859 D WifiDisplayController: Received list of peers.
06-20 16:49:50.369  1703  2064 D PowerManagerService: userActivityNoUpdateLocked: groupId=0, eventTime=2566314714, event=touch, flags=0x0, uid=1000
06-20 16:49:50.486  9195  9195 I Quality : Skipped: true 2 cost 48.1553 refreshRate 16857727 bit true processName com.ss.android.ugc.aweme
06-20 16:49:50.494  1703  2064 D PowerManagerService: userActivityNoUpdateLocked: groupId=0, eventTime=2566314840, event=touch, flags=0x0, uid=1000
06-20 16:49:50.596  1703  1908 D OplusSmartBrightnessController: handleMessage MSG_LUX_CHANGED, mLux:420.40625 luxQueue=[436.0, 432.0, 422.0, 419.0, 416.0, 412.0, 405.0]
06-20 16:49:50.614  1703  2064 D PowerManagerService: userActivityNoUpdateLocked: groupId=0, eventTime=2566314959, event=touch, flags=0x0, uid=1000
06-20 16:49:51.114  1703  2064 D PowerManagerService: userActivityNoUpdateLocked: groupId=0, eventTime=2566315460, event=touch, flags=0x0, uid=1000
06-20 16:49:51.203  1703  5733 D CommSceneService: my telephony callback proxy invoke method=onTelephonyEventReport
06-20 16:49:51.203  2789 17192 D TelephonyManagerProxy: onTelephonyEventReport,cb list: 3
06-20 16:49:51.203  2789 17192 D TelephonyManagerProxy: onTelephonyEventReport,cb: l8.a$a@33e83b
06-20 16:49:51.203  2789 17192 D TelephonyManagerProxy: onTelephonyEventReport,cb: d8.d$a@f11ad96
06-20 16:49:51.203  2789 17192 D TelephonyManagerProxy: onTelephonyEventReport,cb: d8.d$a@56ecd17
06-20 16:49:51.216  1703  2064 D PowerManagerService: userActivityNoUpdateLocked: groupId=0, eventTime=2566315562, event=touch, flags=0x0, uid=1000
06-20 16:49:51.593  1703  2064 D PowerManagerService: userActivityNoUpdateLocked: groupId=0, eventTime=2566315938, event=touch, flags=0x0, uid=1000
06-20 16:49:51.696  1703  2064 D PowerManagerService: userActivityNoUpdateLocked: groupId=0, eventTime=2566316041, event=touch, flags=0x0, uid=1000
06-20 16:49:51.772  1316  1316 W wificond: No handler for scan result notification from interface with index: 147
06-20 16:49:51.799  1703  2064 D PowerManagerService: userActivityNoUpdateLocked: groupId=0, eventTime=2566316144, event=touch, flags=0x0, uid=1000
06-20 16:49:51.808  1703  1908 D OplusSmartBrightnessController: handleMessage MSG_LUX_CHANGED, mLux:384.8961 luxQueue=[406.0, 397.0, 386.0, 377.0, 374.0, 368.0]
06-20 16:49:51.836  9195  9195 I Quality : Skipped: false 7 cost 133.28333 refreshRate 16859381 bit true processName com.ss.android.ugc.aweme
06-20 16:49:51.927  9195  9195 I Quality : Skipped: false 4 cost 72.930626 refreshRate 16857963 bit true processName com.ss.android.ugc.aweme
06-20 16:49:51.974  9195  9195 I Quality : Skipped: false 2 cost 34.95577 refreshRate 16857828 bit true processName com.ss.android.ugc.aweme
06-20 16:49:52.227  1703  5733 D CommSceneService: my telephony callback proxy invoke method=onTelephonyEventReport
06-20 16:49:52.227  2789 17192 D TelephonyManagerProxy: onTelephonyEventReport,cb list: 3
06-20 16:49:52.227  2789 17192 D TelephonyManagerProxy: onTelephonyEventReport,cb: l8.a$a@33e83b
06-20 16:49:52.228  2789 17192 D TelephonyManagerProxy: onTelephonyEventReport,cb: d8.d$a@f11ad96
06-20 16:49:52.228  2789 17192 D TelephonyManagerProxy: onTelephonyEventReport,cb: d8.d$a@56ecd17
06-20 16:49:52.342  1316  1316 W wificond: No handler for scan result notification from interface with index: 147
06-20 16:49:53.006  1316  1316 W wificond: No handler for scan result notification from interface with index: 147
06-20 16:49:53.196  1703  1908 D OplusSmartBrightnessController: handleMessage MSG_LUX_CHANGED, mLux:366.57605 luxQueue=[367.0, 368.0, 369.0, 367.0, 367.0, 365.0, 363.0]
06-20 16:49:53.208  1703  2839 D OplusAlarmAdjustment: unalignAlarmsByUid(), uid=10256, pkgName=com.taobao.taobao, actions=null, procs=null, requester=1
06-20 16:49:53.210  1703  1907 D OplusAlarmAdjustMap: removeAlignUid, uid=10256, requester=1
06-20 16:49:53.582  1316  1316 W wificond: No handler for scan result notification from interface with index: 147
06-20 16:49:54.015  1703  2064 D PowerManagerService: userActivityNoUpdateLocked: groupId=0, eventTime=2566318359, event=touch, flags=0x0, uid=1000
06-20 16:49:54.053  1703  1886 W ProcessStats: Tracking association SourceState{25d02a7 com.tencent.mm/10262 Service #4751218} whose proc state 8 is better than process ProcessState{a36f106 com.tencent.soter.soterserver/10359 pkg=com.tencent.soter.soterserver} proc state 14 (56 skipped)
06-20 16:49:54.116  1703  2064 D PowerManagerService: userActivityNoUpdateLocked: groupId=0, eventTime=2566318461, event=touch, flags=0x0, uid=1000
06-20 16:49:54.146  1316  1316 W wificond: No handler for scan result notification from interface with index: 147
06-20 16:49:54.217  1703  2064 D PowerManagerService: userActivityNoUpdateLocked: groupId=0, eventTime=2566318563, event=touch, flags=0x0, uid=1000
06-20 16:49:54.396  1703  1908 D OplusSmartBrightnessController: handleMessage MSG_LUX_CHANGED, mLux:361.33502 luxQueue=[362.0, 363.0, 362.0, 360.0, 360.0, 361.0]
06-20 16:49:54.522  1703  2064 D PowerManagerService: userActivityNoUpdateLocked: groupId=0, eventTime=2566318867, event=touch, flags=0x0, uid=1000
06-20 16:49:54.625  1703  2064 D PowerManagerService: userActivityNoUpdateLocked: groupId=0, eventTime=2566318970, event=touch, flags=0x0, uid=1000
06-20 16:49:54.710  1316  1316 W wificond: No handler for scan result notification from interface with index: 147
06-20 16:49:54.726  1703  2064 D PowerManagerService: userActivityNoUpdateLocked: groupId=0, eventTime=2566319072, event=touch, flags=0x0, uid=1000
06-20 16:49:54.828  1703  2039 V AlarmManager: sending alarm Alarm{98f830f type 3 origWhen 3352631000 whenElapsed 3352631000 android} uid 1000 whenElapsed 3352631000 windowLength 0 maxWhenElapsed 3352631000 repeatInterval 0 action null component null tag StatsCompanionService.periodic flags 0x9 procName system_server
06-20 16:49:54.869  1703  1859 D WifiDisplayController: Discover peers succeeded.  Requesting peers now.
06-20 16:49:54.869  1703  1859 W ContextImpl: Calling a method in the system process without a qualified user: android.app.ContextImpl.sendBroadcast:1247 com.android.server.display.OplusWifiDisplayUsageHelperExtImpl.sendWfdStateBroadcast:92 com.android.server.display.OplusWifiDisplayUsageHelperExtImpl.getDiscoverPeersState:180 com.android.server.display.WifiDisplayController$5.onSuccess:589 android.net.wifi.p2p.WifiP2pManager$Channel$P2pHandler.handleMessage:1391 
06-20 16:49:54.870  1703  1859 D OplusWifiDisplayUsageHelperExtImpl: getDiscoverPeersState
06-20 16:49:54.870  1703  1859 D WifiDisplayController: Received list of peers.
06-20 16:49:54.987  1703  2064 D PowerManagerService: userActivityNoUpdateLocked: groupId=0, eventTime=2566319333, event=touch, flags=0x0, uid=1000
06-20 16:49:55.090  1703  2064 D PowerManagerService: userActivityNoUpdateLocked: groupId=0, eventTime=2566319436, event=touch, flags=0x0, uid=1000
06-20 16:49:55.193  1703  2064 D PowerManagerService: userActivityNoUpdateLocked: groupId=0, eventTime=2566319539, event=touch, flags=0x0, uid=1000
06-20 16:49:55.596  1703  1908 D OplusSmartBrightnessController: handleMessage MSG_LUX_CHANGED, mLux:353.8566 luxQueue=[359.0, 356.0, 356.0, 355.0, 350.0, 347.0]
06-20 16:49:56.185  1703  2064 D PowerManagerService: userActivityNoUpdateLocked: groupId=0, eventTime=2566320529, event=touch, flags=0x0, uid=1000
06-20 16:49:56.286  1703  2064 D PowerManagerService: userActivityNoUpdateLocked: groupId=0, eventTime=2566320631, event=touch, flags=0x0, uid=1000
06-20 16:49:56.494  1703  5808 D WindowManagerServiceExtImpl: extractConfigInfoAndRealFlags rotation=0, screenDp=360, win=Window{c1c4e1c u0 com.ss.android.ugc.aweme/com.ss.android.ugc.aweme.splash.SplashActivity}
06-20 16:49:56.495  9195  9195 D VRI[SplashActivity]: relayoutWindow result, sizeChanged:false, surfaceControlChanged:false, transformHintChanged:false, mSurfaceSize:Point(1080, 2408), mLastSurfaceSize:Point(1080, 2408), mWidth:1080, mHeight:2408, requestedWidth:1080, requestedHeight:2408, transformHint:0, lastTransformHint:0, installOrientation:0, displayRotation:0, isSurfaceValid:true, attr.flag:-2122251904, useBlast:true, tmpFrames:ClientWindowFrames{frame=[0,0][1080,2408] display=[0,0][1080,2408] parentFrame=[0,0][1080,2408]}, params:{(0,0)(fillxfill) sim={state=hidden adjust=resize} ty=BASE_APPLICATION fmt=TRANSLUCENT wanim=0x1030000
06-20 16:49:56.495  9195  9195 D VRI[SplashActivity]:   fl=KEEP_SCREEN_ON LAYOUT_IN_SCREEN LAYOUT_INSET_DECOR SPLIT_TOUCH HARDWARE_ACCELERATED DRAWS_SYSTEM_BAR_BACKGROUNDS
06-20 16:49:56.495  9195  9195 D VRI[SplashActivity]:   pfl=NO_MOVE_ANIMATION FORCE_DRAW_STATUS_BAR_BACKGROUND USE_BLAST FIT_INSETS_CONTROLLED
06-20 16:49:56.495  9195  9195 D VRI[SplashActivity]:   vsysui=LAYOUT_STABLE LAYOUT_FULLSCREEN
06-20 16:49:56.495  9195  9195 D VRI[SplashActivity]:   bhv=DEFAULT
06-20 16:49:56.495  9195  9195 D VRI[SplashActivity]:   fitSides= CLP[ ]}
06-20 16:49:56.495  1703  5808 V WindowManager: Relayout Window{c1c4e1c u0 com.ss.android.ugc.aweme/com.ss.android.ugc.aweme.splash.SplashActivity}: viewVisibility=0, oldvis=0, req=1080x2408, vsysui=LAYOUT_STABLE LAYOUT_FULLSCREEN
06-20 16:49:56.495  9195  9195 W VRI[SplashActivity]: updateBlastSurfaceIfNeeded, surfaceSize:Point(1080, 2408), lastSurfaceSize:Point(1080, 2408), format:-3, blastBufferQueue:android.graphics.BLASTBufferQueue@3decee7
06-20 16:49:56.496  1703  5808 D OplusFullScreenDisplayManager: adjustInsetsStateForWin: com.ss.android.ugc.aweme, setting cutoutMode: oplus always
06-20 16:49:56.497  1703  5808 D OplusFullScreenDisplayManager: adjustInsetsStateForWin: com.ss.android.ugc.aweme, setting cutoutMode: oplus always
06-20 16:49:56.497  1703  5808 D OplusFullScreenDisplayManager: adjustInsetsStateForWin: com.ss.android.ugc.aweme, setting cutoutMode: oplus always
06-20 16:49:56.499  1703  5808 I TaskOrganizerController: onTaskInfoChanged taskid 10580 config { mBounds=Rect(0, 0 - 1080, 2408) mAppBounds=Rect(0, 96 - 1080, 2276) mMaxBounds=Rect(0, 0 - 1080, 2408) mDisplayRotation=ROTATION_0 mWindowingMode=fullscreen mDisplayWindowingMode=fullscreen mActivityType=standard mAlwaysOnTop=undefined mRotation=ROTATION_0}
06-20 16:49:56.499  1703  5808 D FlexibleWindowManager: onFlexibleWindowTaskInfoChanged: mTaskId = 10580 oldIsTaskEmbedded = false   curIsTaskEmbedded = false  topActivity = ComponentInfo{com.ss.android.ugc.aweme/com.ss.android.ugc.aweme.main.MainActivity}
06-20 16:49:56.499  1703  5808 D OplusFlexibleWindowMinimizedManagerHelper: onTaskInfoChanged taskInfo:TaskInfo{userId=0 taskId=10580 displayId=0 isRunning=true baseIntent=Intent { act=android.intent.action.MAIN cat=[android.intent.category.LAUNCHER] flg=0x10200000 cmp=com.ss.android.ugc.aweme/.splash.SplashActivity mCallingUid=10168 } baseActivity=ComponentInfo{com.ss.android.ugc.aweme/com.ss.android.ugc.aweme.main.MainActivity} topActivity=ComponentInfo{com.ss.android.ugc.aweme/com.ss.android.ugc.aweme.main.MainActivity} origActivity=ComponentInfo{com.ss.android.ugc.aweme/com.ss.android.ugc.aweme.splash.SplashActivity} realActivity=ComponentInfo{com.ss.android.ugc.aweme/com.ss.android.ugc.aweme.main.MainActivity} numActivities=1 lastActiveTime=3352553362 supportsSplitScreenMultiWindow=true supportsMultiWindow=true supportsPocketStudioMultiWindow=true isInFlexibleEmbedded = false uid = 10356 pid = 9195 resizeMode=2 isResizeable=true minWidth=-1 minHeight=-1 defaultMinSize=220 token=WCT{RemoteToken{63a0f72 Task{2acb310 #10580 type=standard A=10356:com.ss.android.ugc.aweme}}} topActivityType=1 pictureInPictureParams=null shouldDockBigOverlays=false launchIntoPipHostTaskId=-1 lastParentTaskIdBeforePip=-1 displayCutoutSafeInsets=Rect(0, 96 - 0, 0) topActivityInfo=ActivityInfo{adc6337 com.ss.android.ugc.aweme.splash.SplashActivity} launchCookies=[] positionInParent=Point(0, 0) parentTaskId=-1 isFocused=true isVisible=true isVisibleRequested=true isSleeping=false topActivityInSizeCompat=false topActivityInOplusCompatMode=false topActivityEligibleForLetterboxEducation= false topActivityLetterboxed= false isFromDoubleTap= false topActivityLetterboxVerticalPosition= -1 topActivityLetterboxHorizontalPosition= -1 topActivityLetterboxWidth=-1 topActivityLetterboxHeight=-1 locusId=null displayAreaFeatureId=1 cameraCompatControlState=hidden locusId= null topActivityLetterboxInsets=Rect(0, 0 - 0, 0)} task:Task{2acb310 #10580 type=standard A=10356:com.ss.android.ugc.aweme}
06-20 16:49:56.500  2365  2584 D ShellTaskOrganizer: dispatchTaskEventToClientIfNeed, eventType:2, taskInfo:TaskInfo{userId=0 taskId=10580 displayId=0 isRunning=true baseIntent=Intent { act=android.intent.action.MAIN cat=[android.intent.category.LAUNCHER] flg=0x10200000 cmp=com.ss.android.ugc.aweme/.splash.SplashActivity mCallingUid=10168 } baseActivity=ComponentInfo{com.ss.android.ugc.aweme/com.ss.android.ugc.aweme.main.MainActivity} topActivity=ComponentInfo{com.ss.android.ugc.aweme/com.ss.android.ugc.aweme.main.MainActivity} origActivity=ComponentInfo{com.ss.android.ugc.aweme/com.ss.android.ugc.aweme.splash.SplashActivity} realActivity=ComponentInfo{com.ss.android.ugc.aweme/com.ss.android.ugc.aweme.main.MainActivity} numActivities=1 lastActiveTime=3352553362 supportsSplitScreenMultiWindow=true supportsMultiWindow=true supportsPocketStudioMultiWindow=true isInFlexibleEmbedded = false uid = 10356 pid = 9195 resizeMode=2 isResizeable=true minWidth=-1 minHeight=-1 defaultMinSize=220 token=WCT{android.window.IWindowContainerToken$Stub$Proxy@51b5dc7} topActivityType=1 pictureInPictureParams=null shouldDockBigOverlays=false launchIntoPipHostTaskId=-1 lastParentTaskIdBeforePip=-1 displayCutoutSafeInsets=Rect(0, 96 - 0, 0) topActivityInfo=ActivityInfo{223bff4 com.ss.android.ugc.aweme.splash.SplashActivity} launchCookies=[] positionInParent=Point(0, 0) parentTaskId=-1 isFocused=true isVisible=true isVisibleRequested=true isSleeping=false topActivityInSizeCompat=false topActivityInOplusCompatMode=false topActivityEligibleForLetterboxEducation= false topActivityLetterboxed= false isFromDoubleTap= false topActivityLetterboxVerticalPosition= -1 topActivityLetterboxHorizontalPosition= -1 topActivityLetterboxWidth=-1 topActivityLetterboxHeight=-1 locusId=null displayAreaFeatureId=1 cameraCompatControlState=hidden locusId= null topActivityLetterboxInsets=Rect(0, 0 - 0, 0)}, leash:null
06-20 16:49:56.631  1703  2064 D PowerManagerService: userActivityNoUpdateLocked: groupId=0, eventTime=2566320976, event=touch, flags=0x0, uid=1000
06-20 16:49:56.704  1703  2039 V AlarmManager: sending alarm Alarm{7a7811e type 2 origWhen 3352632876 whenElapsed 3352632876 com.heytap.mcs} uid 1000 whenElapsed 3352632876 windowLength 0 maxWhenElapsed 3352632876 repeatInterval 0 action com.heytap.onepush.action.service component null flags 0x9 procName com.heytap.mcs
06-20 16:49:56.734  1316  1316 W wificond: No handler for scan result notification from interface with index: 147
06-20 16:49:56.776  9195  9195 I Quality : Skipped: false 1 cost 32.61519 refreshRate 16860067 bit true processName com.ss.android.ugc.aweme
06-20 16:49:56.797  1703  1908 D OplusSmartBrightnessController: handleMessage MSG_LUX_CHANGED, mLux:379.73438 luxQueue=[360.0, 389.0, 401.0, 385.0, 362.0]
06-20 16:49:56.808  9195  9195 I Quality : Skipped: false 1 cost 31.325104 refreshRate 16860031 bit true processName com.ss.android.ugc.aweme
06-20 16:49:57.094  9195  9195 I Quality : Skipped: false 2 cost 47.74007 refreshRate 16857408 bit true processName com.ss.android.ugc.aweme
06-20 16:49:57.105  1703  6315 D OplusStartingWindowManager: updateRecordSurfaceViewState windowToken=android.os.BinderProxy@9922b8f, hasSurfaceView=true, win=Window{c1c4e1c u0 com.ss.android.ugc.aweme/com.ss.android.ugc.aweme.splash.SplashActivity}
06-20 16:49:57.142  9195  9195 I Quality : Skipped: false 2 cost 44.57529 refreshRate 16857474 bit true processName com.ss.android.ugc.aweme
06-20 16:49:57.405  1316  1316 W wificond: No handler for scan result notification from interface with index: 147
06-20 16:49:57.545  1703  5733 D OplusStartingWindowManager: updateRecordSurfaceViewState windowToken=android.os.BinderProxy@9922b8f, hasSurfaceView=true, win=Window{c1c4e1c u0 com.ss.android.ugc.aweme/com.ss.android.ugc.aweme.splash.SplashActivity}
06-20 16:49:57.638   658 16137 I keystore2: system/security/keystore2/src/watchdog.rs:319 - Watchdog thread idle -> terminating. Have a great day.
06-20 16:49:57.806  1703  2064 D PowerManagerService: userActivityNoUpdateLocked: groupId=0, eventTime=2566322151, event=touch, flags=0x0, uid=1000
06-20 16:49:57.908  1703  2064 D PowerManagerService: userActivityNoUpdateLocked: groupId=0, eventTime=2566322253, event=touch, flags=0x0, uid=1000
06-20 16:49:57.989  1316  1316 W wificond: No handler for scan result notification from interface with index: 147
06-20 16:49:58.268  1703  3518 D OplusStartingWindowManager: updateRecordSurfaceViewState windowToken=android.os.BinderProxy@9922b8f, hasSurfaceView=true, win=Window{c1c4e1c u0 com.ss.android.ugc.aweme/com.ss.android.ugc.aweme.splash.SplashActivity}
06-20 16:49:58.286  9195  9195 I Quality : Skipped: false 1 cost 25.52182 refreshRate 16857679 bit true processName com.ss.android.ugc.aweme
06-20 16:49:58.459  1316  1316 W wificond: No handler for scan result notification from interface with index: 147
06-20 16:49:58.597  1703  1908 D OplusSmartBrightnessController: handleMessage MSG_LUX_CHANGED, mLux:484.69928 luxQueue=[462.0, 551.0, 519.0, 450.0, 431.0]
06-20 16:49:58.706  1703  2064 D PowerManagerService: userActivityNoUpdateLocked: groupId=0, eventTime=2566323051, event=touch, flags=0x0, uid=1000
06-20 16:49:58.707  1703  1857 D OplusAthenaAm: cancel: touch down
06-20 16:49:58.710  1703  1997 D OplusAthenaAm: reset: after 4853
06-20 16:49:58.711  1703  1997 D OplusAthenaAm: reset: done 226339
06-20 16:49:58.827  9195  9195 I Quality : Skipped: false 1 cost 27.180557 refreshRate 16857503 bit true processName com.ss.android.ugc.aweme
06-20 16:49:58.923  1316  1316 W wificond: No handler for scan result notification from interface with index: 147
06-20 16:49:59.143  1703  3518 D OplusStartingWindowManager: updateRecordSurfaceViewState windowToken=android.os.BinderProxy@9922b8f, hasSurfaceView=true, win=Window{c1c4e1c u0 com.ss.android.ugc.aweme/com.ss.android.ugc.aweme.splash.SplashActivity}
06-20 16:49:59.157  9195  9195 I Quality : Skipped: false 1 cost 19.860085 refreshRate 16857686 bit true processName com.ss.android.ugc.aweme
06-20 16:49:59.176  2789  3038 V MonthTrafficAlert: getWarningNotification subId:1 numWarningNotificaion:0
06-20 16:49:59.176  2789  3038 V TrafficAlert: getLimitNotification subId:1 ,numLimitNotificaion:0
06-20 16:49:59.187  1703  5733 E AppOps  : Operation not started: uid=10074 pkg=com.oplus.ovoicemanager.wakeup(null) op=RECORD_AUDIO
06-20 16:49:59.204  9195  9195 I Quality : Skipped: false 1 cost 33.24443 refreshRate 16857807 bit true processName com.ss.android.ugc.aweme
06-20 16:49:59.238  9195  9195 I Quality : Skipped: false 2 cost 33.767143 refreshRate 16857947 bit true processName com.ss.android.ugc.aweme
06-20 16:49:59.599  1316  1316 W wificond: No handler for scan result notification from interface with index: 147
06-20 16:49:59.869  1703  1859 D WifiDisplayController: Discover peers succeeded.  Requesting peers now.
06-20 16:49:59.869  1703  1859 W ContextImpl: Calling a method in the system process without a qualified user: android.app.ContextImpl.sendBroadcast:1247 com.android.server.display.OplusWifiDisplayUsageHelperExtImpl.sendWfdStateBroadcast:92 com.android.server.display.OplusWifiDisplayUsageHelperExtImpl.getDiscoverPeersState:180 com.android.server.display.WifiDisplayController$5.onSuccess:589 android.net.wifi.p2p.WifiP2pManager$Channel$P2pHandler.handleMessage:1391 
06-20 16:49:59.870  1703  1859 D OplusWifiDisplayUsageHelperExtImpl: getDiscoverPeersState
06-20 16:49:59.872  1703  1859 D WifiDisplayController: Received list of peers.
06-20 16:49:59.996  1703  1908 D OplusSmartBrightnessController: handleMessage MSG_LUX_CHANGED, mLux:463.06155 luxQueue=[437.0, 456.0, 472.0, 482.0, 474.0, 462.0, 457.0]
06-20 16:50:00.000  1703  2039 V AlarmManager: sending alarm Alarm{c39db9f type 3 origWhen 3352636172 whenElapsed 3352636172 android} uid 1000 whenElapsed 3352636172 windowLength 0 maxWhenElapsed 3352636172 repeatInterval 0 action null component null tag TIME_TICK flags 0x9 procName system_server
06-20 16:50:00.039  1703  6338 E OplusCustomizeRestrictionManagerService: isBiometricDisabled start
06-20 16:50:00.074  1316  1316 W wificond: No handler for scan result notification from interface with index: 147
06-20 16:50:01.998  1703  1908 D OplusSmartBrightnessController: handleMessage MSG_LUX_CHANGED, mLux:468.20956 luxQueue=[472.0, 471.0, 464.0, 468.0, 466.0]
06-20 16:50:02.384  1316  1316 W wificond: No handler for scan result notification from interface with index: 147
06-20 16:50:02.900  9195  9195 I Quality : Skipped: true 3 cost 54.85165 refreshRate 16858100 bit true processName com.ss.android.ugc.aweme
06-20 16:50:02.958  1316  1316 W wificond: No handler for scan result notification from interface with index: 147
06-20 16:50:03.214  1703  2839 D OplusAlarmAdjustment: alignAlarmsByUid(), uid=10256, pkgName=com.taobao.taobao, actions=null, procs=null, requester=1
06-20 16:50:03.214  1703  1907 D OplusAlarmAdjustMap: addAlignUid, uid=10256, pkgName=com.taobao.taobao, requester=1, mode=1
06-20 16:50:03.396  1703  1908 D OplusSmartBrightnessController: handleMessage MSG_LUX_CHANGED, mLux:464.71634 luxQueue=[467.0, 466.0, 464.0, 465.0, 465.0, 463.0, 463.0]
06-20 16:50:03.626  1316  1316 W wificond: No handler for scan result notification from interface with index: 147
06-20 16:50:04.291  1316  1316 W wificond: No handler for scan result notification from interface with index: 147
06-20 16:50:04.601  1703  1908 D OplusSmartBrightnessController: handleMessage MSG_LUX_CHANGED, mLux:459.50717 luxQueue=[463.0, 463.0, 459.0, 457.0, 457.0, 458.0]
06-20 16:50:04.872  1703  1859 D WifiDisplayController: Discover peers succeeded.  Requesting peers now.
06-20 16:50:04.872  1703  1859 W ContextImpl: Calling a method in the system process without a qualified user: android.app.ContextImpl.sendBroadcast:1247 com.android.server.display.OplusWifiDisplayUsageHelperExtImpl.sendWfdStateBroadcast:92 com.android.server.display.OplusWifiDisplayUsageHelperExtImpl.getDiscoverPeersState:180 com.android.server.display.WifiDisplayController$5.onSuccess:589 android.net.wifi.p2p.WifiP2pManager$Channel$P2pHandler.handleMessage:1391 
06-20 16:50:04.872  1703  1859 D OplusWifiDisplayUsageHelperExtImpl: getDiscoverPeersState
06-20 16:50:04.873  1703  1859 D WifiDisplayController: Received list of peers.
06-20 16:50:04.962  1316  1316 W wificond: No handler for scan result notification from interface with index: 147
06-20 16:50:05.465  2789  3038 V MonthTrafficAlert: getWarningNotification subId:1 numWarningNotificaion:0
06-20 16:50:05.465  2789  3038 V TrafficAlert: getLimitNotification subId:1 ,numLimitNotificaion:0
06-20 16:50:05.998  1703  1908 D OplusSmartBrightnessController: handleMessage MSG_LUX_CHANGED, mLux:454.4389 luxQueue=[458.0, 459.0, 456.0, 454.0, 452.0, 451.0, 451.0]
06-20 16:50:06.572  1703  6338 D CommSceneService: my telephony callback proxy invoke method=onTelephonyEventReport
06-20 16:50:06.572  2789 17192 D TelephonyManagerProxy: onTelephonyEventReport,cb list: 3
06-20 16:50:06.572  2789 17192 D TelephonyManagerProxy: onTelephonyEventReport,cb: l8.a$a@33e83b
06-20 16:50:06.572  2789 17192 D TelephonyManagerProxy: onTelephonyEventReport,cb: d8.d$a@f11ad96
06-20 16:50:06.573  2789 17192 D TelephonyManagerProxy: onTelephonyEventReport,cb: d8.d$a@56ecd17
06-20 16:50:07.198  1703  1908 D OplusSmartBrightnessController: handleMessage MSG_LUX_CHANGED, mLux:458.6055 luxQueue=[458.0, 457.0, 457.0, 458.0, 463.0]
06-20 16:50:07.407  1316  1316 W wificond: No handler for scan result notification from interface with index: 147
06-20 16:50:07.590  2789 12699 D TelephonyManagerProxy: onTelephonyEventReport,cb list: 3
06-20 16:50:07.590  2789 12699 D TelephonyManagerProxy: onTelephonyEventReport,cb: l8.a$a@33e83b
06-20 16:50:07.590  2789 12699 D TelephonyManagerProxy: onTelephonyEventReport,cb: d8.d$a@f11ad96
06-20 16:50:07.590  2789 12699 D TelephonyManagerProxy: onTelephonyEventReport,cb: d8.d$a@56ecd17
06-20 16:50:07.592  1703  3517 D CommSceneService: my telephony callback proxy invoke method=onTelephonyEventReport
06-20 16:50:07.892  1316  1316 W wificond: No handler for scan result notification from interface with index: 147
06-20 16:50:07.998  1703  1908 D OplusSmartBrightnessController: handleMessage MSG_LUX_CHANGED, mLux:472.7851 luxQueue=[466.0, 469.0, 475.0, 481.0]
06-20 16:50:08.595  1316  1316 W wificond: No handler for scan result notification from interface with index: 147
06-20 16:50:08.625  1703  2839 D OplusAlarmAdjustment: unalignAlarmsByUid(), uid=10252, pkgName=com.xunmeng.pinduoduo, actions=null, procs=null, requester=1
06-20 16:50:08.626  1703  1907 D OplusAlarmAdjustMap: removeAlignUid, uid=10252, requester=1
06-20 16:50:08.998  1703  1908 D OplusSmartBrightnessController: handleMessage MSG_LUX_CHANGED, mLux:489.6268 luxQueue=[483.0, 485.0, 490.0, 493.0, 497.0]
06-20 16:50:09.069  1316  1316 W wificond: No handler for scan result notification from interface with index: 147
06-20 16:50:09.641  1703  3517 D CommSceneService: my telephony callback proxy invoke method=onTelephonyEventReport
06-20 16:50:09.643  2789 12699 D TelephonyManagerProxy: onTelephonyEventReport,cb list: 3
06-20 16:50:09.643  2789 12699 D TelephonyManagerProxy: onTelephonyEventReport,cb: l8.a$a@33e83b
06-20 16:50:09.643  2789 12699 D TelephonyManagerProxy: onTelephonyEventReport,cb: d8.d$a@f11ad96
06-20 16:50:09.643  2789 12699 D TelephonyManagerProxy: onTelephonyEventReport,cb: d8.d$a@56ecd17
06-20 16:50:09.731  1316  1316 W wificond: No handler for scan result notification from interface with index: 147
06-20 16:50:09.798  1703  1908 D OplusSmartBrightnessController: handleMessage MSG_LUX_CHANGED, mLux:509.7644 luxQueue=[505.0, 507.0, 513.0, 514.0]
06-20 16:50:09.885  1703  1859 D WifiDisplayController: Discover peers succeeded.  Requesting peers now.
06-20 16:50:09.886  1703  1859 W ContextImpl: Calling a method in the system process without a qualified user: android.app.ContextImpl.sendBroadcast:1247 com.android.server.display.OplusWifiDisplayUsageHelperExtImpl.sendWfdStateBroadcast:92 com.android.server.display.OplusWifiDisplayUsageHelperExtImpl.getDiscoverPeersState:180 com.android.server.display.WifiDisplayController$5.onSuccess:589 android.net.wifi.p2p.WifiP2pManager$Channel$P2pHandler.handleMessage:1391 
06-20 16:50:09.888  1703  1859 D OplusWifiDisplayUsageHelperExtImpl: getDiscoverPeersState
06-20 16:50:09.891  1703  1859 D WifiDisplayController: Received list of peers.
06-20 16:50:10.169  1703  3517 W ProcessStats: Tracking association SourceState{d585927 com.ss.android.ugc.aweme/10356 BTop #4751223} whose proc state 2 is better than process ProcessState{ca77bc8 com.oplus.cosa/10118 pkg=com.oplus.cosa} proc state 4 (8 skipped)
