--------- beginning of system
07-12 22:40:09.386 V/BackupManagerConstants( 1671): getFullBackupRequireCharging(...) returns true
07-12 22:40:09.386 D/CompatibilityChangeReporter( 1671): Compat change id reported: 271850009; UID 1000; state: ENABLED
07-12 22:40:09.387 D/CompatibilityChangeReporter( 1671): Compat change id reported: 271850009; UID 1000; state: DISABLED
07-12 22:40:09.395 I/Quality ( 2468): BitmapCompressInfo:168,168,1,100,130445923
07-12 22:40:09.410 D/CompatibilityChangeReporter( 1671): Compat change id reported: 253665015; UID 1000; state: ENABLED
07-12 22:40:09.410 D/CompatibilityChangeReporter( 1671): Compat change id reported: 253665015; UID 1000; state: DISABLED
07-12 22:40:09.412 D/CompatibilityChangeReporter( 1671): Compat change id reported: 194532703; UID 1000; state: ENABLED
07-12 22:40:09.430 W/Looper  ( 1671): Slow dispatch took 100ms main h=android.app.ActivityThread$H c=android.app.LoadedApk$ReceiverDispatcher$Args$$ExternalSyntheticLambda0@580e5a4 m=0
07-12 22:40:09.450 D/CompatibilityChangeReporter( 1671): Compat change id reported: 218533173; UID 10591; state: ENABLED
07-12 22:40:09.451 D/CompatibilityChangeReporter( 1671): Compat change id reported: 171306433; UID 10591; state: ENABLED
07-12 22:40:09.451 W/AlarmManager( 1671): Package com.aitavern.app.debug, uid 10591 lost permission to set exact alarms!
07-12 22:40:09.456 W/Looper  ( 1671): Drained
07-12 22:40:09.472 E/AppOps  ( 1671): Operation not started: uid=10074 pkg=com.oplus.ovoicemanager.wakeup(null) op=RECORD_AUDIO
07-12 22:40:09.473 D/IntervalStats( 1671): Unable to parse usage stats packages: [239, 325, 337, 340, 347, 362, 363, 373, 374, 386, 408, 421, 422, 425, 426, 427, 434, 450, 485, 600, 666, 677, 680, 684, 713, 714, 750, 821, 822, 841, 842, 847, 860, 874, 895, 896, 902, 904, 907, 908, 909, 910, 911, 914, 918, 919, 920, 925, 932, 933, 935, 936, 938, 945, 946, 947]
07-12 22:40:09.475 D/UsageStatsService( 1671): User[0] type=3 b=1752417609437 e=1783867209437 cb=1769881942308 ce=1783867209305 disk=408 all=823
07-12 22:40:09.604 W/UsageStatsService( 1671): Failed to query usage stats for locked user 10
07-12 22:40:09.615 D/UsageStatsService( 1671): User[999] type=3 b=1752417609437 e=1783867209437 cb=1769946431983 ce=1783867145780 disk=13 all=26
07-12 22:40:09.669 D/StdIDManager( 1671): stdid call:com.coloros.phonemanager,10152,OUID,10073
07-12 22:40:09.719 D/StdIDManager( 1671): stdid call:com.coloros.phonemanager,10152,OUID,10073
07-12 22:40:09.792 D/StdIDManager( 1671): stdid call:com.coloros.phonemanager,10152,OUID,10073
07-12 22:40:09.863 D/IntervalStats( 1671): Unable to parse usage stats packages: [1046]
07-12 22:40:09.876 D/IntervalStats( 1671): Unable to parse usage stats packages: [1046]
07-12 22:40:09.882 D/UsageStatsService( 1671): User[0] type=0 b=1783694409833 e=1783867209833 cb=1783801140853 ce=1783867209796 disk=376 all=568
07-12 22:40:09.886 D/OplusOsPackageManager( 1671): uploadInstallAppInfos:{code=1006005, abi1=arm64-v8a, abi2=null, update=1, cert=744C8A85A2;, targetSdkVersion=36, source=pc, app_pkg=com.aitavern.app.debug, version=1.6.5, md5=bbeac85e7c8a85cd76cc152a2940168c},path=/data/app/~~-RDm5xHDlG7XgHrP14a5TA==/com.aitavern.app.debug-GL0DI4fU3m-KnZIQnkiMVw==/base.apk,installerPackageName:pc
07-12 22:40:09.925 W/ContextImpl( 1928): Calling a method in the system process without a qualified user: android.app.ContextImpl.startService:1929 android.content.ContextWrapper.startService:835 com.oplusos.sau.SAUApplication.onCreate:159 android.app.Instrumentation.callApplicationOnCreate:1335 android.app.ActivityThread.handleBindApplication:7581 
07-12 22:40:09.931 W/ContextImpl( 1928): Calling a method in the system process without a qualified user: android.app.ContextImpl.startService:1929 android.content.ContextWrapper.startService:835 com.oplusos.sau.SAUApplication.onCreate:161 android.app.Instrumentation.callApplicationOnCreate:1335 android.app.ActivityThread.handleBindApplication:7581 
07-12 22:40:09.937 D/CompatibilityChangeReporter( 1671): Compat change id reported: 161145287; UID 1000; state: ENABLED
07-12 22:40:09.938 D/CompatibilityChangeReporter( 1671): Compat change id reported: 161145287; UID 1000; state: DISABLED
07-12 22:40:09.949 I/ActivityManager( 1671): Flag disabled. Ignoring finishAttachApplication from uid: 1000. pid: 1928
07-12 22:40:09.979 W/ContextImpl( 1928): Calling a method in the system process without a qualified user: android.app.ContextImpl.startService:1929 android.content.ContextWrapper.startService:835 w2.e.E:9 com.oplusos.sau.service.SAUAppService.onStartCommand:32 android.app.ActivityThread.handleServiceArgs:5103 
07-12 22:40:09.989 W/ContextImpl( 1928): Calling a method in the system process without a qualified user: android.app.ContextImpl.bindService:2032 android.content.ContextWrapper.bindService:871 com.oplusos.sau.aidl.SauBinderUpdateService.onCreate:9 android.app.ActivityThread.handleCreateService:4915 android.app.ActivityThread.-$$Nest$mhandleCreateService:0 
07-12 22:40:09.991 D/CompatibilityChangeReporter( 1671): Compat change id reported: 261072174; UID 1000; state: ENABLED
07-12 22:40:10.160 D/StdIDManager( 1671): stdid call:com.coloros.phonemanager,10152,OUID,10073
07-12 22:40:10.224 E/OplusDataSyncManagerService( 1671): Unable to updateAppData ISysStateChangeCallback for type fraud_detectas no module added
07-12 22:40:10.245 E/ActivityThread(25683): Failed to find provider info for com.oplus.securitypermission.AppControlCenterProvider
07-12 22:40:10.257 E/ActivityThread(25683): Failed to find provider info for com.oplus.securitypermission.AppControlCenterProvider
07-12 22:40:10.283 E/ActivityThread(25683): Failed to find provider info for com.oplus.securitypermission.AppControlCenterProvider
07-12 22:40:10.286 E/ActivityThread(25683): Failed to find provider info for com.oplus.securitypermission.AppControlCenterProvider
07-12 22:40:10.297 D/IntervalStats( 1671): Unable to parse usage stats packages: [337, 347, 666, 911, 935, 949, 958, 962, 968, 971, 972, 973]
07-12 22:40:10.304 D/IntervalStats( 1671): Unable to parse usage stats packages: [337, 666, 935, 949, 958, 968, 980, 982, 989, 990, 991, 992, 993]
07-12 22:40:10.308 D/IntervalStats( 1671): Unable to parse usage stats packages: [935, 958, 995, 996, 1000, 1001, 1002, 1003, 1005, 1008, 1010, 1011, 1012]
07-12 22:40:10.310 D/UsageStatsService( 1671): User[0] type=2 b=1776091210288 e=1783867210288 cb=1781551748410 ce=1783867209796 disk=868 all=1274
07-12 22:40:10.324 I/ActivityManager( 1671): Process com.coloros.shortcuts (pid 26523) has died: cch+5 CEM 
07-12 22:40:10.332 D/DisplayManagerService( 1671): Drop pending events for gone uid 10245
07-12 22:40:10.332 E/OAPM    ( 1671): activity preload is not enabled
07-12 22:40:10.525 I/OplusSmartBrightnessController( 1671): deltaLux = 3.9335413, scale = 1.6
07-12 22:40:10.525 D/OplusSmartBrightnessController( 1671): handleMessage MSG_LUX_CHANGED, mLux:12.691137 luxQueue=[11.0, 11.0, 11.0, 11.0, 11.0, 11.0, 11.0, 11.0, 11.0, 13.0]
07-12 22:40:11.246 D/OAppNetControlService( 1671): Hans update:[10227=true][0|0] blackList:[10260, 10382, 99910190, 10195, 10022, 10502, 10190, 10227]
07-12 22:40:11.246 D/OplusAlarmAdjustment( 1671): proxyAlarmsByUid(), uid=10227, pkgName=com.oplus.games, requester=1
07-12 22:40:11.247 D/OplusAlarmAdjustMap( 1671): addProxyUid, uid=10227, pkgName=com.oplus.games, requester=1
07-12 22:40:11.254 D/OplusAlarmAdjustment( 1671): alignAlarmsByUid(), uid=10224, pkgName=com.nearme.gamecenter, actions=null, procs=null, requester=1
07-12 22:40:11.255 D/OplusAlarmAdjustMap( 1671): addAlignUid, uid=10224, pkgName=com.nearme.gamecenter, requester=1, mode=1
07-12 22:40:11.261 D/OAppNetControlService( 1671): Hans update:[10119=true][0|0] blackList:[10260, 10382, 99910190, 10195, 10022, 10502, 10190, 10227, 10119]
07-12 22:40:11.268 D/CompatibilityChangeReporter( 1671): Compat change id reported: 135634846; UID 10245; state: DISABLED
07-12 22:40:11.268 D/CompatibilityChangeReporter( 1671): Compat change id reported: 177438394; UID 10245; state: DISABLED
07-12 22:40:11.268 D/CompatibilityChangeReporter( 1671): Compat change id reported: 135772972; UID 10245; state: DISABLED
07-12 22:40:11.268 D/CompatibilityChangeReporter( 1671): Compat change id reported: 135754954; UID 10245; state: ENABLED
07-12 22:40:11.269 D/CompatibilityChangeReporter( 1671): Compat change id reported: 143937733; UID 10245; state: ENABLED
07-12 22:40:11.294 I/ActivityManager( 1671): Start proc 2450:com.coloros.shortcuts/u0a245 for content provider {com.coloros.shortcuts/com.coloros.shortcuts.framework.db.AppDataProvider}
07-12 22:40:11.325 D/CompatibilityChangeReporter( 1671): Compat change id reported: 168419799; UID 10245; state: DISABLED
07-12 22:40:11.326 D/CompatibilityChangeReporter( 1671): Compat change id reported: 273564678; UID 10245; state: DISABLED
07-12 22:40:11.337 D/CompatibilityChangeReporter( 1671): Compat change id reported: 265195908; UID 10245; state: ENABLED
07-12 22:40:11.338 W/Looper  ( 1671): Drained
07-12 22:40:11.355 D/CompatibilityChangeReporter( 1671): Compat change id reported: 170503758; UID 10245; state: ENABLED
07-12 22:40:11.443 D/ResourcesManagerExtImpl( 2450): applyConfigurationToAppResourcesLocked app.getDisplayId() return callback.displayId:-1
07-12 22:40:11.471 D/CompatibilityChangeReporter( 1671): Compat change id reported: 161145287; UID 10245; state: ENABLED
07-12 22:40:11.483 I/ActivityManager( 1671): Flag disabled. Ignoring finishAttachApplication from uid: 10245. pid: 2450
07-12 22:40:11.511 D/StdIDManager( 1671): stdid call:com.coloros.shortcuts,10245,OUID,10073
07-12 22:40:11.539 D/CompatibilityChangeReporter( 1671): Compat change id reported: 253665015; UID 10245; state: ENABLED
07-12 22:40:11.541 D/CompatibilityChangeReporter( 1671): Compat change id reported: 194532703; UID 10245; state: ENABLED
07-12 22:40:11.551 D/CompatibilityChangeReporter( 1671): Compat change id reported: 261072174; UID 10245; state: ENABLED
07-12 22:40:11.638 D/OplusPowerManager( 2450): OplusPowerManager, getMaximumScreenBrightnessSetting
07-12 22:40:11.640 D/OplusPowerManagerServiceEnhance( 1671): getMaximumScreenBrightnessSetting
07-12 22:40:11.645 D/OplusPowerManager( 2450): OplusPowerManager, getMinimumScreenBrightnessSetting
07-12 22:40:11.649 D/OplusPowerManagerServiceEnhance( 1671): getMinimumScreenBrightnessSetting
07-12 22:40:11.679 W/ActivityManager( 1671): Unable to start service Intent { act=com.oplus.framework.network.drs.action.DRS_CHANNEL pkg=com.oplus.framework.network.drs } U=0: not found
07-12 22:40:13.327 D/OplusSmartBrightnessController( 1671): handleMessage MSG_LUX_CHANGED, mLux:13.0 luxQueue=[13.0, 13.0, 13.0, 13.0, 13.0]
07-12 22:40:14.327 D/OplusSmartBrightnessController( 1671): handleMessage MSG_LUX_CHANGED, mLux:14.205633 luxQueue=[14.0, 15.0, 14.0, 14.0, 14.0]
07-12 22:40:15.327 D/OplusSmartBrightnessController( 1671): handleMessage MSG_LUX_CHANGED, mLux:15.607691 luxQueue=[15.0, 15.0, 16.0, 16.0, 16.0]
07-12 22:40:15.582 D/OplusAppListInterceptManager( 1671): shouldFilterTask
07-12 22:40:15.583 D/OplusAppListInterceptManager( 1671): shouldFilterTask::packageName = com.ss.android.ugc.aweme
07-12 22:40:15.583 D/ActivityTaskManager( 1671): Skipping, invisible task: Task{17e9ded #5 type=home I=com.android.launcher/.Launcher}
07-12 22:40:15.583 D/OplusAppListInterceptManager( 1671): shouldFilterTask
07-12 22:40:15.583 D/OplusAppListInterceptManager( 1671): shouldFilterTask::packageName = com.follow.clash
07-12 22:40:15.583 D/ActivityTaskManager( 1671): after skip size 2
07-12 22:40:17.612 W/ProcessStats( 1671): Tracking association SourceState{1b4df0 com.ss.android.ugc.aweme/10356 BTop #1386033} whose proc state 2 is better than process ProcessState{14cd327 com.oplus.cosa/10118 pkg=com.oplus.cosa} proc state 4 (760 skipped)
07-12 22:40:17.936 W/ContextImpl(20755): Calling a method in the system process without a qualified user: android.app.ContextImpl.bindService:2032 android.content.ContextWrapper.bindService:871 com.oplus.onetrace.connection.a.c:19 com.oplus.onetrace.connection.b.c:23 g3.a.c:7 
07-12 22:40:17.990 E/OplusAthenaAm( 1671): AthenaAmManagerInternal transact code hello:13,flags:0
07-12 22:40:18.140 D/CompatibilityChangeReporter( 1671): Compat change id reported: 157233955; UID 1000; state: ENABLED
07-12 22:40:18.175 I/OplusAppSwitchManagerService( 1671): appswitch registerAppSwitchObserver pName = com@@oplus@@onetrace observer = com.oplus.app.IOplusAppSwitchObserver$Stub$Proxy@93446b5 config = OplusAppSwitchConfig = {  mConfigs = {} observerFingerPrint = 205128348}
07-12 22:40:18.176 I/OplusAppSwitchStateDispatcher( 1671): registerAppSwitchObserver addDynamicListener OK, info = OplusAppSwitchRuleInfo = {  observer = com.oplus.app.IOplusAppSwitchObserver$Stub$Proxy@93446b5 observerFingerPrint = 205128348} rule size =0
07-12 22:40:18.185 W/ContextImpl(13023): Calling a method in the system process without a qualified user: android.app.ContextImpl.bindService:2032 android.content.ContextWrapper.bindService:871 com.oplus.dataprovider.server.i.l:68 com.oplus.dataprovider.app.AppJankStatsManager.start:3 com.oplus.onetrace.controller.p0.h:29 
07-12 22:40:18.326 D/OplusSmartBrightnessController( 1671): handleMessage MSG_LUX_CHANGED, mLux:16.0 luxQueue=[16.0, 16.0, 16.0, 16.0, 16.0]
07-12 22:40:19.036 D/CompatibilityChangeReporter( 1671): Compat change id reported: 151105954; UID 1000; state: ENABLED
07-12 22:40:19.043 E/AppOps  ( 1671): attributionTag  not declared in manifest of com.oplus.exsystemservice
07-12 22:40:19.051 E/AppOps  ( 1671): attributionTag  not declared in manifest of com.oplus.exsystemservice
07-12 22:40:20.326 I/OplusSmartBrightnessController( 1671): deltaLux = 0.89702034, scale = 1.3
07-12 22:40:20.327 D/OplusSmartBrightnessController( 1671): handleMessage MSG_LUX_CHANGED, mLux:15.309984 luxQueue=[15.0, 15.0, 15.0, 15.0, 15.0, 15.0, 15.0, 15.0, 16.0, 15.0]
07-12 22:40:20.702 V/AlarmManager( 1671): sending alarm Alarm{f635dd type 3 origWhen 914785000 whenElapsed 914785000 android} uid 1000 whenElapsed 914785000 windowLength 0 maxWhenElapsed 914785000 repeatInterval 0 action null component null tag StatsCompanionService.periodic flags 0x9 procName system_server
07-12 22:40:20.709 D/CompatibilityChangeReporter( 1671): Compat change id reported: 171306433; UID 1000; state: ENABLED
07-12 22:40:21.540 I/keystore2(  658): system/security/keystore2/src/watchdog.rs:319 - Watchdog thread idle -> terminating. Have a great day.
07-12 22:40:24.928 I/OplusSmartBrightnessController( 1671): deltaLux = 1.555646, scale = 1.8624394
07-12 22:40:24.929 D/OplusSmartBrightnessController( 1671): handleMessage MSG_LUX_CHANGED, mLux:14.47471 luxQueue=[15.0, 14.0, 13.0, 13.0, 14.0, 15.0, 14.0, 14.0, 14.0, 13.0, 12.0]
07-12 22:40:24.938 I/ActivityManager( 1671): Waited long enough for: ServiceRecord{f3d9b0b u0 com.oplus.sau/com.oplusos.sau.aidl.SauBinderUpdateService}
07-12 22:40:26.531 D/PowerManagerService( 1671): userActivityNoUpdateLocked: groupId=0, eventTime=690753166, event=touch, flags=0x0, uid=1000
07-12 22:40:26.789 I/Quality (14883): Skipped: true 3 cost 54.14282 refreshRate 16857265 bit true processName com.ss.android.ugc.aweme
07-12 22:40:26.842 D/CompatibilityChangeReporter( 1671): Compat change id reported: 218533173; UID 1000; state: ENABLED
07-12 22:40:27.221 D/TelephonyManagerProxy(20232): onTelephonyEventReport,cb list: 3
07-12 22:40:27.221 D/TelephonyManagerProxy(20232): onTelephonyEventReport,cb: l8.a$a@c23d9d1
07-12 22:40:27.222 D/TelephonyManagerProxy(20232): onTelephonyEventReport,cb: d8.d$a@2860828
07-12 22:40:27.222 D/TelephonyManagerProxy(20232): onTelephonyEventReport,cb: d8.d$a@7dd941
07-12 22:40:27.222 D/CommSceneService( 1671): my telephony callback proxy invoke method=onTelephonyEventReport
07-12 22:40:27.532 D/OplusSmartBrightnessController( 1671): handleMessage MSG_LUX_CHANGED, mLux:16.181265 luxQueue=[16.0, 16.0, 15.0, 17.0, 17.0, 16.0]
07-12 22:40:27.966 I/OplusAppSwitchManagerService( 1671): appswitch unregisterAppSwitchObserver pkgName = com.oplus.onetrace config = OplusAppSwitchConfig = {  mConfigs = {} observerFingerPrint = 205128348}
07-12 22:40:27.966 I/OplusAppSwitchStateDispatcher( 1671): unregisterAppSwitchObserver ok, pkgName = com.oplus.onetrace info = OplusAppSwitchRuleInfo = {  observer = null observerFingerPrint = 205128348}
07-12 22:40:27.983 W/ProcessStats( 1671): Tracking association SourceState{11dc01d com.oplus.midas/1000 ImpFg #1386049} whose proc state 5 is better than process ProcessState{4029a91 com.oplus.powermonitor/1000 pkg=com.oplus.powermonitor} proc state 8 (65 skipped)
07-12 22:40:28.000 E/OplusAthenaAm( 1671): AthenaAmManagerInternal transact code hello:13,flags:0
07-12 22:40:28.465 E/AppOps  ( 1671): Operation not started: uid=10074 pkg=com.oplus.ovoicemanager.wakeup(null) op=RECORD_AUDIO
07-12 22:40:30.325 I/OplusSmartBrightnessController( 1671): deltaLux = 2.210516, scale = 2.3111095
07-12 22:40:30.326 D/OplusSmartBrightnessController( 1671): handleMessage MSG_LUX_CHANGED, mLux:15.224791 luxQueue=[16.0, 16.0, 15.0, 15.0, 14.0, 13.0, 13.0, 13.0, 13.0, 12.0, 13.0]
07-12 22:40:30.416 W/ContextImpl( 1671): Calling a method in the system process without a qualified user: android.app.ContextImpl.sendBroadcast:1232 com.android.server.job.controllers.OplusCpuController.notifyHighCpuEventForApp:386 com.android.server.job.controllers.OplusCpuController.handleCpuUpdate:332 com.android.server.job.controllers.OplusCpuController.-$$Nest$mhandleCpuUpdate:0 com.android.server.job.controllers.OplusCpuController$CpuTrackerHandler.handleMessage:256 
07-12 22:40:31.852 D/CompatibilityChangeReporter( 1671): Compat change id reported: 161145287; UID 10356; state: ENABLED
07-12 22:40:32.326 I/OplusSmartBrightnessController( 1671): deltaLux = 2.5165253, scale = 1.4582576
07-12 22:40:32.327 D/OplusSmartBrightnessController( 1671): handleMessage MSG_LUX_CHANGED, mLux:13.4990835 luxQueue=[13.0, 13.0, 13.0, 13.0, 13.0, 13.0, 12.0, 12.0, 12.0, 13.0]
07-12 22:40:33.366 D/CommSceneService( 1671): my telephony callback proxy invoke method=onTelephonyEventReport
07-12 22:40:33.368 D/TelephonyManagerProxy(20232): onTelephonyEventReport,cb list: 3
07-12 22:40:33.368 D/TelephonyManagerProxy(20232): onTelephonyEventReport,cb: l8.a$a@c23d9d1
07-12 22:40:33.368 D/TelephonyManagerProxy(20232): onTelephonyEventReport,cb: d8.d$a@2860828
07-12 22:40:33.368 D/TelephonyManagerProxy(20232): onTelephonyEventReport,cb: d8.d$a@7dd941
07-12 22:40:34.326 I/OplusSmartBrightnessController( 1671): deltaLux = 0.9890871, scale = 1.5
07-12 22:40:34.327 D/OplusSmartBrightnessController( 1671): handleMessage MSG_LUX_CHANGED, mLux:12.839692 luxQueue=[13.0, 13.0, 13.0, 13.0, 13.0, 12.0, 12.0, 12.0, 12.0, 12.0]
07-12 22:40:35.682 D/OplusAppListInterceptManager( 1671): shouldFilterTask
07-12 22:40:35.682 D/OplusAppListInterceptManager( 1671): shouldFilterTask::packageName = com.ss.android.ugc.aweme
07-12 22:40:35.682 D/ActivityTaskManager( 1671): Skipping, invisible task: Task{17e9ded #5 type=home I=com.android.launcher/.Launcher}
07-12 22:40:35.683 D/OplusAppListInterceptManager( 1671): shouldFilterTask
07-12 22:40:35.683 D/OplusAppListInterceptManager( 1671): shouldFilterTask::packageName = com.follow.clash
07-12 22:40:35.683 D/ActivityTaskManager( 1671): after skip size 2
07-12 22:40:36.528 D/OplusSmartBrightnessController( 1671): handleMessage MSG_LUX_CHANGED, mLux:13.0 luxQueue=[13.0, 13.0, 13.0, 13.0, 13.0]
07-12 22:40:38.422 W/ProcessStats( 1671): Tracking association SourceState{fa951e5 com.microsoft.appmanager:accsvc/10247 BFgs #1386053} whose proc state 4 is better than process ProcessState{4063d03 com.microsoft.appmanager/10247 pkg=com.microsoft.appmanager} proc state 9 (9 skipped)
07-12 22:40:38.727 D/OplusSmartBrightnessController( 1671): handleMessage MSG_LUX_CHANGED, mLux:13.0 luxQueue=[13.0, 13.0, 13.0, 13.0, 13.0, 13.0, 13.0, 13.0, 13.0, 13.0, 13.0]
07-12 22:40:41.371 D/OplusAlarmAdjustment( 1671): alignAlarmsByUid(), uid=10245, pkgName=com.coloros.shortcuts, actions=null, procs=null, requester=1
07-12 22:40:41.372 D/OplusAlarmAdjustMap( 1671): addAlignUid, uid=10245, pkgName=com.coloros.shortcuts, requester=1, mode=1
07-12 22:40:41.378 D/OAppNetControlService( 1671): Hans update:[10245=true][0|0] blackList:[10260, 10382, 99910190, 10195, 10022, 10502, 10190, 10227, 10119, 10245]
07-12 22:40:42.326 I/OplusSmartBrightnessController( 1671): deltaLux = 0.905674, scale = 1.2874798
07-12 22:40:42.327 D/OplusSmartBrightnessController( 1671): handleMessage MSG_LUX_CHANGED, mLux:12.296553 luxQueue=[12.0, 12.0, 13.0, 12.0, 12.0, 12.0, 12.0, 12.0, 12.0, 12.0, 12.0]
07-12 22:40:44.326 I/OplusSmartBrightnessController( 1671): deltaLux = 0.29655266, scale = 1.0
07-12 22:40:44.327 D/OplusSmartBrightnessController( 1671): handleMessage MSG_LUX_CHANGED, mLux:12.0 luxQueue=[12.0, 12.0, 12.0, 12.0, 12.0, 12.0, 12.0, 12.0, 12.0, 12.0]
07-12 22:40:46.726 D/OplusSmartBrightnessController( 1671): handleMessage MSG_LUX_CHANGED, mLux:12.094326 luxQueue=[13.0, 12.0, 12.0, 12.0, 12.0, 12.0, 12.0, 12.0, 12.0, 12.0, 12.0]
07-12 22:40:48.884 V/AlarmManager( 1671): sending alarm Alarm{560e4b1 type 2 origWhen 914813151 whenElapsed 914813151 com.tencent.mm} uid 10262 whenElapsed 914813151 windowLength 0 maxWhenElapsed 914813151 repeatInterval 0 action ALARM_ACTION(10000) component null flags 0x9 procName com.tencent.mm:push
07-12 22:40:48.927 I/OplusSmartBrightnessController( 1671): deltaLux = 0.09432602, scale = 1.0
07-12 22:40:48.927 D/OplusSmartBrightnessController( 1671): handleMessage MSG_LUX_CHANGED, mLux:12.0 luxQueue=[12.0, 12.0, 12.0, 12.0, 12.0, 12.0, 12.0, 12.0, 12.0, 12.0, 12.0]
07-12 22:40:48.986 V/MonthTrafficAlert(20232): getWarningNotification subId:1 numWarningNotificaion:0
07-12 22:40:48.986 V/TrafficAlert(20232): getLimitNotification subId:1 ,numLimitNotificaion:0
07-12 22:40:51.127 D/OplusSmartBrightnessController( 1671): handleMessage MSG_LUX_CHANGED, mLux:12.0 luxQueue=[12.0, 12.0, 12.0, 12.0, 12.0, 12.0, 12.0, 12.0, 12.0, 12.0, 12.0]
07-12 22:40:52.363 D/OplusAthenaAm( 1671): reset: after 2450
07-12 22:40:53.326 D/OplusSmartBrightnessController( 1671): handleMessage MSG_LUX_CHANGED, mLux:12.0 luxQueue=[12.0, 12.0, 12.0, 12.0, 12.0, 12.0, 12.0, 12.0, 12.0, 12.0, 12.0]
07-12 22:40:53.870 D/OplusAthenaAm( 1671): cancel: timeout
07-12 22:40:53.872 D/OplusAthenaAm( 1671): reset: after 19740
07-12 22:40:53.872 D/OplusAthenaAm( 1671): reset: done 66275
07-12 22:40:53.881 D/CompressAction( 1671): compactMemory 66276
07-12 22:40:55.728 I/OplusSmartBrightnessController( 1671): deltaLux = 0.6261864, scale = 1.4810457
07-12 22:40:55.729 D/OplusSmartBrightnessController( 1671): handleMessage MSG_LUX_CHANGED, mLux:11.5772 luxQueue=[11.0, 12.0, 12.0, 12.0, 11.0, 11.0, 11.0, 11.0, 11.0, 11.0, 12.0]
07-12 22:40:55.894 D/CommSceneService( 1671): my telephony callback proxy invoke method=onTelephonyEventReport
07-12 22:40:55.895 D/TelephonyManagerProxy(20232): onTelephonyEventReport,cb list: 3
07-12 22:40:55.896 D/TelephonyManagerProxy(20232): onTelephonyEventReport,cb: l8.a$a@c23d9d1
07-12 22:40:55.896 D/TelephonyManagerProxy(20232): onTelephonyEventReport,cb: d8.d$a@2860828
07-12 22:40:55.896 D/TelephonyManagerProxy(20232): onTelephonyEventReport,cb: d8.d$a@7dd941
07-12 22:40:57.732 I/OplusSmartBrightnessController( 1671): deltaLux = 0.57719994, scale = 1.0
07-12 22:40:57.733 D/OplusSmartBrightnessController( 1671): handleMessage MSG_LUX_CHANGED, mLux:11.0 luxQueue=[11.0, 11.0, 11.0, 11.0, 11.0, 11.0, 11.0, 11.0, 11.0, 11.0]
07-12 22:40:59.095 W/ProcessStats( 1671): Tracking association SourceState{fa951e5 com.microsoft.appmanager:accsvc/10247 BFgs #1386059} whose proc state 4 is better than process ProcessState{4063d03 com.microsoft.appmanager/10247 pkg=com.microsoft.appmanager} proc state 9 (10 skipped)
07-12 22:40:59.526 D/OplusSmartBrightnessController( 1671): handleMessage MSG_LUX_CHANGED, mLux:12.0 luxQueue=[12.0, 12.0, 12.0, 12.0, 12.0]
07-12 22:41:00.000 V/AlarmManager( 1671): sending alarm Alarm{9ddc7e7 type 3 origWhen 914824299 whenElapsed 914824299 android} uid 1000 whenElapsed 914824299 windowLength 0 maxWhenElapsed 914824299 repeatInterval 0 action null component null tag TIME_TICK flags 0x9 procName system_server
07-12 22:41:00.029 E/OplusCustomizeRestrictionManagerService( 1671): isBiometricDisabled start
07-12 22:41:01.528 I/OplusSmartBrightnessController( 1671): deltaLux = 0.7928591, scale = 1.4
07-12 22:41:01.529 D/OplusSmartBrightnessController( 1671): handleMessage MSG_LUX_CHANGED, mLux:11.433672 luxQueue=[11.0, 11.0, 12.0, 12.0, 11.0, 11.0, 11.0, 11.0, 11.0, 11.0]
07-12 22:41:05.929 D/OplusSmartBrightnessController( 1671): handleMessage MSG_LUX_CHANGED, mLux:12.0 luxQueue=[12.0, 12.0, 12.0, 12.0, 12.0]
07-12 22:41:08.528 I/OplusSmartBrightnessController( 1671): deltaLux = 0.811532, scale = 1.3856946
07-12 22:41:08.529 D/OplusSmartBrightnessController( 1671): handleMessage MSG_LUX_CHANGED, mLux:11.4143505 luxQueue=[11.0, 11.0, 11.0, 11.0, 11.0, 11.0, 12.0, 12.0, 11.0, 11.0, 11.0]
07-12 22:41:10.520 E/OplusAthenaAm( 1671): AthenaAmManagerInternal transact code hello:12,flags:0
07-12 22:41:12.327 D/OplusSmartBrightnessController( 1671): handleMessage MSG_LUX_CHANGED, mLux:12.0 luxQueue=[12.0, 12.0, 12.0, 12.0, 12.0]
07-12 22:41:14.327 I/OplusSmartBrightnessController( 1671): deltaLux = 0.09621906, scale = 1.3
07-12 22:41:14.328 D/OplusSmartBrightnessController( 1671): handleMessage MSG_LUX_CHANGED, mLux:11.925985 luxQueue=[11.0, 12.0, 12.0, 12.0, 12.0, 12.0, 12.0, 12.0, 12.0, 12.0]
07-12 22:41:15.326 D/OplusSmartBrightnessController( 1671): handleMessage MSG_LUX_CHANGED, mLux:12.0 luxQueue=[12.0, 12.0, 12.0, 12.0, 12.0]
07-12 22:41:15.884 D/OplusAppListInterceptManager( 1671): shouldFilterTask
07-12 22:41:15.884 D/OplusAppListInterceptManager( 1671): shouldFilterTask::packageName = com.ss.android.ugc.aweme
07-12 22:41:15.884 D/ActivityTaskManager( 1671): Skipping, invisible task: Task{17e9ded #5 type=home I=com.android.launcher/.Launcher}
07-12 22:41:15.884 D/OplusAppListInterceptManager( 1671): shouldFilterTask
07-12 22:41:15.884 D/OplusAppListInterceptManager( 1671): shouldFilterTask::packageName = com.follow.clash
07-12 22:41:15.885 D/ActivityTaskManager( 1671): after skip size 2
07-12 22:41:17.330 D/OplusSmartBrightnessController( 1671): handleMessage MSG_LUX_CHANGED, mLux:12.0 luxQueue=[12.0, 12.0, 12.0, 12.0, 12.0, 12.0, 12.0, 12.0, 12.0, 12.0]
07-12 22:41:19.040 E/AppOps  ( 1671): attributionTag  not declared in manifest of com.oplus.exsystemservice
07-12 22:41:19.047 E/AppOps  ( 1671): attributionTag  not declared in manifest of com.oplus.exsystemservice
07-12 22:41:19.527 D/OplusSmartBrightnessController( 1671): handleMessage MSG_LUX_CHANGED, mLux:12.0 luxQueue=[12.0, 12.0, 12.0, 12.0, 12.0, 12.0, 12.0, 12.0, 12.0, 12.0, 12.0]
07-12 22:41:21.526 D/OplusSmartBrightnessController( 1671): handleMessage MSG_LUX_CHANGED, mLux:12.0 luxQueue=[12.0, 12.0, 12.0, 12.0, 12.0, 12.0, 12.0, 12.0, 12.0, 12.0]
07-12 22:41:23.726 D/OplusSmartBrightnessController( 1671): handleMessage MSG_LUX_CHANGED, mLux:12.0 luxQueue=[12.0, 12.0, 12.0, 12.0, 12.0, 12.0, 12.0, 12.0, 12.0, 12.0, 12.0]
07-12 22:41:26.845 V/AlarmManager( 1671): sending alarm Alarm{b2c558d type 2 origWhen 914851140 whenElapsed 914851140 android} uid 1000 whenElapsed 914851140 windowLength 0 maxWhenElapsed 914851140 repeatInterval 0 action com.android.server.audio.action.CHECK_MUSIC_ACTIVE component null flags 0x9 procName system_server
07-12 22:41:26.875 W/ProcessStats( 1671): Tracking association SourceState{fa951e5 com.microsoft.appmanager:accsvc/10247 BFgs #1386062} whose proc state 4 is better than process ProcessState{4063d03 com.microsoft.appmanager/10247 pkg=com.microsoft.appmanager} proc state 9 (10 skipped)
07-12 22:41:27.330 I/OplusSmartBrightnessController( 1671): deltaLux = 0.26427364, scale = 1.4453617
07-12 22:41:27.331 D/OplusSmartBrightnessController( 1671): handleMessage MSG_LUX_CHANGED, mLux:11.817158 luxQueue=[11.0, 11.0, 12.0, 12.0, 12.0, 12.0, 12.0, 12.0, 12.0, 11.0, 12.0]
07-12 22:41:28.329 D/OplusSmartBrightnessController( 1671): handleMessage MSG_LUX_CHANGED, mLux:12.0 luxQueue=[12.0, 12.0, 12.0, 12.0, 12.0]
07-12 22:41:30.732 W/ContextImpl( 1671): Calling a method in the system process without a qualified user: android.app.ContextImpl.sendBroadcast:1232 com.android.server.job.controllers.OplusCpuController.notifyHighCpuEventForApp:386 com.android.server.job.controllers.OplusCpuController.handleCpuUpdate:332 com.android.server.job.controllers.OplusCpuController.-$$Nest$mhandleCpuUpdate:0 com.android.server.job.controllers.OplusCpuController$CpuTrackerHandler.handleMessage:256 
07-12 22:41:31.527 I/OplusSmartBrightnessController( 1671): deltaLux = 0.17552662, scale = 1.3856946
07-12 22:41:31.528 D/OplusSmartBrightnessController( 1671): handleMessage MSG_LUX_CHANGED, mLux:11.873329 luxQueue=[11.0, 12.0, 12.0, 12.0, 12.0, 12.0, 11.0, 12.0, 12.0, 12.0, 12.0]
07-12 22:41:31.729 D/CommSceneService( 1671): my telephony callback proxy invoke method=onTelephonyEventReport
07-12 22:41:31.730 D/TelephonyManagerProxy(20232): onTelephonyEventReport,cb list: 3
07-12 22:41:31.731 D/TelephonyManagerProxy(20232): onTelephonyEventReport,cb: l8.a$a@c23d9d1
07-12 22:41:31.731 D/TelephonyManagerProxy(20232): onTelephonyEventReport,cb: d8.d$a@2860828
07-12 22:41:31.731 D/TelephonyManagerProxy(20232): onTelephonyEventReport,cb: d8.d$a@7dd941
07-12 22:41:32.729 D/OplusSmartBrightnessController( 1671): handleMessage MSG_LUX_CHANGED, mLux:12.0 luxQueue=[12.0, 12.0, 12.0, 12.0, 12.0]
07-12 22:41:35.926 I/OplusSmartBrightnessController( 1671): deltaLux = 0.16079903, scale = 1.372678
07-12 22:41:35.927 D/OplusSmartBrightnessController( 1671): handleMessage MSG_LUX_CHANGED, mLux:11.882857 luxQueue=[11.0, 12.0, 12.0, 12.0, 12.0, 12.0, 12.0, 12.0, 11.0, 12.0, 12.0, 12.0]
07-12 22:41:36.013 D/OplusAppListInterceptManager( 1671): shouldFilterTask
07-12 22:41:36.014 D/OplusAppListInterceptManager( 1671): shouldFilterTask::packageName = com.ss.android.ugc.aweme
07-12 22:41:36.014 D/ActivityTaskManager( 1671): Skipping, invisible task: Task{17e9ded #5 type=home I=com.android.launcher/.Launcher}
07-12 22:41:36.014 D/OplusAppListInterceptManager( 1671): shouldFilterTask
07-12 22:41:36.014 D/OplusAppListInterceptManager( 1671): shouldFilterTask::packageName = com.follow.clash
07-12 22:41:36.014 D/ActivityTaskManager( 1671): after skip size 2
07-12 22:41:36.599 D/PowerManagerService( 1671): userActivityNoUpdateLocked: groupId=0, eventTime=690823237, event=touch, flags=0x0, uid=1000
07-12 22:41:36.700 I/Quality (14883): Skipped: false 1 cost 22.08532 refreshRate 16859177 bit true processName com.ss.android.ugc.aweme
07-12 22:41:36.730 D/OplusSmartBrightnessController( 1671): handleMessage MSG_LUX_CHANGED, mLux:12.0 luxQueue=[12.0, 12.0, 12.0, 12.0]
07-12 22:41:36.892 W/ProcessStats( 1671): Tracking association SourceState{fa951e5 com.microsoft.appmanager:accsvc/10247 BFgs #1386063} whose proc state 4 is better than process ProcessState{4063d03 com.microsoft.appmanager/10247 pkg=com.microsoft.appmanager} proc state 9 (10 skipped)
07-12 22:41:36.952 D/PowerManagerService( 1671): userActivityNoUpdateLocked: groupId=0, eventTime=690823592, event=touch, flags=0x0, uid=1000
07-12 22:41:37.114 I/Quality (14883): Skipped: false 3 cost 64.963776 refreshRate 16857814 bit true processName com.ss.android.ugc.aweme
07-12 22:41:37.118 D/WindowManagerServiceExtImpl( 1671): extractConfigInfoAndRealFlags rotation=0, screenDp=360, win=Window{e39d877 u0 com.ss.android.ugc.aweme/com.ss.android.ugc.aweme.detail.ultra.ui.UltraDetailActivity}
07-12 22:41:37.119 V/WindowManager( 1671): Relayout Window{e39d877 u0 com.ss.android.ugc.aweme/com.ss.android.ugc.aweme.detail.ultra.ui.UltraDetailActivity}: viewVisibility=0, oldvis=0, req=1080x2408, vsysui=LAYOUT_STABLE LAYOUT_FULLSCREEN LIGHT_NAVIGATION_BAR
07-12 22:41:37.119 D/VRI[UltraDetailActivity](14883): relayoutWindow result, sizeChanged:false, surfaceControlChanged:false, transformHintChanged:false, mSurfaceSize:Point(1080, 2408), mLastSurfaceSize:Point(1080, 2408), mWidth:1080, mHeight:2408, requestedWidth:1080, requestedHeight:2408, transformHint:0, lastTransformHint:0, installOrientation:0, displayRotation:0, isSurfaceValid:true, attr.flag:-2122251904, useBlast:true, tmpFrames:ClientWindowFrames{frame=[0,0][1080,2408] display=[0,0][1080,2408] parentFrame=[0,0][1080,2408]}, params:{(0,0)(fillxfill) sim={state=hidden adjust=nothing} ty=BASE_APPLICATION fmt=TRANSLUCENT wanim=0x10302fe
07-12 22:41:37.119 D/VRI[UltraDetailActivity](14883):   fl=KEEP_SCREEN_ON LAYOUT_IN_SCREEN LAYOUT_INSET_DECOR SPLIT_TOUCH HARDWARE_ACCELERATED DRAWS_SYSTEM_BAR_BACKGROUNDS
07-12 22:41:37.119 D/VRI[UltraDetailActivity](14883):   pfl=NO_MOVE_ANIMATION FORCE_DRAW_STATUS_BAR_BACKGROUND USE_BLAST FIT_INSETS_CONTROLLED
07-12 22:41:37.119 D/VRI[UltraDetailActivity](14883):   vsysui=LAYOUT_STABLE LAYOUT_FULLSCREEN LIGHT_NAVIGATION_BAR
07-12 22:41:37.119 D/VRI[UltraDetailActivity](14883):   apr=LIGHT_NAVIGATION_BARS
07-12 22:41:37.119 D/VRI[UltraDetailActivity](14883):   bhv=DEFAULT
07-12 22:41:37.119 D/VRI[UltraDetailActivity](14883):   fitSides= CLP[ ]}
07-12 22:41:37.119 D/OplusFullScreenDisplayManager( 1671): adjustInsetsStateForWin: com.ss.android.ugc.aweme, setting cutoutMode: oplus always
07-12 22:41:37.119 W/VRI[UltraDetailActivity](14883): updateBlastSurfaceIfNeeded, surfaceSize:Point(1080, 2408), lastSurfaceSize:Point(1080, 2408), format:-3, blastBufferQueue:android.graphics.BLASTBufferQueue@6a2905f
07-12 22:41:37.120 D/OplusFullScreenDisplayManager( 1671): adjustInsetsStateForWin: com.ss.android.ugc.aweme, setting cutoutMode: oplus always
07-12 22:41:37.120 D/OplusFullScreenDisplayManager( 1671): adjustInsetsStateForWin: com.ss.android.ugc.aweme, setting cutoutMode: oplus always
07-12 22:41:37.121 I/TaskOrganizerController( 1671): onTaskInfoChanged taskid 13194 config { mBounds=Rect(0, 0 - 1080, 2408) mAppBounds=Rect(0, 96 - 1080, 2276) mMaxBounds=Rect(0, 0 - 1080, 2408) mDisplayRotation=ROTATION_0 mWindowingMode=fullscreen mDisplayWindowingMode=fullscreen mActivityType=standard mAlwaysOnTop=undefined mRotation=ROTATION_0}
07-12 22:41:37.121 D/FlexibleWindowManager( 1671): onFlexibleWindowTaskInfoChanged: mTaskId = 13194 oldIsTaskEmbedded = false   curIsTaskEmbedded = false  topActivity = ComponentInfo{com.ss.android.ugc.aweme/com.ss.android.ugc.aweme.detail.ultra.ui.UltraDetailActivity}
07-12 22:41:37.122 D/OplusFlexibleWindowMinimizedManagerHelper( 1671): onTaskInfoChanged taskInfo:TaskInfo{userId=0 taskId=13194 displayId=0 isRunning=true baseIntent=Intent { act=android.intent.action.MAIN cat=[android.intent.category.LAUNCHER] flg=0x10200000 cmp=com.ss.android.ugc.aweme/.splash.SplashActivity mCallingUid=10168 } baseActivity=ComponentInfo{com.ss.android.ugc.aweme/com.ss.android.ugc.aweme.main.MainActivity} topActivity=ComponentInfo{com.ss.android.ugc.aweme/com.ss.android.ugc.aweme.detail.ultra.ui.UltraDetailActivity} origActivity=ComponentInfo{com.ss.android.ugc.aweme/com.ss.android.ugc.aweme.splash.SplashActivity} realActivity=ComponentInfo{com.ss.android.ugc.aweme/com.ss.android.ugc.aweme.main.MainActivity} numActivities=3 lastActiveTime=914678607 supportsSplitScreenMultiWindow=true supportsMultiWindow=true supportsPocketStudioMultiWindow=true isInFlexibleEmbedded = false uid = 10356 pid = 14883 resizeMode=2 isResizeable=true minWidth=-1 minHeight=-1 defaultMinSize=220 token=WCT{RemoteToken{39cbdd4 Task{cfd4336 #13194 type=standard A=10356:com.ss.android.ugc.aweme}}} topActivityType=1 pictureInPictureParams=null shouldDockBigOverlays=false launchIntoPipHostTaskId=-1 lastParentTaskIdBeforePip=-1 displayCutoutSafeInsets=Rect(0, 96 - 0, 0) topActivityInfo=ActivityInfo{b69c895 com.ss.android.ugc.aweme.detail.ultra.ui.UltraDetailActivity} launchCookies=[] positionInParent=Point(0, 0) parentTaskId=-1 isFocused=true isVisible=true isVisibleRequested=true isSleeping=false topActivityInSizeCompat=false topActivityInOplusCompatMode=false topActivityEligibleForLetterboxEducation= false topActivityLetterboxed= false isFromDoubleTap= false topActivityLetterboxVerticalPosition= -1 topActivityLetterboxHorizontalPosition= -1 topActivityLetterboxWidth=-1 topActivityLetterboxHeight=-1 locusId=null displayAreaFeatureId=1 cameraCompatControlState=hidden locusId= null topActivityLetterboxInsets=Rect(0, 0 - 0, 0)} task:Task{cfd4336 #13194 type=standard A=10356:com.ss.android.ugc.aweme}
07-12 22:41:37.122 D/ShellTaskOrganizer( 2389): dispatchTaskEventToClientIfNeed, eventType:2, taskInfo:TaskInfo{userId=0 taskId=13194 displayId=0 isRunning=true baseIntent=Intent { act=android.intent.action.MAIN cat=[android.intent.category.LAUNCHER] flg=0x10200000 cmp=com.ss.android.ugc.aweme/.splash.SplashActivity mCallingUid=10168 } baseActivity=ComponentInfo{com.ss.android.ugc.aweme/com.ss.android.ugc.aweme.main.MainActivity} topActivity=ComponentInfo{com.ss.android.ugc.aweme/com.ss.android.ugc.aweme.detail.ultra.ui.UltraDetailActivity} origActivity=ComponentInfo{com.ss.android.ugc.aweme/com.ss.android.ugc.aweme.splash.SplashActivity} realActivity=ComponentInfo{com.ss.android.ugc.aweme/com.ss.android.ugc.aweme.main.MainActivity} numActivities=3 lastActiveTime=914678607 supportsSplitScreenMultiWindow=true supportsMultiWindow=true supportsPocketStudioMultiWindow=true isInFlexibleEmbedded = false uid = 10356 pid = 14883 resizeMode=2 isResizeable=true minWidth=-1 minHeight=-1 defaultMinSize=220 token=WCT{android.window.IWindowContainerToken$Stub$Proxy@9c03323} topActivityType=1 pictureInPictureParams=null shouldDockBigOverlays=false launchIntoPipHostTaskId=-1 lastParentTaskIdBeforePip=-1 displayCutoutSafeInsets=Rect(0, 96 - 0, 0) topActivityInfo=ActivityInfo{67ca020 com.ss.android.ugc.aweme.detail.ultra.ui.UltraDetailActivity} launchCookies=[] positionInParent=Point(0, 0) parentTaskId=-1 isFocused=true isVisible=true isVisibleRequested=true isSleeping=false topActivityInSizeCompat=false topActivityInOplusCompatMode=false topActivityEligibleForLetterboxEducation= false topActivityLetterboxed= false isFromDoubleTap= false topActivityLetterboxVerticalPosition= -1 topActivityLetterboxHorizontalPosition= -1 topActivityLetterboxWidth=-1 topActivityLetterboxHeight=-1 locusId=null displayAreaFeatureId=1 cameraCompatControlState=hidden locusId= null topActivityLetterboxInsets=Rect(0, 0 - 0, 0)}, leash:null
07-12 22:41:37.137 I/WindowManager( 1671): defer call onFirstWindowDrawn until mainwindow drawn:Window{ba68a65 u0 com.coloros.assistantscreen}
07-12 22:41:37.170 I/Quality (14883): Skipped: false 3 cost 53.388718 refreshRate 16857500 bit true processName com.ss.android.ugc.aweme
07-12 22:41:37.378 I/Quality (14883): Skipped: false 4 cost 76.29077 refreshRate 16856699 bit true processName com.ss.android.ugc.aweme
07-12 22:41:38.079 D/WindowManagerServiceExtImpl( 1671): extractConfigInfoAndRealFlags rotation=0, screenDp=360, win=Window{e39d877 u0 com.ss.android.ugc.aweme/com.ss.android.ugc.aweme.detail.ultra.ui.UltraDetailActivity}
07-12 22:41:38.080 D/VRI[UltraDetailActivity](14883): relayoutWindow result, sizeChanged:false, surfaceControlChanged:false, transformHintChanged:false, mSurfaceSize:Point(1080, 2408), mLastSurfaceSize:Point(1080, 2408), mWidth:1080, mHeight:2408, requestedWidth:1080, requestedHeight:2408, transformHint:0, lastTransformHint:0, installOrientation:0, displayRotation:0, isSurfaceValid:true, attr.flag:-2122251904, useBlast:true, tmpFrames:ClientWindowFrames{frame=[0,0][1080,2408] display=[0,0][1080,2408] parentFrame=[0,0][1080,2408]}, params:{(0,0)(fillxfill) sim={adjust=nothing} ty=BASE_APPLICATION fmt=TRANSLUCENT wanim=0x10302fe
07-12 22:41:38.080 D/VRI[UltraDetailActivity](14883):   fl=KEEP_SCREEN_ON LAYOUT_IN_SCREEN LAYOUT_INSET_DECOR SPLIT_TOUCH HARDWARE_ACCELERATED DRAWS_SYSTEM_BAR_BACKGROUNDS
07-12 22:41:38.080 D/VRI[UltraDetailActivity](14883):   pfl=NO_MOVE_ANIMATION FORCE_DRAW_STATUS_BAR_BACKGROUND USE_BLAST FIT_INSETS_CONTROLLED
07-12 22:41:38.080 D/VRI[UltraDetailActivity](14883):   vsysui=LAYOUT_STABLE LAYOUT_FULLSCREEN LIGHT_NAVIGATION_BAR
07-12 22:41:38.080 D/VRI[UltraDetailActivity](14883):   apr=LIGHT_NAVIGATION_BARS
07-12 22:41:38.080 D/VRI[UltraDetailActivity](14883):   bhv=DEFAULT
07-12 22:41:38.080 D/VRI[UltraDetailActivity](14883):   fitSides= CLP[ ]}
07-12 22:41:38.080 V/WindowManager( 1671): Relayout Window{e39d877 u0 com.ss.android.ugc.aweme/com.ss.android.ugc.aweme.detail.ultra.ui.UltraDetailActivity}: viewVisibility=0, oldvis=0, req=1080x2408, vsysui=LAYOUT_STABLE LAYOUT_FULLSCREEN LIGHT_NAVIGATION_BAR
07-12 22:41:38.080 W/VRI[UltraDetailActivity](14883): updateBlastSurfaceIfNeeded, surfaceSize:Point(1080, 2408), lastSurfaceSize:Point(1080, 2408), format:-3, blastBufferQueue:android.graphics.BLASTBufferQueue@6a2905f
07-12 22:41:38.081 D/OplusFullScreenDisplayManager( 1671): adjustInsetsStateForWin: com.ss.android.ugc.aweme, setting cutoutMode: oplus always
07-12 22:41:38.082 D/OplusFullScreenDisplayManager( 1671): adjustInsetsStateForWin: com.ss.android.ugc.aweme, setting cutoutMode: oplus always
07-12 22:41:38.082 D/OplusFullScreenDisplayManager( 1671): adjustInsetsStateForWin: com.ss.android.ugc.aweme, setting cutoutMode: oplus always
07-12 22:41:38.098 I/WindowManager( 1671): defer call onFirstWindowDrawn until mainwindow drawn:Window{ba68a65 u0 com.coloros.assistantscreen}
07-12 22:41:38.181 I/Quality (14883): Skipped: false 5 cost 86.873405 refreshRate 16857679 bit true processName com.ss.android.ugc.aweme
07-12 22:41:39.124 I/OplusSmartBrightnessController( 1671): deltaLux = 0.53463745, scale = 1.4979296
07-12 22:41:39.124 D/OplusSmartBrightnessController( 1671): handleMessage MSG_LUX_CHANGED, mLux:11.643083 luxQueue=[11.0, 12.0, 11.0, 11.0, 11.0, 12.0, 11.0, 11.0, 12.0, 12.0, 12.0]
07-12 22:41:40.386 D/UsageStatsService( 1671): User[0] type=0 b=1783867114902 e=1783867300382 cb=1783801140853 ce=1783867286869 disk=0 all=1
07-12 22:41:40.728 D/OplusSmartBrightnessController( 1671): handleMessage MSG_LUX_CHANGED, mLux:12.0 luxQueue=[12.0, 12.0, 12.0, 12.0, 12.0]
07-12 22:41:41.172 D/PowerManagerService( 1671): userActivityNoUpdateLocked: groupId=0, eventTime=690827811, event=touch, flags=0x0, uid=1000
07-12 22:41:41.272 D/PowerManagerService( 1671): userActivityNoUpdateLocked: groupId=0, eventTime=690827913, event=touch, flags=0x0, uid=1000
07-12 22:41:41.573 D/UsageStatsService( 1671): User[999] type=0 b=1783864913883 e=1783867301573 cb=1783800191218 ce=1783867145780 disk=0 all=1
07-12 22:41:41.611 I/Quality (14883): Skipped: false 4 cost 77.75155 refreshRate 16857465 bit true processName com.ss.android.ugc.aweme
07-12 22:41:41.692 I/Quality (14883): Skipped: true 1 cost 23.682903 refreshRate 16858663 bit true processName com.ss.android.ugc.aweme
07-12 22:41:42.206 I/Quality (14883): Skipped: true 4 cost 82.78967 refreshRate 16859025 bit true processName com.ss.android.ugc.aweme
07-12 22:41:42.926 I/OplusSmartBrightnessController( 1671): deltaLux = 0.08743954, scale = 1.2874798
07-12 22:41:42.928 D/OplusSmartBrightnessController( 1671): handleMessage MSG_LUX_CHANGED, mLux:11.932085 luxQueue=[11.0, 12.0, 12.0, 12.0, 12.0, 12.0, 12.0, 12.0, 12.0, 12.0, 12.0]
07-12 22:41:42.998 D/CommSceneService( 1671): my telephony callback proxy invoke method=onTelephonyEventReport
07-12 22:41:42.999 D/TelephonyManagerProxy(20232): onTelephonyEventReport,cb list: 3
07-12 22:41:42.999 D/TelephonyManagerProxy(20232): onTelephonyEventReport,cb: l8.a$a@c23d9d1
07-12 22:41:42.999 D/TelephonyManagerProxy(20232): onTelephonyEventReport,cb: d8.d$a@2860828
07-12 22:41:42.999 D/TelephonyManagerProxy(20232): onTelephonyEventReport,cb: d8.d$a@7dd941
07-12 22:41:43.533 V/AlarmManager( 1671): sending alarm Alarm{5c4ea95 type 3 origWhen 914764298 whenElapsed 914764298 com.oplus.obrain} uid 1000 whenElapsed 914764298 windowLength 450000 maxWhenElapsed 915214298 repeatInterval 600000 action MIDAS TEN MINUTE CLOCK ACTION component null flags 0x8 procName com.oplus.midas
07-12 22:41:43.534 V/AlarmManager( 1671): sending alarm Alarm{88f77aa type 3 origWhen 914764298 whenElapsed 914764298 com.oplus.obrain} uid 1000 whenElapsed 914764298 windowLength 225000 maxWhenElapsed 914989298 repeatInterval 300000 action MIDAS FIVE MINUTE CLOCK ACTION component null flags 0x8 procName com.oplus.midas
07-12 22:41:43.562 D/AppProfilerExtImpl( 1671): Skipped pss collection for CPU busy
07-12 22:41:43.565 V/AlarmManager( 1671): sending alarm Alarm{2446f38 type 3 origWhen 914819823 whenElapsed 914819823 com.oplus.nhs} uid 1001 whenElapsed 914819823 windowLength 225000 maxWhenElapsed 915044823 repeatInterval 300000 action oplus.intent.action.INTERNAL_LOOP_UPDATE_ACTIVITYINFO_ALARM component ComponentInfo{com.oplus.nhs/com.oplus.nhs.pwr.ModemAci.ModemAciAlarmReceiver} flags 0x8 procName com.oplus.nhs
07-12 22:41:43.582 V/AlarmManager( 1671): sending alarm Alarm{b6d46e4 type 3 origWhen 914815147 whenElapsed 914820160 com.tencent.mm} uid 10262 whenElapsed 914820160 windowLength 225000 maxWhenElapsed 915045160 repeatInterval 300000 action com.tencent.mm.TrafficStatsReceiver component null flags 0x8 procName com.tencent.mm:push
07-12 22:41:43.585 V/AlarmManager( 1671): sending alarm Alarm{49b5202 type 3 origWhen 914822804 whenElapsed 914822804 com.oplus.metis} uid 10089 whenElapsed 914822804 windowLength 44999 maxWhenElapsed 914867803 repeatInterval 0 action com.oplus.action.PID_TIMER_CHECK component null flags 0x8 procName com.oplus.metis
07-12 22:41:43.591 V/AlarmManager( 1671): sending alarm Alarm{29ed50 type 3 origWhen 914832545 whenElapsed 914832545 com.oplus.metis} uid 10089 whenElapsed 914832545 windowLength 225000 maxWhenElapsed 915057545 repeatInterval 300000 action oplus.intent.action.SORT_ALARM_ACTION component null flags 0x8 procName com.oplus.metis
07-12 22:41:43.602 V/AlarmManager( 1671): sending alarm Alarm{effb16f type 3 origWhen 914838706 whenElapsed 914838706 android} uid 1000 whenElapsed 914838706 windowLength 190713 maxWhenElapsed 915029419 repeatInterval 0 action null component null tag *job.delay* flags 0x0 procName system_server
07-12 22:41:43.602 V/AlarmManager( 1671): sending alarm Alarm{5c88e7c type 3 origWhen 914862115 whenElapsed 914867120 com.tencent.mm} uid 99910262 whenElapsed 914867120 windowLength 225000 maxWhenElapsed 915092120 repeatInterval 300000 action com.tencent.mm.TrafficStatsReceiver component null flags 0x8 procName com.tencent.mm:push
07-12 22:41:43.667 V/MonthTrafficAlert(20232): getWarningNotification subId:1 numWarningNotificaion:0
07-12 22:41:43.667 V/TrafficAlert(20232): getLimitNotification subId:1 ,numLimitNotificaion:0
07-12 22:41:43.925 D/OplusSmartBrightnessController( 1671): handleMessage MSG_LUX_CHANGED, mLux:12.0 luxQueue=[12.0, 12.0, 12.0, 12.0, 12.0]
07-12 22:41:45.926 D/OplusSmartBrightnessController( 1671): handleMessage MSG_LUX_CHANGED, mLux:12.0 luxQueue=[12.0, 12.0, 12.0, 12.0, 12.0, 12.0, 12.0, 12.0, 12.0, 12.0]
07-12 22:41:46.457 D/CompatibilityChangeReporter( 1671): Compat change id reported: 168936375; UID 1000; state: ENABLED
07-12 22:41:46.499 D/CompatibilityChangeReporter( 1671): Compat change id reported: 73144566; UID 1000; state: ENABLED
07-12 22:41:46.999 W/ProcessStats( 1671): Tracking association SourceState{c2ae11e com.heytap.mcs/1000 ImpFg #1386078} whose proc state 5 is better than process ProcessState{bdc78ac com.heytap.htms:cloudctrl/10143 pkg=com.heytap.htms} proc state 8 (68 skipped)
07-12 22:41:47.227 I/keystore2(  658): system/security/keystore2/src/watchdog.rs:319 - Watchdog thread idle -> terminating. Have a great day.
07-12 22:41:47.248 D/PowerManagerService( 1671): userActivityNoUpdateLocked: groupId=0, eventTime=690833886, event=touch, flags=0x0, uid=1000
07-12 22:41:47.348 D/PowerManagerService( 1671): userActivityNoUpdateLocked: groupId=0, eventTime=690833989, event=touch, flags=0x0, uid=1000
07-12 22:41:47.451 D/PowerManagerService( 1671): userActivityNoUpdateLocked: groupId=0, eventTime=690834092, event=touch, flags=0x0, uid=1000
07-12 22:41:47.594 D/PowerManagerService( 1671): userActivityNoUpdateLocked: groupId=0, eventTime=690834235, event=touch, flags=0x0, uid=1000
07-12 22:41:48.027 D/PowerManagerService( 1671): userActivityNoUpdateLocked: groupId=0, eventTime=690834668, event=touch, flags=0x0, uid=1000
07-12 22:41:48.124 D/OplusSmartBrightnessController( 1671): handleMessage MSG_LUX_CHANGED, mLux:12.0 luxQueue=[12.0, 12.0, 12.0, 12.0, 12.0, 12.0, 12.0, 12.0, 12.0, 12.0, 12.0]
07-12 22:41:48.129 D/PowerManagerService( 1671): userActivityNoUpdateLocked: groupId=0, eventTime=690834771, event=touch, flags=0x0, uid=1000
07-12 22:41:48.232 D/PowerManagerService( 1671): userActivityNoUpdateLocked: groupId=0, eventTime=690834873, event=touch, flags=0x0, uid=1000
07-12 22:41:48.451 D/PowerManagerService( 1671): userActivityNoUpdateLocked: groupId=0, eventTime=690835092, event=touch, flags=0x0, uid=1000
07-12 22:41:48.553 D/PowerManagerService( 1671): userActivityNoUpdateLocked: groupId=0, eventTime=690835195, event=touch, flags=0x0, uid=1000
07-12 22:41:48.657 D/PowerManagerService( 1671): userActivityNoUpdateLocked: groupId=0, eventTime=690835298, event=touch, flags=0x0, uid=1000
07-12 22:41:48.759 D/PowerManagerService( 1671): userActivityNoUpdateLocked: groupId=0, eventTime=690835400, event=touch, flags=0x0, uid=1000
07-12 22:41:48.939 D/PowerManagerService( 1671): userActivityNoUpdateLocked: groupId=0, eventTime=690835580, event=touch, flags=0x0, uid=1000
07-12 22:41:49.041 D/PowerManagerService( 1671): userActivityNoUpdateLocked: groupId=0, eventTime=690835682, event=touch, flags=0x0, uid=1000
07-12 22:41:49.143 D/PowerManagerService( 1671): userActivityNoUpdateLocked: groupId=0, eventTime=690835785, event=touch, flags=0x0, uid=1000
07-12 22:41:49.438 D/PowerManagerService( 1671): userActivityNoUpdateLocked: groupId=0, eventTime=690836079, event=touch, flags=0x0, uid=1000
