07-12 22:42:48.775 I/OplusMediaControlService( 1671): onActiveSessionsChanged begin
07-12 22:42:48.775 I/OplusMediaControlService( 1671): onEventFromMediaControllerList controller size = 1
07-12 22:42:48.775 D/OplusMediaControlService( 1671): isInMediaBlackList: com.ss.android.ugc.aweme, 0
07-12 22:42:48.775 V/OplusMediaControlService( 1671): this app is in media black list, pkgName: com.ss.android.ugc.aweme
07-12 22:42:48.775 I/OplusMediaControlService( 1671): updateControllerMap controller
07-12 22:42:48.775 D/OplusMediaControlService( 1671): isInMediaBlackList: com.ss.android.ugc.aweme, 0
07-12 22:42:48.775 V/OplusMediaControlService( 1671): this app is in media black list, pkgName: com.ss.android.ugc.aweme
07-12 22:42:48.775 E/OplusMediaControlService( 1671): onEventFromMediaControllerList mObserverToFilterMap is empty
07-12 22:42:48.776 I/OplusMediaControlService( 1671): registerEventObserver successfully.
07-12 22:42:48.776 D/OplusMediaControlService( 1671): registerEventObserver notify systemUI update player list.
07-12 22:42:48.776 I/OplusMediaControlService( 1671): sendOnEventMessage begin
07-12 22:42:48.777 I/OplusMediaControlService( 1671): unregisterEventObserver start
07-12 22:42:48.777 I/OplusMediaControlService( 1671): unregisterEventObserver successfully.
07-12 22:42:48.778 I/OplusMediaControlService( 1671): registerEventObserver start
07-12 22:42:48.778 I/OplusMediaControlService( 1671): on event EventType: 6
07-12 22:42:48.778 I/OplusMediaControlService( 1671): registerEventObserver successfully.
07-12 22:42:48.779 I/OplusMediaControlService( 1671): unregisterEventObserver start
07-12 22:42:48.780 I/OplusMediaControlService( 1671): unregisterEventObserver successfully.
07-12 22:42:48.780 I/OplusMediaControlService( 1671): registerEventObserver start
07-12 22:42:48.780 I/OplusMediaControlService( 1671): registerEventObserver successfully.
07-12 22:42:48.803 I/Quality (14883): Skipped: false 2 cost 43.04523 refreshRate 16857680 bit true processName com.ss.android.ugc.aweme
07-12 22:42:48.804 D/WindowManagerServiceExtImpl( 1671): extractConfigInfoAndRealFlags rotation=0, screenDp=360, win=Window{bd685 u0 com.ss.android.ugc.aweme/com.ss.android.ugc.aweme.search.activity.SearchResultActivity}
07-12 22:42:48.804 V/WindowManager( 1671): Relayout Window{bd685 u0 com.ss.android.ugc.aweme/com.ss.android.ugc.aweme.search.activity.SearchResultActivity}: viewVisibility=0, oldvis=0, req=1080x2408, vsysui=LAYOUT_STABLE LAYOUT_FULLSCREEN IMMERSIVE_STICKY
07-12 22:42:48.804 D/OplusFullScreenDisplayManager( 1671): adjustInsetsStateForWin: com.ss.android.ugc.aweme, setting cutoutMode: oplus always
07-12 22:42:48.804 D/VRI[SearchResultActivity](14883): relayoutWindow result, sizeChanged:false, surfaceControlChanged:false, transformHintChanged:false, mSurfaceSize:Point(1080, 2408), mLastSurfaceSize:Point(1080, 2408), mWidth:1080, mHeight:2408, requestedWidth:1080, requestedHeight:2408, transformHint:0, lastTransformHint:0, installOrientation:0, displayRotation:0, isSurfaceValid:true, attr.flag:-2122252032, useBlast:true, tmpFrames:ClientWindowFrames{frame=[0,0][1080,2408] display=[0,0][1080,2408] parentFrame=[0,0][1080,2408]}, params:{(0,0)(fillxfill) sim={state=always_hidden adjust=resize} layoutInDisplayCutoutMode=shortEdges ty=BASE_APPLICATION wanim=0x10302fe
07-12 22:42:48.804 D/VRI[SearchResultActivity](14883):   fl=LAYOUT_IN_SCREEN LAYOUT_INSET_DECOR SPLIT_TOUCH HARDWARE_ACCELERATED DRAWS_SYSTEM_BAR_BACKGROUNDS
07-12 22:42:48.804 D/VRI[SearchResultActivity](14883):   pfl=NO_MOVE_ANIMATION FORCE_DRAW_STATUS_BAR_BACKGROUND USE_BLAST FIT_INSETS_CONTROLLED
07-12 22:42:48.804 D/VRI[SearchResultActivity](14883):   vsysui=LAYOUT_STABLE LAYOUT_FULLSCREEN IMMERSIVE_STICKY
07-12 22:42:48.804 D/VRI[SearchResultActivity](14883):   bhv=SHOW_TRANSIENT_BARS_BY_SWIPE
07-12 22:42:48.804 D/VRI[SearchResultActivity](14883):   fitSides= CLP[ ]}
07-12 22:42:48.805 W/VRI[SearchResultActivity](14883): updateBlastSurfaceIfNeeded, surfaceSize:Point(1080, 2408), lastSurfaceSize:Point(1080, 2408), format:-1, blastBufferQueue:android.graphics.BLASTBufferQueue@d51eff
07-12 22:42:48.805 D/OplusFullScreenDisplayManager( 1671): adjustInsetsStateForWin: com.ss.android.ugc.aweme, setting cutoutMode: oplus always
07-12 22:42:48.805 D/OplusAONSmartDim( 1671): onWakeLockReleaseLocked: lock=118931025, flags=0x2000000a, packageName=android, tag="WindowManager/displayId:0", ws=WorkSource{10356 com.ss.android.ugc.aweme}, uid=1000, pid=1671
07-12 22:42:48.805 D/PowerManagerService( 1671): userActivityNoUpdateLocked: groupId=0, eventTime=690895447, event=other, flags=0x1, uid=1000
07-12 22:42:48.817 D/WindowManagerServiceExtImpl( 1671): extractConfigInfoAndRealFlags rotation=0, screenDp=360, win=Window{e39d877 u0 com.ss.android.ugc.aweme/com.ss.android.ugc.aweme.detail.ultra.ui.UltraDetailActivity}
07-12 22:42:48.817 V/WindowManager( 1671): Relayout Window{e39d877 u0 com.ss.android.ugc.aweme/com.ss.android.ugc.aweme.detail.ultra.ui.UltraDetailActivity}: viewVisibility=0, oldvis=8, req=1080x2408, vsysui=LAYOUT_STABLE LAYOUT_FULLSCREEN LIGHT_NAVIGATION_BAR
07-12 22:42:48.818 I/WindowManager( 1671): Window{e39d877 u0 com.ss.android.ugc.aweme/com.ss.android.ugc.aweme.detail.ultra.ui.UltraDetailActivity} state from NO_SURFACE to DRAW_PENDING; reason: resetDrawState
07-12 22:42:48.821 D/OplusFullScreenDisplayManager( 1671): adjustInsetsStateForWin: com.ss.android.ugc.aweme, setting cutoutMode: oplus always
07-12 22:42:48.821 D/OplusFullScreenDisplayManager( 1671): adjustInsetsStateForWin: com.ss.android.ugc.aweme, setting cutoutMode: oplus always
07-12 22:42:48.822 D/OplusFullScreenDisplayManager( 1671): adjustInsetsStateForWin: com.ss.android.ugc.aweme, setting cutoutMode: oplus always
07-12 22:42:48.824 V/WindowManager( 1671): Changing focus from null to Window{e39d877 u0 com.ss.android.ugc.aweme/com.ss.android.ugc.aweme.detail.ultra.ui.UltraDetailActivity},diplayid=0
07-12 22:42:48.829 D/OplusFullScreenDisplayManager( 1671): adjustInsetsStateForWin: com.ss.android.ugc.aweme, setting cutoutMode: oplus always
07-12 22:42:48.830 D/OplusFullScreenDisplayManager( 1671): adjustInsetsStateForWin: com.ss.android.ugc.aweme, setting cutoutMode: oplus always
07-12 22:42:48.830 I/WindowManager( 1671): defer call onFirstWindowDrawn until mainwindow drawn:Window{ba68a65 u0 com.coloros.assistantscreen}
07-12 22:42:48.832 D/OplusFullScreenDisplayManager( 1671): adjustInsetsStateForWin: com.ss.android.ugc.aweme, setting cutoutMode: oplus always
07-12 22:42:48.832 D/VRI[UltraDetailActivity](14883): relayoutWindow result, sizeChanged:false, surfaceControlChanged:true, transformHintChanged:false, mSurfaceSize:Point(1080, 2408), mLastSurfaceSize:Point(1080, 2408), mWidth:1080, mHeight:2408, requestedWidth:1080, requestedHeight:2408, transformHint:0, lastTransformHint:0, installOrientation:0, displayRotation:0, isSurfaceValid:true, attr.flag:-2122251904, useBlast:true, tmpFrames:ClientWindowFrames{frame=[0,0][1080,2408] display=[0,0][1080,2408] parentFrame=[0,0][0,0]}, params:null
07-12 22:42:48.832 W/VRI[UltraDetailActivity](14883): updateBlastSurfaceIfNeeded, surfaceSize:Point(1080, 2408), lastSurfaceSize:Point(1080, 2408), format:-3, blastBufferQueue:null
07-12 22:42:48.832 D/OplusFullScreenDisplayManager( 1671): adjustInsetsStateForWin: com.ss.android.ugc.aweme, setting cutoutMode: oplus always
07-12 22:42:48.839 I/WindowManager( 1671): defer call onFirstWindowDrawn until mainwindow drawn:Window{ba68a65 u0 com.coloros.assistantscreen}
07-12 22:42:48.847 D/OplusStartingWindowManager( 1671): updateRecordSurfaceViewState windowToken=android.os.BinderProxy@2fe4a76, hasSurfaceView=true, win=Window{e39d877 u0 com.ss.android.ugc.aweme/com.ss.android.ugc.aweme.detail.ultra.ui.UltraDetailActivity}
07-12 22:42:48.855 D/OplusStartingWindowManager( 1671): updateRecordSurfaceViewState windowToken=android.os.BinderProxy@2fe4a76, hasSurfaceView=true, win=Window{e39d877 u0 com.ss.android.ugc.aweme/com.ss.android.ugc.aweme.detail.ultra.ui.UltraDetailActivity}
07-12 22:42:48.879 D/OplusTransitionController( 1671): onSyncFinishedDrawing, Window{e39d877 u0 com.ss.android.ugc.aweme/com.ss.android.ugc.aweme.detail.ultra.ui.UltraDetailActivity}
07-12 22:42:48.879 I/WindowManager( 1671): finishDrawing skipLayout:false Window{e39d877 u0 com.ss.android.ugc.aweme/com.ss.android.ugc.aweme.detail.ultra.ui.UltraDetailActivity} com.android.server.wm.WindowManagerService.finishDrawingWindow:2965 com.android.server.wm.Session.finishDrawing:311 android.view.IWindowSession$Stub.onTransact:779 
07-12 22:42:48.879 I/WindowManager( 1671): Window{e39d877 u0 com.ss.android.ugc.aweme/com.ss.android.ugc.aweme.detail.ultra.ui.UltraDetailActivity} state from DRAW_PENDING to COMMIT_DRAW_PENDING; reason: finishDrawingLocked
07-12 22:42:48.879 D/OplusTransitionAnimationManager( 1671): skipFinishDrawingIfNeed clientRotation=0, currentRotation=0, hasFixedRotationApp=false, requestedOrientation=1, win=Window{e39d877 u0 com.ss.android.ugc.aweme/com.ss.android.ugc.aweme.detail.ultra.ui.UltraDetailActivity}, activity=ActivityRecord{f65fdaa u0 com.ss.android.ugc.aweme/.detail.ultra.ui.UltraDetailActivity t13194}, currentConfig={1.0 ??mcc??mnc [zh_CN] ldltr sw360dp w360dp h727dp 480dpi nrml long port finger -keyb/v/h -nav/h winConfig={ mBounds=Rect(0, 0 - 1080, 2408) mAppBounds=Rect(0, 96 - 1080, 2276) mMaxBounds=Rect(0, 0 - 1080, 2408) mDisplayRotation=ROTATION_0 mWindowingMode=fullscreen mDisplayWindowingMode=fullscreen mActivityType=standard mAlwaysOnTop=undefined mRotation=ROTATION_0} s.1 fontWeightAdjustment=0mThemeChanged= 0, mThemeChangedFlags= 0, mFlipFont= 0, mScenario= -1, mAccessibleChanged= -1, mUxIconConfig= 3468921665126662176, mMaterialColor= 100002, mUserId= 0, mFontUserId= 0, mFontVariationSettings= 226, mFoldingAngle = -1.0, mIconPackName= , mDarkModeBackgroundMaxL= 0.0, mDarkModeDialogBgMaxL= 27.0, mDarkModeForegroundMinL= 100.0, mOplusConfigType= 1, mOplusChangedConfigs= 0, OpSans= -1, mBurmeseFontFlag= 2, mFlag= 0, mFlexibleActivitySuitable= -1, mPuttDisplayFlag= -1}
07-12 22:42:48.881 D/OplusFullScreenDisplayManager( 1671): adjustInsetsStateForWin: com.ss.android.ugc.aweme, setting cutoutMode: oplus always
07-12 22:42:48.882 D/OplusFullScreenDisplayManager( 1671): adjustInsetsStateForWin: com.ss.android.ugc.aweme, setting cutoutMode: oplus always
07-12 22:42:48.882 D/OplusFullScreenDisplayManager( 1671): adjustInsetsStateForWin: com.ss.android.ugc.aweme, setting cutoutMode: oplus always
07-12 22:42:48.883 I/WindowManager( 1671): Window{e39d877 u0 com.ss.android.ugc.aweme/com.ss.android.ugc.aweme.detail.ultra.ui.UltraDetailActivity} state from COMMIT_DRAW_PENDING to READY_TO_SHOW; reason: commitFinishDrawingLocked
07-12 22:42:48.883 D/ActivityTaskManager( 1671): Clearing startingData for token=null
07-12 22:42:48.884 D/ActivityTaskManager( 1671): Clearing startingData for token=null
07-12 22:42:48.884 I/WindowManager( 1671): Window{e39d877 u0 com.ss.android.ugc.aweme/com.ss.android.ugc.aweme.detail.ultra.ui.UltraDetailActivity} state from READY_TO_SHOW to HAS_DRAWN; reason: performShowLocked
07-12 22:42:48.885 D/OplusFlexibleActivityTransitionManager( 1671): fixTransitType type result:2, targets: [ActivityRecord{6fe6864 u0 com.ss.android.ugc.aweme/.search.activity.SearchResultActivity t13194 f}}, ActivityRecord{f65fdaa u0 com.ss.android.ugc.aweme/.detail.ultra.ui.UltraDetailActivity t13194}]
07-12 22:42:48.887 D/OplusTransitionController( 1671): onTransactionReady, syncId: 11727, 
07-12 22:42:48.887 D/OplusTransitionController( 1671):  info: {id=11727 t=CLOSE f=0x0 trk=0 r=[0@Point(0, 0)] c=[{null m=CLOSE f=FILLS_TASK leash=Surface(name=ActivityRecord{6fe6864 u0 com.ss.android.ugc.aweme/.search.activity.SearchResultActivity t13194})/@0x8bb1a7e sb=Rect(0, 0 - 1080, 2408) eb=Rect(0, 0 - 1080, 2408) d=0},{null m=TO_FRONT f=FILLS_TASK leash=Surface(name=ActivityRecord{f65fdaa u0 com.ss.android.ugc.aweme/.detail.ultra.ui.UltraDetailActivity t13194})/@0xb4f05b2 sb=Rect(0, 0 - 1080, 2408) eb=Rect(0, 0 - 1080, 2408) d=0}]}, 
07-12 22:42:48.887 D/OplusTransitionController( 1671):  targets : [ActivityRecord{6fe6864 u0 com.ss.android.ugc.aweme/.search.activity.SearchResultActivity t13194 f}}, ActivityRecord{f65fdaa u0 com.ss.android.ugc.aweme/.detail.ultra.ui.UltraDetailActivity t13194}]
07-12 22:42:48.888 V/WindowManager( 1671): Sent Transition #11727 createdAt=07-12 22:42:48.674 via request=TransitionRequestInfo { type = CLOSE, triggerTask = null, remoteTransition = null, displayChange = null }
07-12 22:42:48.888 V/WindowManager( 1671):     startWCT=WindowContainerTransaction { changes = {} hops = [] errorCallbackToken=null taskFragmentOrganizer=null }
07-12 22:42:48.888 V/WindowManager( 1671):     info={id=11727 t=CLOSE f=0x0 trk=0 r=[0@Point(0, 0)] c=[{null m=CLOSE f=FILLS_TASK leash=Surface(name=ActivityRecord{6fe6864 u0 com.ss.android.ugc.aweme/.search.activity.SearchResultActivity t13194})/@0x8bb1a7e sb=Rect(0, 0 - 1080, 2408) eb=Rect(0, 0 - 1080, 2408) d=0},{null m=TO_FRONT f=FILLS_TASK leash=Surface(name=ActivityRecord{f65fdaa u0 com.ss.android.ugc.aweme/.detail.ultra.ui.UltraDetailActivity t13194})/@0xb4f05b2 sb=Rect(0, 0 - 1080, 2408) eb=Rect(0, 0 - 1080, 2408) d=0}]}
07-12 22:42:48.888 D/OplusFullScreenDisplayManager( 1671): adjustInsetsStateForWin: com.ss.android.ugc.aweme, setting cutoutMode: oplus always
07-12 22:42:48.888 I/Quality (14883): Skipped: false 4 cost 70.265945 refreshRate 16857576 bit true processName com.ss.android.ugc.aweme
07-12 22:42:48.888 D/OplusFullScreenDisplayManager( 1671): adjustInsetsStateForWin: com.ss.android.ugc.aweme, setting cutoutMode: oplus always
07-12 22:42:48.889 D/OplusFullScreenDisplayManager( 1671): adjustInsetsStateForWin: com.ss.android.ugc.aweme, setting cutoutMode: oplus always
07-12 22:42:48.889 V/WindowManagerShell( 2389): onTransitionReady android.os.BinderProxy@9631bd8: {id=11727 t=CLOSE f=0x0 trk=0 r=[0@Point(0, 0)] c=[{null m=CLOSE f=FILLS_TASK leash=Surface(name=ActivityRecord{6fe6864 u0 com.ss.android.ugc.aweme/.search.activity.SearchResultActivity t13194})/@0xf4bf69 sb=Rect(0, 0 - 1080, 2408) eb=Rect(0, 0 - 1080, 2408) d=0},{null m=TO_FRONT f=FILLS_TASK leash=Surface(name=ActivityRecord{f65fdaa u0 com.ss.android.ugc.aweme/.detail.ultra.ui.UltraDetailActivity t13194})/@0xebdadee sb=Rect(0, 0 - 1080, 2408) eb=Rect(0, 0 - 1080, 2408) d=0}]}
07-12 22:42:48.889 D/OplusFullScreenDisplayManager( 1671): adjustInsetsStateForWin: com.ss.android.ugc.aweme, setting cutoutMode: oplus always
07-12 22:42:48.889 V/WindowManagerShell( 2389): Playing animation for (#11727)android.os.BinderProxy@9631bd8@0
07-12 22:42:48.889 V/WindowManagerShell( 2389):  try handler com.oplus.zoom.transition.ZoomTransitionController@4ae079b
07-12 22:42:48.889 V/WindowManagerShell( 2389):  try handler com.android.wm.shell.transition.DefaultMixedHandler@14ca738
07-12 22:42:48.889 V/WindowManagerShell( 2389):  try handler com.android.wm.shell.keyguard.KeyguardTransitionHandler@714843b
07-12 22:42:48.889 V/WindowManagerShell( 2389):  try handler com.android.wm.shell.activityembedding.ActivityEmbeddingController@4a87758
07-12 22:42:48.889 V/WindowManagerShell( 2389):  try handler com.android.wm.shell.recents.RecentsTransitionHandler@627d0b1
07-12 22:42:48.889 V/WindowManagerShell( 2389): RecentsTransitionHandler.startAnimation: no controller found
07-12 22:42:48.889 V/WindowManagerShell( 2389):  try handler com.android.wm.shell.pip.PipTransition@a6ff996
07-12 22:42:48.890 V/WindowManagerShell( 2389):  try handler com.android.wm.shell.splitscreen.StageCoordinator@fbd2917
07-12 22:42:48.890 V/WindowManagerShell( 2389):  try handler com.oplus.flexibleactivity.FlexibleActivityTransitionHandler@4d9b104
07-12 22:42:48.890 V/WindowManagerShell( 2389):  try handler OnePuttTransitionHandler
07-12 22:42:48.890 V/WindowManagerShell( 2389):  try handler com.android.wm.shell.transition.RemoteTransitionHandler@5c2d970
07-12 22:42:48.890 V/WindowManagerShell( 2389): Transition doesn't have explicit remote, search filters for match for {id=11727 t=CLOSE f=0x0 trk=0 r=[0@Point(0, 0)] c=[{null m=CLOSE f=FILLS_TASK leash=Surface(name=ActivityRecord{6fe6864 u0 com.ss.android.ugc.aweme/.search.activity.SearchResultActivity t13194})/@0xf4bf69 sb=Rect(0, 0 - 1080, 2408) eb=Rect(0, 0 - 1080, 2408) d=0},{null m=TO_FRONT f=FILLS_TASK leash=Surface(name=ActivityRecord{f65fdaa u0 com.ss.android.ugc.aweme/.detail.ultra.ui.UltraDetailActivity t13194})/@0xebdadee sb=Rect(0, 0 - 1080, 2408) eb=Rect(0, 0 - 1080, 2408) d=0}]}
07-12 22:42:48.890 V/WindowManagerShell( 2389):  Checking filter Pair{{types=[] flags=0x0] notFlags=0x100 checks=[{atype=home independent=true modes=[OPEN,TO_FRONT] flags=NONE mustBeTask=false order=TOP topActivity=ComponentInfo{com.android.launcher/com.android.launcher.Launcher}},{atype=standard independent=true modes=[CLOSE,TO_BACK] flags=NONE mustBeTask=false order=ANY topActivity=null}]} RemoteTransition { remoteTransition = android.window.IRemoteTransition$Stub$Proxy@ed6e4e9, appThread = android.app.IApplicationThread$Stub$Proxy@74a56e, debugName = QuickstepLaunchHome }}
07-12 22:42:48.890 V/WindowManagerShell( 2389):  Delegate animation for #11727 to null
07-12 22:42:48.890 V/WindowManagerShell( 2389):  try handler com.android.wm.shell.transition.DefaultTransitionHandler@d26240f
07-12 22:42:48.890 V/WindowManagerShell( 2389): start default transition animation, info = {id=11727 t=CLOSE f=0x0 trk=0 r=[0@Point(0, 0)] c=[{null m=CLOSE f=FILLS_TASK leash=Surface(name=ActivityRecord{6fe6864 u0 com.ss.android.ugc.aweme/.search.activity.SearchResultActivity t13194})/@0xf4bf69 sb=Rect(0, 0 - 1080, 2408) eb=Rect(0, 0 - 1080, 2408) d=0},{null m=TO_FRONT f=FILLS_TASK leash=Surface(name=ActivityRecord{f65fdaa u0 com.ss.android.ugc.aweme/.detail.ultra.ui.UltraDetailActivity t13194})/@0xebdadee sb=Rect(0, 0 - 1080, 2408) eb=Rect(0, 0 - 1080, 2408) d=0}]}
07-12 22:42:48.892 V/WindowManagerShell( 2389): Transition animation finished (aborted=false), notifying core (#11727)android.os.BinderProxy@9631bd8@0
07-12 22:42:48.901 I/OplusAppSwitchManagerService( 1671):  handleAppVisible , r = ActivityRecord{f65fdaa u0 com.ss.android.ugc.aweme/.detail.ultra.ui.UltraDetailActivity t13194}
07-12 22:42:48.901 V/WindowManager( 1671): Finish Transition #11727: created at 07-12 22:42:48.674 collect-started=0.011ms request-sent=0.158ms started=6.209ms ready=60.717ms sent=212.802ms finished=225.661ms
07-12 22:42:48.902 D/OplusTransitionController( 1671): finishTransition, transition: TransitionRecord{aefaf80 id=11727 type=CLOSE flags=0x0}
07-12 22:42:48.902 D/OplusTransitionAnimationManager( 1671): commitVisibilityWhenFinishTransition type=2, ar.isVisibleRequested=false, ar.isVisible=false, ar.isVisibleRequested=false, ar=ActivityRecord{6fe6864 u0 com.ss.android.ugc.aweme/.search.activity.SearchResultActivity t13194 f}} ar type 1 ar state :STOPPING displayid :0, participants={ActivityRecord{6fe6864 u0 com.ss.android.ugc.aweme/.search.activity.SearchResultActivity t13194 f}}, ActivityRecord{f65fdaa u0 com.ss.android.ugc.aweme/.detail.ultra.ui.UltraDetailActivity t13194}}
07-12 22:42:48.902 D/OplusTransitionAnimationManager( 1671): commitVisibilityWhenFinishTransition type=2, ar.isVisibleRequested=true, ar.isVisible=true, ar.isVisibleRequested=true, ar=ActivityRecord{f65fdaa u0 com.ss.android.ugc.aweme/.detail.ultra.ui.UltraDetailActivity t13194} ar type 1 ar state :RESUMED displayid :0, participants={ActivityRecord{6fe6864 u0 com.ss.android.ugc.aweme/.search.activity.SearchResultActivity t13194 f}}, ActivityRecord{f65fdaa u0 com.ss.android.ugc.aweme/.detail.ultra.ui.UltraDetailActivity t13194}}
07-12 22:42:48.902 D/ShellTaskOrganizer( 2389): onTransitionFinish, isRecent:false
07-12 22:42:48.902 V/WindowManagerShell( 2389): Track 0 became idle
07-12 22:42:48.903 V/WindowManagerShell( 2389):  animated by com.android.wm.shell.transition.DefaultTransitionHandler@d26240f
07-12 22:42:48.903 V/WindowManagerShell( 2389): Track 0 became idle
07-12 22:42:48.905 I/WindowManager( 1671): defer call onFirstWindowDrawn until mainwindow drawn:Window{ba68a65 u0 com.coloros.assistantscreen}
07-12 22:42:48.906 D/ActivityTaskManager( 1671): Clearing startingData for token=null
07-12 22:42:48.909 D/OplusFullScreenDisplayManager( 1671): adjustInsetsStateForWin: com.ss.android.ugc.aweme, setting cutoutMode: oplus always
07-12 22:42:48.909 D/OplusFullScreenDisplayManager( 1671): adjustInsetsStateForWin: com.ss.android.ugc.aweme, setting cutoutMode: oplus always
07-12 22:42:48.910 D/OplusFullScreenDisplayManager( 1671): adjustInsetsStateForWin: com.ss.android.ugc.aweme, setting cutoutMode: oplus always
07-12 22:42:48.911 D/OplusAONSmartDim( 1671): onWakeLockAcquireLocked: lock=118931025, flags=0x2000000a, packageName=android, tag="WindowManager/displayId:0", ws=WorkSource{10356 com.ss.android.ugc.aweme}, uid=1000, pid=1671
07-12 22:42:48.917 I/WindowManager( 1671): defer call onFirstWindowDrawn until mainwindow drawn:Window{ba68a65 u0 com.coloros.assistantscreen}
07-12 22:42:48.924 I/WindowManager( 1671): defer call onFirstWindowDrawn until mainwindow drawn:Window{ba68a65 u0 com.coloros.assistantscreen}
07-12 22:42:48.926 I/Quality (14883): Skipped: false 1 cost 23.953978 refreshRate 16857709 bit true processName com.ss.android.ugc.aweme
07-12 22:42:48.935 D/WindowManagerServiceExtImpl( 1671): extractConfigInfoAndRealFlags rotation=0, screenDp=360, win=Window{bd685 u0 com.ss.android.ugc.aweme/com.ss.android.ugc.aweme.search.activity.SearchResultActivity}
07-12 22:42:48.935 V/WindowManager( 1671): Relayout Window{bd685 u0 com.ss.android.ugc.aweme/com.ss.android.ugc.aweme.search.activity.SearchResultActivity}: viewVisibility=8, oldvis=0, req=1080x2408, vsysui=LAYOUT_STABLE LAYOUT_FULLSCREEN IMMERSIVE_STICKY
07-12 22:42:48.936 D/OplusFullScreenDisplayManager( 1671): adjustInsetsStateForWin: com.ss.android.ugc.aweme, setting cutoutMode: oplus always
07-12 22:42:48.936 D/OplusFullScreenDisplayManager( 1671): adjustInsetsStateForWin: com.ss.android.ugc.aweme, setting cutoutMode: oplus always
07-12 22:42:48.936 D/OplusFullScreenDisplayManager( 1671): adjustInsetsStateForWin: com.ss.android.ugc.aweme, setting cutoutMode: oplus always
07-12 22:42:48.938 D/OplusFullScreenDisplayManager( 1671): adjustInsetsStateForWin: com.ss.android.ugc.aweme, setting cutoutMode: oplus always
07-12 22:42:48.939 D/VRI[SearchResultActivity](14883): relayoutWindow result, sizeChanged:false, surfaceControlChanged:true, transformHintChanged:false, mSurfaceSize:Point(1080, 2408), mLastSurfaceSize:Point(1080, 2408), mWidth:1080, mHeight:2408, requestedWidth:1080, requestedHeight:2408, transformHint:0, lastTransformHint:0, installOrientation:0, displayRotation:0, isSurfaceValid:false, attr.flag:-2122252032, useBlast:true, tmpFrames:ClientWindowFrames{frame=[0,0][1080,2408] display=[0,0][1080,2408] parentFrame=[0,0][0,0]}, params:null
07-12 22:42:48.940 I/WindowManager( 1671): defer call onFirstWindowDrawn until mainwindow drawn:Window{ba68a65 u0 com.coloros.assistantscreen}
07-12 22:42:49.070 D/CoreBackPreview( 1671): Window{bd685 u0 com.ss.android.ugc.aweme/com.ss.android.ugc.aweme.search.activity.SearchResultActivity}: Setting back callback null
07-12 22:42:49.073 I/WindowManager( 1671): Window{bd685 u0 com.ss.android.ugc.aweme/com.ss.android.ugc.aweme.search.activity.SearchResultActivity} state from HAS_DRAWN to NO_SURFACE; reason: destroySurface
07-12 22:42:49.076 D/OplusFullScreenDisplayManager( 1671): adjustInsetsStateForWin: com.ss.android.ugc.aweme, setting cutoutMode: oplus always
07-12 22:42:49.077 D/OplusFullScreenDisplayManager( 1671): adjustInsetsStateForWin: com.ss.android.ugc.aweme, setting cutoutMode: oplus always
07-12 22:42:49.077 D/OplusFullScreenDisplayManager( 1671): adjustInsetsStateForWin: com.ss.android.ugc.aweme, setting cutoutMode: oplus always
07-12 22:42:49.080 D/OplusFullScreenDisplayManager( 1671): adjustInsetsStateForWin: com.ss.android.ugc.aweme, setting cutoutMode: oplus always
07-12 22:42:49.082 D/OplusFullScreenDisplayManager( 1671): adjustInsetsStateForWin: com.ss.android.ugc.aweme, setting cutoutMode: oplus always
07-12 22:42:49.083 D/OplusFullScreenDisplayManager( 1671): adjustInsetsStateForWin: com.ss.android.ugc.aweme, setting cutoutMode: oplus always
07-12 22:42:49.085 D/OplusFullScreenDisplayManager( 1671): adjustInsetsStateForWin: com.ss.android.ugc.aweme, setting cutoutMode: oplus always
07-12 22:42:49.086 W/VRI[]   (22102): handleResized abandoned!
07-12 22:42:49.087 W/VRI[]   (22102): handleResized abandoned!
07-12 22:42:49.087 W/VRI[OplusOSEdgeFloatBar]( 6253): handleResized abandoned!
07-12 22:42:49.087 W/VRI[StatusBar]( 2389): handleResized abandoned!
07-12 22:42:49.087 D/ActivityTaskManager( 1671): removeAppToken: ActivityRecord{6fe6864 u0 com.ss.android.ugc.aweme/.search.activity.SearchResultActivity t13194 f}} delayed=false parent=Task{cfd4336 #13194 type=standard A=10356:com.ss.android.ugc.aweme} animating=false Callers=com.android.server.wm.DisplayContent.removeAppToken:1655 com.android.server.wm.ActivityRecord.removeFromHistory:4581 com.android.server.wm.ActivityRecord.destroyed:4674 com.android.server.wm.ActivityClientController.activityDestroyed:322 
07-12 22:42:49.088 D/TaskFragmentExtImpl( 1671): remove ActivityRecord{6fe6864 u0 com.ss.android.ugc.aweme/.search.activity.SearchResultActivity t-1 f}} to mActivityRecordSum = Counter{ com.ss.android.ugc.aweme/.search.activity.SearchResultActivity(1) com.ss.android.ugc.aweme/.splash.SplashActivity(1) com.ss.android.ugc.aweme/.detail.ultra.ui.UltraDetailActivity(1) }
07-12 22:42:49.089 W/VRI[NavigationBar_displayId_0]( 2389): handleResized abandoned!
07-12 22:42:49.090 I/WindowManager( 1671): defer call onFirstWindowDrawn until mainwindow drawn:Window{ba68a65 u0 com.coloros.assistantscreen}
07-12 22:42:49.092 I/TaskOrganizerController( 1671): onTaskInfoChanged taskid 13194 config { mBounds=Rect(0, 0 - 1080, 2408) mAppBounds=Rect(0, 96 - 1080, 2276) mMaxBounds=Rect(0, 0 - 1080, 2408) mDisplayRotation=ROTATION_0 mWindowingMode=fullscreen mDisplayWindowingMode=fullscreen mActivityType=standard mAlwaysOnTop=undefined mRotation=ROTATION_0}
07-12 22:42:49.092 D/FlexibleWindowManager( 1671): onFlexibleWindowTaskInfoChanged: mTaskId = 13194 oldIsTaskEmbedded = false   curIsTaskEmbedded = false  topActivity = ComponentInfo{com.ss.android.ugc.aweme/com.ss.android.ugc.aweme.detail.ultra.ui.UltraDetailActivity}
07-12 22:42:49.092 D/OplusFlexibleWindowMinimizedManagerHelper( 1671): onTaskInfoChanged taskInfo:TaskInfo{userId=0 taskId=13194 displayId=0 isRunning=true baseIntent=Intent { act=android.intent.action.MAIN cat=[android.intent.category.LAUNCHER] flg=0x10200000 cmp=com.ss.android.ugc.aweme/.splash.SplashActivity mCallingUid=10168 } baseActivity=ComponentInfo{com.ss.android.ugc.aweme/com.ss.android.ugc.aweme.main.MainActivity} topActivity=ComponentInfo{com.ss.android.ugc.aweme/com.ss.android.ugc.aweme.detail.ultra.ui.UltraDetailActivity} origActivity=ComponentInfo{com.ss.android.ugc.aweme/com.ss.android.ugc.aweme.splash.SplashActivity} realActivity=ComponentInfo{com.ss.android.ugc.aweme/com.ss.android.ugc.aweme.main.MainActivity} numActivities=3 lastActiveTime=914933026 supportsSplitScreenMultiWindow=true supportsMultiWindow=true supportsPocketStudioMultiWindow=true isInFlexibleEmbedded = false uid = 10356 pid = 14883 resizeMode=2 isResizeable=true minWidth=-1 minHeight=-1 defaultMinSize=220 token=WCT{RemoteToken{39cbdd4 Task{cfd4336 #13194 type=standard A=10356:com.ss.android.ugc.aweme}}} topActivityType=1 pictureInPictureParams=null shouldDockBigOverlays=false launchIntoPipHostTaskId=-1 lastParentTaskIdBeforePip=-1 displayCutoutSafeInsets=Rect(0, 96 - 0, 0) topActivityInfo=ActivityInfo{b69c895 com.ss.android.ugc.aweme.detail.ultra.ui.UltraDetailActivity} launchCookies=[] positionInParent=Point(0, 0) parentTaskId=-1 isFocused=true isVisible=true isVisibleRequested=true isSleeping=false topActivityInSizeCompat=false topActivityInOplusCompatMode=false topActivityEligibleForLetterboxEducation= false topActivityLetterboxed= false isFromDoubleTap= false topActivityLetterboxVerticalPosition= -1 topActivityLetterboxHorizontalPosition= -1 topActivityLetterboxWidth=-1 topActivityLetterboxHeight=-1 locusId=null displayAreaFeatureId=1 cameraCompatControlState=hidden locusId= null topActivityLetterboxInsets=Rect(0, 0 - 0, 0)} task:Task{cfd4336 #13194 type=standard A=10356:com.ss.android.ugc.aweme}
07-12 22:42:49.092 D/ShellTaskOrganizer( 2389): dispatchTaskEventToClientIfNeed, eventType:2, taskInfo:TaskInfo{userId=0 taskId=13194 displayId=0 isRunning=true baseIntent=Intent { act=android.intent.action.MAIN cat=[android.intent.category.LAUNCHER] flg=0x10200000 cmp=com.ss.android.ugc.aweme/.splash.SplashActivity mCallingUid=10168 } baseActivity=ComponentInfo{com.ss.android.ugc.aweme/com.ss.android.ugc.aweme.main.MainActivity} topActivity=ComponentInfo{com.ss.android.ugc.aweme/com.ss.android.ugc.aweme.detail.ultra.ui.UltraDetailActivity} origActivity=ComponentInfo{com.ss.android.ugc.aweme/com.ss.android.ugc.aweme.splash.SplashActivity} realActivity=ComponentInfo{com.ss.android.ugc.aweme/com.ss.android.ugc.aweme.main.MainActivity} numActivities=3 lastActiveTime=914933026 supportsSplitScreenMultiWindow=true supportsMultiWindow=true supportsPocketStudioMultiWindow=true isInFlexibleEmbedded = false uid = 10356 pid = 14883 resizeMode=2 isResizeable=true minWidth=-1 minHeight=-1 defaultMinSize=220 token=WCT{android.window.IWindowContainerToken$Stub$Proxy@301af52} topActivityType=1 pictureInPictureParams=null shouldDockBigOverlays=false launchIntoPipHostTaskId=-1 lastParentTaskIdBeforePip=-1 displayCutoutSafeInsets=Rect(0, 96 - 0, 0) topActivityInfo=ActivityInfo{68ed223 com.ss.android.ugc.aweme.detail.ultra.ui.UltraDetailActivity} launchCookies=[] positionInParent=Point(0, 0) parentTaskId=-1 isFocused=true isVisible=true isVisibleRequested=true isSleeping=false topActivityInSizeCompat=false topActivityInOplusCompatMode=false topActivityEligibleForLetterboxEducation= false topActivityLetterboxed= false isFromDoubleTap= false topActivityLetterboxVerticalPosition= -1 topActivityLetterboxHorizontalPosition= -1 topActivityLetterboxWidth=-1 topActivityLetterboxHeight=-1 locusId=null displayAreaFeatureId=1 cameraCompatControlState=hidden locusId= null topActivityLetterboxInsets=Rect(0, 0 - 0, 0)}, leash:null
07-12 22:42:49.093 I/WindowManager( 1671): defer call onFirstWindowDrawn until mainwindow drawn:Window{ba68a65 u0 com.coloros.assistantscreen}
07-12 22:42:49.095 D/InputMethodManagerService( 1671): isSecurity: attribute.packageName = com.ss.android.ugc.aweme mCurMethodId = com.sohu.inputmethod.sogou/.SogouIME isSecurity = false ( enable = true needShow = false inBlackList = false isExist = true )
07-12 22:42:49.098 I/Quality (14883): Skipped: false 9 cost 162.26498 refreshRate 16857756 bit true processName com.ss.android.ugc.aweme
07-12 22:42:49.100 D/OplusFullScreenDisplayManager( 1671): adjustInsetsStateForWin: com.ss.android.ugc.aweme, setting cutoutMode: oplus always
07-12 22:42:49.100 D/OplusFullScreenDisplayManager( 1671): adjustInsetsStateForWin: com.ss.android.ugc.aweme, setting cutoutMode: oplus always
07-12 22:42:49.101 D/OplusFullScreenDisplayManager( 1671): adjustInsetsStateForWin: com.ss.android.ugc.aweme, setting cutoutMode: oplus always
07-12 22:42:49.106 W/VRI[UltraDetailActivity](14883): handleResized abandoned!
07-12 22:42:49.109 I/WindowManager( 1671): defer call onFirstWindowDrawn until mainwindow drawn:Window{ba68a65 u0 com.coloros.assistantscreen}
07-12 22:42:49.117 D/PowerManagerService( 1671): userActivityNoUpdateLocked: groupId=0, eventTime=690895758, event=touch, flags=0x0, uid=1000
07-12 22:42:49.119 I/OplusJoystickManager( 1671): read game pad state for game manager -> false
07-12 22:42:49.120 W/OplusJoystickManager( 1671): mInterceptGamepadKey is false
07-12 22:42:49.120 D/OplusCustomizeRestrictionManagerService( 1671): isLongPressVolumeUpDisabled start
07-12 22:42:49.120 E/OplusCustomizeRestrictionManagerService( 1671): isBackButtonDisabled start
07-12 22:42:49.120 D/StrategyBlackscreenshot( 1671): notifyKeyBeforeQueueing, event=KeyEvent { action=ACTION_DOWN, keyCode=KEYCODE_BACK, scanCode=0, metaState=0, flags=0x48, repeatCount=0, eventTime=690895760000000, downTime=690895760000000, deviceId=-1, source=0x101, displayId=0 }, interactive=true
07-12 22:42:49.120 D/PowerManagerService( 1671): userActivityNoUpdateLocked: groupId=0, eventTime=690895760, event=button, flags=0x0, uid=1000
07-12 22:42:49.120 D/OplusCustomizeRestrictionManagerService( 1671): isLongPressVolumeUpDisabled start
07-12 22:42:49.129 I/OplusJoystickManager( 1671): read game pad state for game manager -> false
07-12 22:42:49.129 W/OplusJoystickManager( 1671): mInterceptGamepadKey is false
07-12 22:42:49.129 D/OplusCustomizeRestrictionManagerService( 1671): isLongPressVolumeUpDisabled start
07-12 22:42:49.129 D/StrategyBlackscreenshot( 1671): notifyKeyBeforeQueueing, event=KeyEvent { action=ACTION_UP, keyCode=KEYCODE_BACK, scanCode=0, metaState=0, flags=0x48, repeatCount=0, eventTime=690895770000000, downTime=690895760000000, deviceId=-1, source=0x101, displayId=0 }, interactive=true
07-12 22:42:49.130 D/OplusCustomizeRestrictionManagerService( 1671): isLongPressVolumeUpDisabled start
07-12 22:42:49.160 V/MonthTrafficAlert(20232): getWarningNotification subId:1 numWarningNotificaion:0
07-12 22:42:49.160 V/TrafficAlert(20232): getLimitNotification subId:1 ,numLimitNotificaion:0
07-12 22:42:49.182 I/OplusJoystickManager( 1671): read game pad state for game manager -> false
07-12 22:42:49.182 W/OplusJoystickManager( 1671): mInterceptGamepadKey is false
07-12 22:42:49.182 D/OplusCustomizeRestrictionManagerService( 1671): isLongPressVolumeUpDisabled start
07-12 22:42:49.182 E/OplusCustomizeRestrictionManagerService( 1671): isBackButtonDisabled start
07-12 22:42:49.182 D/StrategyBlackscreenshot( 1671): notifyKeyBeforeQueueing, event=KeyEvent { action=ACTION_DOWN, keyCode=KEYCODE_BACK, scanCode=0, metaState=0, flags=0x48, repeatCount=0, eventTime=690895822000000, downTime=690895822000000, deviceId=-1, source=0x101, displayId=0 }, interactive=true
07-12 22:42:49.183 D/OplusCustomizeRestrictionManagerService( 1671): isLongPressVolumeUpDisabled start
07-12 22:42:49.189 I/Quality (14883): Skipped: false 3 cost 50.7635 refreshRate 16857847 bit true processName com.ss.android.ugc.aweme
07-12 22:42:49.193 D/InputMethodManagerService( 1671): isSecurity: attribute.packageName = com.ss.android.ugc.aweme mCurMethodId = com.sohu.inputmethod.sogou/.SogouIME isSecurity = false ( enable = true needShow = false inBlackList = false isExist = true )
07-12 22:42:49.212 D/InputMethodManagerService( 1671): isSecurity: attribute.packageName = com.ss.android.ugc.aweme mCurMethodId = com.sohu.inputmethod.sogou/.SogouIME isSecurity = false ( enable = true needShow = false inBlackList = false isExist = true )
07-12 22:42:49.286 D/PowerManagerService( 1671): userActivityNoUpdateLocked: groupId=0, eventTime=690895927, event=touch, flags=0x0, uid=1000
07-12 22:42:49.288 I/OplusJoystickManager( 1671): read game pad state for game manager -> false
07-12 22:42:49.288 W/OplusJoystickManager( 1671): mInterceptGamepadKey is false
07-12 22:42:49.288 D/OplusCustomizeRestrictionManagerService( 1671): isLongPressVolumeUpDisabled start
07-12 22:42:49.288 D/StrategyBlackscreenshot( 1671): notifyKeyBeforeQueueing, event=KeyEvent { action=ACTION_UP, keyCode=KEYCODE_BACK, scanCode=0, metaState=0, flags=0x48, repeatCount=0, eventTime=690895929000000, downTime=690895822000000, deviceId=-1, source=0x101, displayId=0 }, interactive=true
07-12 22:42:49.288 D/PowerManagerService( 1671): userActivityNoUpdateLocked: groupId=0, eventTime=690895929, event=button, flags=0x0, uid=1000
07-12 22:42:49.288 D/OplusCustomizeRestrictionManagerService( 1671): isLongPressVolumeUpDisabled start
07-12 22:42:49.295 D/OplusTransitionController( 1671): requestStartTransition, requestInfo type: CLOSE, remoteTransition: null, displayChange: null, transition: TransitionRecord{1e9bf9d id=11728 type=CLOSE flags=0x0}, caller: com.android.server.wm.TransitionControllerExtImpl.requestStartTransition:39 com.android.server.wm.TransitionController.requestStartTransition:738 com.android.server.wm.TransitionController.requestCloseTransitionIfNeeded:781 com.android.server.wm.ActivityRecord.finishIfPossible:4051 com.android.server.wm.ActivityClientController.finishActivity:591 
07-12 22:42:49.295 D/ActivityRecordExtImpl( 1671): skipPrepareAppTransitionForZoom false
07-12 22:42:49.295 V/WindowManagerShell( 2389): Transition requested: android.os.BinderProxy@3ca629b TransitionRequestInfo { type = CLOSE, triggerTask = null, remoteTransition = null, displayChange = null }
07-12 22:42:49.295 D/OplusFullScreenDisplayManager( 1671): adjustInsetsStateForWin: com.ss.android.ugc.aweme, setting cutoutMode: oplus always
07-12 22:42:49.295 D/ActivityTaskManager( 1671): setVisibility(Token{8dd6538 ActivityRecord{f65fdaa u0 com.ss.android.ugc.aweme/.detail.ultra.ui.UltraDetailActivity t13194 f}}}, visible=false) defer commitVisibility for transition collecting
07-12 22:42:49.297 D/OplusFullScreenDisplayManager( 1671): adjustInsetsStateForWin: com.ss.android.ugc.aweme, setting cutoutMode: oplus always
07-12 22:42:49.298 D/OplusFullScreenDisplayManager( 1671): adjustInsetsStateForWin: com.ss.android.ugc.aweme, setting cutoutMode: oplus always
07-12 22:42:49.311 I/WindowManager( 1671): defer call onFirstWindowDrawn until mainwindow drawn:Window{ba68a65 u0 com.coloros.assistantscreen}
07-12 22:42:49.325 I/OplusMediaControlService( 1671): onActiveSessionsChanged begin
07-12 22:42:49.325 I/OplusMediaControlService( 1671): onEventFromMediaControllerList controller size = 0
07-12 22:42:49.325 I/OplusMediaControlService( 1671): updateControllerMap controller
07-12 22:42:49.325 I/OplusMediaControlService( 1671): sendOnEventMessage begin
07-12 22:42:49.325 I/MediaSessionStack( 1671): removeSession | record: com.ss.android.ugc.aweme/FeedPlayerSession (userId=0)
07-12 22:42:49.325 I/OplusMediaControlService( 1671): on event EventType: 6
07-12 22:42:49.328 I/OplusMediaControlService( 1671): unregisterEventObserver start
07-12 22:42:49.328 I/OplusMediaControlService( 1671): unregisterEventObserver successfully.
07-12 22:42:49.329 I/OplusMediaControlService( 1671): registerEventObserver start
07-12 22:42:49.329 I/OplusMediaControlService( 1671): registerEventObserver successfully.
07-12 22:42:49.330 I/OplusMediaControlService( 1671): onActiveSessionsChanged begin
07-12 22:42:49.330 I/OplusMediaControlService( 1671): onEventFromMediaControllerList controller size = 0
07-12 22:42:49.330 I/OplusMediaControlService( 1671): updateControllerMap controller
07-12 22:42:49.331 D/ActivityTaskManager( 1671): setVisibility(Token{5b14b17 ActivityRecord{1e2a2b1 u0 com.ss.android.ugc.aweme/.search.activity.SearchResultActivity t13194}}, visible=true) defer commitVisibility for transition collecting
07-12 22:42:49.332 I/OplusMediaControlService( 1671): sendOnEventMessage begin
07-12 22:42:49.332 I/OplusMediaControlService( 1671): onActiveSessionsChanged begin
07-12 22:42:49.332 I/OplusMediaControlService( 1671): onEventFromMediaControllerList controller size = 0
07-12 22:42:49.332 I/OplusMediaControlService( 1671): updateControllerMap controller
07-12 22:42:49.332 I/OplusMediaControlService( 1671): sendOnEventMessage begin
07-12 22:42:49.332 I/OplusMediaControlService( 1671): on event EventType: 6
07-12 22:42:49.332 I/OplusMediaControlService( 1671): on event EventType: 6
07-12 22:42:49.333 V/WindowManager( 1671): Changing focus from Window{e39d877 u0 com.ss.android.ugc.aweme/com.ss.android.ugc.aweme.detail.ultra.ui.UltraDetailActivity} to null,diplayid=0
07-12 22:42:49.333 D/OplusFullScreenDisplayManager( 1671): adjustInsetsStateForWin: com.ss.android.ugc.aweme, setting cutoutMode: oplus always
07-12 22:42:49.335 I/OplusMediaControlService( 1671): unregisterEventObserver start
07-12 22:42:49.335 D/WindowManager( 1671): updateOrientation: mLastOrientation = SCREEN_ORIENTATION_PORTRAIT(1) newOrientation = SCREEN_ORIENTATION_PORTRAIT(1) forceUpdate = true LastOrientationSource = ActivityRecord{1e2a2b1 u0 com.ss.android.ugc.aweme/.search.activity.SearchResultActivity t13194}
07-12 22:42:49.335 D/WindowManager( 1671): rotation(ROTATION_0) no changed.
07-12 22:42:49.335 I/OplusMediaControlService( 1671): unregisterEventObserver successfully.
07-12 22:42:49.335 I/TaskOrganizerController( 1671): onTaskInfoChanged taskid 13194 config { mBounds=Rect(0, 0 - 1080, 2408) mAppBounds=Rect(0, 96 - 1080, 2276) mMaxBounds=Rect(0, 0 - 1080, 2408) mDisplayRotation=ROTATION_0 mWindowingMode=fullscreen mDisplayWindowingMode=fullscreen mActivityType=standard mAlwaysOnTop=undefined mRotation=ROTATION_0}
07-12 22:42:49.336 D/FlexibleWindowManager( 1671): onFlexibleWindowTaskInfoChanged: mTaskId = 13194 oldIsTaskEmbedded = false   curIsTaskEmbedded = false  topActivity = ComponentInfo{com.ss.android.ugc.aweme/com.ss.android.ugc.aweme.search.activity.SearchResultActivity}
07-12 22:42:49.336 I/OplusMediaControlService( 1671): registerEventObserver start
07-12 22:42:49.336 D/OplusFlexibleWindowMinimizedManagerHelper( 1671): onTaskInfoChanged taskInfo:TaskInfo{userId=0 taskId=13194 displayId=0 isRunning=true baseIntent=Intent { act=android.intent.action.MAIN cat=[android.intent.category.LAUNCHER] flg=0x10200000 cmp=com.ss.android.ugc.aweme/.splash.SplashActivity mCallingUid=10168 } baseActivity=ComponentInfo{com.ss.android.ugc.aweme/com.ss.android.ugc.aweme.main.MainActivity} topActivity=ComponentInfo{com.ss.android.ugc.aweme/com.ss.android.ugc.aweme.search.activity.SearchResultActivity} origActivity=ComponentInfo{com.ss.android.ugc.aweme/com.ss.android.ugc.aweme.splash.SplashActivity} realActivity=ComponentInfo{com.ss.android.ugc.aweme/com.ss.android.ugc.aweme.main.MainActivity} numActivities=2 lastActiveTime=914933631 supportsSplitScreenMultiWindow=true supportsMultiWindow=true supportsPocketStudioMultiWindow=true isInFlexibleEmbedded = false uid = 10356 pid = 14883 resizeMode=2 isResizeable=true minWidth=-1 minHeight=-1 defaultMinSize=220 token=WCT{RemoteToken{39cbdd4 Task{cfd4336 #13194 type=standard A=10356:com.ss.android.ugc.aweme}}} topActivityType=1 pictureInPictureParams=null shouldDockBigOverlays=false launchIntoPipHostTaskId=-1 lastParentTaskIdBeforePip=-1 displayCutoutSafeInsets=null topActivityInfo=ActivityInfo{6235158 com.ss.android.ugc.aweme.search.activity.SearchResultActivity} launchCookies=[] positionInParent=Point(0, 0) parentTaskId=-1 isFocused=true isVisible=true isVisibleRequested=true isSleeping=false topActivityInSizeCompat=false topActivityInOplusCompatMode=false topActivityEligibleForLetterboxEducation= false topActivityLetterboxed= false isFromDoubleTap= false topActivityLetterboxVerticalPosition= -1 topActivityLetterboxHorizontalPosition= -1 topActivityLetterboxWidth=-1 topActivityLetterboxHeight=-1 locusId=null displayAreaFeatureId=1 cameraCompatControlState=hidden locusId= null topActivityLetterboxInsets=Rect(0, 0 - 0, 0)} task:Task{cfd4336 #13194 type=standard A=10356:com.ss.android.ugc.aweme}
07-12 22:42:49.336 I/OplusMediaControlService( 1671): registerEventObserver successfully.
07-12 22:42:49.336 D/TaskFragmentExtImpl( 1671): addColorModeOnResume resume=true pkg = com.ss.android.ugc.aweme
07-12 22:42:49.336 D/ActivityTaskManager( 1671): setVisibility(Token{5b14b17 ActivityRecord{1e2a2b1 u0 com.ss.android.ugc.aweme/.search.activity.SearchResultActivity t13194}}, visible=true) defer commitVisibility for transition collecting
07-12 22:42:49.337 I/OplusMediaControlService( 1671): unregisterEventObserver start
07-12 22:42:49.337 I/OplusMediaControlService( 1671): unregisterEventObserver successfully.
07-12 22:42:49.337 D/OplusFullScreenDisplayManager( 1671): adjustInsetsStateForWin: com.ss.android.ugc.aweme, setting cutoutMode: oplus always
07-12 22:42:49.338 D/OplusFullScreenDisplayManager( 1671): adjustInsetsStateForWin: com.ss.android.ugc.aweme, setting cutoutMode: oplus always
07-12 22:42:49.338 I/OplusMediaControlService( 1671): registerEventObserver start
07-12 22:42:49.338 I/OplusMediaControlService( 1671): registerEventObserver successfully.
07-12 22:42:49.340 D/ShellTaskOrganizer( 2389): dispatchTaskEventToClientIfNeed, eventType:2, taskInfo:TaskInfo{userId=0 taskId=13194 displayId=0 isRunning=true baseIntent=Intent { act=android.intent.action.MAIN cat=[android.intent.category.LAUNCHER] flg=0x10200000 cmp=com.ss.android.ugc.aweme/.splash.SplashActivity mCallingUid=10168 } baseActivity=ComponentInfo{com.ss.android.ugc.aweme/com.ss.android.ugc.aweme.main.MainActivity} topActivity=ComponentInfo{com.ss.android.ugc.aweme/com.ss.android.ugc.aweme.search.activity.SearchResultActivity} origActivity=ComponentInfo{com.ss.android.ugc.aweme/com.ss.android.ugc.aweme.splash.SplashActivity} realActivity=ComponentInfo{com.ss.android.ugc.aweme/com.ss.android.ugc.aweme.main.MainActivity} numActivities=2 lastActiveTime=914933631 supportsSplitScreenMultiWindow=true supportsMultiWindow=true supportsPocketStudioMultiWindow=true isInFlexibleEmbedded = false uid = 10356 pid = 14883 resizeMode=2 isResizeable=true minWidth=-1 minHeight=-1 defaultMinSize=220 token=WCT{android.window.IWindowContainerToken$Stub$Proxy@7628d77} topActivityType=1 pictureInPictureParams=null shouldDockBigOverlays=false launchIntoPipHostTaskId=-1 lastParentTaskIdBeforePip=-1 displayCutoutSafeInsets=null topActivityInfo=ActivityInfo{d1aade4 com.ss.android.ugc.aweme.search.activity.SearchResultActivity} launchCookies=[] positionInParent=Point(0, 0) parentTaskId=-1 isFocused=true isVisible=true isVisibleRequested=true isSleeping=false topActivityInSizeCompat=false topActivityInOplusCompatMode=false topActivityEligibleForLetterboxEducation= false topActivityLetterboxed= false isFromDoubleTap= false topActivityLetterboxVerticalPosition= -1 topActivityLetterboxHorizontalPosition= -1 topActivityLetterboxWidth=-1 topActivityLetterboxHeight=-1 locusId=null displayAreaFeatureId=1 cameraCompatControlState=hidden locusId= null topActivityLetterboxInsets=Rect(0, 0 - 0, 0)}, leash:null
07-12 22:42:49.344 I/WindowManager( 1671): defer call onFirstWindowDrawn until mainwindow drawn:Window{ba68a65 u0 com.coloros.assistantscreen}
07-12 22:42:49.364 D/ActivityThread(14883): ComponentInfo{com.ss.android.ugc.aweme/com.ss.android.ugc.aweme.search.activity.SearchResultActivity} checkFinished=false 2
07-12 22:42:49.364 D/ResourcesManagerExtImpl(14883): applyConfigurationToAppResourcesLocked app.getDisplayId() return callback.displayId:-1
07-12 22:42:49.386 I/Quality (14883): Skipped: false 1 cost 21.88454 refreshRate 16857480 bit true processName com.ss.android.ugc.aweme
07-12 22:42:49.389 D/WindowManagerServiceExtImpl( 1671): extractConfigInfoAndRealFlags rotation=0, screenDp=360, win=Window{739c088 u0 com.ss.android.ugc.aweme/com.ss.android.ugc.aweme.search.activity.SearchResultActivity}
07-12 22:42:49.390 V/WindowManager( 1671): Relayout Window{739c088 u0 com.ss.android.ugc.aweme/com.ss.android.ugc.aweme.search.activity.SearchResultActivity}: viewVisibility=0, oldvis=8, req=1080x2408, vsysui=LAYOUT_STABLE LAYOUT_FULLSCREEN IMMERSIVE_STICKY
07-12 22:42:49.390 I/WindowManager( 1671): Window{739c088 u0 com.ss.android.ugc.aweme/com.ss.android.ugc.aweme.search.activity.SearchResultActivity} state from NO_SURFACE to DRAW_PENDING; reason: resetDrawState
07-12 22:42:49.392 D/OplusFullScreenDisplayManager( 1671): adjustInsetsStateForWin: com.ss.android.ugc.aweme, setting cutoutMode: oplus always
07-12 22:42:49.393 D/OplusFullScreenDisplayManager( 1671): adjustInsetsStateForWin: com.ss.android.ugc.aweme, setting cutoutMode: oplus always
07-12 22:42:49.393 D/OplusFullScreenDisplayManager( 1671): adjustInsetsStateForWin: com.ss.android.ugc.aweme, setting cutoutMode: oplus always
07-12 22:42:49.394 V/WindowManager( 1671): Changing focus from null to Window{739c088 u0 com.ss.android.ugc.aweme/com.ss.android.ugc.aweme.search.activity.SearchResultActivity},diplayid=0
07-12 22:42:49.398 D/OplusFullScreenDisplayManager( 1671): adjustInsetsStateForWin: com.ss.android.ugc.aweme, setting cutoutMode: oplus always
07-12 22:42:49.398 D/OplusFullScreenDisplayManager( 1671): adjustInsetsStateForWin: com.ss.android.ugc.aweme, setting cutoutMode: oplus always
07-12 22:42:49.399 D/VRI[SearchResultActivity](14883): relayoutWindow result, sizeChanged:false, surfaceControlChanged:true, transformHintChanged:false, mSurfaceSize:Point(1080, 2408), mLastSurfaceSize:Point(1080, 2408), mWidth:1080, mHeight:2408, requestedWidth:1080, requestedHeight:2408, transformHint:0, lastTransformHint:0, installOrientation:0, displayRotation:0, isSurfaceValid:true, attr.flag:-2122251904, useBlast:true, tmpFrames:ClientWindowFrames{frame=[0,0][1080,2408] display=[0,0][1080,2408] parentFrame=[0,0][0,0]}, params:null
07-12 22:42:49.399 W/VRI[SearchResultActivity](14883): updateBlastSurfaceIfNeeded, surfaceSize:Point(1080, 2408), lastSurfaceSize:Point(1080, 2408), format:-1, blastBufferQueue:null
07-12 22:42:49.412 I/WindowManager( 1671): defer call onFirstWindowDrawn until mainwindow drawn:Window{ba68a65 u0 com.coloros.assistantscreen}
07-12 22:42:49.414 D/OplusFullScreenDisplayManager( 1671): adjustInsetsStateForWin: com.ss.android.ugc.aweme, setting cutoutMode: oplus always
07-12 22:42:49.415 D/OplusFullScreenDisplayManager( 1671): adjustInsetsStateForWin: com.ss.android.ugc.aweme, setting cutoutMode: oplus always
07-12 22:42:49.430 D/OplusTransitionController( 1671): onSyncFinishedDrawing, Window{739c088 u0 com.ss.android.ugc.aweme/com.ss.android.ugc.aweme.search.activity.SearchResultActivity}
