07-12 22:42:56.907 E/ActivityThread( 2468): Failed to find provider info for com.android.launcher.EventContentProvider
07-12 22:42:56.909 D/ActivityTaskManager( 1671): Clearing startingData for token=null
07-12 22:42:56.916 I/WindowManager( 1671): Window{b1e15dc u0 com.android.launcher/com.android.launcher.Launcher} state from HAS_DRAWN to NO_SURFACE; reason: destroySurface
07-12 22:42:56.917 D/ActivityTaskManager( 1671): Clearing startingData for token=null
07-12 22:42:56.920 D/OplusTransitionAnimationManager( 1671): skipFinishDrawingIfNeed clientRotation=0, currentRotation=0, hasFixedRotationApp=false, requestedOrientation=-1, win=Window{5288776 u0 com.aitavern.app.debug/com.aitavern.app.MainActivity}, activity=ActivityRecord{d6c3492 u0 com.aitavern.app.debug/com.aitavern.app.MainActivity t13195}, currentConfig={1.0 ??mcc??mnc [zh_CN] ldltr sw360dp w360dp h727dp 480dpi nrml long port finger -keyb/v/h -nav/h winConfig={ mBounds=Rect(0, 0 - 1080, 2408) mAppBounds=Rect(0, 96 - 1080, 2276) mMaxBounds=Rect(0, 0 - 1080, 2408) mDisplayRotation=ROTATION_0 mWindowingMode=fullscreen mDisplayWindowingMode=fullscreen mActivityType=standard mAlwaysOnTop=undefined mRotation=ROTATION_0} s.1 fontWeightAdjustment=0mThemeChanged= 0, mThemeChangedFlags= 0, mFlipFont= 0, mScenario= -1, mAccessibleChanged= -1, mUxIconConfig= 3468921665126662176, mMaterialColor= 100002, mUserId= 0, mFontUserId= 0, mFontVariationSettings= 226, mFoldingAngle = -1.0, mIconPackName= , mDarkModeBackgroundMaxL= 0.0, mDarkModeDialogBgMaxL= 27.0, mDarkModeForegroundMinL= 100.0, mOplusConfigType= 1, mOplusChangedConfigs= 0, OpSans= -1, mBurmeseFontFlag= 2, mFlag= 0, mFlexibleActivitySuitable= -1, mPuttDisplayFlag= -1}
07-12 22:42:56.922 I/WindowManager( 1671): defer call onFirstWindowDrawn until mainwindow drawn:Window{ba68a65 u0 com.coloros.assistantscreen}
07-12 22:42:56.932 I/WindowManager( 1671): defer call onFirstWindowDrawn until mainwindow drawn:Window{ba68a65 u0 com.coloros.assistantscreen}
07-12 22:42:56.964 D/OplusProxyWakeLock( 1671): prevent gms/gsf hold partial wakelock
07-12 22:42:56.969 I/Quality (25559): Skipped: false 7 cost 80.31713 refreshRate 11223407 bit true processName com.aitavern.app.debug
07-12 22:42:56.982 D/CompatibilityChangeReporter( 1671): Compat change id reported: 214016041; UID 10591; state: ENABLED
07-12 22:42:56.982 D/InputMethodManagerService( 1671): isSecurity: attribute.packageName = com.aitavern.app.debug mCurMethodId = com.sohu.inputmethod.sogou/.SogouIME isSecurity = false ( enable = true needShow = false inBlackList = false isExist = true )
07-12 22:42:56.990 I/Quality (25559): Skipped: true 1 cost 11.316349 refreshRate 11223720 bit true processName com.aitavern.app.debug
07-12 22:42:57.044 I/WindowManager( 1671): defer call onFirstWindowDrawn until mainwindow drawn:Window{ba68a65 u0 com.coloros.assistantscreen}
07-12 22:42:57.055 I/WindowManager( 1671): defer call onFirstWindowDrawn until mainwindow drawn:Window{ba68a65 u0 com.coloros.assistantscreen}
07-12 22:42:57.055 D/SurfaceAnimationRunner( 1671): onAnimationEnd:Surface(name=Surface(name=9083578 Splash Screen com.aitavern.app.debug)/@0xba7b317 - animation-leash of window_animation)/@0xfee60ed
07-12 22:42:57.056 I/WindowStateExtImpl( 1671): onSurfaceShowChange show = false mPackageName = com.aitavern.app.debug parentPkgName = com.aitavern.app.debug
07-12 22:42:57.057 I/WindowManager( 1671): Window{9083578 u0 Splash Screen com.aitavern.app.debug EXITING} state from HAS_DRAWN to NO_SURFACE; reason: destroySurface
07-12 22:42:57.067 I/WindowManager( 1671): defer call onFirstWindowDrawn until mainwindow drawn:Window{ba68a65 u0 com.coloros.assistantscreen}
07-12 22:42:57.079 I/WindowManager( 1671): defer call onFirstWindowDrawn until mainwindow drawn:Window{ba68a65 u0 com.coloros.assistantscreen}
07-12 22:42:57.089 I/WindowManager( 1671): defer call onFirstWindowDrawn until mainwindow drawn:Window{ba68a65 u0 com.coloros.assistantscreen}
07-12 22:42:57.234 D/OplusProxyWakeLock( 1671): prevent gms/gsf hold partial wakelock
07-12 22:42:57.337 D/OplusProxyWakeLock( 1671): prevent gms/gsf hold partial wakelock
07-12 22:42:57.361 D/OplusProxyWakeLock( 1671): prevent gms/gsf hold partial wakelock
07-12 22:42:57.405 D/OplusProxyWakeLock( 1671): prevent gms/gsf hold partial wakelock
07-12 22:42:57.427 D/OplusProxyWakeLock( 1671): prevent gms/gsf hold partial wakelock
07-12 22:42:57.439 D/OAppNetControlService( 1671): Hans update:[99910190=false][0|0] blackList:[10260, 10382, 10195, 10022, 10502, 10227, 10119, 10245, 10338]
07-12 22:42:57.443 D/OplusAlarmAdjustment( 1671): unproxyAlarmsByUid(), uid=99910190, pkgName=com.google.android.gsf, requester=1
07-12 22:42:57.443 D/OplusAlarmAdjustMap( 1671): removeProxyUid, uid=99910190, requester=1
07-12 22:42:57.463 D/OplusProxyWakeLock( 1671): prevent gms/gsf hold partial wakelock
07-12 22:42:57.488 D/OplusProxyWakeLock( 1671): prevent gms/gsf hold partial wakelock
07-12 22:42:57.500 D/OplusProxyWakeLock( 1671): prevent gms/gsf hold partial wakelock
07-12 22:42:57.505 D/OplusProxyWakeLock( 1671): prevent gms/gsf hold partial wakelock
07-12 22:42:57.539 D/OplusProxyWakeLock( 1671): prevent gms/gsf hold partial wakelock
07-12 22:42:57.549 D/OplusProxyWakeLock( 1671): prevent gms/gsf hold partial wakelock
07-12 22:42:57.706 D/OplusProxyWakeLock( 1671): prevent gms/gsf hold partial wakelock
07-12 22:42:57.726 D/OplusProxyWakeLock( 1671): prevent gms/gsf hold partial wakelock
07-12 22:42:57.800 D/OplusAlarmAdjustment( 1671): alignAlarmsByUid(), uid=99910265, pkgName=com.tencent.mobileqq, actions=null, procs=null, requester=1
07-12 22:42:57.800 D/OplusAlarmAdjustMap( 1671): addAlignUid, uid=99910265, pkgName=com.tencent.mobileqq, requester=1, mode=1
07-12 22:42:57.963 I/Quality (25559): Skipped: true 3 cost 41.774834 refreshRate 11223403 bit true processName com.aitavern.app.debug
07-12 22:42:58.018 I/Quality (25559): Skipped: true 1 cost 16.972778 refreshRate 11235262 bit true processName com.aitavern.app.debug
07-12 22:42:58.125 I/OplusSmartBrightnessController( 1671): deltaLux = 0.43642998, scale = 1.0
07-12 22:42:58.125 D/OplusSmartBrightnessController( 1671): handleMessage MSG_LUX_CHANGED, mLux:11.0 luxQueue=[11.0, 11.0, 11.0, 11.0, 11.0, 11.0, 11.0, 11.0, 11.0, 11.0]
07-12 22:42:58.248 I/Quality (25559): Skipped: true 8 cost 101.05389 refreshRate 11235828 bit true processName com.aitavern.app.debug
07-12 22:42:58.603 I/Quality (25559): Skipped: true 4 cost 51.603127 refreshRate 11226541 bit true processName com.aitavern.app.debug
07-12 22:42:58.613 W/ActivityManager( 1671): Stopping service due to app idle: u0a356 -6m25s356ms com.ss.android.ugc.aweme/com.ss.android.socialbase.downloader.downloader.DownloadService
07-12 22:42:58.613 W/ActivityManager( 1671): Stopping service due to app idle: u0a356 -6m25s778ms com.ss.android.ugc.aweme/com.heytap.msp.push.service.DataMessageCallbackService
07-12 22:42:58.614 D/CompatibilityChangeReporter( 1671): Compat change id reported: 261072174; UID 10356; state: ENABLED
07-12 22:42:58.637 W/ProcessStats( 1671): Tracking association SourceState{99f24fb com.oplus.metis/10089 BFgs #1386411} whose proc state 4 is better than process ProcessState{c87afcc com.oplus.onet/10090 pkg=com.oplus.onet} proc state 5 (692 skipped)
07-12 22:42:58.663 I/Quality (25559): Skipped: true 4 cost 55.817616 refreshRate 11226468 bit true processName com.aitavern.app.debug
07-12 22:42:58.706 D/OplusAthenaAm( 1671): cancel: timeout
07-12 22:42:58.718 I/Quality (25559): Skipped: true 1 cost 12.170596 refreshRate 11111111 bit true processName com.aitavern.app.debug
07-12 22:42:58.737 I/Quality (25559): Skipped: true 1 cost 16.909931 refreshRate 11111111 bit true processName com.aitavern.app.debug
07-12 22:42:58.771 I/Quality (25559): Skipped: true 1 cost 18.320368 refreshRate 11111111 bit true processName com.aitavern.app.debug
07-12 22:42:58.789 I/Quality (25559): Skipped: true 1 cost 12.301873 refreshRate 11223200 bit true processName com.aitavern.app.debug
07-12 22:42:58.805 D/OplusAlarmAdjustment( 1671): unalignAlarmsByUid(), uid=99910265, pkgName=com.tencent.mobileqq, actions=null, procs=null, requester=1
07-12 22:42:58.805 D/OplusAlarmAdjustMap( 1671): removeAlignUid, uid=99910265, requester=1
07-12 22:42:59.924 D/PowerManagerService( 1671): userActivityNoUpdateLocked: groupId=0, eventTime=690906564, event=touch, flags=0x0, uid=1000
07-12 22:42:59.924 D/OplusAthenaAm( 1671): cancel: touch down
07-12 22:42:59.949 I/Quality (25559): Skipped: true 1 cost 17.093391 refreshRate 11223267 bit true processName com.aitavern.app.debug
07-12 22:42:59.976 D/OplusInputMethodManagerInternal(25559): get inputMethodManager extension: com.android.internal.view.IInputMethodManager$Stub$Proxy@864b7e5
07-12 22:43:00.000 V/AlarmManager( 1671): sending alarm Alarm{d961a4a type 3 origWhen 914944299 whenElapsed 914944299 android} uid 1000 whenElapsed 914944299 windowLength 0 maxWhenElapsed 914944299 repeatInterval 0 action null component null tag TIME_TICK flags 0x9 procName system_server
07-12 22:43:00.002 D/InputMethodManagerService( 1671): isSecurity: attribute.packageName = com.aitavern.app.debug mCurMethodId = com.sohu.inputmethod.sogou/.SogouIME isSecurity = false ( enable = true needShow = false inBlackList = false isExist = true )
07-12 22:43:00.007 D/CommSceneService( 1671): notify align tick changed state=1
07-12 22:43:00.030 E/OplusCustomizeRestrictionManagerService( 1671): isBiometricDisabled start
07-12 22:43:00.104 I/Quality (25559): Skipped: true 4 cost 47.851376 refreshRate 11223694 bit true processName com.aitavern.app.debug
07-12 22:43:00.221 I/Quality (25559): Skipped: true 9 cost 109.54904 refreshRate 11223686 bit true processName com.aitavern.app.debug
07-12 22:43:00.294 I/Quality (25559): Skipped: true 2 cost 25.565361 refreshRate 11223754 bit true processName com.aitavern.app.debug
07-12 22:43:00.325 D/OplusSmartBrightnessController( 1671): handleMessage MSG_LUX_CHANGED, mLux:11.0 luxQueue=[11.0, 11.0, 11.0, 11.0, 11.0, 11.0, 11.0, 11.0, 11.0, 11.0, 11.0]
07-12 22:43:00.529 I/Quality (25559): Skipped: true 4 cost 46.56842 refreshRate 11223754 bit true processName com.aitavern.app.debug
07-12 22:43:00.729 I/iopgp   ( 3025): kTraceEnded and trace_end_kind = kOutproto history_id = 15198
07-12 22:43:00.845 I/Quality (25559): Skipped: true 1 cost 13.030908 refreshRate 11238625 bit true processName com.aitavern.app.debug
07-12 22:43:01.024 I/Quality (25559): Skipped: true 11 cost 125.17357 refreshRate 11238878 bit true processName com.aitavern.app.debug
07-12 22:43:01.184 I/Quality (25559): Skipped: true 12 cost 139.27727 refreshRate 11240504 bit true processName com.aitavern.app.debug
07-12 22:43:01.526 D/OplusSmartBrightnessController( 1671): handleMessage MSG_LUX_CHANGED, mLux:11.839201 luxQueue=[12.0, 12.0, 12.0, 12.0, 11.0, 12.0]
07-12 22:43:01.861 D/OplusAlarmAdjustment( 1671): proxyAlarmsByUid(), uid=10190, pkgName=com.google.android.gsf, requester=1
07-12 22:43:01.861 D/OplusAlarmAdjustMap( 1671): addProxyUid, uid=10190, pkgName=com.google.android.gsf, requester=1
07-12 22:43:01.867 D/OAppNetControlService( 1671): Close socket:[10190] cause:App bg(IMMEDIATELY) success!
07-12 22:43:01.867 D/OAppNetControlService( 1671): Hans update:[10190=true][0|0] blackList:[10260, 10382, 10195, 10022, 10502, 10227, 10119, 10245, 10338, 10190]
07-12 22:43:01.881 D/OAppNetControlService( 1671): Hans update:[10190=false][0|0] blackList:[10260, 10382, 10195, 10022, 10502, 10227, 10119, 10245, 10338]
07-12 22:43:01.900 D/OplusAlarmAdjustment( 1671): unproxyAlarmsByUid(), uid=10190, pkgName=com.google.android.gsf, requester=1
07-12 22:43:01.902 D/OplusAlarmAdjustMap( 1671): removeProxyUid, uid=10190, requester=1
07-12 22:43:02.132 D/PowerManagerService( 1671): userActivityNoUpdateLocked: groupId=0, eventTime=690908771, event=touch, flags=0x0, uid=1000
07-12 22:43:02.134 D/OplusAthenaAm( 1671): cancel: touch down
07-12 22:43:02.202 D/InputMethodManagerService( 1671): isSecurity: attribute.packageName = com.aitavern.app.debug mCurMethodId = com.sohu.inputmethod.sogou/.SogouIME isSecurity = false ( enable = true needShow = false inBlackList = false isExist = true )
07-12 22:43:02.222 I/Quality (25559): Skipped: true 1 cost 19.052626 refreshRate 11242422 bit true processName com.aitavern.app.debug
07-12 22:43:02.286 D/WindowManagerServiceExtImpl( 1671): extractConfigInfoAndRealFlags rotation=0, screenDp=720, win=Window{f307b39 u0 InputMethod}
07-12 22:43:02.286 V/WindowManager( 1671): Relayout Window{f307b39 u0 InputMethod}: viewVisibility=0, oldvis=8, req=1080x2312, vsysui=
07-12 22:43:02.286 I/WindowManager( 1671): Window{f307b39 u0 InputMethod} state from NO_SURFACE to DRAW_PENDING; reason: resetDrawState
07-12 22:43:02.293 I/TaskOrganizerController( 1671): onTaskInfoChanged taskid 13195 config { mBounds=Rect(0, 0 - 1080, 2408) mAppBounds=Rect(0, 96 - 1080, 2276) mMaxBounds=Rect(0, 0 - 1080, 2408) mDisplayRotation=ROTATION_0 mWindowingMode=fullscreen mDisplayWindowingMode=fullscreen mActivityType=standard mAlwaysOnTop=undefined mRotation=ROTATION_0}
07-12 22:43:02.294 D/FlexibleWindowManager( 1671): onFlexibleWindowTaskInfoChanged: mTaskId = 13195 oldIsTaskEmbedded = false   curIsTaskEmbedded = false  topActivity = ComponentInfo{com.aitavern.app.debug/com.aitavern.app.MainActivity}
07-12 22:43:02.294 D/OplusFlexibleWindowMinimizedManagerHelper( 1671): onTaskInfoChanged taskInfo:TaskInfo{userId=0 taskId=13195 displayId=0 isRunning=true baseIntent=Intent { act=android.intent.action.MAIN cat=[android.intent.category.LAUNCHER] flg=0x10200000 cmp=com.aitavern.app.debug/com.aitavern.app.MainActivity mCallingUid=10168 } baseActivity=ComponentInfo{com.aitavern.app.debug/com.aitavern.app.MainActivity} topActivity=ComponentInfo{com.aitavern.app.debug/com.aitavern.app.MainActivity} origActivity=null realActivity=ComponentInfo{com.aitavern.app.debug/com.aitavern.app.MainActivity} numActivities=1 lastActiveTime=914940157 supportsSplitScreenMultiWindow=true supportsMultiWindow=true supportsPocketStudioMultiWindow=true isInFlexibleEmbedded = false uid = 10591 pid = 25559 resizeMode=1 isResizeable=true minWidth=-1 minHeight=-1 defaultMinSize=220 token=WCT{RemoteToken{66e642 Task{5417a60 #13195 type=standard A=10591:com.aitavern.app.debug}}} topActivityType=1 pictureInPictureParams=null shouldDockBigOverlays=false launchIntoPipHostTaskId=-1 lastParentTaskIdBeforePip=-1 displayCutoutSafeInsets=null topActivityInfo=ActivityInfo{3f7a0e1 com.aitavern.app.MainActivity} launchCookies=[] positionInParent=Point(0, 0) parentTaskId=-1 isFocused=true isVisible=true isVisibleRequested=true isSleeping=false topActivityInSizeCompat=false topActivityInOplusCompatMode=false topActivityEligibleForLetterboxEducation= false topActivityLetterboxed= false isFromDoubleTap= false topActivityLetterboxVerticalPosition= -1 topActivityLetterboxHorizontalPosition= -1 topActivityLetterboxWidth=-1 topActivityLetterboxHeight=-1 locusId=null displayAreaFeatureId=1 cameraCompatControlState=hidden locusId= null topActivityLetterboxInsets=Rect(0, 0 - 0, 0)} task:Task{5417a60 #13195 type=standard A=10591:com.aitavern.app.debug}
07-12 22:43:02.295 W/VRI[]   (22102): handleResized abandoned!
07-12 22:43:02.296 W/VRI[]   (22102): handleResized abandoned!
07-12 22:43:02.298 W/VRI[OplusOSEdgeFloatBar]( 6253): handleResized abandoned!
07-12 22:43:02.300 W/VRI[InputMethod](27239): updateBlastSurfaceIfNeeded, surfaceSize:Point(1080, 2312), lastSurfaceSize:Point(1080, 2312), format:-2, blastBufferQueue:null
07-12 22:43:02.300 D/ShellTaskOrganizer( 2389): dispatchTaskEventToClientIfNeed, eventType:2, taskInfo:TaskInfo{userId=0 taskId=13195 displayId=0 isRunning=true baseIntent=Intent { act=android.intent.action.MAIN cat=[android.intent.category.LAUNCHER] flg=0x10200000 cmp=com.aitavern.app.debug/com.aitavern.app.MainActivity mCallingUid=10168 } baseActivity=ComponentInfo{com.aitavern.app.debug/com.aitavern.app.MainActivity} topActivity=ComponentInfo{com.aitavern.app.debug/com.aitavern.app.MainActivity} origActivity=null realActivity=ComponentInfo{com.aitavern.app.debug/com.aitavern.app.MainActivity} numActivities=1 lastActiveTime=914940157 supportsSplitScreenMultiWindow=true supportsMultiWindow=true supportsPocketStudioMultiWindow=true isInFlexibleEmbedded = false uid = 10591 pid = 25559 resizeMode=1 isResizeable=true minWidth=-1 minHeight=-1 defaultMinSize=220 token=WCT{android.window.IWindowContainerToken$Stub$Proxy@21cce2e} topActivityType=1 pictureInPictureParams=null shouldDockBigOverlays=false launchIntoPipHostTaskId=-1 lastParentTaskIdBeforePip=-1 displayCutoutSafeInsets=null topActivityInfo=ActivityInfo{2a9fdcf com.aitavern.app.MainActivity} launchCookies=[] positionInParent=Point(0, 0) parentTaskId=-1 isFocused=true isVisible=true isVisibleRequested=true isSleeping=false topActivityInSizeCompat=false topActivityInOplusCompatMode=false topActivityEligibleForLetterboxEducation= false topActivityLetterboxed= false isFromDoubleTap= false topActivityLetterboxVerticalPosition= -1 topActivityLetterboxHorizontalPosition= -1 topActivityLetterboxWidth=-1 topActivityLetterboxHeight=-1 locusId=null displayAreaFeatureId=1 cameraCompatControlState=hidden locusId= null topActivityLetterboxInsets=Rect(0, 0 - 0, 0)}, leash:null
07-12 22:43:02.303 W/VRI[StatusBar]( 2389): handleResized abandoned!
07-12 22:43:02.303 W/VRI[NavigationBar_displayId_0]( 2389): handleResized abandoned!
07-12 22:43:02.313 I/WindowManager( 1671): defer call onFirstWindowDrawn until mainwindow drawn:Window{ba68a65 u0 com.coloros.assistantscreen}
07-12 22:43:02.320 I/WindowManager( 1671): defer call onFirstWindowDrawn until mainwindow drawn:Window{ba68a65 u0 com.coloros.assistantscreen}
07-12 22:43:02.322 D/CoreBackPreview( 1671): Window{5288776 u0 com.aitavern.app.debug/com.aitavern.app.MainActivity}: Setting back callback OnBackInvokedCallbackInfo{mCallback=android.window.IOnBackInvokedCallback$Stub$Proxy@b9d0eb9, mPriority=0, mIsAnimationCallback=false}
07-12 22:43:02.323 W/VRI[MainActivity](25559): handleResized abandoned!
07-12 22:43:02.323 I/Quality (25559): Skipped: true 1 cost 18.97423 refreshRate 11242508 bit true processName com.aitavern.app.debug
07-12 22:43:02.330 I/WindowManager( 1671): Window{f307b39 u0 InputMethod} state from DRAW_PENDING to COMMIT_DRAW_PENDING; reason: finishDrawingLocked
07-12 22:43:02.333 I/WindowManager( 1671): Window{f307b39 u0 InputMethod} state from COMMIT_DRAW_PENDING to READY_TO_SHOW; reason: commitFinishDrawingLocked
07-12 22:43:02.347 I/WindowManager( 1671): defer call onFirstWindowDrawn until mainwindow drawn:Window{ba68a65 u0 com.coloros.assistantscreen}
07-12 22:43:02.374 I/Quality (25559): Skipped: false 3 cost 35.306103 refreshRate 11243640 bit true processName com.aitavern.app.debug
07-12 22:43:02.383 V/WindowStateExtImpl( 1671): notifyWindowStateChange input show
07-12 22:43:02.384 I/WindowManager( 1671): Window{f307b39 u0 InputMethod} state from READY_TO_SHOW to HAS_DRAWN; reason: performShowLocked
07-12 22:43:02.388 W/VRI[]   (22102): handleResized abandoned!
07-12 22:43:02.389 W/VRI[InputMethod](27239): handleResized abandoned!
07-12 22:43:02.395 W/VRI[OplusOSEdgeFloatBar]( 6253): handleResized abandoned!
07-12 22:43:02.396 W/VRI[]   (22102): handleResized abandoned!
07-12 22:43:02.404 I/WindowManager( 1671): defer call onFirstWindowDrawn until mainwindow drawn:Window{ba68a65 u0 com.coloros.assistantscreen}
07-12 22:43:02.406 I/Quality (25559): Skipped: true 1 cost 11.338146 refreshRate 11243755 bit true processName com.aitavern.app.debug
07-12 22:43:02.407 W/VRI[NavigationBar_displayId_0]( 2389): handleResized abandoned!
07-12 22:43:02.407 W/VRI[StatusBar]( 2389): handleResized abandoned!
07-12 22:43:02.408 W/VRI[MainActivity](25559): handleResized abandoned!
07-12 22:43:02.436 V/AlarmManager( 1671): sending alarm Alarm{394210a type 3 origWhen 914946735 whenElapsed 914946735 android} uid 1000 whenElapsed 914946735 windowLength 0 maxWhenElapsed 914946735 repeatInterval 0 action null component null tag *usage.launchTime* flags 0x9 procName system_server
07-12 22:43:02.461 D/OplusAlarmAdjustment( 1671): proxyAlarmsByUid(), uid=99910190, pkgName=com.google.android.gsf, requester=1
07-12 22:43:02.461 D/OplusAlarmAdjustMap( 1671): addProxyUid, uid=99910190, pkgName=com.google.android.gsf, requester=1
07-12 22:43:02.462 D/OAppNetControlService( 1671): Hans update:[99910190=true][0|0] blackList:[10260, 10382, 10195, 10022, 10502, 10227, 10119, 10245, 10338, 99910190]
07-12 22:43:02.487 D/IntervalStats( 1671): Unable to parse usage stats packages: [1040]
07-12 22:43:02.514 D/IntervalStats( 1671): Unable to parse usage stats packages: [1040]
07-12 22:43:02.519 D/UsageStatsService( 1671): User[0] type=0 b=1783262582439 e=1783867382439 cb=1783801140853 ce=1783867382212 disk=2 all=2
07-12 22:43:02.785 D/OplusAthenaAm( 1671): cancel: touch down
07-12 22:43:02.785 D/PowerManagerService( 1671): userActivityNoUpdateLocked: groupId=0, eventTime=690909423, event=touch, flags=0x0, uid=1000
07-12 22:43:02.974 D/PowerManagerService( 1671): userActivityNoUpdateLocked: groupId=0, eventTime=690909614, event=touch, flags=0x0, uid=1000
07-12 22:43:02.975 D/OplusAthenaAm( 1671): cancel: touch down
07-12 22:43:03.136 D/PowerManagerService( 1671): userActivityNoUpdateLocked: groupId=0, eventTime=690909777, event=touch, flags=0x0, uid=1000
07-12 22:43:03.136 D/OplusAthenaAm( 1671): cancel: touch down
07-12 22:43:03.205 D/OplusAthenaAm( 1671): reset: after 14883
07-12 22:43:03.206 D/OplusAthenaAm( 1671): reset: done 66288
07-12 22:43:03.383 D/PowerManagerService( 1671): userActivityNoUpdateLocked: groupId=0, eventTime=690910024, event=touch, flags=0x0, uid=1000
07-12 22:43:03.642 D/OplusAlarmAdjustment( 1671): proxyAlarmsByUid(), uid=10356, pkgName=com.ss.android.ugc.aweme, requester=1
07-12 22:43:03.642 D/OplusAlarmAdjustMap( 1671): addProxyUid, uid=10356, pkgName=com.ss.android.ugc.aweme, requester=1
07-12 22:43:03.644 D/OAppNetControlService( 1671): Close socket:[10356] cause:App bg(IMMEDIATELY) success!
07-12 22:43:03.644 D/OAppNetControlService( 1671): Hans update:[10356=true][0|0] blackList:[10260, 10382, 10195, 10022, 10502, 10227, 10119, 10245, 10338, 99910190, 10356]
07-12 22:43:03.647 D/CompatibilityChangeReporter( 1671): Compat change id reported: 182734110; UID 10591; state: ENABLED
07-12 22:43:03.649 D/CompatibilityChangeReporter( 1671): Compat change id reported: 149924527; UID 10591; state: ENABLED
07-12 22:43:03.650 D/CompatibilityChangeReporter( 1671): Compat change id reported: 132649864; UID 10591; state: DISABLED
07-12 22:43:03.809 D/PowerManagerService( 1671): userActivityNoUpdateLocked: groupId=0, eventTime=690910450, event=touch, flags=0x0, uid=1000
07-12 22:43:03.955 D/PowerManagerService( 1671): userActivityNoUpdateLocked: groupId=0, eventTime=690910596, event=touch, flags=0x0, uid=1000
07-12 22:43:04.096 D/PowerManagerService( 1671): userActivityNoUpdateLocked: groupId=0, eventTime=690910737, event=touch, flags=0x0, uid=1000
07-12 22:43:04.600 D/PowerManagerService( 1671): userActivityNoUpdateLocked: groupId=0, eventTime=690911242, event=touch, flags=0x0, uid=1000
07-12 22:43:04.674 W/VRI[]   (22102): handleResized abandoned!
07-12 22:43:04.678 W/VRI[OplusOSEdgeFloatBar]( 6253): handleResized abandoned!
07-12 22:43:04.679 W/VRI[]   (22102): handleResized abandoned!
07-12 22:43:04.680 D/CoreBackPreview( 1671): Window{5288776 u0 com.aitavern.app.debug/com.aitavern.app.MainActivity}: Setting back callback OnBackInvokedCallbackInfo{mCallback=android.window.IOnBackInvokedCallback$Stub$Proxy@30b012c, mPriority=0, mIsAnimationCallback=true}
07-12 22:43:04.680 W/VRI[StatusBar]( 2389): handleResized abandoned!
07-12 22:43:04.684 V/WindowStateExtImpl( 1671): notifyWindowStateChange input show
07-12 22:43:04.685 W/VRI[NavigationBar_displayId_0]( 2389): handleResized abandoned!
07-12 22:43:04.690 I/WindowManager( 1671): defer call onFirstWindowDrawn until mainwindow drawn:Window{ba68a65 u0 com.coloros.assistantscreen}
07-12 22:43:04.693 W/VRI[MainActivity](25559): handleResized abandoned!
07-12 22:43:04.698 I/WindowManager( 1671): defer call onFirstWindowDrawn until mainwindow drawn:Window{ba68a65 u0 com.coloros.assistantscreen}
07-12 22:43:04.713 I/VibratorManagerServiceExtImpl( 1671): cancelVibrate uid=10268, pid=27239, usageFilter=-1, token=169023477
07-12 22:43:04.727 I/OplusSmartBrightnessController( 1671): deltaLux = 0.839201, scale = 1.0
07-12 22:43:04.727 D/OplusSmartBrightnessController( 1671): handleMessage MSG_LUX_CHANGED, mLux:11.0 luxQueue=[11.0, 11.0, 11.0, 11.0, 11.0, 11.0, 11.0, 11.0, 11.0, 11.0, 11.0]
07-12 22:43:05.390 D/WindowManagerServiceExtImpl( 1671): extractConfigInfoAndRealFlags rotation=0, screenDp=720, win=Window{f307b39 u0 InputMethod}
07-12 22:43:05.390 V/WindowManager( 1671): Relayout Window{f307b39 u0 InputMethod}: viewVisibility=8, oldvis=0, req=1080x2312, vsysui=
07-12 22:43:05.390 I/WindowManager( 1671): Window{f307b39 u0 InputMethod} state from HAS_DRAWN to NO_SURFACE; reason: destroySurface
07-12 22:43:05.395 W/VRI[]   (22102): handleResized abandoned!
07-12 22:43:05.395 W/VRI[NavigationBar_displayId_0]( 2389): handleResized abandoned!
07-12 22:43:05.395 W/VRI[OplusOSEdgeFloatBar]( 6253): handleResized abandoned!
07-12 22:43:05.395 W/VRI[]   (22102): handleResized abandoned!
07-12 22:43:05.395 W/VRI[StatusBar]( 2389): handleResized abandoned!
07-12 22:43:05.396 W/VRI[MainActivity](25559): handleResized abandoned!
07-12 22:43:05.406 I/WindowManager( 1671): defer call onFirstWindowDrawn until mainwindow drawn:Window{ba68a65 u0 com.coloros.assistantscreen}
07-12 22:43:05.426 D/PowerManagerService( 1671): userActivityNoUpdateLocked: groupId=0, eventTime=690912067, event=touch, flags=0x0, uid=1000
07-12 22:43:05.641 D/PowerManagerService( 1671): userActivityNoUpdateLocked: groupId=0, eventTime=690912282, event=touch, flags=0x0, uid=1000
07-12 22:43:05.744 D/PowerManagerService( 1671): userActivityNoUpdateLocked: groupId=0, eventTime=690912385, event=touch, flags=0x0, uid=1000
07-12 22:43:05.847 D/PowerManagerService( 1671): userActivityNoUpdateLocked: groupId=0, eventTime=690912488, event=touch, flags=0x0, uid=1000
07-12 22:43:05.950 D/PowerManagerService( 1671): userActivityNoUpdateLocked: groupId=0, eventTime=690912591, event=touch, flags=0x0, uid=1000
07-12 22:43:06.195 W/ContextImpl( 1671): Calling a method in the system process without a qualified user: android.app.ContextImpl.sendBroadcast:1232 com.android.server.job.controllers.OplusCpuController.notifyHighCpuEventForApp:386 com.android.server.job.controllers.OplusCpuController.handleCpuUpdate:332 com.android.server.job.controllers.OplusCpuController.-$$Nest$mhandleCpuUpdate:0 com.android.server.job.controllers.OplusCpuController$CpuTrackerHandler.handleMessage:256 
07-12 22:43:06.451 D/CompatibilityChangeReporter( 1671): Compat change id reported: 197654537; UID 10591; state: ENABLED
07-12 22:43:06.462 D/PowerManagerService( 1671): userActivityNoUpdateLocked: groupId=0, eventTime=690913102, event=touch, flags=0x0, uid=1000
07-12 22:43:06.566 D/WindowManagerServiceExtImpl( 1671): extractConfigInfoAndRealFlags rotation=0, screenDp=720, win=Window{f307b39 u0 InputMethod}
07-12 22:43:06.567 V/WindowManager( 1671): Relayout Window{f307b39 u0 InputMethod}: viewVisibility=0, oldvis=8, req=1080x2312, vsysui=
07-12 22:43:06.567 I/WindowManager( 1671): Window{f307b39 u0 InputMethod} state from NO_SURFACE to DRAW_PENDING; reason: resetDrawState
07-12 22:43:06.572 W/VRI[OplusOSEdgeFloatBar]( 6253): handleResized abandoned!
07-12 22:43:06.573 W/VRI[]   (22102): handleResized abandoned!
07-12 22:43:06.573 D/CoreBackPreview( 1671): Window{5288776 u0 com.aitavern.app.debug/com.aitavern.app.MainActivity}: Setting back callback OnBackInvokedCallbackInfo{mCallback=android.window.IOnBackInvokedCallback$Stub$Proxy@31179c7, mPriority=0, mIsAnimationCallback=false}
07-12 22:43:06.573 W/VRI[]   (22102): handleResized abandoned!
07-12 22:43:06.573 W/VRI[StatusBar]( 2389): handleResized abandoned!
07-12 22:43:06.573 W/VRI[InputMethod](27239): updateBlastSurfaceIfNeeded, surfaceSize:Point(1080, 2312), lastSurfaceSize:Point(1080, 2312), format:-2, blastBufferQueue:null
07-12 22:43:06.573 W/VRI[NavigationBar_displayId_0]( 2389): handleResized abandoned!
07-12 22:43:06.574 I/WindowManager( 1671): defer call onFirstWindowDrawn until mainwindow drawn:Window{ba68a65 u0 com.coloros.assistantscreen}
07-12 22:43:06.574 W/VRI[MainActivity](25559): handleResized abandoned!
07-12 22:43:06.591 I/WindowManager( 1671): Window{f307b39 u0 InputMethod} state from DRAW_PENDING to COMMIT_DRAW_PENDING; reason: finishDrawingLocked
07-12 22:43:06.594 I/WindowManager( 1671): Window{f307b39 u0 InputMethod} state from COMMIT_DRAW_PENDING to READY_TO_SHOW; reason: commitFinishDrawingLocked
07-12 22:43:06.597 I/WindowManager( 1671): defer call onFirstWindowDrawn until mainwindow drawn:Window{ba68a65 u0 com.coloros.assistantscreen}
07-12 22:43:06.600 V/WindowStateExtImpl( 1671): notifyWindowStateChange input show
07-12 22:43:06.601 I/WindowManager( 1671): Window{f307b39 u0 InputMethod} state from READY_TO_SHOW to HAS_DRAWN; reason: performShowLocked
07-12 22:43:06.605 W/VRI[InputMethod](27239): handleResized abandoned!
07-12 22:43:06.605 W/VRI[]   (22102): handleResized abandoned!
07-12 22:43:06.606 W/VRI[OplusOSEdgeFloatBar]( 6253): handleResized abandoned!
07-12 22:43:06.606 W/VRI[StatusBar]( 2389): handleResized abandoned!
07-12 22:43:06.606 W/VRI[NavigationBar_displayId_0]( 2389): handleResized abandoned!
07-12 22:43:06.610 W/VRI[]   (22102): handleResized abandoned!
07-12 22:43:06.610 I/WindowManager( 1671): defer call onFirstWindowDrawn until mainwindow drawn:Window{ba68a65 u0 com.coloros.assistantscreen}
07-12 22:43:06.614 W/VRI[MainActivity](25559): handleResized abandoned!
07-12 22:43:06.618 I/WindowManager( 1671): defer call onFirstWindowDrawn until mainwindow drawn:Window{ba68a65 u0 com.coloros.assistantscreen}
07-12 22:43:06.910 D/OplusAlarmAdjustment( 1671): proxyAlarmsByUid(), uid=10190, pkgName=com.google.android.gsf, requester=1
07-12 22:43:06.910 D/OplusAlarmAdjustMap( 1671): addProxyUid, uid=10190, pkgName=com.google.android.gsf, requester=1
07-12 22:43:06.911 D/OAppNetControlService( 1671): Close socket:[10190] cause:App bg(IMMEDIATELY) success!
07-12 22:43:06.911 D/OAppNetControlService( 1671): Hans update:[10190=true][0|0] blackList:[10260, 10382, 10195, 10022, 10502, 10227, 10119, 10245, 10338, 99910190, 10356, 10190]
07-12 22:43:06.931 D/OAppNetControlService( 1671): Hans update:[10190=false][0|0] blackList:[10260, 10382, 10195, 10022, 10502, 10227, 10119, 10245, 10338, 99910190, 10356]
07-12 22:43:06.934 D/OplusAlarmAdjustment( 1671): unproxyAlarmsByUid(), uid=10190, pkgName=com.google.android.gsf, requester=1
07-12 22:43:06.934 D/OplusAlarmAdjustMap( 1671): removeProxyUid, uid=10190, requester=1
07-12 22:43:07.530 D/OplusSmartBrightnessController( 1671): handleMessage MSG_LUX_CHANGED, mLux:12.0 luxQueue=[12.0, 12.0, 12.0, 12.0, 12.0]
07-12 22:43:07.607 D/PowerManagerService( 1671): userActivityNoUpdateLocked: groupId=0, eventTime=690914246, event=touch, flags=0x0, uid=1000
07-12 22:43:07.610 I/OplusJoystickManager( 1671): read game pad state for game manager -> false
07-12 22:43:07.610 W/OplusJoystickManager( 1671): mInterceptGamepadKey is false
07-12 22:43:07.610 D/OplusCustomizeRestrictionManagerService( 1671): isLongPressVolumeUpDisabled start
07-12 22:43:07.610 E/OplusCustomizeRestrictionManagerService( 1671): isBackButtonDisabled start
07-12 22:43:07.610 D/StrategyBlackscreenshot( 1671): notifyKeyBeforeQueueing, event=KeyEvent { action=ACTION_DOWN, keyCode=KEYCODE_BACK, scanCode=0, metaState=0, flags=0x48, repeatCount=0, eventTime=690914250000000, downTime=690914250000000, deviceId=-1, source=0x101, displayId=0 }, interactive=true
07-12 22:43:07.611 D/PowerManagerService( 1671): userActivityNoUpdateLocked: groupId=0, eventTime=690914250, event=button, flags=0x0, uid=1000
07-12 22:43:07.611 D/OplusCustomizeRestrictionManagerService( 1671): isLongPressVolumeUpDisabled start
07-12 22:43:07.664 I/OplusJoystickManager( 1671): read game pad state for game manager -> false
07-12 22:43:07.664 W/OplusJoystickManager( 1671): mInterceptGamepadKey is false
07-12 22:43:07.664 D/OplusCustomizeRestrictionManagerService( 1671): isLongPressVolumeUpDisabled start
07-12 22:43:07.664 D/StrategyBlackscreenshot( 1671): notifyKeyBeforeQueueing, event=KeyEvent { action=ACTION_UP, keyCode=KEYCODE_BACK, scanCode=0, metaState=0, flags=0x48, repeatCount=0, eventTime=690914303000000, downTime=690914250000000, deviceId=-1, source=0x101, displayId=0 }, interactive=true
07-12 22:43:07.665 D/OplusCustomizeRestrictionManagerService( 1671): isLongPressVolumeUpDisabled start
07-12 22:43:07.674 D/CoreBackPreview( 1671): Window{5288776 u0 com.aitavern.app.debug/com.aitavern.app.MainActivity}: Setting back callback OnBackInvokedCallbackInfo{mCallback=android.window.IOnBackInvokedCallback$Stub$Proxy@2d5fa24, mPriority=0, mIsAnimationCallback=true}
07-12 22:43:07.689 W/VRI[]   (22102): handleResized abandoned!
07-12 22:43:07.692 W/VRI[]   (22102): handleResized abandoned!
07-12 22:43:07.692 V/WindowStateExtImpl( 1671): notifyWindowStateChange input show
07-12 22:43:07.693 W/VRI[OplusOSEdgeFloatBar]( 6253): handleResized abandoned!
07-12 22:43:07.697 W/VRI[MainActivity](25559): handleResized abandoned!
07-12 22:43:07.701 I/WindowManager( 1671): defer call onFirstWindowDrawn until mainwindow drawn:Window{ba68a65 u0 com.coloros.assistantscreen}
07-12 22:43:07.709 W/VRI[StatusBar]( 2389): handleResized abandoned!
07-12 22:43:07.709 W/VRI[NavigationBar_displayId_0]( 2389): handleResized abandoned!
07-12 22:43:07.720 I/VibratorManagerServiceExtImpl( 1671): cancelVibrate uid=10268, pid=27239, usageFilter=-1, token=169023477
07-12 22:43:08.128 D/PowerManagerService( 1671): userActivityNoUpdateLocked: groupId=0, eventTime=690914767, event=touch, flags=0x0, uid=1000
07-12 22:43:08.207 D/InputMethodManagerService( 1671): isSecurity: attribute.packageName = com.aitavern.app.debug mCurMethodId = com.sohu.inputmethod.sogou/.SogouIME isSecurity = false ( enable = true needShow = false inBlackList = false isExist = true )
07-12 22:43:08.211 D/ColorAutomaticBrightnessController( 1671): Proximity Sensor Changed, current state:near
07-12 22:43:08.268 I/keystore2(  658): system/security/keystore2/src/watchdog.rs:319 - Watchdog thread idle -> terminating. Have a great day.
07-12 22:43:08.324 I/OplusSmartBrightnessController( 1671): brightness accelerate start...
07-12 22:43:08.411 D/ColorAutomaticBrightnessController( 1671): Proximity Sensor Changed, current state:Far
07-12 22:43:08.418 D/WindowManagerServiceExtImpl( 1671): extractConfigInfoAndRealFlags rotation=0, screenDp=720, win=Window{f307b39 u0 InputMethod}
07-12 22:43:08.419 V/WindowManager( 1671): Relayout Window{f307b39 u0 InputMethod}: viewVisibility=8, oldvis=0, req=1080x2312, vsysui=
07-12 22:43:08.420 I/WindowManager( 1671): Window{f307b39 u0 InputMethod} state from HAS_DRAWN to NO_SURFACE; reason: destroySurface
07-12 22:43:08.433 W/VRI[]   (22102): handleResized abandoned!
07-12 22:43:08.435 W/VRI[]   (22102): handleResized abandoned!
07-12 22:43:08.440 W/VRI[StatusBar]( 2389): handleResized abandoned!
07-12 22:43:08.441 W/VRI[OplusOSEdgeFloatBar]( 6253): handleResized abandoned!
07-12 22:43:08.441 W/VRI[NavigationBar_displayId_0]( 2389): handleResized abandoned!
07-12 22:43:08.447 W/VRI[MainActivity](25559): handleResized abandoned!
07-12 22:43:08.454 I/WindowManager( 1671): defer call onFirstWindowDrawn until mainwindow drawn:Window{ba68a65 u0 com.coloros.assistantscreen}
07-12 22:43:08.815 D/OplusAlarmAdjustment( 1671): alignAlarmsByUid(), uid=99910265, pkgName=com.tencent.mobileqq, actions=null, procs=null, requester=1
07-12 22:43:08.816 D/OplusAlarmAdjustMap( 1671): addAlignUid, uid=99910265, pkgName=com.tencent.mobileqq, requester=1, mode=1
07-12 22:43:08.912 D/ColorAutomaticBrightnessController( 1671): MSG_PROXIMITY_CHANGE far
07-12 22:43:09.013 D/ColorAutomaticBrightnessController( 1671): Proximity Sensor Changed, current state:near
07-12 22:43:09.016 D/PowerManagerService( 1671): userActivityNoUpdateLocked: groupId=0, eventTime=690915655, event=touch, flags=0x0, uid=1000
07-12 22:43:09.211 D/ColorAutomaticBrightnessController( 1671): Proximity Sensor Changed, current state:Far
07-12 22:43:09.344 I/Quality (25559): Skipped: true 13 cost 147.2004 refreshRate 11226251 bit true processName com.aitavern.app.debug
07-12 22:43:09.373 I/Quality (25559): Skipped: true 1 cost 19.330502 refreshRate 11226251 bit true processName com.aitavern.app.debug
07-12 22:43:09.417 I/Quality (25559): Skipped: true 1 cost 12.363146 refreshRate 11111111 bit true processName com.aitavern.app.debug
07-12 22:43:09.438 I/Quality (25559): Skipped: true 1 cost 11.241601 refreshRate 11111111 bit true processName com.aitavern.app.debug
07-12 22:43:09.491 I/Quality (25559): Skipped: true 1 cost 18.98322 refreshRate 11222942 bit true processName com.aitavern.app.debug
07-12 22:43:09.513 D/ColorAutomaticBrightnessController( 1671): Proximity Sensor Changed, current state:near
07-12 22:43:09.540 I/Quality (25559): Skipped: true 1 cost 11.259797 refreshRate 11225522 bit true processName com.aitavern.app.debug
07-12 22:43:09.574 I/Quality (25559): Skipped: true 1 cost 12.151296 refreshRate 11224517 bit true processName com.aitavern.app.debug
07-12 22:43:09.614 D/ColorAutomaticBrightnessController( 1671): Proximity Sensor Changed, current state:Far
07-12 22:43:09.687 I/Quality (25559): Skipped: true 1 cost 13.144389 refreshRate 11223989 bit true processName com.aitavern.app.debug
07-12 22:43:09.747 D/PowerManagerService( 1671): userActivityNoUpdateLocked: groupId=0, eventTime=690916386, event=touch, flags=0x0, uid=1000
07-12 22:43:09.796 W/ProcessStats( 1671): Tracking association SourceState{11dc01d com.oplus.midas/1000 ImpFg #1386463} whose proc state 5 is better than process ProcessState{4029a91 com.oplus.powermonitor/1000 pkg=com.oplus.powermonitor} proc state 8 (182 skipped)
07-12 22:43:09.846 D/PowerManagerService( 1671): userActivityNoUpdateLocked: groupId=0, eventTime=690916486, event=touch, flags=0x0, uid=1000
07-12 22:43:10.012 I/Quality (25559): Skipped: true 3 cost 34.644196 refreshRate 11223221 bit true processName com.aitavern.app.debug
07-12 22:43:10.114 D/ColorAutomaticBrightnessController( 1671): MSG_PROXIMITY_CHANGE far
07-12 22:43:10.126 I/OplusSmartBrightnessController( 1671): deltaLux = 5.612512, scale = 3.6758177
07-12 22:43:10.126 D/OplusSmartBrightnessController( 1671): handleMessage MSG_LUX_CHANGED, mLux:10.473125 luxQueue=[2.0, 6.0, 5.0, 4.0, 5.0, 7.0, 3.0, 6.0, 8.0, 12.0]
07-12 22:43:10.160 I/Quality (25559): Skipped: true 1 cost 13.254041 refreshRate 11250076 bit true processName com.aitavern.app.debug
07-12 22:43:10.504 D/PowerManagerService( 1671): userActivityNoUpdateLocked: groupId=0, eventTime=690917143, event=touch, flags=0x0, uid=1000
07-12 22:43:10.591 E/OplusAthenaAm( 1671): AthenaAmManagerInternal transact code hello:12,flags:0
07-12 22:43:10.704 I/Quality (25559): Skipped: true 5 cost 64.74429 refreshRate 11222762 bit true processName com.aitavern.app.debug
07-12 22:43:10.761 I/Quality (25559): Skipped: true 3 cost 43.142246 refreshRate 11223401 bit true processName com.aitavern.app.debug
07-12 22:43:11.088 D/PowerManagerService( 1671): userActivityNoUpdateLocked: groupId=0, eventTime=690917728, event=touch, flags=0x0, uid=1000
07-12 22:43:11.106 I/Quality (25559): Skipped: true 5 cost 61.84427 refreshRate 11223286 bit true processName com.aitavern.app.debug
07-12 22:43:11.125 D/OplusSmartBrightnessController( 1671): handleMessage MSG_LUX_CHANGED, mLux:12.0 luxQueue=[12.0, 12.0, 12.0, 12.0, 12.0]
07-12 22:43:11.375 I/Quality (25559): Skipped: true 1 cost 11.348564 refreshRate 11225023 bit true processName com.aitavern.app.debug
07-12 22:43:11.442 D/OplusAppListInterceptManager( 1671): shouldFilterTask
07-12 22:43:11.442 D/OplusAppListInterceptManager( 1671): shouldFilterTask::packageName = com.aitavern.app.debug
07-12 22:43:11.442 D/ActivityTaskManager( 1671): Skipping, invisible task: Task{17e9ded #5 type=home I=com.android.launcher/.Launcher}
07-12 22:43:11.442 D/OplusAppListInterceptManager( 1671): shouldFilterTask
07-12 22:43:11.442 D/OplusAppListInterceptManager( 1671): shouldFilterTask::packageName = com.ss.android.ugc.aweme
07-12 22:43:11.443 D/OplusAppListInterceptManager( 1671): shouldFilterTask
07-12 22:43:11.443 D/OplusAppListInterceptManager( 1671): shouldFilterTask::packageName = com.follow.clash
07-12 22:43:11.443 D/ActivityTaskManager( 1671): after skip size 3
07-12 22:43:11.533 I/Quality (25559): Skipped: true 1 cost 11.837878 refreshRate 11223610 bit true processName com.aitavern.app.debug
07-12 22:43:11.592 I/Quality (25559): Skipped: true 1 cost 14.380038 refreshRate 11224382 bit true processName com.aitavern.app.debug
07-12 22:43:11.931 D/PowerManagerService( 1671): userActivityNoUpdateLocked: groupId=0, eventTime=690918570, event=touch, flags=0x0, uid=1000
07-12 22:43:11.952 D/OplusAlarmAdjustment( 1671): proxyAlarmsByUid(), uid=10190, pkgName=com.google.android.gsf, requester=1
07-12 22:43:11.952 D/OplusAlarmAdjustMap( 1671): addProxyUid, uid=10190, pkgName=com.google.android.gsf, requester=1
07-12 22:43:11.956 D/OAppNetControlService( 1671): Close socket:[10190] cause:App bg(IMMEDIATELY) success!
07-12 22:43:11.956 D/OAppNetControlService( 1671): Hans update:[10190=true][0|0] blackList:[10260, 10382, 10195, 10022, 10502, 10227, 10119, 10245, 10338, 99910190, 10356, 10190]
07-12 22:43:11.975 D/OAppNetControlService( 1671): Hans update:[10190=false][0|0] blackList:[10260, 10382, 10195, 10022, 10502, 10227, 10119, 10245, 10338, 99910190, 10356]
07-12 22:43:11.985 D/OplusAlarmAdjustment( 1671): unproxyAlarmsByUid(), uid=10190, pkgName=com.google.android.gsf, requester=1
07-12 22:43:11.986 D/OplusAlarmAdjustMap( 1671): removeProxyUid, uid=10190, requester=1
07-12 22:43:12.035 D/PowerManagerService( 1671): userActivityNoUpdateLocked: groupId=0, eventTime=690918676, event=touch, flags=0x0, uid=1000
07-12 22:43:12.084 D/CommSceneService( 1671): my telephony callback proxy invoke method=onTelephonyEventReport
07-12 22:43:12.085 D/TelephonyManagerProxy(20232): onTelephonyEventReport,cb list: 3
07-12 22:43:12.085 D/TelephonyManagerProxy(20232): onTelephonyEventReport,cb: l8.a$a@c23d9d1
07-12 22:43:12.085 D/TelephonyManagerProxy(20232): onTelephonyEventReport,cb: d8.d$a@2860828
07-12 22:43:12.085 D/TelephonyManagerProxy(20232): onTelephonyEventReport,cb: d8.d$a@7dd941
07-12 22:43:12.189 I/Quality (25559): Skipped: true 2 cost 27.787088 refreshRate 11222646 bit true processName com.aitavern.app.debug
07-12 22:43:12.234 I/Quality (25559): Skipped: true 3 cost 39.667427 refreshRate 11222646 bit true processName com.aitavern.app.debug
07-12 22:43:12.321 I/Quality (25559): Skipped: true 1 cost 14.202437 refreshRate 11223691 bit true processName com.aitavern.app.debug
07-12 22:43:12.672 D/PowerManagerService( 1671): userActivityNoUpdateLocked: groupId=0, eventTime=690919310, event=touch, flags=0x0, uid=1000
07-12 22:43:12.845 I/Quality (25559): Skipped: true 3 cost 44.554462 refreshRate 11222776 bit true processName com.aitavern.app.debug
07-12 22:43:13.003 I/Quality (25559): Skipped: true 1 cost 11.629818 refreshRate 11223063 bit true processName com.aitavern.app.debug
07-12 22:43:13.038 I/Quality (25559): Skipped: true 1 cost 12.722782 refreshRate 11231435 bit true processName com.aitavern.app.debug
07-12 22:43:13.282 I/Quality (25559): Skipped: true 19 cost 223.21922 refreshRate 11231435 bit true processName com.aitavern.app.debug
07-12 22:43:13.410 I/Quality (25559): Skipped: true 9 cost 104.052155 refreshRate 11232602 bit true processName com.aitavern.app.debug
07-12 22:43:13.440 I/Quality (25559): Skipped: true 1 cost 20.84859 refreshRate 11232602 bit true processName com.aitavern.app.debug
07-12 22:43:13.570 I/Quality (25559): Skipped: true 3 cost 44.323532 refreshRate 11223342 bit true processName com.aitavern.app.debug
07-12 22:43:13.617 I/Quality (25559): Skipped: true 3 cost 35.075417 refreshRate 11224494 bit true processName com.aitavern.app.debug
07-12 22:43:13.878 I/Quality (25559): Skipped: true 5 cost 66.8223 refreshRate 11225529 bit true processName com.aitavern.app.debug
07-12 22:43:13.936 I/Quality (25559): Skipped: true 1 cost 12.945327 refreshRate 11240652 bit true processName com.aitavern.app.debug
07-12 22:43:14.013 D/ColorAutomaticBrightnessController( 1671): Proximity Sensor Changed, current state:near
07-12 22:43:14.124 D/PowerManagerService( 1671): userActivityNoUpdateLocked: groupId=0, eventTime=690920763, event=touch, flags=0x0, uid=1000
07-12 22:43:14.125 I/OplusSmartBrightnessController( 1671): brightness accelerate start...
07-12 22:43:14.310 D/ColorAutomaticBrightnessController( 1671): Proximity Sensor Changed, current state:Far
07-12 22:43:14.612 D/ColorAutomaticBrightnessController( 1671): Proximity Sensor Changed, current state:near
07-12 22:43:14.811 D/ColorAutomaticBrightnessController( 1671): Proximity Sensor Changed, current state:Far
07-12 22:43:14.891 D/PowerManagerService( 1671): userActivityNoUpdateLocked: groupId=0, eventTime=690921532, event=touch, flags=0x0, uid=1000
07-12 22:43:14.910 D/ColorAutomaticBrightnessController( 1671): Proximity Sensor Changed, current state:near
07-12 22:43:15.072 I/Quality (25559): Skipped: true 4 cost 48.55496 refreshRate 11222668 bit true processName com.aitavern.app.debug
07-12 22:43:15.112 D/ColorAutomaticBrightnessController( 1671): Proximity Sensor Changed, current state:Far
07-12 22:43:15.188 I/Quality (25559): Skipped: true 1 cost 12.7280445 refreshRate 11223114 bit true processName com.aitavern.app.debug
07-12 22:43:15.277 I/Quality (25559): Skipped: true 1 cost 11.890997 refreshRate 11225184 bit true processName com.aitavern.app.debug
07-12 22:43:15.312 I/Quality (25559): Skipped: true 1 cost 12.988295 refreshRate 11224779 bit true processName com.aitavern.app.debug
07-12 22:43:15.571 D/PowerManagerService( 1671): userActivityNoUpdateLocked: groupId=0, eventTime=690922211, event=touch, flags=0x0, uid=1000
07-12 22:43:15.612 D/ColorAutomaticBrightnessController( 1671): MSG_PROXIMITY_CHANGE far
07-12 22:43:15.734 D/PowerManagerService( 1671): userActivityNoUpdateLocked: groupId=0, eventTime=690922375, event=touch, flags=0x0, uid=1000
07-12 22:43:15.816 I/Quality (25559): Skipped: true 1 cost 12.160472 refreshRate 11223449 bit true processName com.aitavern.app.debug
07-12 22:43:15.837 D/PowerManagerService( 1671): userActivityNoUpdateLocked: groupId=0, eventTime=690922478, event=touch, flags=0x0, uid=1000
07-12 22:43:15.925 I/OplusSmartBrightnessController( 1671): deltaLux = 6.4773197, scale = 3.9
07-12 22:43:15.925 D/OplusSmartBrightnessController( 1671): handleMessage MSG_LUX_CHANGED, mLux:10.3391485 luxQueue=[2.0, 3.0, 7.0, 3.0, 2.0, 2.0, 6.0, 3.0, 9.0, 10.0]
07-12 22:43:16.020 I/Quality (25559): Skipped: true 14 cost 160.08034 refreshRate 11224869 bit true processName com.aitavern.app.debug
07-12 22:43:16.129 D/PowerManagerService( 1671): userActivityNoUpdateLocked: groupId=0, eventTime=690922770, event=touch, flags=0x0, uid=1000
07-12 22:43:16.264 I/Quality (25559): Skipped: true 1 cost 16.712414 refreshRate 11224036 bit true processName com.aitavern.app.debug
07-12 22:43:16.287 I/Quality (25559): Skipped: true 1 cost 17.481724 refreshRate 11223895 bit true processName com.aitavern.app.debug
07-12 22:43:16.352 I/Quality (25559): Skipped: true 4 cost 48.66861 refreshRate 11223985 bit true processName com.aitavern.app.debug
07-12 22:43:16.376 I/Quality (25559): Skipped: true 1 cost 16.879704 refreshRate 11223866 bit true processName com.aitavern.app.debug
07-12 22:43:16.462 I/Quality (25559): Skipped: true 3 cost 35.5962 refreshRate 11223866 bit true processName com.aitavern.app.debug
07-12 22:43:16.651 I/Quality (25559): Skipped: true 11 cost 129.87332 refreshRate 11111111 bit true processName com.aitavern.app.debug
07-12 22:43:16.669 I/Quality (25559): Skipped: true 1 cost 12.0400095 refreshRate 11223057 bit true processName com.aitavern.app.debug
07-12 22:43:16.940 D/PowerManagerService( 1671): userActivityNoUpdateLocked: groupId=0, eventTime=690923580, event=touch, flags=0x0, uid=1000
07-12 22:43:17.001 D/InputMethodManagerService( 1671): isSecurity: attribute.packageName = com.aitavern.app.debug mCurMethodId = com.sohu.inputmethod.sogou/.SogouIME isSecurity = false ( enable = true needShow = false inBlackList = false isExist = true )
07-12 22:43:17.002 D/OplusAlarmAdjustment( 1671): proxyAlarmsByUid(), uid=10190, pkgName=com.google.android.gsf, requester=1
07-12 22:43:17.004 D/OplusAlarmAdjustMap( 1671): addProxyUid, uid=10190, pkgName=com.google.android.gsf, requester=1
07-12 22:43:17.005 D/OAppNetControlService( 1671): Close socket:[10190] cause:App bg(IMMEDIATELY) success!
07-12 22:43:17.005 D/OAppNetControlService( 1671): Hans update:[10190=true][0|0] blackList:[10260, 10382, 10195, 10022, 10502, 10227, 10119, 10245, 10338, 99910190, 10356, 10190]
07-12 22:43:17.026 I/Quality (25559): Skipped: true 1 cost 18.84404 refreshRate 11262310 bit true processName com.aitavern.app.debug
07-12 22:43:17.027 D/OAppNetControlService( 1671): Hans update:[10190=false][0|0] blackList:[10260, 10382, 10195, 10022, 10502, 10227, 10119, 10245, 10338, 99910190, 10356]
07-12 22:43:17.041 D/OplusAlarmAdjustment( 1671): unproxyAlarmsByUid(), uid=10190, pkgName=com.google.android.gsf, requester=1
07-12 22:43:17.041 D/OplusAlarmAdjustMap( 1671): removeProxyUid, uid=10190, requester=1
07-12 22:43:17.063 D/WindowManagerServiceExtImpl( 1671): extractConfigInfoAndRealFlags rotation=0, screenDp=720, win=Window{f307b39 u0 InputMethod}
07-12 22:43:17.063 V/WindowManager( 1671): Relayout Window{f307b39 u0 InputMethod}: viewVisibility=0, oldvis=8, req=1080x2312, vsysui=
