07-12 22:43:55.760 V/AlarmManager( 1671): sending alarm Alarm{dfaed8 type 3 origWhen 914996000 whenElapsed 914996000 android} uid 1000 whenElapsed 914996000 windowLength 2700000 maxWhenElapsed 917696000 repeatInterval 3600000 action android.appwidget.action.APPWIDGET_UPDATE component ComponentInfo{com.ss.android.auto/com.ss.android.garage.appwidget.widget_v2.SearchWidgetProviderMiddle} flags 0x8 procName system_server
07-12 22:43:56.962 I/Quality (25559): Skipped: true 1 cost 14.410073 refreshRate 11235657 bit true processName com.aitavern.app.debug
07-12 22:43:57.187 V/AlarmManager( 1671): sending alarm Alarm{bb980f0 type 2 origWhen 915001485 whenElapsed 915001485 com.heytap.mcs} uid 1000 whenElapsed 915001485 windowLength 0 maxWhenElapsed 915001485 repeatInterval 0 action com.heytap.onepush.action.service component null flags 0x9 procName com.heytap.mcs
07-12 22:43:57.391 W/ContextImpl( 1671): Calling a method in the system process without a qualified user: android.app.ContextImpl.sendBroadcastMultiplePermissions:1282 android.content.Context.sendBroadcastMultiplePermissions:2476 com.android.server.TelephonyRegistry.broadcastServiceStateChanged:3594 com.android.server.TelephonyRegistry.notifyServiceStateForPhoneId:1759 com.android.internal.telephony.ITelephonyRegistry$Stub.onTransact:534 
07-12 22:43:57.395 W/ContextImpl( 1671): Calling a method in the system process without a qualified user: android.app.ContextImpl.sendBroadcastMultiplePermissions:1315 com.android.server.TelephonyRegistry.broadcastServiceStateChanged:3599 com.android.server.TelephonyRegistry.notifyServiceStateForPhoneId:1759 com.android.internal.telephony.ITelephonyRegistry$Stub.onTransact:534 android.os.Binder.execTransactInternal:1392 
07-12 22:43:57.400 W/ContextImpl( 1671): Calling a method in the system process without a qualified user: android.app.ContextImpl.sendBroadcastMultiplePermissions:1315 com.android.server.TelephonyRegistry.broadcastServiceStateChanged:3608 com.android.server.TelephonyRegistry.notifyServiceStateForPhoneId:1759 com.android.internal.telephony.ITelephonyRegistry$Stub.onTransact:534 android.os.Binder.execTransactInternal:1392 
07-12 22:43:57.405 W/ContextImpl( 1671): Calling a method in the system process without a qualified user: android.app.ContextImpl.sendBroadcastMultiplePermissions:1315 com.android.server.TelephonyRegistry.broadcastServiceStateChanged:3614 com.android.server.TelephonyRegistry.notifyServiceStateForPhoneId:1759 com.android.internal.telephony.ITelephonyRegistry$Stub.onTransact:534 android.os.Binder.execTransactInternal:1392 
07-12 22:43:58.135 D/PowerManagerService( 1671): userActivityNoUpdateLocked: groupId=0, eventTime=690964772, event=touch, flags=0x0, uid=1000
07-12 22:43:58.448 I/Quality (25559): Skipped: true 1 cost 13.842313 refreshRate 11224785 bit true processName com.aitavern.app.debug
07-12 22:43:58.528 D/OplusSmartBrightnessController( 1671): handleMessage MSG_LUX_CHANGED, mLux:14.809906 luxQueue=[13.0, 13.0, 13.0, 17.0, 14.0, 18.0]
07-12 22:43:59.219 V/WindowOrientationListener( 1671): onSensorChanged mDesiredRotation = 4
07-12 22:44:00.000 V/AlarmManager( 1671): sending alarm Alarm{3e8f1aa type 3 origWhen 915004299 whenElapsed 915004299 android} uid 1000 whenElapsed 915004299 windowLength 0 maxWhenElapsed 915004299 repeatInterval 0 action null component null tag TIME_TICK flags 0x9 procName system_server
07-12 22:44:00.035 E/OplusCustomizeRestrictionManagerService( 1671): isBiometricDisabled start
07-12 22:44:00.726 I/OplusSmartBrightnessController( 1671): deltaLux = 0.98634243, scale = 1.3856946
07-12 22:44:00.727 D/OplusSmartBrightnessController( 1671): handleMessage MSG_LUX_CHANGED, mLux:14.098103 luxQueue=[13.0, 13.0, 14.0, 14.0, 14.0, 14.0, 14.0, 14.0, 14.0, 14.0, 14.0]
07-12 22:44:00.869 W/ProcessStats( 1671): Tracking association SourceState{fa951e5 com.microsoft.appmanager:accsvc/10247 BFgs #1386527} whose proc state 4 is better than process ProcessState{4063d03 com.microsoft.appmanager/10247 pkg=com.microsoft.appmanager} proc state 9 (47 skipped)
07-12 22:44:01.465 I/Quality (25559): Skipped: true 1 cost 11.489868 refreshRate 11223114 bit true processName com.aitavern.app.debug
07-12 22:44:02.726 I/OplusSmartBrightnessController( 1671): deltaLux = 0.09810257, scale = 1.0
07-12 22:44:02.727 D/OplusSmartBrightnessController( 1671): handleMessage MSG_LUX_CHANGED, mLux:14.0 luxQueue=[14.0, 14.0, 14.0, 14.0, 14.0, 14.0, 14.0, 14.0, 14.0, 14.0]
07-12 22:44:04.925 D/OplusSmartBrightnessController( 1671): handleMessage MSG_LUX_CHANGED, mLux:14.0 luxQueue=[14.0, 14.0, 14.0, 14.0, 14.0, 14.0, 14.0, 14.0, 14.0, 14.0, 14.0]
07-12 22:44:05.740 D/OplusAlarmAdjustment( 1671): alignAlarmsByUid(), uid=99910265, pkgName=com.tencent.mobileqq, actions=null, procs=null, requester=1
07-12 22:44:05.740 D/OplusAlarmAdjustMap( 1671): addAlignUid, uid=99910265, pkgName=com.tencent.mobileqq, requester=1, mode=1
07-12 22:44:05.952 I/Quality (25559): Skipped: true 1 cost 11.686554 refreshRate 11111111 bit true processName com.aitavern.app.debug
07-12 22:44:05.974 I/Quality (25559): Skipped: true 1 cost 11.568948 refreshRate 11111111 bit true processName com.aitavern.app.debug
07-12 22:44:06.479 W/ContextImpl( 1671): Calling a method in the system process without a qualified user: android.app.ContextImpl.sendBroadcast:1232 com.android.server.job.controllers.OplusCpuController.notifyHighCpuEventForApp:386 com.android.server.job.controllers.OplusCpuController.handleCpuUpdate:332 com.android.server.job.controllers.OplusCpuController.-$$Nest$mhandleCpuUpdate:0 com.android.server.job.controllers.OplusCpuController$CpuTrackerHandler.handleMessage:256 
07-12 22:44:07.326 I/OplusSmartBrightnessController( 1671): deltaLux = 0.08793831, scale = 1.2874798
07-12 22:44:07.327 D/OplusSmartBrightnessController( 1671): handleMessage MSG_LUX_CHANGED, mLux:13.931697 luxQueue=[13.0, 14.0, 14.0, 14.0, 14.0, 14.0, 14.0, 14.0, 14.0, 14.0, 14.0]
07-12 22:44:07.433 W/ContextImpl( 1671): Calling a method in the system process without a qualified user: android.app.ContextImpl.sendBroadcastMultiplePermissions:1282 android.content.Context.sendBroadcastMultiplePermissions:2476 com.android.server.TelephonyRegistry.broadcastServiceStateChanged:3594 com.android.server.TelephonyRegistry.notifyServiceStateForPhoneId:1759 com.android.internal.telephony.ITelephonyRegistry$Stub.onTransact:534 
07-12 22:44:07.439 W/ContextImpl( 1671): Calling a method in the system process without a qualified user: android.app.ContextImpl.sendBroadcastMultiplePermissions:1315 com.android.server.TelephonyRegistry.broadcastServiceStateChanged:3599 com.android.server.TelephonyRegistry.notifyServiceStateForPhoneId:1759 com.android.internal.telephony.ITelephonyRegistry$Stub.onTransact:534 android.os.Binder.execTransactInternal:1392 
07-12 22:44:07.451 W/ContextImpl( 1671): Calling a method in the system process without a qualified user: android.app.ContextImpl.sendBroadcastMultiplePermissions:1315 com.android.server.TelephonyRegistry.broadcastServiceStateChanged:3608 com.android.server.TelephonyRegistry.notifyServiceStateForPhoneId:1759 com.android.internal.telephony.ITelephonyRegistry$Stub.onTransact:534 android.os.Binder.execTransactInternal:1392 
07-12 22:44:07.452 I/Quality (25559): Skipped: true 1 cost 12.623493 refreshRate 11111111 bit true processName com.aitavern.app.debug
07-12 22:44:07.458 W/ContextImpl( 1671): Calling a method in the system process without a qualified user: android.app.ContextImpl.sendBroadcastMultiplePermissions:1315 com.android.server.TelephonyRegistry.broadcastServiceStateChanged:3614 com.android.server.TelephonyRegistry.notifyServiceStateForPhoneId:1759 com.android.internal.telephony.ITelephonyRegistry$Stub.onTransact:534 android.os.Binder.execTransactInternal:1392 
07-12 22:44:08.327 D/OplusSmartBrightnessController( 1671): handleMessage MSG_LUX_CHANGED, mLux:14.0 luxQueue=[14.0, 14.0, 14.0, 14.0, 14.0]
07-12 22:44:08.939 I/Quality (25559): Skipped: true 1 cost 18.544785 refreshRate 11281406 bit true processName com.aitavern.app.debug
07-12 22:44:09.025 I/Quality (25559): Skipped: true 1 cost 14.34992 refreshRate 11281406 bit true processName com.aitavern.app.debug
07-12 22:44:09.046 I/Quality (25559): Skipped: true 1 cost 12.604569 refreshRate 11281406 bit true processName com.aitavern.app.debug
07-12 22:44:10.327 D/OplusSmartBrightnessController( 1671): handleMessage MSG_LUX_CHANGED, mLux:14.0 luxQueue=[14.0, 14.0, 14.0, 14.0, 14.0, 14.0, 14.0, 14.0, 14.0, 14.0]
07-12 22:44:10.448 I/Quality (25559): Skipped: true 1 cost 16.772541 refreshRate 11236885 bit true processName com.aitavern.app.debug
07-12 22:44:10.547 I/Quality (25559): Skipped: true 1 cost 14.962961 refreshRate 11236885 bit true processName com.aitavern.app.debug
07-12 22:44:11.755 D/OplusAppListInterceptManager( 1671): shouldFilterTask
07-12 22:44:11.756 D/OplusAppListInterceptManager( 1671): shouldFilterTask::packageName = com.aitavern.app.debug
07-12 22:44:11.756 D/ActivityTaskManager( 1671): Skipping, invisible task: Task{17e9ded #5 type=home I=com.android.launcher/.Launcher}
07-12 22:44:11.756 D/OplusAppListInterceptManager( 1671): shouldFilterTask
07-12 22:44:11.756 D/OplusAppListInterceptManager( 1671): shouldFilterTask::packageName = com.ss.android.ugc.aweme
07-12 22:44:11.757 D/OplusAppListInterceptManager( 1671): shouldFilterTask
07-12 22:44:11.757 D/OplusAppListInterceptManager( 1671): shouldFilterTask::packageName = com.follow.clash
07-12 22:44:11.757 D/ActivityTaskManager( 1671): after skip size 3
07-12 22:44:12.042 I/Quality (25559): Skipped: true 1 cost 13.275573 refreshRate 11111111 bit true processName com.aitavern.app.debug
07-12 22:44:12.926 I/OplusSmartBrightnessController( 1671): deltaLux = 0.080589294, scale = 1.2763854
07-12 22:44:12.926 D/OplusSmartBrightnessController( 1671): handleMessage MSG_LUX_CHANGED, mLux:13.936861 luxQueue=[13.0, 14.0, 14.0, 14.0, 14.0, 14.0, 14.0, 14.0, 14.0, 14.0, 14.0, 14.0]
07-12 22:44:13.473 I/Quality (25559): Skipped: true 2 cost 24.633911 refreshRate 11234114 bit true processName com.aitavern.app.debug
07-12 22:44:13.538 I/Quality (25559): Skipped: true 1 cost 11.753576 refreshRate 11234114 bit true processName com.aitavern.app.debug
07-12 22:44:13.726 D/OplusSmartBrightnessController( 1671): handleMessage MSG_LUX_CHANGED, mLux:14.0 luxQueue=[14.0, 14.0, 14.0, 14.0]
07-12 22:44:14.951 I/Quality (25559): Skipped: true 1 cost 17.373789 refreshRate 11111111 bit true processName com.aitavern.app.debug
07-12 22:44:16.454 I/Quality (25559): Skipped: true 1 cost 13.597352 refreshRate 11111111 bit true processName com.aitavern.app.debug
07-12 22:44:16.474 I/Quality (25559): Skipped: true 1 cost 11.871207 refreshRate 11111111 bit true processName com.aitavern.app.debug
07-12 22:44:16.926 I/OplusSmartBrightnessController( 1671): deltaLux = 0.08793831, scale = 1.2874798
07-12 22:44:16.927 D/OplusSmartBrightnessController( 1671): handleMessage MSG_LUX_CHANGED, mLux:13.931697 luxQueue=[13.0, 14.0, 14.0, 14.0, 14.0, 14.0, 14.0, 14.0, 14.0, 14.0, 14.0]
07-12 22:44:17.947 I/Quality (25559): Skipped: true 1 cost 16.895699 refreshRate 11111111 bit true processName com.aitavern.app.debug
07-12 22:44:18.060 I/Quality (25559): Skipped: true 1 cost 20.838291 refreshRate 11111111 bit true processName com.aitavern.app.debug
07-12 22:44:18.527 D/OplusSmartBrightnessController( 1671): handleMessage MSG_LUX_CHANGED, mLux:14.0 luxQueue=[14.0, 14.0, 14.0, 14.0, 14.0]
07-12 22:44:19.030 V/AlarmManager( 1671): sending alarm Alarm{43d586a type 2 origWhen 915023315 whenElapsed 915023315 com.tencent.mm} uid 10262 whenElapsed 915023315 windowLength 0 maxWhenElapsed 915023315 repeatInterval 0 action ALARM_ACTION(10000) component null flags 0x9 procName com.tencent.mm:push
07-12 22:44:19.034 E/AppOps  ( 1671): attributionTag  not declared in manifest of com.oplus.exsystemservice
07-12 22:44:19.036 E/AppOps  ( 1671): attributionTag  not declared in manifest of com.oplus.exsystemservice
07-12 22:44:19.046 W/ProcessStats( 1671): Tracking association SourceState{fa951e5 com.microsoft.appmanager:accsvc/10247 BFgs #1386537} whose proc state 4 is better than process ProcessState{4063d03 com.microsoft.appmanager/10247 pkg=com.microsoft.appmanager} proc state 9 (29 skipped)
07-12 22:44:19.118 V/MonthTrafficAlert(20232): getWarningNotification subId:1 numWarningNotificaion:0
07-12 22:44:19.118 V/TrafficAlert(20232): getLimitNotification subId:1 ,numLimitNotificaion:0
07-12 22:44:19.211 V/MonthTrafficAlert(20232): getWarningNotification subId:1 numWarningNotificaion:0
07-12 22:44:19.211 V/TrafficAlert(20232): getLimitNotification subId:1 ,numLimitNotificaion:0
07-12 22:44:19.476 I/Quality (25559): Skipped: true 2 cost 25.091196 refreshRate 11111111 bit true processName com.aitavern.app.debug
07-12 22:44:20.527 D/OplusSmartBrightnessController( 1671): handleMessage MSG_LUX_CHANGED, mLux:14.0 luxQueue=[14.0, 14.0, 14.0, 14.0, 14.0, 14.0, 14.0, 14.0, 14.0, 14.0]
07-12 22:44:20.702 V/AlarmManager( 1671): sending alarm Alarm{53db3e6 type 3 origWhen 915025000 whenElapsed 915025000 android} uid 1000 whenElapsed 915025000 windowLength 0 maxWhenElapsed 915025000 repeatInterval 0 action null component null tag StatsCompanionService.periodic flags 0x9 procName system_server
07-12 22:44:20.958 I/Quality (25559): Skipped: true 1 cost 17.969088 refreshRate 11076469 bit true processName com.aitavern.app.debug
07-12 22:44:21.041 I/Quality (25559): Skipped: true 1 cost 13.712643 refreshRate 11076469 bit true processName com.aitavern.app.debug
07-12 22:44:21.551 V/AlarmManager( 1671): sending alarm Alarm{7212872 type 3 origWhen 915025848 whenElapsed 915025848 android} uid 1000 whenElapsed 915025848 windowLength 0 maxWhenElapsed 915025848 repeatInterval 0 action null component null tag StatsCompanionService.pull flags 0x9 procName system_server
07-12 22:44:21.640 V/MonthTrafficAlert(20232): getWarningNotification subId:1 numWarningNotificaion:0
07-12 22:44:21.640 V/TrafficAlert(20232): getLimitNotification subId:1 ,numLimitNotificaion:0
07-12 22:44:22.448 I/Quality (25559): Skipped: true 1 cost 14.2246685 refreshRate 11111111 bit true processName com.aitavern.app.debug
07-12 22:44:22.527 D/OplusSmartBrightnessController( 1671): handleMessage MSG_LUX_CHANGED, mLux:14.0 luxQueue=[14.0, 14.0, 14.0, 14.0, 14.0, 14.0, 14.0, 14.0, 14.0, 14.0]
07-12 22:44:22.582 I/Quality (25559): Skipped: true 4 cost 53.274982 refreshRate 11111111 bit true processName com.aitavern.app.debug
07-12 22:44:23.954 I/Quality (25559): Skipped: true 1 cost 13.931966 refreshRate 11111111 bit true processName com.aitavern.app.debug
07-12 22:44:23.974 I/Quality (25559): Skipped: true 1 cost 11.843283 refreshRate 11111111 bit true processName com.aitavern.app.debug
07-12 22:44:25.467 I/Quality (25559): Skipped: true 2 cost 26.25672 refreshRate 11119820 bit true processName com.aitavern.app.debug
07-12 22:44:25.542 I/Quality (25559): Skipped: true 1 cost 12.175699 refreshRate 11119820 bit true processName com.aitavern.app.debug
07-12 22:44:26.526 I/OplusSmartBrightnessController( 1671): deltaLux = 0.17643642, scale = 1.3856946
07-12 22:44:26.527 D/OplusSmartBrightnessController( 1671): handleMessage MSG_LUX_CHANGED, mLux:13.872673 luxQueue=[13.0, 14.0, 14.0, 14.0, 14.0, 14.0, 14.0, 14.0, 14.0, 13.0, 14.0]
07-12 22:44:26.949 I/Quality (25559): Skipped: true 1 cost 17.898056 refreshRate 11111111 bit true processName com.aitavern.app.debug
07-12 22:44:27.041 I/Quality (25559): Skipped: true 1 cost 11.878185 refreshRate 11111111 bit true processName com.aitavern.app.debug
07-12 22:44:27.327 D/OplusSmartBrightnessController( 1671): handleMessage MSG_LUX_CHANGED, mLux:14.0 luxQueue=[14.0, 14.0, 14.0, 14.0]
07-12 22:44:28.542 I/Quality (25559): Skipped: true 1 cost 12.964277 refreshRate 11111111 bit true processName com.aitavern.app.debug
07-12 22:44:29.120 W/ProcessStats( 1671): Tracking association SourceState{fa951e5 com.microsoft.appmanager:accsvc/10247 BFgs #1386542} whose proc state 4 is better than process ProcessState{4063d03 com.microsoft.appmanager/10247 pkg=com.microsoft.appmanager} proc state 9 (9 skipped)
07-12 22:44:29.526 D/OplusSmartBrightnessController( 1671): handleMessage MSG_LUX_CHANGED, mLux:14.0 luxQueue=[14.0, 14.0, 14.0, 14.0, 14.0, 14.0, 14.0, 14.0, 14.0, 14.0, 14.0]
07-12 22:44:29.957 I/Quality (25559): Skipped: true 1 cost 16.60218 refreshRate 11111111 bit true processName com.aitavern.app.debug
07-12 22:44:30.042 I/Quality (25559): Skipped: true 1 cost 13.192062 refreshRate 11111111 bit true processName com.aitavern.app.debug
07-12 22:44:30.916 W/keystore2(  658): system/security/keystore2/src/remote_provisioning.rs:102 - Error occurred: system/security/keystore2/src/rkpd_client.rs:226: Trying to get to IRegistration service.
07-12 22:44:30.916 W/keystore2(  658): 
07-12 22:44:30.916 W/keystore2(  658): Caused by:
07-12 22:44:30.916 W/keystore2(  658):     0: system/security/keystore2/src/rkpd_client.rs:120: Trying to get IRPC name.
07-12 22:44:30.916 W/keystore2(  658):     1: system/security/keystore2/src/globals.rs:440
07-12 22:44:30.916 W/keystore2(  658):     2: Error::Km(r#HARDWARE_TYPE_UNAVAILABLE)
07-12 22:44:31.040 E/keystore2(  658): system/security/keystore2/src/gc.rs:139 - Error trying to delete blob entry. system/security/keystore2/src/gc.rs:129: Trying to invalidate key.
07-12 22:44:31.040 E/keystore2(  658): 
07-12 22:44:31.040 E/keystore2(  658): Caused by:
07-12 22:44:31.040 E/keystore2(  658):     0: system/security/keystore2/src/globals.rs:167: Trying to invalidate key blob.
07-12 22:44:31.040 E/keystore2(  658):     1: Error::Km(r#UNIMPLEMENTED)
07-12 22:44:31.450 I/Quality (25559): Skipped: true 1 cost 15.904608 refreshRate 11149173 bit true processName com.aitavern.app.debug
07-12 22:44:31.570 I/Quality (25559): Skipped: true 3 cost 35.958744 refreshRate 11149173 bit true processName com.aitavern.app.debug
07-12 22:44:31.726 D/OplusSmartBrightnessController( 1671): handleMessage MSG_LUX_CHANGED, mLux:14.0 luxQueue=[14.0, 14.0, 14.0, 14.0, 14.0, 14.0, 14.0, 14.0, 14.0, 14.0, 14.0]
07-12 22:44:32.950 I/Quality (25559): Skipped: true 1 cost 16.05122 refreshRate 11225085 bit true processName com.aitavern.app.debug
07-12 22:44:33.727 D/OplusSmartBrightnessController( 1671): handleMessage MSG_LUX_CHANGED, mLux:14.0 luxQueue=[14.0, 14.0, 14.0, 14.0, 14.0, 14.0, 14.0, 14.0, 14.0, 14.0]
07-12 22:44:34.449 I/Quality (25559): Skipped: true 1 cost 15.494766 refreshRate 11111111 bit true processName com.aitavern.app.debug
07-12 22:44:34.543 I/Quality (25559): Skipped: true 1 cost 14.307799 refreshRate 11111111 bit true processName com.aitavern.app.debug
07-12 22:44:35.956 I/Quality (25559): Skipped: true 1 cost 15.832087 refreshRate 11111111 bit true processName com.aitavern.app.debug
07-12 22:44:36.071 I/Quality (25559): Skipped: true 2 cost 32.098164 refreshRate 11111111 bit true processName com.aitavern.app.debug
07-12 22:44:37.458 I/Quality (25559): Skipped: true 1 cost 17.534616 refreshRate 11251885 bit true processName com.aitavern.app.debug
07-12 22:44:37.543 I/Quality (25559): Skipped: true 1 cost 13.168843 refreshRate 11251885 bit true processName com.aitavern.app.debug
07-12 22:44:37.726 I/OplusSmartBrightnessController( 1671): deltaLux = 7.373035, scale = 4.5697417
07-12 22:44:37.727 D/OplusSmartBrightnessController( 1671): handleMessage MSG_LUX_CHANGED, mLux:12.386553 luxQueue=[13.0, 11.0, 10.0, 7.0, 5.0, 3.0, 3.0, 3.0, 3.0, 3.0, 3.0, 3.0]
07-12 22:44:38.947 I/Quality (25559): Skipped: true 1 cost 16.861963 refreshRate 11111111 bit true processName com.aitavern.app.debug
07-12 22:44:39.055 I/Quality (25559): Skipped: true 1 cost 14.058503 refreshRate 11111111 bit true processName com.aitavern.app.debug
07-12 22:44:39.726 I/OplusSmartBrightnessController( 1671): deltaLux = 9.386553, scale = 1.0
07-12 22:44:39.727 D/OplusSmartBrightnessController( 1671): handleMessage MSG_LUX_CHANGED, mLux:3.0 luxQueue=[3.0, 3.0, 3.0, 3.0, 3.0, 3.0, 3.0, 3.0, 3.0, 3.0]
07-12 22:44:40.472 I/Quality (25559): Skipped: true 2 cost 26.81891 refreshRate 11225028 bit true processName com.aitavern.app.debug
07-12 22:44:40.527 D/OplusSmartBrightnessController( 1671): handleMessage MSG_LUX_CHANGED, mLux:4.0 luxQueue=[4.0, 4.0, 4.0, 4.0]
07-12 22:44:40.551 I/Quality (25559): Skipped: true 1 cost 17.890917 refreshRate 11225028 bit true processName com.aitavern.app.debug
07-12 22:44:41.540 I/keystore2(  658): system/security/keystore2/src/watchdog.rs:319 - Watchdog thread idle -> terminating. Have a great day.
07-12 22:44:41.976 I/Quality (25559): Skipped: true 2 cost 24.767498 refreshRate 11111111 bit true processName com.aitavern.app.debug
07-12 22:44:43.455 I/Quality (25559): Skipped: true 1 cost 15.456701 refreshRate 11111111 bit true processName com.aitavern.app.debug
07-12 22:44:43.542 I/Quality (25559): Skipped: true 1 cost 12.957121 refreshRate 11111111 bit true processName com.aitavern.app.debug
07-12 22:44:43.726 D/OplusSmartBrightnessController( 1671): handleMessage MSG_LUX_CHANGED, mLux:4.1009974 luxQueue=[5.0, 4.0, 4.0, 4.0, 4.0, 4.0, 4.0, 4.0, 4.0, 4.0, 4.0]
07-12 22:44:44.949 I/Quality (25559): Skipped: true 1 cost 16.08999 refreshRate 11111111 bit true processName com.aitavern.app.debug
07-12 22:44:44.971 I/Quality (25559): Skipped: true 1 cost 13.498101 refreshRate 11223085 bit true processName com.aitavern.app.debug
07-12 22:44:45.074 I/Quality (25559): Skipped: true 3 cost 38.567886 refreshRate 11223085 bit true processName com.aitavern.app.debug
07-12 22:44:45.726 I/OplusSmartBrightnessController( 1671): deltaLux = 0.10099745, scale = 1.0
07-12 22:44:45.727 D/OplusSmartBrightnessController( 1671): handleMessage MSG_LUX_CHANGED, mLux:4.0 luxQueue=[4.0, 4.0, 4.0, 4.0, 4.0, 4.0, 4.0, 4.0, 4.0, 4.0]
07-12 22:44:45.728 D/OplusDisplayBrightnessGuardStrategy( 1671): handleUpdateBrightness getNextPoint[-1],LargeChanged:false,isRegressionDefaultSpline:false,full:true,HBM:false,count=3,point:(4.0, 12.059, 86.9936),target:(8.190905, 23.414293, 170.28134),drag:(0.0, 2.505, 13.0),large[2.0477262,20.47726],small[4.5049977,15.562719]
07-12 22:44:45.728 D/OplusSmartBrightnessController( 1671): handleUpdateBrightness brightness changed display[-1]:(8.190905, 23.414293, 170.28134)->(4.0, 12.059, 86.9936),isReset=false lux=4.0 luxQ=[4.0, 4.0, 4.0, 4.0, 4.0, 4.0, 4.0, 4.0, 4.0, 4.0],drag:(0.0, 2.505, 13.0)
07-12 22:44:45.730 I/OplusSmartBrightnessController( 1671): update target brightness point to : (8.190905, 23.414293, 170.28134)->(4.0, 12.059, 86.9936)
07-12 22:44:45.730 I/OplusDisplayBrightnessGuardStrategy( 1671): updateGuardStrategy update guard point: (4.0, 12.059, 86.9936)
07-12 22:44:45.730 I/OplusDisplayBrightnessGuardStrategy( 1671): updateGuardStrategy large lux threshold[-1]=[(1.0, 3.02975, 17.121225), (10.0, 30.578, 223.3281) ]
07-12 22:44:45.730 I/OplusDisplayBrightnessGuardStrategy( 1671): updateGuardStrategy small lux threshold[-1]=[(2.2, 4.8457837, 31.468735), (7.6, 21.500937, 157.45859) ]
07-12 22:44:45.731 I/OplusSmartBrightnessController( 1671): onTargetBrightnessChange brightness change to (4.0, 12.059, 86.9936)
07-12 22:44:45.732 I/ColorAutomaticBrightnessController( 1671): updateAutoBrightness: Auto, sendUpdate = true adjustment=6423.529297,changed:170->86,modified:86->86->86,changed=true,cameraMode=0,ProximityNear=false
07-12 22:44:45.735 D/DpcExtImpl[0]( 1671): Animating brightness: target=170->86,rate=26->26,type=automatic,byUse=false local:4627039422300187648
07-12 22:44:45.746 D/OplusFeatureHDREnhanceBrightness( 1671): setAnimating : displayId[0]=true
07-12 22:44:45.746 D/OplusFeatureReduceBrightness( 1671): setAnimating : animating = true
07-12 22:44:45.746 D/OplusFeatureEdrEnhanceBrightness( 1671): setAnimating: true
07-12 22:44:45.746 D/OplusFeaturePwEdrEnhanceBrightness( 1671): setAnimating: true
07-12 22:44:45.746 D/OplusDisplayBrightnessModel( 1671): new animation! from 23.369 to 11.934, is Down animation, Seq = 9, AccelerateScale = 1.0
07-12 22:44:45.747 D/OplusDisplayBrightnessModel( 1671): new animation! from 23.369 to 11.934, is Down animation, Seq = 9, AccelerateScale = 1.0
07-12 22:44:45.751 D/LogicalDisplayExt( 1671): set displayInfo flag FLAG_ROTATES_WITH_CONTENT
07-12 22:44:45.756 D/DisplayManagerService( 1671): Delivering display event: displayId=0, event=5
07-12 22:44:45.762 D/LogicalDisplayExt( 1671): set displayInfo flag FLAG_ROTATES_WITH_CONTENT
07-12 22:44:45.766 D/DisplayManagerService( 1671): Delivering display event: displayId=0, event=5
07-12 22:44:45.766 D/DisplayManagerService( 1671): Ignore redundant display event 0/5 to 10240/5375
07-12 22:44:45.766 D/DisplayManagerService( 1671): Ignore redundant display event 0/5 to 10294/9809
07-12 22:44:45.766 D/DisplayManagerService( 1671): Ignore redundant display event 0/5 to 10356/14883
07-12 22:44:45.766 D/DisplayManagerService( 1671): Ignore redundant display event 0/5 to 10502/16666
07-12 22:44:45.767 D/DisplayManagerService( 1671): Ignore redundant display event 0/5 to 10219/22610
07-12 22:44:45.767 D/DisplayManagerService( 1671): Ignore redundant display event 0/5 to 10152/25683
07-12 22:44:45.767 D/DisplayManagerService( 1671): Ignore redundant display event 0/5 to 10099/26107
07-12 22:44:45.767 D/DisplayManagerService( 1671): Ignore redundant display event 0/5 to 10382/28942
07-12 22:44:45.767 D/DisplayManagerService( 1671): Ignore redundant display event 0/5 to 10119/30127
07-12 22:44:45.775 D/LogicalDisplayExt( 1671): set displayInfo flag FLAG_ROTATES_WITH_CONTENT
07-12 22:44:45.776 D/DpcExtImpl[0]( 1671): onchange selfChange=false state=ON uri=content://settings/system/screen_brightness
07-12 22:44:45.785 D/DisplayManagerService( 1671): Delivering display event: displayId=0, event=5
07-12 22:44:45.785 D/DisplayManagerService( 1671): Ignore redundant display event 0/5 to 10240/5375
07-12 22:44:45.785 D/DisplayManagerService( 1671): Ignore redundant display event 0/5 to 10294/9809
07-12 22:44:45.785 D/DisplayManagerService( 1671): Ignore redundant display event 0/5 to 10356/14883
07-12 22:44:45.785 D/DisplayManagerService( 1671): Ignore redundant display event 0/5 to 10502/16666
07-12 22:44:45.786 D/DisplayManagerService( 1671): Ignore redundant display event 0/5 to 10219/22610
07-12 22:44:45.786 D/DisplayManagerService( 1671): Ignore redundant display event 0/5 to 10152/25683
07-12 22:44:45.786 D/DisplayManagerService( 1671): Ignore redundant display event 0/5 to 10099/26107
07-12 22:44:45.786 D/DisplayManagerService( 1671): Ignore redundant display event 0/5 to 10382/28942
07-12 22:44:45.786 D/DisplayManagerService( 1671): Ignore redundant display event 0/5 to 10119/30127
07-12 22:44:45.808 D/LogicalDisplayExt( 1671): set displayInfo flag FLAG_ROTATES_WITH_CONTENT
07-12 22:44:45.811 D/DisplayManagerService( 1671): Delivering display event: displayId=0, event=5
07-12 22:44:45.812 D/DisplayManagerService( 1671): Ignore redundant display event 0/5 to 10240/5375
07-12 22:44:45.812 D/DisplayManagerService( 1671): Ignore redundant display event 0/5 to 10294/9809
07-12 22:44:45.812 D/DisplayManagerService( 1671): Ignore redundant display event 0/5 to 10356/14883
07-12 22:44:45.812 D/DisplayManagerService( 1671): Ignore redundant display event 0/5 to 10502/16666
07-12 22:44:45.812 D/DisplayManagerService( 1671): Ignore redundant display event 0/5 to 10219/22610
07-12 22:44:45.813 D/DisplayManagerService( 1671): Ignore redundant display event 0/5 to 10152/25683
07-12 22:44:45.813 D/DisplayManagerService( 1671): Ignore redundant display event 0/5 to 10099/26107
07-12 22:44:45.813 D/DisplayManagerService( 1671): Ignore redundant display event 0/5 to 10382/28942
07-12 22:44:45.813 D/DisplayManagerService( 1671): Ignore redundant display event 0/5 to 10119/30127
07-12 22:44:45.818 D/LogicalDisplayExt( 1671): set displayInfo flag FLAG_ROTATES_WITH_CONTENT
07-12 22:44:45.822 D/DisplayManagerService( 1671): Delivering display event: displayId=0, event=5
07-12 22:44:45.822 D/DisplayManagerService( 1671): Ignore redundant display event 0/5 to 10240/5375
07-12 22:44:45.822 D/DisplayManagerService( 1671): Ignore redundant display event 0/5 to 10294/9809
07-12 22:44:45.822 D/DisplayManagerService( 1671): Ignore redundant display event 0/5 to 10356/14883
07-12 22:44:45.822 D/DisplayManagerService( 1671): Ignore redundant display event 0/5 to 10502/16666
07-12 22:44:45.823 D/DisplayManagerService( 1671): Ignore redundant display event 0/5 to 10219/22610
07-12 22:44:45.823 D/DisplayManagerService( 1671): Ignore redundant display event 0/5 to 10152/25683
07-12 22:44:45.823 D/DisplayManagerService( 1671): Ignore redundant display event 0/5 to 10099/26107
07-12 22:44:45.823 D/DisplayManagerService( 1671): Ignore redundant display event 0/5 to 10382/28942
07-12 22:44:45.823 D/DisplayManagerService( 1671): Ignore redundant display event 0/5 to 10119/30127
07-12 22:44:45.831 D/LogicalDisplayExt( 1671): set displayInfo flag FLAG_ROTATES_WITH_CONTENT
07-12 22:44:45.831 D/DpcExtImpl[0]( 1671): onchange selfChange=false state=ON uri=content://settings/system/screen_brightness
07-12 22:44:45.835 D/DisplayManagerService( 1671): Delivering display event: displayId=0, event=5
07-12 22:44:45.836 D/DisplayManagerService( 1671): Ignore redundant display event 0/5 to 10240/5375
07-12 22:44:45.836 D/DisplayManagerService( 1671): Ignore redundant display event 0/5 to 10294/9809
07-12 22:44:45.836 D/DisplayManagerService( 1671): Ignore redundant display event 0/5 to 10356/14883
07-12 22:44:45.836 D/DisplayManagerService( 1671): Ignore redundant display event 0/5 to 10502/16666
07-12 22:44:45.836 D/DisplayManagerService( 1671): Ignore redundant display event 0/5 to 10219/22610
07-12 22:44:45.836 D/DisplayManagerService( 1671): Ignore redundant display event 0/5 to 10152/25683
07-12 22:44:45.836 D/DisplayManagerService( 1671): Ignore redundant display event 0/5 to 10099/26107
07-12 22:44:45.836 D/DisplayManagerService( 1671): Ignore redundant display event 0/5 to 10382/28942
07-12 22:44:45.837 D/DisplayManagerService( 1671): Ignore redundant display event 0/5 to 10119/30127
07-12 22:44:45.874 D/LogicalDisplayExt( 1671): set displayInfo flag FLAG_ROTATES_WITH_CONTENT
07-12 22:44:45.878 D/DisplayManagerService( 1671): Delivering display event: displayId=0, event=5
07-12 22:44:45.878 D/DisplayManagerService( 1671): Ignore redundant display event 0/5 to 10240/5375
07-12 22:44:45.878 D/DisplayManagerService( 1671): Ignore redundant display event 0/5 to 10294/9809
07-12 22:44:45.878 D/DisplayManagerService( 1671): Ignore redundant display event 0/5 to 10356/14883
07-12 22:44:45.878 D/DisplayManagerService( 1671): Ignore redundant display event 0/5 to 10502/16666
07-12 22:44:45.879 D/DisplayManagerService( 1671): Ignore redundant display event 0/5 to 10219/22610
07-12 22:44:45.879 D/DisplayManagerService( 1671): Ignore redundant display event 0/5 to 10152/25683
07-12 22:44:45.879 D/DisplayManagerService( 1671): Ignore redundant display event 0/5 to 10099/26107
07-12 22:44:45.879 D/DisplayManagerService( 1671): Ignore redundant display event 0/5 to 10382/28942
07-12 22:44:45.879 D/DisplayManagerService( 1671): Ignore redundant display event 0/5 to 10119/30127
07-12 22:44:45.888 D/LogicalDisplayExt( 1671): set displayInfo flag FLAG_ROTATES_WITH_CONTENT
07-12 22:44:45.889 D/DpcExtImpl[0]( 1671): onchange selfChange=false state=ON uri=content://settings/system/screen_brightness
07-12 22:44:45.892 D/DisplayManagerService( 1671): Delivering display event: displayId=0, event=5
07-12 22:44:45.893 D/DisplayManagerService( 1671): Ignore redundant display event 0/5 to 10240/5375
07-12 22:44:45.893 D/DisplayManagerService( 1671): Ignore redundant display event 0/5 to 10294/9809
07-12 22:44:45.896 D/DisplayManagerService( 1671): Ignore redundant display event 0/5 to 10356/14883
07-12 22:44:45.896 D/DisplayManagerService( 1671): Ignore redundant display event 0/5 to 10502/16666
07-12 22:44:45.896 D/DisplayManagerService( 1671): Ignore redundant display event 0/5 to 10219/22610
07-12 22:44:45.896 D/DisplayManagerService( 1671): Ignore redundant display event 0/5 to 10152/25683
07-12 22:44:45.896 D/DisplayManagerService( 1671): Ignore redundant display event 0/5 to 10099/26107
07-12 22:44:45.897 D/DisplayManagerService( 1671): Ignore redundant display event 0/5 to 10382/28942
07-12 22:44:45.897 D/DisplayManagerService( 1671): Ignore redundant display event 0/5 to 10119/30127
07-12 22:44:45.921 D/LogicalDisplayExt( 1671): set displayInfo flag FLAG_ROTATES_WITH_CONTENT
07-12 22:44:45.925 D/DisplayManagerService( 1671): Delivering display event: displayId=0, event=5
07-12 22:44:45.925 D/DisplayManagerService( 1671): Ignore redundant display event 0/5 to 10240/5375
07-12 22:44:45.925 D/DisplayManagerService( 1671): Ignore redundant display event 0/5 to 10294/9809
07-12 22:44:45.925 D/DisplayManagerService( 1671): Ignore redundant display event 0/5 to 10356/14883
07-12 22:44:45.925 D/DisplayManagerService( 1671): Ignore redundant display event 0/5 to 10502/16666
07-12 22:44:45.926 D/DisplayManagerService( 1671): Ignore redundant display event 0/5 to 10219/22610
07-12 22:44:45.926 D/DisplayManagerService( 1671): Ignore redundant display event 0/5 to 10152/25683
07-12 22:44:45.926 D/DisplayManagerService( 1671): Ignore redundant display event 0/5 to 10099/26107
07-12 22:44:45.927 D/DisplayManagerService( 1671): Ignore redundant display event 0/5 to 10382/28942
07-12 22:44:45.927 D/DisplayManagerService( 1671): Ignore redundant display event 0/5 to 10119/30127
07-12 22:44:45.933 D/DpcExtImpl[0]( 1671): onchange selfChange=false state=ON uri=content://settings/system/screen_brightness
07-12 22:44:45.934 D/LogicalDisplayExt( 1671): set displayInfo flag FLAG_ROTATES_WITH_CONTENT
07-12 22:44:45.939 D/DisplayManagerService( 1671): Delivering display event: displayId=0, event=5
07-12 22:44:45.940 D/DisplayManagerService( 1671): Ignore redundant display event 0/5 to 10240/5375
07-12 22:44:45.940 D/DisplayManagerService( 1671): Ignore redundant display event 0/5 to 10294/9809
07-12 22:44:45.940 D/DisplayManagerService( 1671): Ignore redundant display event 0/5 to 10356/14883
07-12 22:44:45.940 D/DisplayManagerService( 1671): Ignore redundant display event 0/5 to 10502/16666
07-12 22:44:45.940 D/DisplayManagerService( 1671): Ignore redundant display event 0/5 to 10219/22610
07-12 22:44:45.940 D/DisplayManagerService( 1671): Ignore redundant display event 0/5 to 10152/25683
07-12 22:44:45.941 D/DisplayManagerService( 1671): Ignore redundant display event 0/5 to 10099/26107
07-12 22:44:45.941 D/DisplayManagerService( 1671): Ignore redundant display event 0/5 to 10382/28942
07-12 22:44:45.941 D/DisplayManagerService( 1671): Ignore redundant display event 0/5 to 10119/30127
07-12 22:44:45.975 D/LogicalDisplayExt( 1671): set displayInfo flag FLAG_ROTATES_WITH_CONTENT
07-12 22:44:45.978 D/DisplayManagerService( 1671): Delivering display event: displayId=0, event=5
07-12 22:44:45.978 D/DisplayManagerService( 1671): Ignore redundant display event 0/5 to 10240/5375
07-12 22:44:45.979 D/DisplayManagerService( 1671): Ignore redundant display event 0/5 to 10294/9809
07-12 22:44:45.979 D/DisplayManagerService( 1671): Ignore redundant display event 0/5 to 10356/14883
07-12 22:44:45.979 D/DisplayManagerService( 1671): Ignore redundant display event 0/5 to 10502/16666
07-12 22:44:45.979 D/DisplayManagerService( 1671): Ignore redundant display event 0/5 to 10219/22610
07-12 22:44:45.979 D/DisplayManagerService( 1671): Ignore redundant display event 0/5 to 10152/25683
07-12 22:44:45.979 D/DisplayManagerService( 1671): Ignore redundant display event 0/5 to 10099/26107
07-12 22:44:45.979 D/DisplayManagerService( 1671): Ignore redundant display event 0/5 to 10382/28942
07-12 22:44:45.979 D/DisplayManagerService( 1671): Ignore redundant display event 0/5 to 10119/30127
07-12 22:44:45.987 D/LogicalDisplayExt( 1671): set displayInfo flag FLAG_ROTATES_WITH_CONTENT
07-12 22:44:45.990 D/DisplayManagerService( 1671): Delivering display event: displayId=0, event=5
07-12 22:44:45.991 D/DisplayManagerService( 1671): Ignore redundant display event 0/5 to 10240/5375
07-12 22:44:45.991 D/DisplayManagerService( 1671): Ignore redundant display event 0/5 to 10294/9809
07-12 22:44:45.991 D/DisplayManagerService( 1671): Ignore redundant display event 0/5 to 10356/14883
07-12 22:44:45.991 D/DisplayManagerService( 1671): Ignore redundant display event 0/5 to 10502/16666
07-12 22:44:45.991 D/DisplayManagerService( 1671): Ignore redundant display event 0/5 to 10219/22610
07-12 22:44:45.992 D/DisplayManagerService( 1671): Ignore redundant display event 0/5 to 10152/25683
07-12 22:44:45.992 D/DisplayManagerService( 1671): Ignore redundant display event 0/5 to 10099/26107
07-12 22:44:45.992 D/DisplayManagerService( 1671): Ignore redundant display event 0/5 to 10382/28942
07-12 22:44:45.992 D/DisplayManagerService( 1671): Ignore redundant display event 0/5 to 10119/30127
07-12 22:44:46.000 D/LogicalDisplayExt( 1671): set displayInfo flag FLAG_ROTATES_WITH_CONTENT
07-12 22:44:46.002 D/DpcExtImpl[0]( 1671): onchange selfChange=false state=ON uri=content://settings/system/screen_brightness
07-12 22:44:46.006 D/DisplayManagerService( 1671): Delivering display event: displayId=0, event=5
07-12 22:44:46.007 D/DisplayManagerService( 1671): Ignore redundant display event 0/5 to 10240/5375
07-12 22:44:46.007 D/DisplayManagerService( 1671): Ignore redundant display event 0/5 to 10294/9809
07-12 22:44:46.007 D/DisplayManagerService( 1671): Ignore redundant display event 0/5 to 10356/14883
07-12 22:44:46.007 D/DisplayManagerService( 1671): Ignore redundant display event 0/5 to 10502/16666
07-12 22:44:46.008 D/DisplayManagerService( 1671): Ignore redundant display event 0/5 to 10219/22610
07-12 22:44:46.008 D/DisplayManagerService( 1671): Ignore redundant display event 0/5 to 10152/25683
07-12 22:44:46.008 D/DisplayManagerService( 1671): Ignore redundant display event 0/5 to 10099/26107
07-12 22:44:46.008 D/DisplayManagerService( 1671): Ignore redundant display event 0/5 to 10382/28942
07-12 22:44:46.008 D/DisplayManagerService( 1671): Ignore redundant display event 0/5 to 10119/30127
07-12 22:44:46.032 D/LogicalDisplayExt( 1671): set displayInfo flag FLAG_ROTATES_WITH_CONTENT
07-12 22:44:46.035 D/DisplayManagerService( 1671): Delivering display event: displayId=0, event=5
07-12 22:44:46.035 D/DisplayManagerService( 1671): Ignore redundant display event 0/5 to 10240/5375
07-12 22:44:46.036 D/DisplayManagerService( 1671): Ignore redundant display event 0/5 to 10294/9809
07-12 22:44:46.036 D/DisplayManagerService( 1671): Ignore redundant display event 0/5 to 10356/14883
07-12 22:44:46.036 D/DisplayManagerService( 1671): Ignore redundant display event 0/5 to 10502/16666
07-12 22:44:46.036 D/DisplayManagerService( 1671): Ignore redundant display event 0/5 to 10219/22610
07-12 22:44:46.036 D/DisplayManagerService( 1671): Ignore redundant display event 0/5 to 10152/25683
07-12 22:44:46.037 D/DisplayManagerService( 1671): Ignore redundant display event 0/5 to 10099/26107
07-12 22:44:46.038 D/DisplayManagerService( 1671): Ignore redundant display event 0/5 to 10382/28942
07-12 22:44:46.038 D/DisplayManagerService( 1671): Ignore redundant display event 0/5 to 10119/30127
07-12 22:44:46.043 D/LogicalDisplayExt( 1671): set displayInfo flag FLAG_ROTATES_WITH_CONTENT
07-12 22:44:46.047 D/DisplayManagerService( 1671): Delivering display event: displayId=0, event=5
07-12 22:44:46.047 D/DisplayManagerService( 1671): Ignore redundant display event 0/5 to 10240/5375
07-12 22:44:46.047 D/DisplayManagerService( 1671): Ignore redundant display event 0/5 to 10294/9809
07-12 22:44:46.047 D/DisplayManagerService( 1671): Ignore redundant display event 0/5 to 10356/14883
07-12 22:44:46.047 D/DisplayManagerService( 1671): Ignore redundant display event 0/5 to 10502/16666
07-12 22:44:46.047 D/DisplayManagerService( 1671): Ignore redundant display event 0/5 to 10219/22610
07-12 22:44:46.048 D/DisplayManagerService( 1671): Ignore redundant display event 0/5 to 10152/25683
07-12 22:44:46.048 D/DisplayManagerService( 1671): Ignore redundant display event 0/5 to 10099/26107
07-12 22:44:46.048 D/DisplayManagerService( 1671): Ignore redundant display event 0/5 to 10382/28942
07-12 22:44:46.048 D/DisplayManagerService( 1671): Ignore redundant display event 0/5 to 10119/30127
07-12 22:44:46.056 D/DpcExtImpl[0]( 1671): onchange selfChange=false state=ON uri=content://settings/system/screen_brightness
07-12 22:44:46.056 D/LogicalDisplayExt( 1671): set displayInfo flag FLAG_ROTATES_WITH_CONTENT
07-12 22:44:46.061 D/DisplayManagerService( 1671): Delivering display event: displayId=0, event=5
07-12 22:44:46.061 D/DisplayManagerService( 1671): Ignore redundant display event 0/5 to 10240/5375
07-12 22:44:46.061 D/DisplayManagerService( 1671): Ignore redundant display event 0/5 to 10294/9809
07-12 22:44:46.061 D/DisplayManagerService( 1671): Ignore redundant display event 0/5 to 10356/14883
07-12 22:44:46.061 D/DisplayManagerService( 1671): Ignore redundant display event 0/5 to 10502/16666
07-12 22:44:46.062 D/DisplayManagerService( 1671): Ignore redundant display event 0/5 to 10219/22610
07-12 22:44:46.062 D/DisplayManagerService( 1671): Ignore redundant display event 0/5 to 10152/25683
07-12 22:44:46.062 D/DisplayManagerService( 1671): Ignore redundant display event 0/5 to 10099/26107
07-12 22:44:46.063 D/DisplayManagerService( 1671): Ignore redundant display event 0/5 to 10382/28942
07-12 22:44:46.063 D/DisplayManagerService( 1671): Ignore redundant display event 0/5 to 10119/30127
07-12 22:44:46.089 D/LogicalDisplayExt( 1671): set displayInfo flag FLAG_ROTATES_WITH_CONTENT
07-12 22:44:46.093 D/DisplayManagerService( 1671): Delivering display event: displayId=0, event=5
07-12 22:44:46.093 D/DisplayManagerService( 1671): Ignore redundant display event 0/5 to 10240/5375
07-12 22:44:46.093 D/DisplayManagerService( 1671): Ignore redundant display event 0/5 to 10294/9809
07-12 22:44:46.093 D/DisplayManagerService( 1671): Ignore redundant display event 0/5 to 10356/14883
07-12 22:44:46.094 D/DisplayManagerService( 1671): Ignore redundant display event 0/5 to 10502/16666
07-12 22:44:46.094 D/DisplayManagerService( 1671): Ignore redundant display event 0/5 to 10219/22610
07-12 22:44:46.094 D/DisplayManagerService( 1671): Ignore redundant display event 0/5 to 10152/25683
07-12 22:44:46.094 D/DisplayManagerService( 1671): Ignore redundant display event 0/5 to 10099/26107
07-12 22:44:46.095 D/DisplayManagerService( 1671): Ignore redundant display event 0/5 to 10382/28942
07-12 22:44:46.095 D/DisplayManagerService( 1671): Ignore redundant display event 0/5 to 10119/30127
07-12 22:44:46.099 D/LogicalDisplayExt( 1671): set displayInfo flag FLAG_ROTATES_WITH_CONTENT
07-12 22:44:46.103 D/DisplayManagerService( 1671): Delivering display event: displayId=0, event=5
07-12 22:44:46.104 D/DisplayManagerService( 1671): Ignore redundant display event 0/5 to 10240/5375
07-12 22:44:46.104 D/DisplayManagerService( 1671): Ignore redundant display event 0/5 to 10294/9809
07-12 22:44:46.104 D/DisplayManagerService( 1671): Ignore redundant display event 0/5 to 10356/14883
07-12 22:44:46.104 D/DisplayManagerService( 1671): Ignore redundant display event 0/5 to 10502/16666
07-12 22:44:46.104 D/DisplayManagerService( 1671): Ignore redundant display event 0/5 to 10219/22610
07-12 22:44:46.104 D/DisplayManagerService( 1671): Ignore redundant display event 0/5 to 10152/25683
07-12 22:44:46.104 D/DisplayManagerService( 1671): Ignore redundant display event 0/5 to 10099/26107
07-12 22:44:46.104 D/DisplayManagerService( 1671): Ignore redundant display event 0/5 to 10382/28942
07-12 22:44:46.104 D/DisplayManagerService( 1671): Ignore redundant display event 0/5 to 10119/30127
07-12 22:44:46.113 D/DpcExtImpl[0]( 1671): onchange selfChange=false state=ON uri=content://settings/system/screen_brightness
07-12 22:44:46.114 D/LogicalDisplayExt( 1671): set displayInfo flag FLAG_ROTATES_WITH_CONTENT
07-12 22:44:46.118 D/DisplayManagerService( 1671): Delivering display event: displayId=0, event=5
07-12 22:44:46.118 D/DisplayManagerService( 1671): Ignore redundant display event 0/5 to 10240/5375
07-12 22:44:46.118 D/DisplayManagerService( 1671): Ignore redundant display event 0/5 to 10294/9809
07-12 22:44:46.119 D/DisplayManagerService( 1671): Ignore redundant display event 0/5 to 10356/14883
07-12 22:44:46.119 D/DisplayManagerService( 1671): Ignore redundant display event 0/5 to 10502/16666
07-12 22:44:46.119 D/DisplayManagerService( 1671): Ignore redundant display event 0/5 to 10219/22610
07-12 22:44:46.120 D/DisplayManagerService( 1671): Ignore redundant display event 0/5 to 10152/25683
07-12 22:44:46.120 D/DisplayManagerService( 1671): Ignore redundant display event 0/5 to 10099/26107
07-12 22:44:46.120 D/DisplayManagerService( 1671): Ignore redundant display event 0/5 to 10382/28942
07-12 22:44:46.120 D/DisplayManagerService( 1671): Ignore redundant display event 0/5 to 10119/30127
07-12 22:44:46.155 D/LogicalDisplayExt( 1671): set displayInfo flag FLAG_ROTATES_WITH_CONTENT
07-12 22:44:46.159 D/DisplayManagerService( 1671): Delivering display event: displayId=0, event=5
07-12 22:44:46.159 D/DisplayManagerService( 1671): Ignore redundant display event 0/5 to 10240/5375
07-12 22:44:46.159 D/DisplayManagerService( 1671): Ignore redundant display event 0/5 to 10294/9809
07-12 22:44:46.159 D/DisplayManagerService( 1671): Ignore redundant display event 0/5 to 10356/14883
07-12 22:44:46.159 D/DisplayManagerService( 1671): Ignore redundant display event 0/5 to 10502/16666
07-12 22:44:46.159 D/DisplayManagerService( 1671): Ignore redundant display event 0/5 to 10219/22610
07-12 22:44:46.159 D/DisplayManagerService( 1671): Ignore redundant display event 0/5 to 10152/25683
07-12 22:44:46.160 D/DisplayManagerService( 1671): Ignore redundant display event 0/5 to 10099/26107
07-12 22:44:46.160 D/DisplayManagerService( 1671): Ignore redundant display event 0/5 to 10382/28942
07-12 22:44:46.160 D/DisplayManagerService( 1671): Ignore redundant display event 0/5 to 10119/30127
07-12 22:44:46.168 D/LogicalDisplayExt( 1671): set displayInfo flag FLAG_ROTATES_WITH_CONTENT
07-12 22:44:46.169 D/DpcExtImpl[0]( 1671): onchange selfChange=false state=ON uri=content://settings/system/screen_brightness
07-12 22:44:46.172 D/DisplayManagerService( 1671): Delivering display event: displayId=0, event=5
07-12 22:44:46.173 D/DisplayManagerService( 1671): Ignore redundant display event 0/5 to 10240/5375
07-12 22:44:46.173 D/DisplayManagerService( 1671): Ignore redundant display event 0/5 to 10294/9809
07-12 22:44:46.173 D/DisplayManagerService( 1671): Ignore redundant display event 0/5 to 10356/14883
07-12 22:44:46.173 D/DisplayManagerService( 1671): Ignore redundant display event 0/5 to 10502/16666
07-12 22:44:46.173 D/DisplayManagerService( 1671): Ignore redundant display event 0/5 to 10219/22610
07-12 22:44:46.174 D/DisplayManagerService( 1671): Ignore redundant display event 0/5 to 10152/25683
07-12 22:44:46.174 D/DisplayManagerService( 1671): Ignore redundant display event 0/5 to 10099/26107
07-12 22:44:46.174 D/DisplayManagerService( 1671): Ignore redundant display event 0/5 to 10382/28942
07-12 22:44:46.174 D/DisplayManagerService( 1671): Ignore redundant display event 0/5 to 10119/30127
07-12 22:44:46.212 D/LogicalDisplayExt( 1671): set displayInfo flag FLAG_ROTATES_WITH_CONTENT
07-12 22:44:46.216 D/DisplayManagerService( 1671): Delivering display event: displayId=0, event=5
07-12 22:44:46.216 D/DisplayManagerService( 1671): Ignore redundant display event 0/5 to 10240/5375
07-12 22:44:46.216 D/DisplayManagerService( 1671): Ignore redundant display event 0/5 to 10294/9809
07-12 22:44:46.216 D/DisplayManagerService( 1671): Ignore redundant display event 0/5 to 10356/14883
07-12 22:44:46.216 D/DisplayManagerService( 1671): Ignore redundant display event 0/5 to 10502/16666
07-12 22:44:46.216 D/DisplayManagerService( 1671): Ignore redundant display event 0/5 to 10219/22610
07-12 22:44:46.217 D/DisplayManagerService( 1671): Ignore redundant display event 0/5 to 10152/25683
07-12 22:44:46.217 D/DisplayManagerService( 1671): Ignore redundant display event 0/5 to 10099/26107
07-12 22:44:46.217 D/DisplayManagerService( 1671): Ignore redundant display event 0/5 to 10382/28942
07-12 22:44:46.217 D/DisplayManagerService( 1671): Ignore redundant display event 0/5 to 10119/30127
07-12 22:44:46.224 D/LogicalDisplayExt( 1671): set displayInfo flag FLAG_ROTATES_WITH_CONTENT
07-12 22:44:46.224 D/DpcExtImpl[0]( 1671): onchange selfChange=false state=ON uri=content://settings/system/screen_brightness
07-12 22:44:46.227 D/DisplayManagerService( 1671): Delivering display event: displayId=0, event=5
07-12 22:44:46.228 D/DisplayManagerService( 1671): Ignore redundant display event 0/5 to 10240/5375
07-12 22:44:46.228 D/DisplayManagerService( 1671): Ignore redundant display event 0/5 to 10294/9809
07-12 22:44:46.228 D/DisplayManagerService( 1671): Ignore redundant display event 0/5 to 10356/14883
07-12 22:44:46.228 D/DisplayManagerService( 1671): Ignore redundant display event 0/5 to 10502/16666
07-12 22:44:46.228 D/DisplayManagerService( 1671): Ignore redundant display event 0/5 to 10219/22610
07-12 22:44:46.228 D/DisplayManagerService( 1671): Ignore redundant display event 0/5 to 10152/25683
07-12 22:44:46.228 D/DisplayManagerService( 1671): Ignore redundant display event 0/5 to 10099/26107
07-12 22:44:46.229 D/DisplayManagerService( 1671): Ignore redundant display event 0/5 to 10382/28942
07-12 22:44:46.229 D/DisplayManagerService( 1671): Ignore redundant display event 0/5 to 10119/30127
07-12 22:44:46.258 D/LogicalDisplayExt( 1671): set displayInfo flag FLAG_ROTATES_WITH_CONTENT
07-12 22:44:46.261 D/DisplayManagerService( 1671): Delivering display event: displayId=0, event=5
07-12 22:44:46.261 D/DisplayManagerService( 1671): Ignore redundant display event 0/5 to 10240/5375
07-12 22:44:46.261 D/DisplayManagerService( 1671): Ignore redundant display event 0/5 to 10294/9809
