06-20 16:48:39.510  1703  1861 D SurfaceAnimationRunner: onAnimationStart:Surface(name=Surface(name=c6b124b Splash Screen com.ss.android.ugc.aweme)/@0xa8ada3f - animation-leash of window_animation)/@0x7584f0c
06-20 16:48:39.510  1703  1861 D SurfaceAnimationRunner: onAnimationEnd:Surface(name=Surface(name=c6b124b Splash Screen com.ss.android.ugc.aweme)/@0xa8ada3f - animation-leash of window_animation)/@0x7584f0c
06-20 16:48:39.514  1703  1860 I WindowStateExtImpl: onSurfaceShowChange show = false mPackageName = com.ss.android.ugc.aweme parentPkgName = com.ss.android.ugc.aweme
06-20 16:48:39.514  1703  1860 I WindowManager: Window{c6b124b u0 Splash Screen com.ss.android.ugc.aweme EXITING} state from HAS_DRAWN to NO_SURFACE; reason: destroySurface
06-20 16:48:39.515  1703  5733 D DpcExtImpl[0]: setTemporaryAutoBrightnessAdjustment = 3169.0
06-20 16:48:39.517  5192 10335 W PowerProfile: screen.on is deprecated! Use screen.on.display0 instead.
06-20 16:48:39.517  5192 10335 W PowerProfile: screen.full is deprecated! Use screen.full.display0 instead.
06-20 16:48:39.517  5192 10335 W ModemPowerProfile: getAverageBatteryDrainMaH called with unexpected key: 0x0, drain:SLEEP,RAT:DEFAULT
06-20 16:48:39.518  1703  1860 D OplusFullScreenDisplayManager: adjustInsetsStateForWin: com.ss.android.ugc.aweme, setting cutoutMode: oplus always
06-20 16:48:39.518  5192 10335 W ModemPowerProfile: getAverageBatteryDrainMaH called with unexpected key: 0x10000000, drain:IDLE,RAT:DEFAULT
06-20 16:48:39.518  5192 10335 W ModemPowerProfile: getAverageBatteryDrainMaH called with unexpected key: 0x20000000, drain:RX,RAT:DEFAULT
06-20 16:48:39.518  5192 10335 W ModemPowerProfile: getAverageBatteryDrainMaH called with unexpected key: 0x30000000, drain:TX,level:0,RAT:DEFAULT
06-20 16:48:39.518  1703  1860 D OplusFullScreenDisplayManager: adjustInsetsStateForWin: com.ss.android.ugc.aweme, setting cutoutMode: oplus always
06-20 16:48:39.519  1703  1860 D OplusFullScreenDisplayManager: adjustInsetsStateForWin: com.ss.android.ugc.aweme, setting cutoutMode: oplus always
06-20 16:48:39.520  1703  1906 D DpcExtImpl[0]: MSG_SET_TEMPORARY_BRIGHTNESS 3169.0 to 3169.0 displayId=0
06-20 16:48:39.521  1703  1906 I ColorAutomaticBrightnessController: updateAutoBrightness: Manual sendUpdate=false adjustment=3169.000000,screenAutoBrightness=3169
06-20 16:48:39.521  1703  1860 D OplusFullScreenDisplayManager: adjustInsetsStateForWin: com.ss.android.ugc.aweme, setting cutoutMode: oplus always
06-20 16:48:39.522  1703  1906 I OplusSmartBrightnessController: handleBrightnessTotalRateType displayId[0]=automatic->manual
06-20 16:48:39.524  1703  1906 D DpcExtImpl[0]: MSG_SET_TEMPORARY_BRIGHTNESS 2999.0 to 2999.0 displayId=0
06-20 16:48:39.525  1703  1906 D DpcExtImpl[0]: Animating brightness: target=3169->2999,rate=26->2400,type=manual,byUse=true local:4627039422300187648
06-20 16:48:39.525  1703  5808 D DpcExtImpl[0]: setTemporaryAutoBrightnessAdjustment = 2999.0
06-20 16:48:39.526  1703  1906 I ColorAutomaticBrightnessController: updateAutoBrightness: Manual sendUpdate=false adjustment=2999.000000,screenAutoBrightness=2999
06-20 16:48:39.532  5192 10335 W ModemPowerProfile: getAverageBatteryDrainMaH called with unexpected key: 0x31000000, drain:TX,level:1,RAT:DEFAULT
06-20 16:48:39.532  5192 10335 W ModemPowerProfile: getAverageBatteryDrainMaH called with unexpected key: 0x32000000, drain:TX,level:2,RAT:DEFAULT
06-20 16:48:39.532  5192 10335 W ModemPowerProfile: getAverageBatteryDrainMaH called with unexpected key: 0x33000000, drain:TX,level:3,RAT:DEFAULT
06-20 16:48:39.532  5192 10335 W ModemPowerProfile: getAverageBatteryDrainMaH called with unexpected key: 0x34000000, drain:TX,level:4,RAT:DEFAULT
06-20 16:48:39.532  1703  1860 D OplusFullScreenDisplayManager: adjustInsetsStateForWin: com.ss.android.ugc.aweme, setting cutoutMode: oplus always
06-20 16:48:39.533  1703  1860 D OplusFullScreenDisplayManager: adjustInsetsStateForWin: com.ss.android.ugc.aweme, setting cutoutMode: oplus always
06-20 16:48:39.533  2514 29805 E ActivityThread: Failed to find provider info for com.android.launcher.EventContentProvider
06-20 16:48:39.534  1703  1906 D OplusFeatureHDREnhanceBrightness: setAnimating : displayId[0]=true
06-20 16:48:39.534  1703  1906 D OplusFeatureReduceBrightness: setAnimating : animating = true
06-20 16:48:39.534  1703  1906 D OplusFeatureEdrEnhanceBrightness: setAnimating: true
06-20 16:48:39.534  1703  1906 D OplusFeaturePwEdrEnhanceBrightness: setAnimating: true
06-20 16:48:39.538  1703  3518 D DpcExtImpl[0]: setTemporaryAutoBrightnessAdjustment = 2625.0
06-20 16:48:39.542  2514 29805 E ActivityThread: Failed to find provider info for com.android.launcher.EventContentProvider
06-20 16:48:39.543  1703  1906 D DpcExtImpl[0]: MSG_SET_TEMPORARY_BRIGHTNESS 2625.0 to 2625.0 displayId=0
06-20 16:48:39.543  1703  1906 D DpcExtImpl[0]: Animating brightness: target=2999->2625,rate=2400->2400,type=manual,byUse=true local:4627039422300187648
06-20 16:48:39.543  1703  1906 I ColorAutomaticBrightnessController: updateAutoBrightness: Manual sendUpdate=false adjustment=2625.000000,screenAutoBrightness=2625
06-20 16:48:39.548  1703  5736 I WindowManager: Window{f8f6baa u0 com.android.launcher/com.android.launcher.Launcher} state from HAS_DRAWN to NO_SURFACE; reason: destroySurface
06-20 16:48:39.548  1703  5736 D ActivityTaskManager: Clearing startingData for token=null
06-20 16:48:39.551  1703  3518 D DpcExtImpl[0]: setTemporaryAutoBrightnessAdjustment = 2401.0
06-20 16:48:39.561  1703  1996 D DpcExtImpl[0]: setTemporaryAutoBrightnessAdjustment = 2164.0
06-20 16:48:39.569  1703  1906 D DpcExtImpl[0]: MSG_SET_TEMPORARY_BRIGHTNESS 2401.0 to 2401.0 displayId=0
06-20 16:48:39.570  1703  1906 D DpcExtImpl[0]: Animating brightness: target=2625->2401,rate=2400->2400,type=manual,byUse=true local:4627039422300187648
06-20 16:48:39.570  1703  3518 D DpcExtImpl[0]: setTemporaryAutoBrightnessAdjustment = 1956.0
06-20 16:48:39.570  1703  1906 I ColorAutomaticBrightnessController: updateAutoBrightness: Manual sendUpdate=false adjustment=2401.000000,screenAutoBrightness=2401
06-20 16:48:39.570  1703  1906 D DpcExtImpl[0]: MSG_SET_TEMPORARY_BRIGHTNESS 2164.0 to 2164.0 displayId=0
06-20 16:48:39.571  1703  1906 D DpcExtImpl[0]: Animating brightness: target=2401->2164,rate=2400->2400,type=manual,byUse=true local:4627039422300187648
06-20 16:48:39.571  1703  1906 I ColorAutomaticBrightnessController: updateAutoBrightness: Manual sendUpdate=false adjustment=2164.000000,screenAutoBrightness=2164
06-20 16:48:39.571  1703  1906 D DpcExtImpl[0]: MSG_SET_TEMPORARY_BRIGHTNESS 1956.0 to 1956.0 displayId=0
06-20 16:48:39.572  1703  1906 D DpcExtImpl[0]: Animating brightness: target=2164->1956,rate=2400->2400,type=manual,byUse=true local:4627039422300187648
06-20 16:48:39.572  1703  1906 I ColorAutomaticBrightnessController: updateAutoBrightness: Manual sendUpdate=false adjustment=1956.000000,screenAutoBrightness=1956
06-20 16:48:39.582  1703  2064 D PowerManagerService: userActivityNoUpdateLocked: groupId=0, eventTime=2566243927, event=touch, flags=0x0, uid=1000
06-20 16:48:39.583  1703  1906 D DpcExtImpl[0]: MSG_SET_TEMPORARY_BRIGHTNESS 1762.0 to 1762.0 displayId=0
06-20 16:48:39.584  1703  5736 D DpcExtImpl[0]: setTemporaryAutoBrightnessAdjustment = 1762.0
06-20 16:48:39.584  1703  1906 D DpcExtImpl[0]: Animating brightness: target=1956->1762,rate=2400->2400,type=manual,byUse=true local:4627039422300187648
06-20 16:48:39.594  1703  3026 D DpcExtImpl[0]: setTemporaryAutoBrightnessAdjustment = 1593.0
06-20 16:48:39.595  1703  1906 I ColorAutomaticBrightnessController: updateAutoBrightness: Manual sendUpdate=false adjustment=1762.000000,screenAutoBrightness=1762
06-20 16:48:39.596  1703  1906 I OplusSmartBrightnessController: setLuxInner, is dragging, do not receive any sensor data.
06-20 16:48:39.596  1703  1906 D DpcExtImpl[0]: MSG_SET_TEMPORARY_BRIGHTNESS 1593.0 to 1593.0 displayId=0
06-20 16:48:39.597  1703  1906 D DpcExtImpl[0]: Animating brightness: target=1762->1593,rate=2400->2400,type=manual,byUse=true local:4627039422300187648
06-20 16:48:39.597  1703  1906 I ColorAutomaticBrightnessController: updateAutoBrightness: Manual sendUpdate=false adjustment=1593.000000,screenAutoBrightness=1593
06-20 16:48:39.603  1703  5736 D DpcExtImpl[0]: setTemporaryAutoBrightnessAdjustment = 1435.0
06-20 16:48:39.604  1703  1906 D DpcExtImpl[0]: MSG_SET_TEMPORARY_BRIGHTNESS 1435.0 to 1435.0 displayId=0
06-20 16:48:39.604  1703  1906 D DpcExtImpl[0]: Animating brightness: target=1593->1435,rate=2400->2400,type=manual,byUse=true local:4627039422300187648
06-20 16:48:39.604  1703  1906 I ColorAutomaticBrightnessController: updateAutoBrightness: Manual sendUpdate=false adjustment=1435.000000,screenAutoBrightness=1435
06-20 16:48:39.608  1703  1856 I Quality : LaunchTime2.0: com.ss.android.ugc.aweme/.splash.SplashActivity 1 2530 com.android.launcher 108 134 93506 1118 865062912 0 0
06-20 16:48:39.608  1703  1856 W Looper  : Slow dispatch took 144ms android.fg h=android.os.Handler c=com.android.server.wm.ActivityMetricsLogger$$ExternalSyntheticLambda2@9b95ad3 m=0
06-20 16:48:39.614  1703  5736 D DpcExtImpl[0]: setTemporaryAutoBrightnessAdjustment = 1334.0
06-20 16:48:39.615  1703  1906 D DpcExtImpl[0]: MSG_SET_TEMPORARY_BRIGHTNESS 1334.0 to 1334.0 displayId=0
06-20 16:48:39.616  1703  1906 D DpcExtImpl[0]: Animating brightness: target=1435->1334,rate=2400->2400,type=manual,byUse=true local:4627039422300187648
06-20 16:48:39.616  1703  1906 I ColorAutomaticBrightnessController: updateAutoBrightness: Manual sendUpdate=false adjustment=1334.000000,screenAutoBrightness=1334
06-20 16:48:39.623  1316  1316 W wificond: No handler for scan result notification from interface with index: 147
06-20 16:48:39.625  1703  1906 D DpcExtImpl[0]: MSG_SET_TEMPORARY_BRIGHTNESS 1267.0 to 1267.0 displayId=0
06-20 16:48:39.625  1703  3026 D DpcExtImpl[0]: setTemporaryAutoBrightnessAdjustment = 1267.0
06-20 16:48:39.626  1703  1906 D DpcExtImpl[0]: Animating brightness: target=1334->1267,rate=2400->2400,type=manual,byUse=true local:4627039422300187648
06-20 16:48:39.627  1703  1906 I ColorAutomaticBrightnessController: updateAutoBrightness: Manual sendUpdate=false adjustment=1267.000000,screenAutoBrightness=1267
06-20 16:48:39.631  9195  9195 I Quality : Skipped: false 12 cost 142.28896 refreshRate 11111111 bit true processName com.ss.android.ugc.aweme
06-20 16:48:39.646  1703  1906 D DpcExtImpl[0]: MSG_SET_TEMPORARY_BRIGHTNESS 1217.0 to 1217.0 displayId=0
06-20 16:48:39.647  1703  3026 D DpcExtImpl[0]: setTemporaryAutoBrightnessAdjustment = 1217.0
06-20 16:48:39.660  1703  5808 D DpcExtImpl[0]: setTemporaryAutoBrightnessAdjustment = 1175.0
06-20 16:48:39.663  1703  1906 D DpcExtImpl[0]: Animating brightness: target=1267->1217,rate=2400->2400,type=manual,byUse=true local:4627039422300187648
06-20 16:48:39.664  1703  1906 I ColorAutomaticBrightnessController: updateAutoBrightness: Manual sendUpdate=false adjustment=1217.000000,screenAutoBrightness=1217
06-20 16:48:39.665  1703  1906 D DpcExtImpl[0]: MSG_SET_TEMPORARY_BRIGHTNESS 1175.0 to 1175.0 displayId=0
06-20 16:48:39.665  1703  1906 D DpcExtImpl[0]: Animating brightness: target=1217->1175,rate=2400->2400,type=manual,byUse=true local:4627039422300187648
06-20 16:48:39.666  1703  1906 I ColorAutomaticBrightnessController: updateAutoBrightness: Manual sendUpdate=false adjustment=1175.000000,screenAutoBrightness=1175
06-20 16:48:39.673  9195  9195 W VRI[SplashActivity]: handleResized, msg:5, frameChanged:false, configChanged:false, displayChanged:false, attachedFrameChanged:false, compatScaleChanged:false, pendingDragResizing=false
06-20 16:48:39.674  1703  5808 D DpcExtImpl[0]: setTemporaryAutoBrightnessAdjustment = 1139.0
06-20 16:48:39.675  1703  1906 D DpcExtImpl[0]: MSG_SET_TEMPORARY_BRIGHTNESS 1139.0 to 1139.0 displayId=0
06-20 16:48:39.675  1703  1906 D DpcExtImpl[0]: Animating brightness: target=1175->1139,rate=2400->2400,type=manual,byUse=true local:4627039422300187648
06-20 16:48:39.676  1703  1906 I ColorAutomaticBrightnessController: updateAutoBrightness: Manual sendUpdate=false adjustment=1139.000000,screenAutoBrightness=1139
06-20 16:48:39.677  9195  9195 I Quality : Skipped: false 3 cost 41.457092 refreshRate 11225156 bit true processName com.ss.android.ugc.aweme
06-20 16:48:39.682  1703  1996 D DpcExtImpl[0]: setTemporaryAutoBrightnessAdjustment = 1108.0
06-20 16:48:39.683  1703  1906 D DpcExtImpl[0]: MSG_SET_TEMPORARY_BRIGHTNESS 1108.0 to 1108.0 displayId=0
06-20 16:48:39.683  1703  1906 D DpcExtImpl[0]: Animating brightness: target=1139->1108,rate=2400->2400,type=manual,byUse=true local:4627039422300187648
06-20 16:48:39.684  1703  1906 I ColorAutomaticBrightnessController: updateAutoBrightness: Manual sendUpdate=false adjustment=1108.000000,screenAutoBrightness=1108
06-20 16:48:39.687  1703  1996 D OplusTransitionAnimationManager: skipFinishDrawingIfNeed clientRotation=0, currentRotation=0, hasFixedRotationApp=false, requestedOrientation=1, win=Window{c1c4e1c u0 com.ss.android.ugc.aweme/com.ss.android.ugc.aweme.splash.SplashActivity}, activity=ActivityRecord{f8db1c2 u0 com.ss.android.ugc.aweme/.splash.SplashActivity t10580}, currentConfig={1.0 ??mcc??mnc [zh_CN] ldltr sw360dp w360dp h727dp 480dpi nrml long port finger -keyb/v/h -nav/h winConfig={ mBounds=Rect(0, 0 - 1080, 2408) mAppBounds=Rect(0, 96 - 1080, 2276) mMaxBounds=Rect(0, 0 - 1080, 2408) mDisplayRotation=ROTATION_0 mWindowingMode=fullscreen mDisplayWindowingMode=fullscreen mActivityType=standard mAlwaysOnTop=undefined mRotation=ROTATION_0} s.1 fontWeightAdjustment=0mThemeChanged= 0, mThemeChangedFlags= 0, mFlipFont= 0, mScenario= -1, mAccessibleChanged= -1, mUxIconConfig= 3468921665126662176, mMaterialColor= 100002, mUserId= 0, mFontUserId= 0, mFontVariationSettings= 226, mFoldingAngle = -1.0, mIconPackName= , mDarkModeBackgroundMaxL= 0.0, mDarkModeDialogBgMaxL= 27.0, mDarkModeForegroundMinL= 100.0, mOplusConfigType= 1, mOplusChangedConfigs= 0, OpSans= -1, mBurmeseFontFlag= 2, mFlag= 0, mFlexibleActivitySuitable= -1, mPuttDisplayFlag= -1}
06-20 16:48:39.688  1703  1860 D OplusFullScreenDisplayManager: adjustInsetsStateForWin: com.ss.android.ugc.aweme, setting cutoutMode: oplus always
06-20 16:48:39.688  1703  1860 D OplusFullScreenDisplayManager: adjustInsetsStateForWin: com.ss.android.ugc.aweme, setting cutoutMode: oplus always
06-20 16:48:39.688  1703  1860 D OplusFullScreenDisplayManager: adjustInsetsStateForWin: com.ss.android.ugc.aweme, setting cutoutMode: oplus always
06-20 16:48:39.693  1703  1996 D DpcExtImpl[0]: setTemporaryAutoBrightnessAdjustment = 1081.0
06-20 16:48:39.694  1703  1906 D DpcExtImpl[0]: MSG_SET_TEMPORARY_BRIGHTNESS 1081.0 to 1081.0 displayId=0
06-20 16:48:39.695  1703  1906 D DpcExtImpl[0]: Animating brightness: target=1108->1081,rate=2400->2400,type=manual,byUse=true local:4627039422300187648
06-20 16:48:39.695  1703  1906 I ColorAutomaticBrightnessController: updateAutoBrightness: Manual sendUpdate=false adjustment=1081.000000,screenAutoBrightness=1081
06-20 16:48:39.704  1703  1906 D DpcExtImpl[0]: MSG_SET_TEMPORARY_BRIGHTNESS 1058.0 to 1058.0 displayId=0
06-20 16:48:39.704  1703  3518 D DpcExtImpl[0]: setTemporaryAutoBrightnessAdjustment = 1058.0
06-20 16:48:39.704  1703  1906 D DpcExtImpl[0]: Animating brightness: target=1081->1058,rate=2400->2400,type=manual,byUse=true local:4627039422300187648
06-20 16:48:39.705  1703  1906 I ColorAutomaticBrightnessController: updateAutoBrightness: Manual sendUpdate=false adjustment=1058.000000,screenAutoBrightness=1058
06-20 16:48:39.715  1703  1906 D DpcExtImpl[0]: MSG_SET_TEMPORARY_BRIGHTNESS 1039.0 to 1039.0 displayId=0
06-20 16:48:39.715  1703  3518 D DpcExtImpl[0]: setTemporaryAutoBrightnessAdjustment = 1039.0
06-20 16:48:39.716  1703  1906 D DpcExtImpl[0]: Animating brightness: target=1058->1039,rate=2400->2400,type=manual,byUse=true local:4627039422300187648
06-20 16:48:39.716  1703  1906 I ColorAutomaticBrightnessController: updateAutoBrightness: Manual sendUpdate=false adjustment=1039.000000,screenAutoBrightness=1039
06-20 16:48:39.726  1703  1906 D DpcExtImpl[0]: MSG_SET_TEMPORARY_BRIGHTNESS 1022.0 to 1022.0 displayId=0
06-20 16:48:39.726  1703  1906 D DpcExtImpl[0]: Animating brightness: target=1039->1022,rate=2400->2400,type=manual,byUse=true local:4627039422300187648
06-20 16:48:39.728  1703  3026 D DpcExtImpl[0]: setTemporaryAutoBrightnessAdjustment = 1022.0
06-20 16:48:39.728  9195  9195 I Quality : Skipped: true 4 cost 47.917953 refreshRate 11225989 bit true processName com.ss.android.ugc.aweme
06-20 16:48:39.729  1703  1906 I ColorAutomaticBrightnessController: updateAutoBrightness: Manual sendUpdate=false adjustment=1022.000000,screenAutoBrightness=1022
06-20 16:48:39.731  9195  9195 I Quality : Skipped: true 4 cost 50.493954 refreshRate 11225989 bit true processName com.ss.android.ugc.aweme
06-20 16:48:39.737  1703  1906 D DpcExtImpl[0]: MSG_SET_TEMPORARY_BRIGHTNESS 1008.0 to 1008.0 displayId=0
06-20 16:48:39.737  1703  3518 D DpcExtImpl[0]: setTemporaryAutoBrightnessAdjustment = 1008.0
06-20 16:48:39.738  1703  1906 D DpcExtImpl[0]: Animating brightness: target=1022->1008,rate=2400->2400,type=manual,byUse=true local:4627039422300187648
06-20 16:48:39.738  1703  1906 I ColorAutomaticBrightnessController: updateAutoBrightness: Manual sendUpdate=false adjustment=1008.000000,screenAutoBrightness=1008
06-20 16:48:39.748  1703  2475 D OplusAthenaAm: reset: skip 226310
06-20 16:48:39.749  1703  1996 D DpcExtImpl[0]: setTemporaryAutoBrightnessAdjustment = 996.0
06-20 16:48:39.749  1703  1906 D DpcExtImpl[0]: MSG_SET_TEMPORARY_BRIGHTNESS 996.0 to 996.0 displayId=0
06-20 16:48:39.749  1703  1906 D DpcExtImpl[0]: Animating brightness: target=1008->996,rate=2400->2400,type=manual,byUse=true local:4627039422300187648
06-20 16:48:39.751  1703  1906 I ColorAutomaticBrightnessController: updateAutoBrightness: Manual sendUpdate=false adjustment=996.000000,screenAutoBrightness=996
06-20 16:48:39.760  1703  1996 D DpcExtImpl[0]: setTemporaryAutoBrightnessAdjustment = 985.0
06-20 16:48:39.760  1703  1906 D DpcExtImpl[0]: MSG_SET_TEMPORARY_BRIGHTNESS 985.0 to 985.0 displayId=0
06-20 16:48:39.760  1703  1906 D DpcExtImpl[0]: Animating brightness: target=996->985,rate=2400->2400,type=manual,byUse=true local:4627039422300187648
06-20 16:48:39.760  1703  1906 I ColorAutomaticBrightnessController: updateAutoBrightness: Manual sendUpdate=false adjustment=985.000000,screenAutoBrightness=985
06-20 16:48:39.771  1703  1996 D DpcExtImpl[0]: setTemporaryAutoBrightnessAdjustment = 976.0
06-20 16:48:39.771  1703  1906 D DpcExtImpl[0]: MSG_SET_TEMPORARY_BRIGHTNESS 976.0 to 976.0 displayId=0
06-20 16:48:39.771  1703  1906 D DpcExtImpl[0]: Animating brightness: target=985->976,rate=2400->2400,type=manual,byUse=true local:4627039422300187648
06-20 16:48:39.773  1703  1906 I ColorAutomaticBrightnessController: updateAutoBrightness: Manual sendUpdate=false adjustment=976.000000,screenAutoBrightness=976
06-20 16:48:39.782  1703  1996 D DpcExtImpl[0]: setTemporaryAutoBrightnessAdjustment = 968.0
06-20 16:48:39.783  1703  1906 D DpcExtImpl[0]: MSG_SET_TEMPORARY_BRIGHTNESS 968.0 to 968.0 displayId=0
06-20 16:48:39.783  1703  1906 D DpcExtImpl[0]: Animating brightness: target=976->968,rate=2400->2400,type=manual,byUse=true local:4627039422300187648
06-20 16:48:39.783  1703  1906 I ColorAutomaticBrightnessController: updateAutoBrightness: Manual sendUpdate=false adjustment=968.000000,screenAutoBrightness=968
06-20 16:48:39.794  1703  1906 D DpcExtImpl[0]: MSG_SET_TEMPORARY_BRIGHTNESS 962.0 to 962.0 displayId=0
06-20 16:48:39.794  1703  1996 D DpcExtImpl[0]: setTemporaryAutoBrightnessAdjustment = 962.0
06-20 16:48:39.796  1703  1906 D DpcExtImpl[0]: Animating brightness: target=968->962,rate=2400->2400,type=manual,byUse=true local:4627039422300187648
06-20 16:48:39.796  1703  1906 I OplusSmartBrightnessController: setLuxInner, is dragging, do not receive any sensor data.
06-20 16:48:39.797  1703  1906 I ColorAutomaticBrightnessController: updateAutoBrightness: Manual sendUpdate=false adjustment=962.000000,screenAutoBrightness=962
06-20 16:48:39.799  1703  1703 W AccessibilityManagerService:  wait for adding window timeout: 42353
06-20 16:48:39.805  1703  1906 D DpcExtImpl[0]: MSG_SET_TEMPORARY_BRIGHTNESS 956.0 to 956.0 displayId=0
06-20 16:48:39.805  1703  1996 D DpcExtImpl[0]: setTemporaryAutoBrightnessAdjustment = 956.0
06-20 16:48:39.807  1703  1906 D DpcExtImpl[0]: Animating brightness: target=962->956,rate=2400->2400,type=manual,byUse=true local:4627039422300187648
06-20 16:48:39.807  1703  1906 I ColorAutomaticBrightnessController: updateAutoBrightness: Manual sendUpdate=false adjustment=956.000000,screenAutoBrightness=956
06-20 16:48:39.816  1703  1996 D DpcExtImpl[0]: setTemporaryAutoBrightnessAdjustment = 951.0
06-20 16:48:39.816  1703  1906 D DpcExtImpl[0]: MSG_SET_TEMPORARY_BRIGHTNESS 951.0 to 951.0 displayId=0
06-20 16:48:39.817  1703  1906 D DpcExtImpl[0]: Animating brightness: target=956->951,rate=2400->2400,type=manual,byUse=true local:4627039422300187648
06-20 16:48:39.817  1703  1906 I ColorAutomaticBrightnessController: updateAutoBrightness: Manual sendUpdate=false adjustment=951.000000,screenAutoBrightness=951
06-20 16:48:39.827  1703  1906 D DpcExtImpl[0]: MSG_SET_TEMPORARY_BRIGHTNESS 947.0 to 947.0 displayId=0
06-20 16:48:39.827  1703  1996 D DpcExtImpl[0]: setTemporaryAutoBrightnessAdjustment = 947.0
06-20 16:48:39.830  1703  1906 D DpcExtImpl[0]: Animating brightness: target=951->947,rate=2400->2400,type=manual,byUse=true local:4627039422300187648
06-20 16:48:39.830  1703  1906 I ColorAutomaticBrightnessController: updateAutoBrightness: Manual sendUpdate=false adjustment=947.000000,screenAutoBrightness=947
06-20 16:48:39.838  1703  1906 D DpcExtImpl[0]: MSG_SET_TEMPORARY_BRIGHTNESS 943.0 to 943.0 displayId=0
06-20 16:48:39.838  1703  3518 D DpcExtImpl[0]: setTemporaryAutoBrightnessAdjustment = 943.0
06-20 16:48:39.840  1703  1906 D DpcExtImpl[0]: Animating brightness: target=947->943,rate=2400->2400,type=manual,byUse=true local:4627039422300187648
06-20 16:48:39.840  1703  1906 I ColorAutomaticBrightnessController: updateAutoBrightness: Manual sendUpdate=false adjustment=943.000000,screenAutoBrightness=943
06-20 16:48:39.850  1703  3518 D DpcExtImpl[0]: setTemporaryAutoBrightnessAdjustment = 940.0
06-20 16:48:39.851  1703  1906 D DpcExtImpl[0]: MSG_SET_TEMPORARY_BRIGHTNESS 940.0 to 940.0 displayId=0
06-20 16:48:39.852  1703  1906 D DpcExtImpl[0]: Animating brightness: target=943->940,rate=2400->2400,type=manual,byUse=true local:4627039422300187648
06-20 16:48:39.852  1703  1906 I ColorAutomaticBrightnessController: updateAutoBrightness: Manual sendUpdate=false adjustment=940.000000,screenAutoBrightness=940
06-20 16:48:39.854  1703  1859 D WifiDisplayController: Discover peers succeeded.  Requesting peers now.
06-20 16:48:39.855  1703  1859 W ContextImpl: Calling a method in the system process without a qualified user: android.app.ContextImpl.sendBroadcast:1247 com.android.server.display.OplusWifiDisplayUsageHelperExtImpl.sendWfdStateBroadcast:92 com.android.server.display.OplusWifiDisplayUsageHelperExtImpl.getDiscoverPeersState:180 com.android.server.display.WifiDisplayController$5.onSuccess:589 android.net.wifi.p2p.WifiP2pManager$Channel$P2pHandler.handleMessage:1391 
06-20 16:48:39.855  1703  1859 D OplusWifiDisplayUsageHelperExtImpl: getDiscoverPeersState
06-20 16:48:39.860  1703  1859 D WifiDisplayController: Received list of peers.
06-20 16:48:39.861  1703  3518 D DpcExtImpl[0]: setTemporaryAutoBrightnessAdjustment = 938.0
06-20 16:48:39.868  1703  1906 D DpcExtImpl[0]: MSG_SET_TEMPORARY_BRIGHTNESS 938.0 to 938.0 displayId=0
06-20 16:48:39.868  1703  1906 D DpcExtImpl[0]: Animating brightness: target=940->938,rate=2400->2400,type=manual,byUse=true local:4627039422300187648
06-20 16:48:39.868  1703  1906 I ColorAutomaticBrightnessController: updateAutoBrightness: Manual sendUpdate=false adjustment=938.000000,screenAutoBrightness=938
06-20 16:48:39.873  1703  3518 D DpcExtImpl[0]: setTemporaryAutoBrightnessAdjustment = 935.0
06-20 16:48:39.874  1703  1906 D DpcExtImpl[0]: MSG_SET_TEMPORARY_BRIGHTNESS 935.0 to 935.0 displayId=0
06-20 16:48:39.875  1703  1906 D DpcExtImpl[0]: Animating brightness: target=938->935,rate=2400->2400,type=manual,byUse=true local:4627039422300187648
06-20 16:48:39.875  1703  1906 I ColorAutomaticBrightnessController: updateAutoBrightness: Manual sendUpdate=false adjustment=935.000000,screenAutoBrightness=935
06-20 16:48:39.883  1703  1906 D DpcExtImpl[0]: MSG_SET_TEMPORARY_BRIGHTNESS 934.0 to 934.0 displayId=0
06-20 16:48:39.884  1703  3518 D DpcExtImpl[0]: setTemporaryAutoBrightnessAdjustment = 934.0
06-20 16:48:39.884  1703  1906 D DpcExtImpl[0]: Animating brightness: target=935->934,rate=2400->2400,type=manual,byUse=true local:4627039422300187648
06-20 16:48:39.886  1703  1906 I ColorAutomaticBrightnessController: updateAutoBrightness: Manual sendUpdate=false adjustment=934.000000,screenAutoBrightness=934
06-20 16:48:39.895  1703  1996 D DpcExtImpl[0]: setTemporaryAutoBrightnessAdjustment = 932.0
06-20 16:48:39.896  1703  1906 D DpcExtImpl[0]: MSG_SET_TEMPORARY_BRIGHTNESS 932.0 to 932.0 displayId=0
06-20 16:48:39.897  1703  1906 D DpcExtImpl[0]: Animating brightness: target=934->932,rate=2400->2400,type=manual,byUse=true local:4627039422300187648
06-20 16:48:39.898  1703  1906 I ColorAutomaticBrightnessController: updateAutoBrightness: Manual sendUpdate=false adjustment=932.000000,screenAutoBrightness=932
06-20 16:48:39.898  1703  1996 D StdIDManager: stdid call:com.ss.android.ugc.aweme,10356,OUID,10073
06-20 16:48:39.906  1703  5733 D DpcExtImpl[0]: setTemporaryAutoBrightnessAdjustment = 930.0
06-20 16:48:39.911  1703  1906 D DpcExtImpl[0]: MSG_SET_TEMPORARY_BRIGHTNESS 930.0 to 930.0 displayId=0
06-20 16:48:39.911  1703  1906 D DpcExtImpl[0]: Animating brightness: target=932->930,rate=2400->2400,type=manual,byUse=true local:4627039422300187648
06-20 16:48:39.912  1703  1906 I ColorAutomaticBrightnessController: updateAutoBrightness: Manual sendUpdate=false adjustment=930.000000,screenAutoBrightness=930
06-20 16:48:39.917  1703  3026 D DpcExtImpl[0]: setTemporaryAutoBrightnessAdjustment = 929.0
06-20 16:48:39.925  1703  1906 D DpcExtImpl[0]: MSG_SET_TEMPORARY_BRIGHTNESS 929.0 to 929.0 displayId=0
06-20 16:48:39.925  1703  1906 D DpcExtImpl[0]: Animating brightness: target=930->929,rate=2400->2400,type=manual,byUse=true local:4627039422300187648
06-20 16:48:39.925  1703  1906 I ColorAutomaticBrightnessController: updateAutoBrightness: Manual sendUpdate=false adjustment=929.000000,screenAutoBrightness=929
06-20 16:48:39.928  1703  3518 D DpcExtImpl[0]: setTemporaryAutoBrightnessAdjustment = 928.0
06-20 16:48:39.932  1703  1906 D DpcExtImpl[0]: MSG_SET_TEMPORARY_BRIGHTNESS 928.0 to 928.0 displayId=0
06-20 16:48:39.934  1703  1906 D DpcExtImpl[0]: Animating brightness: target=929->928,rate=2400->2400,type=manual,byUse=true local:4627039422300187648
06-20 16:48:39.937  1703  1906 I ColorAutomaticBrightnessController: updateAutoBrightness: Manual sendUpdate=false adjustment=928.000000,screenAutoBrightness=928
06-20 16:48:39.940  1703  1996 D DpcExtImpl[0]: setTemporaryAutoBrightnessAdjustment = 927.0
06-20 16:48:39.940  1703  1906 D DpcExtImpl[0]: MSG_SET_TEMPORARY_BRIGHTNESS 927.0 to 927.0 displayId=0
06-20 16:48:39.945  1703  1906 D DpcExtImpl[0]: Animating brightness: target=928->927,rate=2400->2400,type=manual,byUse=true local:4627039422300187648
06-20 16:48:39.952  1703  1906 I ColorAutomaticBrightnessController: updateAutoBrightness: Manual sendUpdate=false adjustment=927.000000,screenAutoBrightness=927
06-20 16:48:39.962  1703  3518 D DpcExtImpl[0]: setTemporaryAutoBrightnessAdjustment = 926.0
06-20 16:48:39.964  1703  1906 D DpcExtImpl[0]: MSG_SET_TEMPORARY_BRIGHTNESS 926.0 to 926.0 displayId=0
06-20 16:48:39.971  1703  2064 D PowerManagerService: userActivityNoUpdateLocked: groupId=0, eventTime=2566244316, event=touch, flags=0x0, uid=1000
06-20 16:48:39.975  1703  3518 D DpcExtImpl[0]: setTemporaryAutoBrightnessAdjustment = 925.0
06-20 16:48:39.987  1703  1906 D DpcExtImpl[0]: Animating brightness: target=927->926,rate=2400->2400,type=manual,byUse=true local:4627039422300187648
06-20 16:48:39.988  1703  1906 I ColorAutomaticBrightnessController: updateAutoBrightness: Manual sendUpdate=false adjustment=926.000000,screenAutoBrightness=926
06-20 16:48:39.989  1703  1906 D DpcExtImpl[0]: MSG_SET_TEMPORARY_BRIGHTNESS 925.0 to 925.0 displayId=0
06-20 16:48:39.989  1703  1906 D DpcExtImpl[0]: Animating brightness: target=926->925,rate=2400->2400,type=manual,byUse=true local:4627039422300187648
06-20 16:48:39.990  1703  1906 I ColorAutomaticBrightnessController: updateAutoBrightness: Manual sendUpdate=false adjustment=925.000000,screenAutoBrightness=925
06-20 16:48:39.996  1703  1906 I OplusSmartBrightnessController: setLuxInner, is dragging, do not receive any sensor data.
06-20 16:48:39.997  1703  1906 D DpcExtImpl[0]: MSG_SET_TEMPORARY_BRIGHTNESS 924.0 to 924.0 displayId=0
06-20 16:48:39.997  1703  3026 D DpcExtImpl[0]: setTemporaryAutoBrightnessAdjustment = 924.0
06-20 16:48:39.998  1703  1906 D DpcExtImpl[0]: Animating brightness: target=925->924,rate=2400->2400,type=manual,byUse=true local:4627039422300187648
06-20 16:48:39.998  1703  1906 I ColorAutomaticBrightnessController: updateAutoBrightness: Manual sendUpdate=false adjustment=924.000000,screenAutoBrightness=924
06-20 16:48:40.035  9195  9195 I Quality : Skipped: false 5 cost 62.52928 refreshRate 11227388 bit true processName com.ss.android.ugc.aweme
06-20 16:48:40.042  1703  1996 D WindowManagerServiceExtImpl: extractConfigInfoAndRealFlags rotation=0, screenDp=360, win=Window{c1c4e1c u0 com.ss.android.ugc.aweme/com.ss.android.ugc.aweme.splash.SplashActivity}
06-20 16:48:40.042  1703  5808 D DpcExtImpl[0]: setTemporaryAutoBrightnessAdjustment = 923.0
06-20 16:48:40.042  1703  1996 V WindowManager: Relayout Window{c1c4e1c u0 com.ss.android.ugc.aweme/com.ss.android.ugc.aweme.splash.SplashActivity}: viewVisibility=0, oldvis=0, req=1080x2408, vsysui=LAYOUT_STABLE LAYOUT_FULLSCREEN
06-20 16:48:40.042  9195  9195 D VRI[SplashActivity]: relayoutWindow result, sizeChanged:false, surfaceControlChanged:false, transformHintChanged:false, mSurfaceSize:Point(1080, 2408), mLastSurfaceSize:Point(1080, 2408), mWidth:1080, mHeight:2408, requestedWidth:1080, requestedHeight:2408, transformHint:0, lastTransformHint:0, installOrientation:0, displayRotation:0, isSurfaceValid:true, attr.flag:-2122251904, useBlast:true, tmpFrames:ClientWindowFrames{frame=[0,0][1080,2408] display=[0,0][1080,2408] parentFrame=[0,0][1080,2408]}, params:{(0,0)(fillxfill) sim={state=hidden adjust=resize forwardNavigation} ty=BASE_APPLICATION fmt=TRANSLUCENT wanim=0x10302fe
06-20 16:48:40.042  9195  9195 D VRI[SplashActivity]:   fl=KEEP_SCREEN_ON LAYOUT_IN_SCREEN LAYOUT_INSET_DECOR SPLIT_TOUCH HARDWARE_ACCELERATED DRAWS_SYSTEM_BAR_BACKGROUNDS
06-20 16:48:40.042  9195  9195 D VRI[SplashActivity]:   pfl=NO_MOVE_ANIMATION FORCE_DRAW_STATUS_BAR_BACKGROUND USE_BLAST FIT_INSETS_CONTROLLED
06-20 16:48:40.042  9195  9195 D VRI[SplashActivity]:   vsysui=LAYOUT_STABLE LAYOUT_FULLSCREEN
06-20 16:48:40.042  9195  9195 D VRI[SplashActivity]:   bhv=DEFAULT
06-20 16:48:40.042  9195  9195 D VRI[SplashActivity]:   fitSides= CLP[ ]}
06-20 16:48:40.042  1703  1906 D DpcExtImpl[0]: MSG_SET_TEMPORARY_BRIGHTNESS 923.0 to 923.0 displayId=0
06-20 16:48:40.042  9195  9195 W VRI[SplashActivity]: updateBlastSurfaceIfNeeded, surfaceSize:Point(1080, 2408), lastSurfaceSize:Point(1080, 2408), format:-3, blastBufferQueue:android.graphics.BLASTBufferQueue@3decee7
06-20 16:48:40.043  1703  1906 D DpcExtImpl[0]: Animating brightness: target=924->923,rate=2400->2400,type=manual,byUse=true local:4627039422300187648
06-20 16:48:40.043  1703  1906 I ColorAutomaticBrightnessController: updateAutoBrightness: Manual sendUpdate=false adjustment=923.000000,screenAutoBrightness=923
06-20 16:48:40.044  1703  1996 D OplusFullScreenDisplayManager: adjustInsetsStateForWin: com.ss.android.ugc.aweme, setting cutoutMode: oplus always
06-20 16:48:40.044  1703  1996 D OplusFullScreenDisplayManager: adjustInsetsStateForWin: com.ss.android.ugc.aweme, setting cutoutMode: oplus always
06-20 16:48:40.046  1703  1996 D OplusFullScreenDisplayManager: adjustInsetsStateForWin: com.ss.android.ugc.aweme, setting cutoutMode: oplus always
06-20 16:48:40.048  1703  1996 I TaskOrganizerController: onTaskInfoChanged taskid 10580 config { mBounds=Rect(0, 0 - 1080, 2408) mAppBounds=Rect(0, 96 - 1080, 2276) mMaxBounds=Rect(0, 0 - 1080, 2408) mDisplayRotation=ROTATION_0 mWindowingMode=fullscreen mDisplayWindowingMode=fullscreen mActivityType=standard mAlwaysOnTop=undefined mRotation=ROTATION_0}
06-20 16:48:40.048  1703  1996 D FlexibleWindowManager: onFlexibleWindowTaskInfoChanged: mTaskId = 10580 oldIsTaskEmbedded = false   curIsTaskEmbedded = false  topActivity = ComponentInfo{com.ss.android.ugc.aweme/com.ss.android.ugc.aweme.main.MainActivity}
06-20 16:48:40.048  1703  1996 D OplusFlexibleWindowMinimizedManagerHelper: onTaskInfoChanged taskInfo:TaskInfo{userId=0 taskId=10580 displayId=0 isRunning=true baseIntent=Intent { act=android.intent.action.MAIN cat=[android.intent.category.LAUNCHER] flg=0x10200000 cmp=com.ss.android.ugc.aweme/.splash.SplashActivity mCallingUid=10168 } baseActivity=ComponentInfo{com.ss.android.ugc.aweme/com.ss.android.ugc.aweme.main.MainActivity} topActivity=ComponentInfo{com.ss.android.ugc.aweme/com.ss.android.ugc.aweme.main.MainActivity} origActivity=ComponentInfo{com.ss.android.ugc.aweme/com.ss.android.ugc.aweme.splash.SplashActivity} realActivity=ComponentInfo{com.ss.android.ugc.aweme/com.ss.android.ugc.aweme.main.MainActivity} numActivities=1 lastActiveTime=3352553362 supportsSplitScreenMultiWindow=true supportsMultiWindow=true supportsPocketStudioMultiWindow=true isInFlexibleEmbedded = false uid = 10356 pid = 9195 resizeMode=2 isResizeable=true minWidth=-1 minHeight=-1 defaultMinSize=220 token=WCT{RemoteToken{63a0f72 Task{2acb310 #10580 type=standard A=10356:com.ss.android.ugc.aweme}}} topActivityType=1 pictureInPictureParams=null shouldDockBigOverlays=false launchIntoPipHostTaskId=-1 lastParentTaskIdBeforePip=-1 displayCutoutSafeInsets=Rect(0, 96 - 0, 0) topActivityInfo=ActivityInfo{adc6337 com.ss.android.ugc.aweme.splash.SplashActivity} launchCookies=[] positionInParent=Point(0, 0) parentTaskId=-1 isFocused=true isVisible=true isVisibleRequested=true isSleeping=false topActivityInSizeCompat=false topActivityInOplusCompatMode=false topActivityEligibleForLetterboxEducation= false topActivityLetterboxed= false isFromDoubleTap= false topActivityLetterboxVerticalPosition= -1 topActivityLetterboxHorizontalPosition= -1 topActivityLetterboxWidth=-1 topActivityLetterboxHeight=-1 locusId=null displayAreaFeatureId=1 cameraCompatControlState=hidden locusId= null topActivityLetterboxInsets=Rect(0, 0 - 0, 0)} task:Task{2acb310 #10580 type=standard A=10356:com.ss.android.ugc.aweme}
06-20 16:48:40.051  2365  2584 D ShellTaskOrganizer: dispatchTaskEventToClientIfNeed, eventType:2, taskInfo:TaskInfo{userId=0 taskId=10580 displayId=0 isRunning=true baseIntent=Intent { act=android.intent.action.MAIN cat=[android.intent.category.LAUNCHER] flg=0x10200000 cmp=com.ss.android.ugc.aweme/.splash.SplashActivity mCallingUid=10168 } baseActivity=ComponentInfo{com.ss.android.ugc.aweme/com.ss.android.ugc.aweme.main.MainActivity} topActivity=ComponentInfo{com.ss.android.ugc.aweme/com.ss.android.ugc.aweme.main.MainActivity} origActivity=ComponentInfo{com.ss.android.ugc.aweme/com.ss.android.ugc.aweme.splash.SplashActivity} realActivity=ComponentInfo{com.ss.android.ugc.aweme/com.ss.android.ugc.aweme.main.MainActivity} numActivities=1 lastActiveTime=3352553362 supportsSplitScreenMultiWindow=true supportsMultiWindow=true supportsPocketStudioMultiWindow=true isInFlexibleEmbedded = false uid = 10356 pid = 9195 resizeMode=2 isResizeable=true minWidth=-1 minHeight=-1 defaultMinSize=220 token=WCT{android.window.IWindowContainerToken$Stub$Proxy@51abb6a} topActivityType=1 pictureInPictureParams=null shouldDockBigOverlays=false launchIntoPipHostTaskId=-1 lastParentTaskIdBeforePip=-1 displayCutoutSafeInsets=Rect(0, 96 - 0, 0) topActivityInfo=ActivityInfo{f78485b com.ss.android.ugc.aweme.splash.SplashActivity} launchCookies=[] positionInParent=Point(0, 0) parentTaskId=-1 isFocused=true isVisible=true isVisibleRequested=true isSleeping=false topActivityInSizeCompat=false topActivityInOplusCompatMode=false topActivityEligibleForLetterboxEducation= false topActivityLetterboxed= false isFromDoubleTap= false topActivityLetterboxVerticalPosition= -1 topActivityLetterboxHorizontalPosition= -1 topActivityLetterboxWidth=-1 topActivityLetterboxHeight=-1 locusId=null displayAreaFeatureId=1 cameraCompatControlState=hidden locusId= null topActivityLetterboxInsets=Rect(0, 0 - 0, 0)}, leash:null
06-20 16:48:40.054  1703  1911 D VRR [OPlusExternalRefreshRateManager]:  [OTI] setBrightnessBlockedRefreshRate : true
06-20 16:48:40.055  1703  1911 D VRR [OPlusSurfaceFlingerController]:  setTouchIdle : TouchIdleBean{mEnable=true, mHwEnable=false, mSwEnable=true, mAdfrEnable=false, mAmbientEnable=false, mTimeOut=4000, mContentThreshold=-1, mContentGapMs=500, mBrightnessLimit=200, mNitLimit=-1, mPwmBrightnessLimit=-1, mPwmNitLimit=-1, mBrightnessLimitMax=2147483647, mNitLimiMax=2147483647, mExitHbmNitThreshold=2147483647, mLowestRate=60, mSpecialFps=-1, mBlackList=[], mReadingWhiteList=[], mSpecialTimeOutMap={}, mSpecialContentGap={}, mSwWhiteMap={}, mSwNegligibleOverlay=[], mHwDisablePanel=[], mDefectPanel=[], mAdfrToHwList=[], mAdfrFoldToHW=-1, mLockRateNitThresholds=[248, 250, 148, 150, 48, 50]}
06-20 16:48:40.093  9195  9195 I Quality : Skipped: false 4 cost 53.859364 refreshRate 11227636 bit true processName com.ss.android.ugc.aweme
06-20 16:48:40.105  1703  1908 D OplusSmartBrightnessController: dragNit:124.498, defaultSplineNit:183.71524
06-20 16:48:40.105  1703  1908 D OplusSmartBrightnessController: drag is normal, nothing to do
06-20 16:48:40.108  1703  1908 I OplusSmartBrightnessController: update target brightness point to : (818.17114, 392.45132, 3169.4414)->(998.0, 124.498, 923.0)
06-20 16:48:40.108  1703  1908 I OplusDisplayBrightnessGuardStrategy: updateGuardStrategy update guard point: (998.0, 124.498, 923.0)
06-20 16:48:40.111  1703  1908 I OplusDisplayBrightnessGuardStrategy: updateGuardStrategy large lux threshold[0]=[(488.75, 100.36126, 740.17084), (1877.0, 224.9679, 1711.4437) ]
06-20 16:48:40.112  1703  1908 I OplusDisplayBrightnessGuardStrategy: updateGuardStrategy small lux threshold[0]=[(692.45, 105.743256, 780.76886), (1525.4001, 187.9237, 1413.4233) ]
06-20 16:48:40.116  1703  1908 D OplusSmartBrightnessController: saveDragPointToSettings, dragPoint:998.0,124.498,923.0
06-20 16:48:40.138  1703  1906 D DpcExtImpl[0]: MSG_SET_TEMPORARY_BRIGHTNESS 922.0 to 922.0 displayId=0
06-20 16:48:40.139  1703  1906 D DpcExtImpl[0]: Animating brightness: target=923->922,rate=2400->2400,type=manual,byUse=true local:4627039422300187648
06-20 16:48:40.142  1703  1996 D DpcExtImpl[0]: setTemporaryAutoBrightnessAdjustment = 922.0
06-20 16:48:40.143  1703  1906 I ColorAutomaticBrightnessController: updateAutoBrightness: Manual sendUpdate=false adjustment=922.000000,screenAutoBrightness=922
06-20 16:48:40.177  9195  9195 I Quality : Skipped: false 6 cost 70.03137 refreshRate 11227109 bit true processName com.ss.android.ugc.aweme
06-20 16:48:40.193  1703  1908 D OplusSmartBrightnessController: dragNit:124.376, defaultSplineNit:183.71524
06-20 16:48:40.193  1703  1908 D OplusSmartBrightnessController: drag is normal, nothing to do
06-20 16:48:40.193  1703  1908 I OplusDisplayBrightnessGuardStrategy: updateGuardStrategy update guard point: (998.0, 124.376, 922.0)
06-20 16:48:40.193  1703  1908 I OplusDisplayBrightnessGuardStrategy: updateGuardStrategy large lux threshold[0]=[(488.75, 100.30721, 739.78937), (1877.0, 224.84592, 1710.3931) ]
06-20 16:48:40.193  1703  1908 I OplusDisplayBrightnessGuardStrategy: updateGuardStrategy small lux threshold[0]=[(692.45, 105.66608, 780.12646), (1525.4001, 187.8017, 1412.376) ]
06-20 16:48:40.194  1703  1908 D OplusSmartBrightnessController: saveDragPointToSettings, dragPoint:998.0,124.376,922.0
06-20 16:48:40.196  1703  1906 I OplusSmartBrightnessController: setLuxInner, is dragging, do not receive any sensor data.
06-20 16:48:40.219  2365  2365 W VRI[NotificationShade]: updateBlastSurfaceIfNeeded, surfaceSize:Point(1080, 2408), lastSurfaceSize:Point(1080, 2408), format:-3, blastBufferQueue:android.graphics.BLASTBufferQueue@a12436
06-20 16:48:40.222  1703  5733 D WindowManagerServiceExtImpl: extractConfigInfoAndRealFlags rotation=0, screenDp=720, win=Window{ec3f41e u0 NotificationShade}
06-20 16:48:40.223  1703  5733 V WindowManager: Relayout Window{ec3f41e u0 NotificationShade}: viewVisibility=0, oldvis=0, req=1080x2408, vsysui=
06-20 16:48:40.229  9195  9195 I Quality : Skipped: false 1 cost 21.057024 refreshRate 11226539 bit true processName com.ss.android.ugc.aweme
06-20 16:48:40.231  1703  5733 D OplusFullScreenDisplayManager: adjustInsetsStateForWin: com.ss.android.ugc.aweme, setting cutoutMode: oplus always
06-20 16:48:40.232  1703  5733 D OplusFullScreenDisplayManager: adjustInsetsStateForWin: com.ss.android.ugc.aweme, setting cutoutMode: oplus always
06-20 16:48:40.245  9195  9195 I Quality : Skipped: true 1 cost 14.105022 refreshRate 11226434 bit true processName com.ss.android.ugc.aweme
06-20 16:48:40.233  1703  5733 D OplusFullScreenDisplayManager: adjustInsetsStateForWin: com.ss.android.ugc.aweme, setting cutoutMode: oplus always
06-20 16:48:40.255  1703  1906 D DpcExtImpl[0]: onchange selfChange=false state=ON uri=content://settings/system/screen_brightness
06-20 16:48:40.255  1703  1906 D PowerManagerServiceExtImpl: handleAodChanged
06-20 16:48:40.259  1703  1906 D PowerManagerService: updateSettingsLocked: mScreenOffTimeoutSetting=1800000
06-20 16:48:40.259  1703  1906 D DpcExtImpl[0]: onchange selfChange=false state=ON uri=content://settings/system/screen_auto_brightness_adj
06-20 16:48:40.260  1703  1906 I ColorAutomaticBrightnessController: updateAutoBrightness: Auto, sendUpdate = false adjustment=6423.529297,changed:922->922,modified:922->922->922,changed=false,cameraMode=0,ProximityNear=false
06-20 16:48:40.260  1703  1906 D DpcExtImpl[0]: Animating brightness: target=922->922,rate=2400->123,type=manual,byUse=false local:4627039422300187648
06-20 16:48:40.263  1703  5733 V WindowManager: Changing focus from Window{ec3f41e u0 NotificationShade} to Window{c1c4e1c u0 com.ss.android.ugc.aweme/com.ss.android.ugc.aweme.splash.SplashActivity},diplayid=0
06-20 16:48:40.272  1703  1859 D DisplayManagerService: Ignore redundant display event 0/4 to 10098/816
06-20 16:48:40.272  1703  5733 D OplusFullScreenDisplayManager: adjustInsetsStateForWin: com.ss.android.ugc.aweme, setting cutoutMode: oplus always
06-20 16:48:40.273  1703  5808 D WindowManagerServiceExtImpl: extractConfigInfoAndRealFlags rotation=0, screenDp=720, win=Window{ec3f41e u0 NotificationShade}
06-20 16:48:40.275  1703  5808 V WindowManager: Relayout Window{ec3f41e u0 NotificationShade}: viewVisibility=4, oldvis=0, req=1080x2408, vsysui=
06-20 16:48:40.275  1703  5808 I WindowManager: Window{ec3f41e u0 NotificationShade} state from HAS_DRAWN to NO_SURFACE; reason: destroySurface
06-20 16:48:40.278  1703  5808 D OplusFullScreenDisplayManager: adjustInsetsStateForWin: com.ss.android.ugc.aweme, setting cutoutMode: oplus always
06-20 16:48:40.279  1703  5808 D OplusFullScreenDisplayManager: adjustInsetsStateForWin: com.ss.android.ugc.aweme, setting cutoutMode: oplus always
06-20 16:48:40.280  1703  5808 D OplusFullScreenDisplayManager: adjustInsetsStateForWin: com.ss.android.ugc.aweme, setting cutoutMode: oplus always
06-20 16:48:40.282  1703  5808 D RefreshRate: refresh rate changing from  90.0 to 60.0,maxRefreshRate=60.0 for  ;win refresh rateId:2,reason: RateData{PreferredRefreshRateData{mPreferredRefreshRateId=[2, 2, 2, 2],isAnimBoost=true}} ;win name:com.ss.android.ugc.aweme/com.ss.android.ugc.aweme.splash.SplashActivity,votes{PRIORITY_WINDOW_REQUEST -> Vote{mRefreshRate=60.0, mMinRefreshRate=60.0};},time:2026-06-20 08:48:40
06-20 16:48:40.285  1703  5808 D OplusFullScreenDisplayManager: adjustInsetsStateForWin: com.ss.android.ugc.aweme, setting cutoutMode: oplus always
06-20 16:48:40.291  1703  5733 D OplusFullScreenDisplayManager: adjustInsetsStateForWin: com.ss.android.ugc.aweme, setting cutoutMode: oplus always
06-20 16:48:40.291  1703  5733 D OplusFullScreenDisplayManager: adjustInsetsStateForWin: com.ss.android.ugc.aweme, setting cutoutMode: oplus always
06-20 16:48:40.292  1703  5733 D OplusFullScreenDisplayManager: adjustInsetsStateForWin: com.ss.android.ugc.aweme, setting cutoutMode: oplus always
06-20 16:48:40.296  1703  5733 D OplusFullScreenDisplayManager: adjustInsetsStateForWin: com.ss.android.ugc.aweme, setting cutoutMode: oplus always
06-20 16:48:40.296  1703  1872 D AppProfilerExtImpl: Skipped pss collection for CPU busy
06-20 16:48:40.297  1703  5733 D OplusFullScreenDisplayManager: adjustInsetsStateForWin: com.ss.android.ugc.aweme, setting cutoutMode: oplus always
06-20 16:48:40.297  1703  5733 D OplusFullScreenDisplayManager: adjustInsetsStateForWin: com.ss.android.ugc.aweme, setting cutoutMode: oplus always
06-20 16:48:40.302  1703  1859 I DisplayManagerService: Comparing display specs: baseModeId=1 allowGroupSwitching=false primary=physical: (0.0 Infinity) render:  (0.0 60.0) appRequest=physical: (0.0 Infinity) render:  (0.0 60.0), existing: baseModeId=2 allowGroupSwitching=false primary=physical: (0.0 Infinity) render:  (0.0 90.0) appRequest=physical: (0.0 Infinity) render:  (0.0 90.0)
06-20 16:48:40.305  1703  1859 D DisplayManagerServiceExtImpl: scheduleTraversalLocked intraversal=false
06-20 16:48:40.306  1703  1859 D DisplayManagerService: MSG_REQUEST_TRAVERSAL pendingCompleted=false
06-20 16:48:40.308  1703  1860 D OplusFullScreenDisplayManager: adjustInsetsStateForWin: com.ss.android.ugc.aweme, setting cutoutMode: oplus always
06-20 16:48:40.309  1703  1860 D OplusFullScreenDisplayManager: adjustInsetsStateForWin: com.ss.android.ugc.aweme, setting cutoutMode: oplus always
06-20 16:48:40.309  1703  1860 D DisplayManagerService: performTraversalInternal pendingTraversal
06-20 16:48:40.309  1703  1860 D DisplayDevice: setLayerStackLocked id=local:4627039422300187648 token=android.os.BinderProxy@3c3dc10 stack=0->0
06-20 16:48:40.310  1703  1859 D LocalDisplayAdapter: setDesiredDisplayModeSpecsAsync: display unique id = local:4627039422300187648, display mode specs = defaultMode=0 allowGroupSwitching=false primaryRanges=physical: (0.0 Infinity) render:  (0.0 60.0) appRequestRanges=physical: (0.0 Infinity) render:  (0.0 60.0)
06-20 16:48:40.331 11815 11815 I Quality : ActivityThread: attach delay 558 attach 11815
06-20 16:48:40.353  1703  1859 I DisplayDeviceRepository: Display device changed: DisplayDeviceInfo{"鍐呯疆灞忓箷": uniqueId="local:4627039422300187648", 1080 x 2408, modeId 1, renderFrameRate 60.0, defaultModeId 1, supportedModes [{id=1, width=1080, height=2408, fps=60.0, alternativeRefreshRates=[30.000002, 45.0, 48.000004, 50.0, 90.0], supportedHdrTypes=[]}, {id=2, width=1080, height=2408, fps=90.0, alternativeRefreshRates=[30.000002, 45.0, 48.000004, 50.0, 60.0], supportedHdrTypes=[]}, {id=3, width=1080, height=2408, fps=50.0, alternativeRefreshRates=[30.000002, 45.0, 48.000004, 60.0, 90.0], supportedHdrTypes=[]}, {id=4, width=1080, height=2408, fps=48.000004, alternativeRefreshRates=[30.000002, 45.0, 50.0, 60.0, 90.0], supportedHdrTypes=[]}, {id=5, width=1080, height=2408, fps=45.0, alternativeRefreshRates=[30.000002, 48.000004, 50.0, 60.0, 90.0], supportedHdrTypes=[]}, {id=6, width=1080, height=2408, fps=30.000002, alternativeRefreshRates=[45.0, 48.000004, 50.0, 60.0, 90.0], supportedHdrTypes=[]}], colorMode 0, supportedColorModes [0], hdrCapabilities HdrCapabilities{mSupportedHdrTypes=[], mMaxLuminance=500.0, mMaxAverageLuminance=500.0, mMinLuminance=0.0}, allmSupported false, gameContentTypeSupported false, density 480, 409.432 x 399.759 dpi, appVsyncOff 1, presDeadline 31000000, cutout DisplayCutout{insets=Rect(0, 96 - 0, 0) waterfall=Insets{left=0, top=0, right=0, bottom=0} boundingRect={Bounds=[Rect(0, 0 - 0, 0), Rect(483, 0 - 597, 96), Rect(0, 0 - 0, 0), Rect(0, 0 - 0, 0)]} cutoutPathParserInfo={CutoutPathParserInfo{displayWidth=1080 displayHeight=2408 physicalDisplayWidth=1080 physicalDisplayHeight=2408 density={3.0} cutoutSpec={M -57,0 L -57,96 L 57,96 L 57,0 Z} rotation={0} scale={1.0} physicalPixelDisplaySizeRatio={1.0}}}}, touch INTERNAL, rotation 0, type INTERNAL, address {port=0, model=0x40368bd6e7ee6c}, deviceProductInfo DeviceProductInfo{name=MTKDEV, manufacturerPnpId=MTK, productId=35638, modelYear=null, manufactureDate=ManufactureDate{week=42, year=2021}, connectionToSinkType=0}, state ON, committedState ON, frameRateOverride , brightnessMinimum 0.0, brightnessMaximum 1.0, brightnessDefault 1003.2446, hdrSdrRatio 1.0000106, backlightType 0, FLAG_ALLOWED_TO_BE_DEFAULT_DISPLAY, FLAG_ROTATES_WITH_CONTENT, FLAG_SECURE, FLAG_SUPPORTS_PROTECTED_BUFFERS, FLAG_TRUSTED, installOrientation 0, displayShape DisplayShape{ spec=1406003047 displayWidth=1080 displayHeight=2408 physicalPixelDisplaySizeRatio=1.0 rotation=0 offsetX=0 offsetY=0 scale=1.0}}
06-20 16:48:40.354  1703  1859 D LogicalDisplayExt: set displayInfo flag FLAG_ROTATES_WITH_CONTENT
06-20 16:48:40.357  1703  1859 D DisplayManagerServiceExtImpl: scheduleTraversalLocked intraversal=false
06-20 16:48:40.357  1703  1859 I DisplayManagerServiceExtImpl: handle logical display changed logicalDisplay=id=0,stack=0,content=true,displayInfo{stack=0,type=1,id=0,uId=local:4627039422300187648,state=ON,pkg=null}
